Using cache found in /mnt/workspace/home/.cache/torch/hub/harritaylor_torchvggish_master
Generted files /mnt/workspace/home/zhangjunan/audioldm_eval/audioldm_eval/test_musiccaps/infer/epoch-0008_step-0541000_loss-0.316784
Target files /mnt/workspace/home/zhangjunan/audioldm_eval/audioldm_eval/test_musiccaps/audio
+Two path have 5360 intersection files out of total 5360 & 5362 files. Processing two folder with same_name=True
Loading data to RAM
  0%|          | 0/5360 [00:00<?, ?it/s]  0%|          | 1/5360 [00:00<16:00,  5.58it/s]  1%|          | 27/5360 [00:00<00:47, 113.41it/s]  1%|          | 59/5360 [00:00<00:29, 181.09it/s]  2%|▏         | 99/5360 [00:00<00:21, 244.93it/s]  2%|▎         | 134/5360 [00:00<00:20, 257.97it/s]  3%|▎         | 171/5360 [00:00<00:18, 281.20it/s]  4%|▍         | 211/5360 [00:00<00:17, 299.56it/s]  5%|▍         | 242/5360 [00:00<00:18, 282.28it/s]  5%|▌         | 277/5360 [00:01<00:17, 292.74it/s]  6%|▌         | 307/5360 [00:01<00:17, 286.88it/s]  6%|▋         | 336/5360 [00:01<00:22, 227.51it/s]  7%|▋         | 361/5360 [00:01<00:22, 223.36it/s]  7%|▋         | 390/5360 [00:01<00:21, 229.69it/s]  8%|▊         | 417/5360 [00:01<00:21, 232.31it/s]  8%|▊         | 446/5360 [00:01<00:19, 246.36it/s]  9%|▉         | 482/5360 [00:01<00:17, 273.13it/s] 10%|▉         | 522/5360 [00:02<00:16, 293.88it/s] 10%|█         | 555/5360 [00:02<00:15, 302.88it/s] 11%|█         | 586/5360 [00:02<00:16, 293.24it/s] 12%|█▏        | 621/5360 [00:02<00:15, 300.76it/s] 12%|█▏        | 661/5360 [00:02<00:15, 313.24it/s] 13%|█▎        | 695/5360 [00:02<00:14, 317.76it/s] 14%|█▎        | 735/5360 [00:02<00:14, 324.36it/s] 14%|█▍        | 775/5360 [00:02<00:13, 336.04it/s] 15%|█▌        | 815/5360 [00:02<00:13, 340.01it/s] 16%|█▌        | 850/5360 [00:03<00:13, 338.93it/s] 16%|█▋        | 884/5360 [00:03<00:13, 337.63it/s] 17%|█▋        | 918/5360 [00:03<00:13, 318.61it/s] 18%|█▊        | 951/5360 [00:03<00:14, 301.21it/s] 19%|█▊        | 992/5360 [00:03<00:13, 325.36it/s] 19%|█▉        | 1032/5360 [00:03<00:13, 332.07it/s] 20%|██        | 1080/5360 [00:03<00:11, 360.57it/s] 21%|██        | 1124/5360 [00:03<00:11, 381.32it/s] 22%|██▏       | 1163/5360 [00:03<00:11, 364.59it/s] 23%|██▎       | 1208/5360 [00:04<00:11, 376.79it/s] 23%|██▎       | 1246/5360 [00:04<00:11, 372.37it/s] 24%|██▍       | 1284/5360 [00:04<00:11, 354.70it/s] 25%|██▍       | 1329/5360 [00:04<00:10, 368.80it/s] 26%|██▌       | 1367/5360 [00:04<00:10, 366.14it/s] 26%|██▌       | 1404/5360 [00:04<00:12, 316.72it/s] 27%|██▋       | 1437/5360 [00:04<00:15, 257.00it/s] 28%|██▊       | 1476/5360 [00:05<00:14, 269.70it/s] 28%|██▊       | 1524/5360 [00:05<00:12, 309.53it/s] 29%|██▉       | 1574/5360 [00:05<00:10, 355.67it/s] 30%|███       | 1612/5360 [00:05<00:10, 352.70it/s] 31%|███       | 1660/5360 [00:05<00:09, 381.24it/s] 32%|███▏      | 1700/5360 [00:05<00:09, 373.47it/s] 32%|███▏      | 1739/5360 [00:05<00:09, 368.87it/s] 33%|███▎      | 1777/5360 [00:05<00:09, 370.36it/s] 34%|███▍      | 1815/5360 [00:05<00:10, 352.79it/s] 35%|███▍      | 1868/5360 [00:05<00:09, 387.13it/s] 36%|███▌      | 1916/5360 [00:06<00:08, 398.55it/s] 37%|███▋      | 1957/5360 [00:06<00:10, 335.94it/s] 37%|███▋      | 1993/5360 [00:06<00:10, 319.28it/s] 38%|███▊      | 2030/5360 [00:06<00:10, 328.26it/s] 39%|███▊      | 2075/5360 [00:06<00:09, 359.83it/s] 39%|███▉      | 2113/5360 [00:06<00:09, 356.39it/s] 40%|████      | 2150/5360 [00:06<00:09, 337.42it/s] 41%|████      | 2203/5360 [00:06<00:08, 376.04it/s] 42%|████▏     | 2243/5360 [00:07<00:08, 372.05it/s] 43%|████▎     | 2285/5360 [00:07<00:07, 384.70it/s] 44%|████▎     | 2332/5360 [00:07<00:07, 395.71it/s] 44%|████▍     | 2372/5360 [00:07<00:07, 379.92it/s] 45%|████▌     | 2413/5360 [00:07<00:07, 384.30it/s] 46%|████▌     | 2452/5360 [00:07<00:07, 384.26it/s] 47%|████▋     | 2497/5360 [00:07<00:07, 392.20it/s] 47%|████▋     | 2538/5360 [00:07<00:07, 379.00it/s] 48%|████▊     | 2577/5360 [00:07<00:07, 366.50it/s] 49%|████▉     | 2614/5360 [00:08<00:07, 362.96it/s] 49%|████▉     | 2651/5360 [00:08<00:08, 322.75it/s] 50%|█████     | 2689/5360 [00:08<00:08, 332.79it/s] 51%|█████     | 2723/5360 [00:08<00:08, 321.44it/s] 52%|█████▏    | 2771/5360 [00:08<00:07, 360.81it/s] 53%|█████▎    | 2819/5360 [00:08<00:06, 384.40it/s] 53%|█████▎    | 2861/5360 [00:08<00:06, 393.94it/s] 54%|█████▍    | 2901/5360 [00:08<00:06, 380.69it/s] 55%|█████▍    | 2940/5360 [00:08<00:06, 382.52it/s] 56%|█████▌    | 2979/5360 [00:09<00:06, 351.52it/s] 56%|█████▋    | 3018/5360 [00:09<00:06, 361.95it/s] 57%|█████▋    | 3055/5360 [00:09<00:06, 363.22it/s] 58%|█████▊    | 3092/5360 [00:09<00:06, 353.87it/s] 58%|█████▊    | 3128/5360 [00:09<00:06, 341.12it/s] 59%|█████▉    | 3167/5360 [00:09<00:06, 354.76it/s] 60%|█████▉    | 3213/5360 [00:09<00:05, 365.63it/s] 61%|██████    | 3261/5360 [00:09<00:05, 394.44it/s] 62%|██████▏   | 3309/5360 [00:09<00:05, 389.87it/s] 63%|██████▎   | 3356/5360 [00:10<00:05, 367.86it/s] 63%|██████▎   | 3394/5360 [00:10<00:15, 129.48it/s] 64%|██████▍   | 3429/5360 [00:11<00:12, 153.65it/s] 65%|██████▍   | 3462/5360 [00:11<00:10, 175.76it/s] 65%|██████▌   | 3498/5360 [00:11<00:09, 203.69it/s] 66%|██████▌   | 3532/5360 [00:11<00:08, 208.96it/s] 66%|██████▋   | 3564/5360 [00:11<00:07, 229.15it/s] 67%|██████▋   | 3604/5360 [00:11<00:06, 261.64it/s] 68%|██████▊   | 3640/5360 [00:11<00:06, 277.37it/s] 69%|██████▊   | 3673/5360 [00:11<00:05, 281.75it/s] 69%|██████▉   | 3707/5360 [00:11<00:05, 293.74it/s] 70%|██████▉   | 3742/5360 [00:12<00:05, 305.22it/s] 70%|███████   | 3775/5360 [00:12<00:05, 301.80it/s] 71%|███████   | 3807/5360 [00:12<00:06, 257.17it/s] 72%|███████▏  | 3835/5360 [00:12<00:06, 233.25it/s] 72%|███████▏  | 3861/5360 [00:12<00:06, 227.77it/s] 73%|███████▎  | 3893/5360 [00:12<00:05, 247.61it/s] 73%|███████▎  | 3919/5360 [00:12<00:05, 247.64it/s] 74%|███████▎  | 3947/5360 [00:12<00:05, 253.68it/s] 74%|███████▍  | 3973/5360 [00:13<00:05, 253.33it/s] 75%|███████▍  | 4011/5360 [00:13<00:04, 285.84it/s] 75%|███████▌  | 4043/5360 [00:13<00:04, 290.59it/s] 76%|███████▌  | 4083/5360 [00:13<00:04, 313.39it/s] 77%|███████▋  | 4115/5360 [00:13<00:04, 310.30it/s] 77%|███████▋  | 4150/5360 [00:13<00:03, 307.96it/s] 78%|███████▊  | 4181/5360 [00:13<00:04, 291.23it/s] 79%|███████▊  | 4218/5360 [00:13<00:03, 303.37it/s] 79%|███████▉  | 4249/5360 [00:13<00:03, 302.59it/s] 80%|███████▉  | 4280/5360 [00:13<00:03, 299.37it/s] 80%|████████  | 4310/5360 [00:14<00:04, 258.31it/s] 81%|████████  | 4349/5360 [00:14<00:03, 279.86it/s] 82%|████████▏ | 4389/5360 [00:14<00:03, 302.23it/s] 83%|████████▎ | 4429/5360 [00:14<00:02, 318.14it/s] 83%|████████▎ | 4462/5360 [00:14<00:02, 299.73it/s] 84%|████████▍ | 4494/5360 [00:14<00:02, 303.64it/s] 84%|████████▍ | 4526/5360 [00:14<00:02, 298.77it/s] 85%|████████▌ | 4571/5360 [00:14<00:02, 338.55it/s] 86%|████████▌ | 4606/5360 [00:15<00:02, 314.63it/s] 87%|████████▋ | 4639/5360 [00:15<00:02, 300.91it/s] 87%|████████▋ | 4673/5360 [00:15<00:02, 302.03it/s] 88%|████████▊ | 4704/5360 [00:15<00:02, 303.66it/s] 88%|████████▊ | 4735/5360 [00:15<00:02, 299.35it/s] 89%|████████▉ | 4766/5360 [00:15<00:02, 295.51it/s] 90%|████████▉ | 4800/5360 [00:15<00:01, 300.34it/s] 90%|█████████ | 4833/5360 [00:15<00:01, 307.28it/s] 91%|█████████ | 4864/5360 [00:15<00:01, 301.83it/s] 91%|█████████▏| 4895/5360 [00:16<00:01, 296.67it/s] 92%|█████████▏| 4929/5360 [00:16<00:01, 296.43it/s] 93%|█████████▎| 4961/5360 [00:16<00:01, 298.10it/s] 93%|█████████▎| 4993/5360 [00:16<00:01, 294.70it/s] 94%|█████████▍| 5028/5360 [00:16<00:01, 298.60it/s] 95%|█████████▍| 5066/5360 [00:16<00:00, 311.97it/s] 95%|█████████▌| 5099/5360 [00:16<00:00, 298.36it/s] 96%|█████████▌| 5129/5360 [00:16<00:00, 296.92it/s] 96%|█████████▋| 5166/5360 [00:16<00:00, 308.74it/s] 97%|█████████▋| 5197/5360 [00:17<00:00, 281.34it/s] 98%|█████████▊| 5226/5360 [00:17<00:00, 235.27it/s] 98%|█████████▊| 5251/5360 [00:17<00:00, 233.51it/s] 98%|█████████▊| 5279/5360 [00:17<00:00, 238.24it/s] 99%|█████████▉| 5304/5360 [00:17<00:00, 231.39it/s]100%|█████████▉| 5342/5360 [00:17<00:00, 238.85it/s]100%|██████████| 5360/5360 [00:17<00:00, 301.67it/s]
  0%|          | 0/5360 [00:00<?, ?it/s]  0%|          | 1/5360 [00:00<58:57,  1.51it/s]  0%|          | 3/5360 [00:00<21:32,  4.15it/s]  0%|          | 5/5360 [00:01<14:35,  6.12it/s]  0%|          | 6/5360 [00:01<13:08,  6.79it/s]  0%|          | 7/5360 [00:01<12:25,  7.18it/s]  0%|          | 8/5360 [00:01<11:53,  7.51it/s]  0%|          | 9/5360 [00:01<11:24,  7.82it/s]  0%|          | 10/5360 [00:01<11:40,  7.64it/s]  0%|          | 11/5360 [00:01<11:39,  7.65it/s]  0%|          | 12/5360 [00:01<10:56,  8.14it/s]  0%|          | 14/5360 [00:02<09:00,  9.89it/s]  0%|          | 15/5360 [00:02<09:10,  9.71it/s]  0%|          | 16/5360 [00:02<09:14,  9.64it/s]  0%|          | 17/5360 [00:02<09:16,  9.60it/s]  0%|          | 19/5360 [00:02<08:16, 10.76it/s]  0%|          | 21/5360 [00:02<08:03, 11.05it/s]  0%|          | 23/5360 [00:02<08:28, 10.50it/s]  0%|          | 25/5360 [00:03<08:18, 10.69it/s]  1%|          | 27/5360 [00:03<08:48, 10.10it/s]  1%|          | 29/5360 [00:03<08:22, 10.62it/s]  1%|          | 31/5360 [00:03<08:53, 10.00it/s]  1%|          | 33/5360 [00:03<08:35, 10.34it/s]  1%|          | 35/5360 [00:03<08:02, 11.03it/s]  1%|          | 37/5360 [00:04<07:56, 11.16it/s]  1%|          | 39/5360 [00:04<08:02, 11.02it/s]  1%|          | 41/5360 [00:04<07:46, 11.40it/s]  1%|          | 43/5360 [00:04<07:31, 11.78it/s]  1%|          | 45/5360 [00:04<07:50, 11.31it/s]  1%|          | 47/5360 [00:05<07:33, 11.72it/s]  1%|          | 49/5360 [00:05<07:34, 11.69it/s]  1%|          | 51/5360 [00:05<08:07, 10.89it/s]  1%|          | 53/5360 [00:05<07:38, 11.56it/s]  1%|          | 55/5360 [00:05<08:19, 10.61it/s]  1%|          | 57/5360 [00:05<08:36, 10.27it/s]  1%|          | 59/5360 [00:06<08:51,  9.97it/s]  1%|          | 61/5360 [00:06<08:37, 10.23it/s]  1%|          | 63/5360 [00:06<08:11, 10.77it/s]  1%|          | 65/5360 [00:06<07:44, 11.40it/s]  1%|▏         | 67/5360 [00:06<07:19, 12.04it/s]  1%|▏         | 69/5360 [00:07<07:27, 11.82it/s]  1%|▏         | 71/5360 [00:07<07:09, 12.31it/s]  1%|▏         | 73/5360 [00:07<07:01, 12.55it/s]  1%|▏         | 75/5360 [00:07<07:09, 12.31it/s]  1%|▏         | 77/5360 [00:07<07:04, 12.46it/s]  1%|▏         | 79/5360 [00:07<06:48, 12.94it/s]  2%|▏         | 81/5360 [00:07<07:33, 11.65it/s]  2%|▏         | 83/5360 [00:08<08:18, 10.59it/s]  2%|▏         | 85/5360 [00:08<08:31, 10.32it/s]  2%|▏         | 87/5360 [00:08<08:29, 10.35it/s]  2%|▏         | 89/5360 [00:08<08:16, 10.62it/s]  2%|▏         | 91/5360 [00:08<08:20, 10.53it/s]  2%|▏         | 93/5360 [00:09<08:00, 10.95it/s]  2%|▏         | 95/5360 [00:09<08:03, 10.89it/s]  2%|▏         | 97/5360 [00:09<07:48, 11.23it/s]  2%|▏         | 99/5360 [00:09<07:16, 12.06it/s]  2%|▏         | 101/5360 [00:09<07:38, 11.47it/s]  2%|▏         | 103/5360 [00:09<07:11, 12.19it/s]  2%|▏         | 105/5360 [00:10<07:30, 11.67it/s]  2%|▏         | 107/5360 [00:10<07:45, 11.28it/s]  2%|▏         | 109/5360 [00:10<07:48, 11.22it/s]  2%|▏         | 111/5360 [00:10<07:56, 11.01it/s]  2%|▏         | 113/5360 [00:10<08:16, 10.57it/s]  2%|▏         | 115/5360 [00:11<07:26, 11.75it/s]  2%|▏         | 117/5360 [00:11<07:18, 11.96it/s]  2%|▏         | 119/5360 [00:11<07:42, 11.34it/s]  2%|▏         | 121/5360 [00:11<07:26, 11.74it/s]  2%|▏         | 123/5360 [00:11<07:32, 11.56it/s]  2%|▏         | 125/5360 [00:11<07:47, 11.20it/s]  2%|▏         | 127/5360 [00:12<07:33, 11.55it/s]  2%|▏         | 129/5360 [00:12<07:24, 11.77it/s]  2%|▏         | 131/5360 [00:12<07:48, 11.17it/s]  2%|▏         | 133/5360 [00:12<07:57, 10.95it/s]  3%|▎         | 135/5360 [00:12<08:11, 10.63it/s]  3%|▎         | 137/5360 [00:13<07:49, 11.13it/s]  3%|▎         | 139/5360 [00:13<08:27, 10.30it/s]  3%|▎         | 141/5360 [00:13<08:35, 10.12it/s]  3%|▎         | 143/5360 [00:13<08:25, 10.32it/s]  3%|▎         | 145/5360 [00:13<08:13, 10.57it/s]  3%|▎         | 147/5360 [00:14<08:19, 10.43it/s]  3%|▎         | 149/5360 [00:14<07:52, 11.03it/s]  3%|▎         | 151/5360 [00:14<08:23, 10.35it/s]  3%|▎         | 153/5360 [00:14<08:38, 10.05it/s]  3%|▎         | 155/5360 [00:14<08:47,  9.87it/s]  3%|▎         | 156/5360 [00:14<08:47,  9.87it/s]  3%|▎         | 157/5360 [00:15<09:04,  9.56it/s]  3%|▎         | 158/5360 [00:15<09:03,  9.57it/s]  3%|▎         | 159/5360 [00:15<09:07,  9.49it/s]  3%|▎         | 160/5360 [00:15<09:02,  9.58it/s]  3%|▎         | 162/5360 [00:15<08:57,  9.68it/s]  3%|▎         | 163/5360 [00:15<09:01,  9.60it/s]  3%|▎         | 164/5360 [00:15<09:01,  9.60it/s]  3%|▎         | 165/5360 [00:15<09:15,  9.36it/s]  3%|▎         | 167/5360 [00:16<07:53, 10.96it/s]  3%|▎         | 169/5360 [00:16<07:51, 11.02it/s]  3%|▎         | 171/5360 [00:16<07:58, 10.85it/s]  3%|▎         | 173/5360 [00:16<08:38, 10.01it/s]  3%|▎         | 175/5360 [00:16<09:22,  9.21it/s]  3%|▎         | 176/5360 [00:16<09:24,  9.19it/s]  3%|▎         | 178/5360 [00:17<08:24, 10.27it/s]  3%|▎         | 180/5360 [00:17<09:00,  9.58it/s]  3%|▎         | 181/5360 [00:17<09:30,  9.08it/s]  3%|▎         | 182/5360 [00:17<09:41,  8.91it/s]  3%|▎         | 184/5360 [00:17<09:42,  8.89it/s]  3%|▎         | 185/5360 [00:17<09:28,  9.10it/s]  3%|▎         | 187/5360 [00:18<08:16, 10.43it/s]  4%|▎         | 189/5360 [00:18<08:13, 10.47it/s]  4%|▎         | 191/5360 [00:18<08:35, 10.02it/s]  4%|▎         | 193/5360 [00:18<08:39,  9.95it/s]  4%|▎         | 195/5360 [00:18<08:21, 10.29it/s]  4%|▎         | 197/5360 [00:19<08:34, 10.04it/s]  4%|▎         | 199/5360 [00:19<08:54,  9.65it/s]  4%|▍         | 201/5360 [00:19<08:40,  9.90it/s]  4%|▍         | 203/5360 [00:19<08:39,  9.93it/s]  4%|▍         | 205/5360 [00:19<08:36,  9.98it/s]  4%|▍         | 207/5360 [00:20<08:44,  9.83it/s]  4%|▍         | 208/5360 [00:20<08:44,  9.82it/s]  4%|▍         | 210/5360 [00:20<08:39,  9.91it/s]  4%|▍         | 212/5360 [00:20<08:25, 10.18it/s]  4%|▍         | 214/5360 [00:20<08:00, 10.70it/s]  4%|▍         | 216/5360 [00:21<08:43,  9.83it/s]  4%|▍         | 218/5360 [00:21<08:25, 10.17it/s]  4%|▍         | 220/5360 [00:21<08:12, 10.43it/s]  4%|▍         | 222/5360 [00:21<08:01, 10.68it/s]  4%|▍         | 224/5360 [00:21<08:10, 10.47it/s]  4%|▍         | 226/5360 [00:21<08:23, 10.19it/s]  4%|▍         | 228/5360 [00:22<07:57, 10.75it/s]  4%|▍         | 230/5360 [00:22<08:03, 10.61it/s]  4%|▍         | 232/5360 [00:22<08:10, 10.46it/s]  4%|▍         | 234/5360 [00:22<07:39, 11.15it/s]  4%|▍         | 236/5360 [00:22<07:50, 10.88it/s]  4%|▍         | 238/5360 [00:23<07:50, 10.89it/s]  4%|▍         | 240/5360 [00:23<07:27, 11.45it/s]  5%|▍         | 242/5360 [00:23<07:05, 12.01it/s]  5%|▍         | 244/5360 [00:23<07:00, 12.16it/s]  5%|▍         | 246/5360 [00:23<07:21, 11.59it/s]  5%|▍         | 248/5360 [00:23<07:45, 10.97it/s]  5%|▍         | 250/5360 [00:24<07:59, 10.66it/s]  5%|▍         | 252/5360 [00:24<07:32, 11.29it/s]  5%|▍         | 254/5360 [00:24<08:16, 10.28it/s]  5%|▍         | 256/5360 [00:24<08:38,  9.85it/s]  5%|▍         | 258/5360 [00:24<08:51,  9.59it/s]  5%|▍         | 259/5360 [00:25<08:52,  9.58it/s]  5%|▍         | 260/5360 [00:25<09:08,  9.30it/s]  5%|▍         | 261/5360 [00:25<09:15,  9.17it/s]  5%|▍         | 262/5360 [00:25<09:14,  9.19it/s]  5%|▍         | 264/5360 [00:25<08:04, 10.53it/s]  5%|▍         | 266/5360 [00:25<07:53, 10.75it/s]  5%|▌         | 268/5360 [00:25<07:52, 10.78it/s]  5%|▌         | 270/5360 [00:26<07:38, 11.09it/s]  5%|▌         | 272/5360 [00:26<07:45, 10.93it/s]  5%|▌         | 274/5360 [00:26<07:35, 11.17it/s]  5%|▌         | 276/5360 [00:26<07:42, 10.99it/s]  5%|▌         | 278/5360 [00:26<07:06, 11.92it/s]  5%|▌         | 280/5360 [00:26<07:42, 10.98it/s]  5%|▌         | 282/5360 [00:27<07:27, 11.34it/s]  5%|▌         | 284/5360 [00:27<07:54, 10.71it/s]  5%|▌         | 286/5360 [00:27<08:02, 10.51it/s]  5%|▌         | 288/5360 [00:27<08:06, 10.42it/s]  5%|▌         | 290/5360 [00:27<07:58, 10.61it/s]  5%|▌         | 292/5360 [00:28<07:06, 11.87it/s]  5%|▌         | 294/5360 [00:28<07:23, 11.43it/s]  6%|▌         | 296/5360 [00:28<07:26, 11.34it/s]  6%|▌         | 298/5360 [00:28<07:53, 10.68it/s]  6%|▌         | 300/5360 [00:28<07:13, 11.66it/s]  6%|▌         | 302/5360 [00:38<2:09:20,  1.53s/it]  6%|▌         | 304/5360 [00:38<1:32:59,  1.10s/it]  6%|▌         | 306/5360 [00:38<1:07:03,  1.26it/s]  6%|▌         | 308/5360 [00:39<48:54,  1.72it/s]    6%|▌         | 310/5360 [00:39<36:50,  2.28it/s]  6%|▌         | 312/5360 [00:39<27:52,  3.02it/s]  6%|▌         | 314/5360 [00:39<21:54,  3.84it/s]  6%|▌         | 316/5360 [00:39<17:41,  4.75it/s]  6%|▌         | 318/5360 [00:40<15:36,  5.38it/s]  6%|▌         | 319/5360 [00:40<14:54,  5.64it/s]  6%|▌         | 320/5360 [00:40<13:47,  6.09it/s]  6%|▌         | 321/5360 [00:40<13:01,  6.45it/s]  6%|▌         | 322/5360 [00:40<12:04,  6.96it/s]  6%|▌         | 324/5360 [00:40<09:29,  8.84it/s]  6%|▌         | 326/5360 [00:40<08:30,  9.86it/s]  6%|▌         | 328/5360 [00:41<08:29,  9.87it/s]  6%|▌         | 330/5360 [00:41<08:39,  9.68it/s]  6%|▌         | 332/5360 [00:41<08:27,  9.91it/s]  6%|▌         | 334/5360 [00:41<07:57, 10.53it/s]  6%|▋         | 336/5360 [00:41<07:39, 10.94it/s]  6%|▋         | 338/5360 [00:42<07:45, 10.78it/s]  6%|▋         | 340/5360 [00:42<07:27, 11.21it/s]  6%|▋         | 342/5360 [00:42<07:40, 10.89it/s]  6%|▋         | 344/5360 [00:42<07:27, 11.20it/s]  6%|▋         | 346/5360 [00:42<06:51, 12.20it/s]  6%|▋         | 348/5360 [00:42<06:40, 12.53it/s]  7%|▋         | 350/5360 [00:43<07:59, 10.45it/s]  7%|▋         | 352/5360 [00:43<08:13, 10.15it/s]  7%|▋         | 354/5360 [00:43<08:26,  9.89it/s]  7%|▋         | 356/5360 [00:43<08:40,  9.62it/s]  7%|▋         | 358/5360 [00:43<07:48, 10.68it/s]  7%|▋         | 360/5360 [00:44<07:46, 10.71it/s]  7%|▋         | 362/5360 [00:44<07:17, 11.43it/s]  7%|▋         | 364/5360 [00:44<07:21, 11.31it/s]  7%|▋         | 366/5360 [00:44<07:19, 11.35it/s]  7%|▋         | 368/5360 [00:44<07:25, 11.22it/s]  7%|▋         | 370/5360 [00:44<07:00, 11.88it/s]  7%|▋         | 372/5360 [00:45<07:14, 11.49it/s]  7%|▋         | 374/5360 [00:45<07:55, 10.49it/s]  7%|▋         | 376/5360 [00:45<07:11, 11.54it/s]  7%|▋         | 378/5360 [00:45<07:19, 11.34it/s]  7%|▋         | 380/5360 [00:45<06:30, 12.74it/s]  7%|▋         | 382/5360 [00:45<06:07, 13.53it/s]  7%|▋         | 384/5360 [00:46<06:34, 12.63it/s]  7%|▋         | 386/5360 [00:46<06:29, 12.77it/s]  7%|▋         | 388/5360 [00:46<06:21, 13.02it/s]  7%|▋         | 390/5360 [00:46<06:11, 13.38it/s]  7%|▋         | 392/5360 [00:46<06:52, 12.05it/s]  7%|▋         | 394/5360 [00:46<07:41, 10.76it/s]  7%|▋         | 396/5360 [00:47<08:21,  9.90it/s]  7%|▋         | 398/5360 [00:47<07:35, 10.90it/s]  7%|▋         | 400/5360 [00:47<07:05, 11.66it/s]  8%|▊         | 402/5360 [00:47<06:37, 12.47it/s]  8%|▊         | 404/5360 [00:47<06:39, 12.42it/s]  8%|▊         | 406/5360 [00:47<06:39, 12.40it/s]  8%|▊         | 408/5360 [00:48<06:28, 12.73it/s]  8%|▊         | 410/5360 [00:48<06:28, 12.73it/s]  8%|▊         | 412/5360 [00:48<06:36, 12.48it/s]  8%|▊         | 414/5360 [00:48<06:18, 13.08it/s]  8%|▊         | 416/5360 [00:48<07:25, 11.11it/s]  8%|▊         | 418/5360 [00:48<07:36, 10.82it/s]  8%|▊         | 420/5360 [00:49<07:48, 10.54it/s]  8%|▊         | 422/5360 [00:49<07:14, 11.36it/s]  8%|▊         | 424/5360 [00:49<07:01, 11.70it/s]  8%|▊         | 426/5360 [00:49<06:37, 12.42it/s]  8%|▊         | 428/5360 [00:49<06:52, 11.95it/s]  8%|▊         | 430/5360 [00:49<06:43, 12.23it/s]  8%|▊         | 432/5360 [00:50<07:21, 11.16it/s]  8%|▊         | 434/5360 [00:50<06:53, 11.90it/s]  8%|▊         | 436/5360 [00:50<06:59, 11.73it/s]  8%|▊         | 438/5360 [00:50<07:00, 11.70it/s]  8%|▊         | 440/5360 [00:50<07:12, 11.37it/s]  8%|▊         | 442/5360 [00:51<07:32, 10.87it/s]  8%|▊         | 444/5360 [00:51<07:15, 11.28it/s]  8%|▊         | 446/5360 [00:51<06:57, 11.78it/s]  8%|▊         | 448/5360 [00:51<07:17, 11.22it/s]  8%|▊         | 450/5360 [00:51<07:38, 10.71it/s]  8%|▊         | 452/5360 [00:51<06:58, 11.72it/s]  8%|▊         | 454/5360 [00:52<07:01, 11.64it/s]  9%|▊         | 456/5360 [00:52<07:38, 10.70it/s]  9%|▊         | 458/5360 [00:52<07:48, 10.45it/s]  9%|▊         | 460/5360 [00:52<07:32, 10.82it/s]  9%|▊         | 462/5360 [00:52<07:03, 11.56it/s]  9%|▊         | 464/5360 [00:52<07:12, 11.32it/s]  9%|▊         | 466/5360 [00:53<06:40, 12.22it/s]  9%|▊         | 468/5360 [00:53<07:27, 10.92it/s]  9%|▉         | 470/5360 [00:53<07:22, 11.06it/s]  9%|▉         | 472/5360 [00:53<07:30, 10.86it/s]  9%|▉         | 474/5360 [00:53<07:57, 10.23it/s]  9%|▉         | 476/5360 [00:54<08:04, 10.07it/s]  9%|▉         | 478/5360 [00:54<07:49, 10.41it/s]  9%|▉         | 480/5360 [00:54<07:57, 10.21it/s]  9%|▉         | 482/5360 [00:54<08:19,  9.77it/s]  9%|▉         | 484/5360 [00:54<07:50, 10.37it/s]  9%|▉         | 486/5360 [00:55<07:48, 10.40it/s]  9%|▉         | 488/5360 [00:55<08:09,  9.95it/s]  9%|▉         | 490/5360 [00:55<08:09,  9.96it/s]  9%|▉         | 492/5360 [00:55<08:18,  9.76it/s]  9%|▉         | 494/5360 [00:55<08:13,  9.85it/s]  9%|▉         | 496/5360 [00:56<08:20,  9.71it/s]  9%|▉         | 498/5360 [00:56<07:33, 10.73it/s]  9%|▉         | 500/5360 [00:56<07:52, 10.28it/s]  9%|▉         | 502/5360 [00:56<08:29,  9.53it/s]  9%|▉         | 503/5360 [00:56<08:26,  9.59it/s]  9%|▉         | 504/5360 [00:56<08:26,  9.59it/s]  9%|▉         | 505/5360 [00:57<08:29,  9.52it/s]  9%|▉         | 506/5360 [00:57<08:25,  9.60it/s]  9%|▉         | 508/5360 [00:57<07:46, 10.40it/s] 10%|▉         | 510/5360 [00:57<07:51, 10.28it/s] 10%|▉         | 512/5360 [00:57<08:01, 10.06it/s] 10%|▉         | 514/5360 [00:57<08:22,  9.65it/s] 10%|▉         | 515/5360 [00:58<08:20,  9.68it/s] 10%|▉         | 517/5360 [00:58<07:47, 10.36it/s] 10%|▉         | 519/5360 [00:58<08:23,  9.61it/s] 10%|▉         | 521/5360 [00:58<07:56, 10.15it/s] 10%|▉         | 523/5360 [00:58<08:52,  9.08it/s] 10%|▉         | 525/5360 [00:59<08:01, 10.05it/s] 10%|▉         | 527/5360 [00:59<08:05,  9.95it/s] 10%|▉         | 529/5360 [00:59<08:30,  9.47it/s] 10%|▉         | 531/5360 [00:59<07:42, 10.44it/s] 10%|▉         | 533/5360 [00:59<07:32, 10.67it/s] 10%|▉         | 535/5360 [01:00<07:45, 10.37it/s] 10%|█         | 537/5360 [01:00<07:45, 10.36it/s] 10%|█         | 539/5360 [01:00<07:13, 11.13it/s] 10%|█         | 541/5360 [01:00<07:29, 10.72it/s] 10%|█         | 543/5360 [01:00<07:54, 10.16it/s] 10%|█         | 545/5360 [01:00<07:23, 10.86it/s] 10%|█         | 547/5360 [01:01<07:28, 10.73it/s] 10%|█         | 549/5360 [01:01<07:14, 11.07it/s] 10%|█         | 551/5360 [01:01<08:16,  9.68it/s] 10%|█         | 553/5360 [01:01<08:38,  9.27it/s] 10%|█         | 554/5360 [01:01<08:37,  9.28it/s] 10%|█         | 555/5360 [01:02<08:35,  9.33it/s] 10%|█         | 557/5360 [01:02<07:55, 10.10it/s] 10%|█         | 559/5360 [01:02<08:29,  9.42it/s] 10%|█         | 561/5360 [01:02<07:30, 10.64it/s] 11%|█         | 563/5360 [01:02<07:50, 10.19it/s] 11%|█         | 565/5360 [01:02<07:17, 10.97it/s] 11%|█         | 567/5360 [01:03<07:00, 11.40it/s] 11%|█         | 569/5360 [01:03<07:07, 11.21it/s] 11%|█         | 571/5360 [01:03<07:10, 11.13it/s] 11%|█         | 573/5360 [01:03<07:02, 11.32it/s] 11%|█         | 575/5360 [01:03<07:16, 10.97it/s] 11%|█         | 577/5360 [01:04<07:13, 11.03it/s] 11%|█         | 579/5360 [01:04<07:25, 10.73it/s] 11%|█         | 581/5360 [01:04<07:59,  9.97it/s] 11%|█         | 583/5360 [01:04<07:43, 10.31it/s] 11%|█         | 585/5360 [01:04<07:38, 10.42it/s] 11%|█         | 587/5360 [01:04<07:21, 10.81it/s] 11%|█         | 589/5360 [01:05<07:13, 11.00it/s] 11%|█         | 591/5360 [01:05<07:01, 11.33it/s] 11%|█         | 593/5360 [01:05<06:20, 12.52it/s] 11%|█         | 595/5360 [01:05<06:07, 12.96it/s] 11%|█         | 597/5360 [01:05<05:41, 13.95it/s] 11%|█         | 599/5360 [01:05<05:57, 13.31it/s] 11%|█         | 601/5360 [01:05<05:48, 13.67it/s] 11%|█▏        | 603/5360 [01:06<05:38, 14.06it/s] 11%|█▏        | 605/5360 [01:06<06:01, 13.16it/s] 11%|█▏        | 607/5360 [01:06<05:59, 13.22it/s] 11%|█▏        | 609/5360 [01:06<06:31, 12.13it/s] 11%|█▏        | 611/5360 [01:06<07:06, 11.13it/s] 11%|█▏        | 613/5360 [01:07<07:50, 10.08it/s] 11%|█▏        | 615/5360 [01:07<08:06,  9.75it/s] 12%|█▏        | 617/5360 [01:07<07:44, 10.20it/s] 12%|█▏        | 619/5360 [01:07<06:37, 11.93it/s] 12%|█▏        | 621/5360 [01:07<06:30, 12.14it/s] 12%|█▏        | 624/5360 [01:07<05:43, 13.80it/s] 12%|█▏        | 626/5360 [01:08<05:29, 14.38it/s] 12%|█▏        | 628/5360 [01:08<05:27, 14.47it/s] 12%|█▏        | 630/5360 [01:08<05:46, 13.64it/s] 12%|█▏        | 632/5360 [01:08<05:41, 13.85it/s] 12%|█▏        | 634/5360 [01:08<05:54, 13.34it/s] 12%|█▏        | 636/5360 [01:08<05:46, 13.64it/s] 12%|█▏        | 638/5360 [01:09<06:48, 11.56it/s] 12%|█▏        | 640/5360 [01:09<06:48, 11.56it/s] 12%|█▏        | 642/5360 [01:09<07:03, 11.14it/s] 12%|█▏        | 644/5360 [01:09<06:45, 11.62it/s] 12%|█▏        | 646/5360 [01:09<06:27, 12.18it/s] 12%|█▏        | 648/5360 [01:09<06:28, 12.13it/s] 12%|█▏        | 650/5360 [01:10<06:25, 12.22it/s] 12%|█▏        | 652/5360 [01:10<06:13, 12.60it/s] 12%|█▏        | 654/5360 [01:10<06:33, 11.95it/s] 12%|█▏        | 656/5360 [01:10<06:20, 12.37it/s] 12%|█▏        | 658/5360 [01:10<06:20, 12.36it/s] 12%|█▏        | 660/5360 [01:10<06:24, 12.24it/s] 12%|█▏        | 662/5360 [01:10<06:06, 12.82it/s] 12%|█▏        | 664/5360 [01:11<06:15, 12.49it/s] 12%|█▏        | 666/5360 [01:11<06:22, 12.28it/s] 12%|█▏        | 668/5360 [01:11<06:37, 11.80it/s] 12%|█▎        | 670/5360 [01:11<06:40, 11.71it/s] 13%|█▎        | 672/5360 [01:11<06:18, 12.38it/s] 13%|█▎        | 674/5360 [01:11<06:28, 12.05it/s] 13%|█▎        | 676/5360 [01:12<06:09, 12.67it/s] 13%|█▎        | 678/5360 [01:12<06:15, 12.48it/s] 13%|█▎        | 680/5360 [01:12<06:39, 11.72it/s] 13%|█▎        | 682/5360 [01:12<06:44, 11.57it/s] 13%|█▎        | 684/5360 [01:12<06:16, 12.43it/s] 13%|█▎        | 686/5360 [01:13<06:38, 11.74it/s] 13%|█▎        | 688/5360 [01:13<06:33, 11.88it/s] 13%|█▎        | 690/5360 [01:13<06:52, 11.32it/s] 13%|█▎        | 692/5360 [01:13<06:37, 11.74it/s] 13%|█▎        | 694/5360 [01:13<07:17, 10.66it/s] 13%|█▎        | 696/5360 [01:13<06:45, 11.50it/s] 13%|█▎        | 698/5360 [01:14<07:11, 10.81it/s] 13%|█▎        | 700/5360 [01:14<07:00, 11.07it/s] 13%|█▎        | 702/5360 [01:14<07:12, 10.76it/s] 13%|█▎        | 704/5360 [01:14<07:25, 10.46it/s] 13%|█▎        | 706/5360 [01:14<06:53, 11.25it/s] 13%|█▎        | 708/5360 [01:14<06:54, 11.23it/s] 13%|█▎        | 710/5360 [01:15<06:59, 11.09it/s] 13%|█▎        | 712/5360 [01:15<07:36, 10.19it/s] 13%|█▎        | 714/5360 [01:15<07:42, 10.04it/s] 13%|█▎        | 716/5360 [01:15<07:47,  9.93it/s] 13%|█▎        | 718/5360 [01:16<07:47,  9.92it/s] 13%|█▎        | 720/5360 [01:16<07:48,  9.91it/s] 13%|█▎        | 721/5360 [01:16<07:54,  9.79it/s] 13%|█▎        | 723/5360 [01:16<07:44,  9.97it/s] 14%|█▎        | 724/5360 [01:16<07:51,  9.83it/s] 14%|█▎        | 726/5360 [01:16<07:59,  9.67it/s] 14%|█▎        | 727/5360 [01:16<07:56,  9.73it/s] 14%|█▎        | 728/5360 [01:17<08:02,  9.60it/s] 14%|█▎        | 730/5360 [01:17<07:42, 10.02it/s] 14%|█▎        | 731/5360 [01:17<07:49,  9.87it/s] 14%|█▎        | 733/5360 [01:17<07:46,  9.92it/s] 14%|█▎        | 735/5360 [01:17<07:44,  9.96it/s] 14%|█▍        | 737/5360 [01:17<07:19, 10.51it/s] 14%|█▍        | 739/5360 [01:18<07:53,  9.76it/s] 14%|█▍        | 741/5360 [01:18<07:51,  9.80it/s] 14%|█▍        | 743/5360 [01:18<07:03, 10.91it/s] 14%|█▍        | 745/5360 [01:18<07:29, 10.27it/s] 14%|█▍        | 747/5360 [01:18<07:43,  9.95it/s] 14%|█▍        | 749/5360 [01:19<07:56,  9.68it/s] 14%|█▍        | 750/5360 [01:19<07:54,  9.72it/s] 14%|█▍        | 751/5360 [01:19<07:53,  9.73it/s] 14%|█▍        | 753/5360 [01:19<07:16, 10.56it/s] 14%|█▍        | 755/5360 [01:19<07:45,  9.90it/s] 14%|█▍        | 757/5360 [01:19<07:53,  9.73it/s] 14%|█▍        | 758/5360 [01:20<07:59,  9.61it/s] 14%|█▍        | 760/5360 [01:20<07:18, 10.48it/s] 14%|█▍        | 762/5360 [01:20<07:38, 10.03it/s] 14%|█▍        | 764/5360 [01:20<08:00,  9.57it/s] 14%|█▍        | 765/5360 [01:20<07:59,  9.58it/s] 14%|█▍        | 767/5360 [01:20<07:19, 10.45it/s] 14%|█▍        | 769/5360 [01:21<07:54,  9.68it/s] 14%|█▍        | 771/5360 [01:21<07:52,  9.71it/s] 14%|█▍        | 772/5360 [01:21<07:51,  9.74it/s] 14%|█▍        | 774/5360 [01:21<07:45,  9.86it/s] 14%|█▍        | 775/5360 [01:21<08:19,  9.18it/s] 14%|█▍        | 776/5360 [01:21<08:15,  9.25it/s] 14%|█▍        | 777/5360 [01:22<08:07,  9.40it/s] 15%|█▍        | 778/5360 [01:22<08:01,  9.51it/s] 15%|█▍        | 779/5360 [01:22<08:02,  9.50it/s] 15%|█▍        | 780/5360 [01:22<07:56,  9.61it/s] 15%|█▍        | 782/5360 [01:22<08:00,  9.52it/s] 15%|█▍        | 784/5360 [01:22<08:00,  9.53it/s] 15%|█▍        | 786/5360 [01:22<07:48,  9.76it/s] 15%|█▍        | 787/5360 [01:23<07:48,  9.77it/s] 15%|█▍        | 789/5360 [01:23<07:10, 10.62it/s] 15%|█▍        | 791/5360 [01:23<07:05, 10.73it/s] 15%|█▍        | 793/5360 [01:23<07:14, 10.50it/s] 15%|█▍        | 795/5360 [01:23<07:19, 10.38it/s] 15%|█▍        | 797/5360 [01:23<07:28, 10.18it/s] 15%|█▍        | 799/5360 [01:24<06:59, 10.88it/s] 15%|█▍        | 801/5360 [01:24<07:27, 10.20it/s] 15%|█▍        | 803/5360 [01:24<07:19, 10.38it/s] 15%|█▌        | 805/5360 [01:24<06:48, 11.16it/s] 15%|█▌        | 807/5360 [01:24<07:22, 10.28it/s] 15%|█▌        | 809/5360 [01:25<07:44,  9.80it/s] 15%|█▌        | 811/5360 [01:25<07:58,  9.50it/s] 15%|█▌        | 812/5360 [01:25<08:05,  9.37it/s] 15%|█▌        | 814/5360 [01:25<07:12, 10.52it/s] 15%|█▌        | 816/5360 [01:25<07:20, 10.31it/s] 15%|█▌        | 818/5360 [01:26<07:05, 10.67it/s] 15%|█▌        | 820/5360 [01:26<07:04, 10.70it/s] 15%|█▌        | 822/5360 [01:26<07:11, 10.51it/s] 15%|█▌        | 824/5360 [01:26<06:56, 10.89it/s] 15%|█▌        | 826/5360 [01:26<07:27, 10.13it/s] 15%|█▌        | 828/5360 [01:26<07:13, 10.46it/s] 15%|█▌        | 830/5360 [01:27<06:57, 10.86it/s] 16%|█▌        | 832/5360 [01:27<06:52, 10.97it/s] 16%|█▌        | 834/5360 [01:27<06:55, 10.88it/s] 16%|█▌        | 836/5360 [01:27<07:40,  9.83it/s] 16%|█▌        | 838/5360 [01:27<06:36, 11.41it/s] 16%|█▌        | 840/5360 [01:28<06:32, 11.50it/s] 16%|█▌        | 842/5360 [01:28<06:12, 12.14it/s] 16%|█▌        | 844/5360 [01:28<06:33, 11.48it/s] 16%|█▌        | 846/5360 [01:28<06:31, 11.53it/s] 16%|█▌        | 848/5360 [01:28<06:06, 12.30it/s] 16%|█▌        | 850/5360 [01:28<06:12, 12.12it/s] 16%|█▌        | 852/5360 [01:29<06:15, 12.00it/s] 16%|█▌        | 854/5360 [01:29<05:56, 12.63it/s] 16%|█▌        | 856/5360 [01:29<05:52, 12.78it/s] 16%|█▌        | 858/5360 [01:29<06:08, 12.21it/s] 16%|█▌        | 860/5360 [01:29<06:50, 10.96it/s] 16%|█▌        | 862/5360 [01:29<06:42, 11.18it/s] 16%|█▌        | 864/5360 [01:30<06:57, 10.76it/s] 16%|█▌        | 866/5360 [01:30<07:04, 10.59it/s] 16%|█▌        | 868/5360 [01:30<07:07, 10.51it/s] 16%|█▌        | 870/5360 [01:30<07:14, 10.32it/s] 16%|█▋        | 872/5360 [01:30<06:22, 11.74it/s] 16%|█▋        | 874/5360 [01:30<05:48, 12.86it/s] 16%|█▋        | 876/5360 [01:31<05:24, 13.80it/s] 16%|█▋        | 878/5360 [01:31<05:27, 13.67it/s] 16%|█▋        | 880/5360 [01:31<05:16, 14.17it/s] 16%|█▋        | 882/5360 [01:31<05:02, 14.81it/s] 16%|█▋        | 884/5360 [01:31<05:14, 14.24it/s] 17%|█▋        | 886/5360 [01:31<05:21, 13.91it/s] 17%|█▋        | 888/5360 [01:31<05:42, 13.05it/s] 17%|█▋        | 890/5360 [01:32<06:15, 11.91it/s] 17%|█▋        | 892/5360 [01:32<06:25, 11.58it/s] 17%|█▋        | 894/5360 [01:32<06:39, 11.18it/s] 17%|█▋        | 896/5360 [01:32<06:13, 11.94it/s] 17%|█▋        | 898/5360 [01:32<05:52, 12.64it/s] 17%|█▋        | 900/5360 [01:32<05:36, 13.27it/s] 17%|█▋        | 902/5360 [01:33<05:23, 13.80it/s] 17%|█▋        | 904/5360 [01:33<05:35, 13.29it/s] 17%|█▋        | 906/5360 [01:33<05:59, 12.40it/s] 17%|█▋        | 908/5360 [01:33<05:45, 12.89it/s] 17%|█▋        | 910/5360 [01:33<05:52, 12.61it/s] 17%|█▋        | 912/5360 [01:33<06:06, 12.14it/s] 17%|█▋        | 914/5360 [01:34<05:39, 13.10it/s] 17%|█▋        | 916/5360 [01:34<05:58, 12.39it/s] 17%|█▋        | 918/5360 [01:34<05:51, 12.63it/s] 17%|█▋        | 920/5360 [01:34<05:40, 13.05it/s] 17%|█▋        | 922/5360 [01:34<05:40, 13.02it/s] 17%|█▋        | 924/5360 [01:34<05:34, 13.24it/s] 17%|█▋        | 926/5360 [01:34<05:41, 12.99it/s] 17%|█▋        | 928/5360 [01:35<05:39, 13.04it/s] 17%|█▋        | 930/5360 [01:35<05:49, 12.66it/s] 17%|█▋        | 932/5360 [01:35<05:41, 12.95it/s] 17%|█▋        | 934/5360 [01:35<05:49, 12.67it/s] 17%|█▋        | 936/5360 [01:35<06:08, 12.00it/s] 18%|█▊        | 938/5360 [01:36<06:55, 10.65it/s] 18%|█▊        | 940/5360 [01:36<06:56, 10.62it/s] 18%|█▊        | 942/5360 [01:36<06:40, 11.03it/s] 18%|█▊        | 944/5360 [01:36<07:02, 10.45it/s] 18%|█▊        | 946/5360 [01:36<07:02, 10.44it/s] 18%|█▊        | 948/5360 [01:36<07:12, 10.20it/s] 18%|█▊        | 950/5360 [01:37<06:33, 11.22it/s] 18%|█▊        | 952/5360 [01:37<06:55, 10.62it/s] 18%|█▊        | 954/5360 [01:37<06:30, 11.30it/s] 18%|█▊        | 956/5360 [01:37<07:04, 10.38it/s] 18%|█▊        | 958/5360 [01:37<06:57, 10.55it/s] 18%|█▊        | 960/5360 [01:38<07:03, 10.38it/s] 18%|█▊        | 962/5360 [01:38<06:58, 10.52it/s] 18%|█▊        | 964/5360 [01:38<07:07, 10.29it/s] 18%|█▊        | 966/5360 [01:38<07:12, 10.15it/s] 18%|█▊        | 968/5360 [01:38<06:55, 10.57it/s] 18%|█▊        | 970/5360 [01:39<07:39,  9.55it/s] 18%|█▊        | 971/5360 [01:39<07:39,  9.54it/s] 18%|█▊        | 972/5360 [01:39<07:35,  9.63it/s] 18%|█▊        | 974/5360 [01:39<07:37,  9.60it/s] 18%|█▊        | 976/5360 [01:39<07:17, 10.03it/s] 18%|█▊        | 978/5360 [01:39<07:26,  9.81it/s] 18%|█▊        | 979/5360 [01:40<07:28,  9.77it/s] 18%|█▊        | 981/5360 [01:40<07:17, 10.02it/s] 18%|█▊        | 983/5360 [01:40<07:20,  9.94it/s] 18%|█▊        | 984/5360 [01:40<07:41,  9.48it/s] 18%|█▊        | 986/5360 [01:40<07:31,  9.70it/s] 18%|█▊        | 987/5360 [01:40<07:36,  9.59it/s] 18%|█▊        | 988/5360 [01:40<07:33,  9.65it/s] 18%|█▊        | 990/5360 [01:41<07:22,  9.88it/s] 19%|█▊        | 992/5360 [01:41<06:49, 10.67it/s] 19%|█▊        | 994/5360 [01:41<06:48, 10.69it/s] 19%|█▊        | 996/5360 [01:41<06:58, 10.43it/s] 19%|█▊        | 998/5360 [01:41<06:58, 10.43it/s] 19%|█▊        | 1000/5360 [01:42<07:04, 10.28it/s] 19%|█▊        | 1002/5360 [01:42<06:51, 10.59it/s] 19%|█▊        | 1004/5360 [01:42<06:52, 10.57it/s] 19%|█▉        | 1006/5360 [01:42<07:18,  9.92it/s] 19%|█▉        | 1008/5360 [01:42<07:19,  9.89it/s] 19%|█▉        | 1010/5360 [01:43<07:17,  9.93it/s] 19%|█▉        | 1012/5360 [01:43<07:14, 10.00it/s] 19%|█▉        | 1014/5360 [01:43<07:22,  9.81it/s] 19%|█▉        | 1015/5360 [01:43<07:22,  9.81it/s] 19%|█▉        | 1017/5360 [01:43<06:47, 10.65it/s] 19%|█▉        | 1019/5360 [01:43<07:31,  9.62it/s] 19%|█▉        | 1021/5360 [01:44<06:53, 10.49it/s] 19%|█▉        | 1023/5360 [01:44<07:08, 10.12it/s] 19%|█▉        | 1025/5360 [01:44<07:25,  9.74it/s] 19%|█▉        | 1027/5360 [01:44<06:57, 10.37it/s] 19%|█▉        | 1029/5360 [01:44<07:03, 10.22it/s] 19%|█▉        | 1031/5360 [01:45<07:41,  9.39it/s] 19%|█▉        | 1033/5360 [01:45<07:34,  9.51it/s] 19%|█▉        | 1035/5360 [01:45<07:10, 10.06it/s] 19%|█▉        | 1037/5360 [01:45<06:50, 10.53it/s] 19%|█▉        | 1039/5360 [01:45<06:29, 11.08it/s] 19%|█▉        | 1041/5360 [01:46<06:28, 11.11it/s] 19%|█▉        | 1043/5360 [01:46<06:40, 10.79it/s] 19%|█▉        | 1045/5360 [01:46<06:11, 11.60it/s] 20%|█▉        | 1047/5360 [01:46<06:29, 11.07it/s] 20%|█▉        | 1049/5360 [01:46<06:35, 10.89it/s] 20%|█▉        | 1051/5360 [01:46<06:32, 10.98it/s] 20%|█▉        | 1053/5360 [01:47<07:13,  9.93it/s] 20%|█▉        | 1055/5360 [01:47<08:01,  8.94it/s] 20%|█▉        | 1056/5360 [01:47<08:02,  8.92it/s] 20%|█▉        | 1058/5360 [01:47<07:01, 10.21it/s] 20%|█▉        | 1060/5360 [01:47<06:31, 10.97it/s] 20%|█▉        | 1062/5360 [01:48<06:26, 11.12it/s] 20%|█▉        | 1064/5360 [01:48<06:08, 11.64it/s] 20%|█▉        | 1066/5360 [01:48<06:13, 11.49it/s] 20%|█▉        | 1068/5360 [01:48<06:24, 11.16it/s] 20%|█▉        | 1070/5360 [01:48<06:08, 11.64it/s] 20%|██        | 1072/5360 [01:48<06:10, 11.58it/s] 20%|██        | 1074/5360 [01:49<05:48, 12.30it/s] 20%|██        | 1076/5360 [01:49<05:49, 12.26it/s] 20%|██        | 1078/5360 [01:49<06:55, 10.31it/s] 20%|██        | 1080/5360 [01:49<07:09,  9.96it/s] 20%|██        | 1082/5360 [01:49<06:47, 10.49it/s] 20%|██        | 1084/5360 [01:50<06:18, 11.29it/s] 20%|██        | 1086/5360 [01:50<06:08, 11.59it/s] 20%|██        | 1088/5360 [01:50<06:18, 11.30it/s] 20%|██        | 1090/5360 [01:50<05:57, 11.94it/s] 20%|██        | 1092/5360 [01:50<06:16, 11.32it/s] 20%|██        | 1094/5360 [01:50<06:03, 11.74it/s] 20%|██        | 1096/5360 [01:51<05:40, 12.52it/s] 20%|██        | 1098/5360 [01:51<05:41, 12.46it/s] 21%|██        | 1100/5360 [01:51<05:21, 13.25it/s] 21%|██        | 1102/5360 [01:51<05:25, 13.07it/s] 21%|██        | 1104/5360 [01:51<05:12, 13.61it/s] 21%|██        | 1106/5360 [01:51<04:43, 15.01it/s] 21%|██        | 1109/5360 [01:51<04:11, 16.91it/s] 21%|██        | 1111/5360 [01:51<04:16, 16.58it/s] 21%|██        | 1113/5360 [01:52<04:12, 16.85it/s] 21%|██        | 1115/5360 [01:52<04:14, 16.70it/s] 21%|██        | 1117/5360 [01:52<04:33, 15.49it/s] 21%|██        | 1119/5360 [01:52<05:09, 13.69it/s] 21%|██        | 1121/5360 [01:52<05:32, 12.74it/s] 21%|██        | 1123/5360 [01:52<05:48, 12.17it/s] 21%|██        | 1126/5360 [01:53<04:48, 14.66it/s] 21%|██        | 1128/5360 [01:53<05:28, 12.88it/s] 21%|██        | 1130/5360 [01:53<05:32, 12.72it/s] 21%|██        | 1132/5360 [01:53<06:11, 11.38it/s] 21%|██        | 1134/5360 [01:53<05:35, 12.61it/s] 21%|██        | 1136/5360 [01:53<05:45, 12.22it/s] 21%|██        | 1138/5360 [01:54<05:28, 12.84it/s] 21%|██▏       | 1140/5360 [01:54<05:28, 12.83it/s] 21%|██▏       | 1142/5360 [01:54<05:31, 12.73it/s] 21%|██▏       | 1144/5360 [01:54<05:29, 12.81it/s] 21%|██▏       | 1146/5360 [01:54<05:38, 12.44it/s] 21%|██▏       | 1148/5360 [01:54<05:35, 12.54it/s] 21%|██▏       | 1150/5360 [01:55<05:49, 12.04it/s] 21%|██▏       | 1152/5360 [01:55<05:59, 11.70it/s] 22%|██▏       | 1154/5360 [01:55<05:39, 12.40it/s] 22%|██▏       | 1156/5360 [01:55<05:42, 12.29it/s] 22%|██▏       | 1158/5360 [01:55<05:59, 11.69it/s] 22%|██▏       | 1160/5360 [01:55<06:01, 11.63it/s] 22%|██▏       | 1162/5360 [01:56<06:26, 10.87it/s] 22%|██▏       | 1164/5360 [01:56<06:17, 11.11it/s] 22%|██▏       | 1166/5360 [01:56<06:30, 10.74it/s] 22%|██▏       | 1168/5360 [01:56<06:00, 11.62it/s] 22%|██▏       | 1170/5360 [01:56<06:19, 11.03it/s] 22%|██▏       | 1172/5360 [01:56<06:02, 11.55it/s] 22%|██▏       | 1174/5360 [01:57<06:14, 11.18it/s] 22%|██▏       | 1176/5360 [01:57<05:53, 11.84it/s] 22%|██▏       | 1178/5360 [01:57<05:39, 12.32it/s] 22%|██▏       | 1180/5360 [01:57<05:58, 11.67it/s] 22%|██▏       | 1182/5360 [01:57<05:55, 11.75it/s] 22%|██▏       | 1184/5360 [01:58<05:53, 11.80it/s] 22%|██▏       | 1186/5360 [01:58<06:08, 11.34it/s] 22%|██▏       | 1188/5360 [01:58<06:13, 11.17it/s] 22%|██▏       | 1190/5360 [01:58<05:50, 11.89it/s] 22%|██▏       | 1192/5360 [01:58<06:21, 10.92it/s] 22%|██▏       | 1194/5360 [01:58<06:29, 10.69it/s] 22%|██▏       | 1196/5360 [01:59<06:04, 11.44it/s] 22%|██▏       | 1198/5360 [01:59<06:11, 11.21it/s] 22%|██▏       | 1200/5360 [01:59<06:51, 10.10it/s] 22%|██▏       | 1202/5360 [01:59<06:52, 10.09it/s] 22%|██▏       | 1204/5360 [01:59<06:47, 10.21it/s] 22%|██▎       | 1206/5360 [02:00<07:00,  9.88it/s] 23%|██▎       | 1208/5360 [02:00<07:01,  9.86it/s] 23%|██▎       | 1210/5360 [02:00<07:03,  9.80it/s] 23%|██▎       | 1211/5360 [02:00<07:03,  9.80it/s] 23%|██▎       | 1213/5360 [02:00<06:24, 10.77it/s] 23%|██▎       | 1215/5360 [02:01<07:11,  9.61it/s] 23%|██▎       | 1216/5360 [02:01<07:08,  9.68it/s] 23%|██▎       | 1218/5360 [02:01<07:01,  9.82it/s] 23%|██▎       | 1220/5360 [02:01<07:02,  9.81it/s] 23%|██▎       | 1222/5360 [02:01<06:42, 10.29it/s] 23%|██▎       | 1224/5360 [02:01<07:04,  9.74it/s] 23%|██▎       | 1225/5360 [02:02<07:08,  9.65it/s] 23%|██▎       | 1226/5360 [02:02<07:15,  9.49it/s] 23%|██▎       | 1227/5360 [02:02<07:13,  9.53it/s] 23%|██▎       | 1228/5360 [02:02<07:29,  9.20it/s] 23%|██▎       | 1229/5360 [02:02<07:24,  9.28it/s] 23%|██▎       | 1230/5360 [02:02<07:18,  9.41it/s] 23%|██▎       | 1231/5360 [02:02<07:13,  9.52it/s] 23%|██▎       | 1233/5360 [02:02<07:15,  9.48it/s] 23%|██▎       | 1235/5360 [02:03<07:16,  9.44it/s] 23%|██▎       | 1236/5360 [02:03<07:17,  9.43it/s] 23%|██▎       | 1237/5360 [02:03<07:17,  9.42it/s] 23%|██▎       | 1239/5360 [02:03<07:01,  9.77it/s] 23%|██▎       | 1240/5360 [02:03<07:05,  9.69it/s] 23%|██▎       | 1242/5360 [02:03<07:03,  9.72it/s] 23%|██▎       | 1244/5360 [02:04<06:35, 10.41it/s] 23%|██▎       | 1246/5360 [02:04<06:47, 10.10it/s] 23%|██▎       | 1248/5360 [02:04<06:43, 10.19it/s] 23%|██▎       | 1250/5360 [02:04<06:49, 10.04it/s] 23%|██▎       | 1252/5360 [02:04<06:56,  9.87it/s] 23%|██▎       | 1253/5360 [02:04<07:00,  9.77it/s] 23%|██▎       | 1255/5360 [02:05<06:55,  9.88it/s] 23%|██▎       | 1257/5360 [02:05<06:46, 10.08it/s] 23%|██▎       | 1259/5360 [02:05<07:01,  9.72it/s] 24%|██▎       | 1260/5360 [02:05<07:01,  9.72it/s] 24%|██▎       | 1261/5360 [02:05<07:03,  9.67it/s] 24%|██▎       | 1262/5360 [02:05<07:00,  9.73it/s] 24%|██▎       | 1263/5360 [02:05<07:03,  9.66it/s] 24%|██▎       | 1264/5360 [02:06<07:00,  9.74it/s] 24%|██▎       | 1265/5360 [02:06<07:02,  9.70it/s] 24%|██▎       | 1267/5360 [02:06<06:55,  9.86it/s] 24%|██▎       | 1269/5360 [02:06<06:39, 10.24it/s] 24%|██▎       | 1271/5360 [02:06<06:34, 10.38it/s] 24%|██▍       | 1273/5360 [02:06<06:27, 10.55it/s] 24%|██▍       | 1275/5360 [02:07<06:32, 10.41it/s] 24%|██▍       | 1277/5360 [02:07<06:56,  9.80it/s] 24%|██▍       | 1279/5360 [02:07<06:18, 10.77it/s] 24%|██▍       | 1281/5360 [02:07<06:17, 10.80it/s] 24%|██▍       | 1283/5360 [02:07<06:22, 10.66it/s] 24%|██▍       | 1285/5360 [02:08<06:21, 10.67it/s] 24%|██▍       | 1287/5360 [02:08<05:53, 11.54it/s] 24%|██▍       | 1289/5360 [02:08<06:00, 11.30it/s] 24%|██▍       | 1291/5360 [02:08<06:01, 11.27it/s] 24%|██▍       | 1293/5360 [02:08<06:09, 10.99it/s] 24%|██▍       | 1295/5360 [02:08<06:36, 10.24it/s] 24%|██▍       | 1297/5360 [02:09<06:50,  9.90it/s] 24%|██▍       | 1299/5360 [02:09<07:05,  9.55it/s] 24%|██▍       | 1301/5360 [02:09<06:38, 10.20it/s] 24%|██▍       | 1303/5360 [02:09<06:45, 10.01it/s] 24%|██▍       | 1305/5360 [02:09<06:24, 10.54it/s] 24%|██▍       | 1307/5360 [02:10<06:12, 10.89it/s] 24%|██▍       | 1309/5360 [02:10<06:07, 11.01it/s] 24%|██▍       | 1311/5360 [02:10<05:23, 12.50it/s] 24%|██▍       | 1313/5360 [02:10<05:02, 13.40it/s] 25%|██▍       | 1315/5360 [02:10<04:43, 14.29it/s] 25%|██▍       | 1317/5360 [02:10<04:34, 14.71it/s] 25%|██▍       | 1319/5360 [02:10<04:37, 14.55it/s] 25%|██▍       | 1321/5360 [02:11<04:32, 14.81it/s] 25%|██▍       | 1323/5360 [02:11<04:27, 15.10it/s] 25%|██▍       | 1325/5360 [02:11<04:43, 14.21it/s] 25%|██▍       | 1327/5360 [02:11<04:54, 13.71it/s] 25%|██▍       | 1329/5360 [02:11<05:44, 11.71it/s] 25%|██▍       | 1331/5360 [02:11<06:19, 10.62it/s] 25%|██▍       | 1333/5360 [02:12<06:28, 10.37it/s] 25%|██▍       | 1335/5360 [02:12<06:04, 11.03it/s] 25%|██▍       | 1337/5360 [02:12<05:18, 12.61it/s] 25%|██▍       | 1339/5360 [02:12<04:59, 13.43it/s] 25%|██▌       | 1341/5360 [02:12<04:34, 14.65it/s] 25%|██▌       | 1343/5360 [02:12<04:12, 15.88it/s] 25%|██▌       | 1345/5360 [02:12<04:03, 16.52it/s] 25%|██▌       | 1347/5360 [02:12<03:57, 16.88it/s] 25%|██▌       | 1349/5360 [02:13<03:49, 17.47it/s] 25%|██▌       | 1351/5360 [02:13<03:45, 17.75it/s] 25%|██▌       | 1353/5360 [02:13<03:51, 17.31it/s] 25%|██▌       | 1355/5360 [02:13<03:54, 17.10it/s] 25%|██▌       | 1357/5360 [02:13<04:27, 14.97it/s] 25%|██▌       | 1359/5360 [02:13<05:02, 13.25it/s] 25%|██▌       | 1361/5360 [02:13<05:16, 12.65it/s] 25%|██▌       | 1363/5360 [02:14<05:04, 13.12it/s] 25%|██▌       | 1365/5360 [02:14<06:45,  9.85it/s] 26%|██▌       | 1368/5360 [02:14<05:23, 12.35it/s] 26%|██▌       | 1370/5360 [02:14<04:50, 13.74it/s] 26%|██▌       | 1372/5360 [02:14<04:30, 14.75it/s] 26%|██▌       | 1374/5360 [02:14<04:15, 15.60it/s] 26%|██▌       | 1376/5360 [02:15<03:59, 16.61it/s] 26%|██▌       | 1379/5360 [02:15<03:46, 17.56it/s] 26%|██▌       | 1381/5360 [02:15<03:44, 17.74it/s] 26%|██▌       | 1383/5360 [02:15<03:44, 17.69it/s] 26%|██▌       | 1385/5360 [02:15<03:50, 17.24it/s] 26%|██▌       | 1387/5360 [02:15<03:56, 16.77it/s] 26%|██▌       | 1389/5360 [02:15<04:16, 15.51it/s] 26%|██▌       | 1391/5360 [02:15<04:26, 14.91it/s] 26%|██▌       | 1393/5360 [02:16<04:30, 14.68it/s] 26%|██▌       | 1395/5360 [02:16<04:32, 14.54it/s] 26%|██▌       | 1397/5360 [02:16<04:51, 13.58it/s] 26%|██▌       | 1399/5360 [02:16<04:53, 13.51it/s] 26%|██▌       | 1401/5360 [02:16<04:48, 13.73it/s] 26%|██▌       | 1403/5360 [02:16<04:52, 13.53it/s] 26%|██▌       | 1405/5360 [02:16<04:40, 14.09it/s] 26%|██▋       | 1407/5360 [02:17<04:41, 14.02it/s] 26%|██▋       | 1409/5360 [02:17<04:57, 13.30it/s] 26%|██▋       | 1411/5360 [02:17<04:57, 13.29it/s] 26%|██▋       | 1413/5360 [02:17<05:06, 12.89it/s] 26%|██▋       | 1415/5360 [02:17<04:54, 13.40it/s] 26%|██▋       | 1417/5360 [02:17<05:12, 12.62it/s] 26%|██▋       | 1419/5360 [02:18<05:16, 12.47it/s] 27%|██▋       | 1421/5360 [02:18<05:37, 11.66it/s] 27%|██▋       | 1423/5360 [02:18<05:48, 11.29it/s] 27%|██▋       | 1425/5360 [02:18<06:05, 10.78it/s] 27%|██▋       | 1427/5360 [02:18<06:11, 10.60it/s] 27%|██▋       | 1429/5360 [02:19<05:43, 11.44it/s] 27%|██▋       | 1431/5360 [02:19<05:49, 11.23it/s] 27%|██▋       | 1433/5360 [02:19<06:07, 10.69it/s] 27%|██▋       | 1435/5360 [02:19<06:00, 10.89it/s] 27%|██▋       | 1437/5360 [02:19<05:59, 10.92it/s] 27%|██▋       | 1439/5360 [02:19<06:19, 10.32it/s] 27%|██▋       | 1441/5360 [02:20<06:23, 10.23it/s] 27%|██▋       | 1443/5360 [02:20<06:33,  9.95it/s] 27%|██▋       | 1445/5360 [02:20<06:34,  9.93it/s] 27%|██▋       | 1446/5360 [02:20<06:34,  9.91it/s] 27%|██▋       | 1448/5360 [02:20<06:35,  9.89it/s] 27%|██▋       | 1450/5360 [02:21<06:11, 10.51it/s] 27%|██▋       | 1452/5360 [02:21<06:34,  9.91it/s] 27%|██▋       | 1454/5360 [02:21<06:24, 10.16it/s] 27%|██▋       | 1456/5360 [02:21<06:32,  9.94it/s] 27%|██▋       | 1458/5360 [02:21<06:29, 10.02it/s] 27%|██▋       | 1460/5360 [02:22<06:34,  9.89it/s] 27%|██▋       | 1462/5360 [02:22<06:20, 10.24it/s] 27%|██▋       | 1464/5360 [02:22<06:07, 10.61it/s] 27%|██▋       | 1466/5360 [02:22<06:24, 10.13it/s] 27%|██▋       | 1468/5360 [02:22<06:03, 10.70it/s] 27%|██▋       | 1470/5360 [02:23<06:26, 10.05it/s] 27%|██▋       | 1472/5360 [02:23<06:28, 10.00it/s] 28%|██▊       | 1474/5360 [02:23<06:17, 10.31it/s] 28%|██▊       | 1476/5360 [02:23<06:05, 10.64it/s] 28%|██▊       | 1478/5360 [02:23<06:19, 10.24it/s] 28%|██▊       | 1480/5360 [02:23<06:04, 10.66it/s] 28%|██▊       | 1482/5360 [02:24<06:22, 10.14it/s] 28%|██▊       | 1484/5360 [02:24<05:59, 10.78it/s] 28%|██▊       | 1486/5360 [02:24<06:15, 10.31it/s] 28%|██▊       | 1488/5360 [02:24<06:19, 10.20it/s] 28%|██▊       | 1490/5360 [02:24<06:23, 10.09it/s] 28%|██▊       | 1492/5360 [02:25<06:29,  9.92it/s] 28%|██▊       | 1493/5360 [02:25<06:34,  9.80it/s] 28%|██▊       | 1494/5360 [02:25<06:35,  9.78it/s] 28%|██▊       | 1496/5360 [02:25<06:30,  9.89it/s] 28%|██▊       | 1498/5360 [02:25<06:25, 10.02it/s] 28%|██▊       | 1499/5360 [02:25<06:26,  9.99it/s] 28%|██▊       | 1500/5360 [02:26<06:32,  9.83it/s] 28%|██▊       | 1502/5360 [02:26<06:11, 10.39it/s] 28%|██▊       | 1504/5360 [02:26<06:29,  9.90it/s] 28%|██▊       | 1505/5360 [02:26<06:35,  9.76it/s] 28%|██▊       | 1506/5360 [02:26<06:34,  9.77it/s] 28%|██▊       | 1507/5360 [02:26<06:39,  9.65it/s] 28%|██▊       | 1509/5360 [02:26<06:33,  9.79it/s] 28%|██▊       | 1510/5360 [02:27<06:31,  9.84it/s] 28%|██▊       | 1512/5360 [02:27<06:34,  9.76it/s] 28%|██▊       | 1513/5360 [02:27<06:33,  9.77it/s] 28%|██▊       | 1514/5360 [02:27<06:34,  9.75it/s] 28%|██▊       | 1515/5360 [02:27<06:34,  9.76it/s] 28%|██▊       | 1517/5360 [02:27<06:37,  9.67it/s] 28%|██▊       | 1519/5360 [02:27<06:24,  9.98it/s] 28%|██▊       | 1521/5360 [02:28<06:02, 10.59it/s] 28%|██▊       | 1523/5360 [02:28<06:27,  9.91it/s] 28%|██▊       | 1525/5360 [02:28<06:29,  9.84it/s] 28%|██▊       | 1527/5360 [02:28<06:26,  9.91it/s] 29%|██▊       | 1528/5360 [02:28<06:26,  9.91it/s] 29%|██▊       | 1530/5360 [02:29<06:15, 10.19it/s] 29%|██▊       | 1532/5360 [02:29<05:47, 11.03it/s] 29%|██▊       | 1534/5360 [02:29<05:55, 10.76it/s] 29%|██▊       | 1536/5360 [02:29<05:47, 10.99it/s] 29%|██▊       | 1538/5360 [02:29<05:42, 11.15it/s] 29%|██▊       | 1540/5360 [02:29<06:07, 10.39it/s] 29%|██▉       | 1542/5360 [02:30<05:46, 11.01it/s] 29%|██▉       | 1544/5360 [02:30<05:58, 10.64it/s] 29%|██▉       | 1546/5360 [02:30<05:57, 10.66it/s] 29%|██▉       | 1548/5360 [02:30<06:15, 10.16it/s] 29%|██▉       | 1550/5360 [02:30<06:37,  9.59it/s] 29%|██▉       | 1551/5360 [02:31<06:40,  9.50it/s] 29%|██▉       | 1552/5360 [02:31<06:55,  9.17it/s] 29%|██▉       | 1554/5360 [02:31<06:07, 10.34it/s] 29%|██▉       | 1556/5360 [02:31<06:06, 10.39it/s] 29%|██▉       | 1558/5360 [02:31<06:08, 10.31it/s] 29%|██▉       | 1560/5360 [02:31<05:58, 10.61it/s] 29%|██▉       | 1562/5360 [02:32<05:41, 11.11it/s] 29%|██▉       | 1564/5360 [02:32<05:25, 11.66it/s] 29%|██▉       | 1566/5360 [02:32<05:17, 11.95it/s] 29%|██▉       | 1568/5360 [02:32<05:19, 11.88it/s] 29%|██▉       | 1570/5360 [02:32<04:56, 12.80it/s] 29%|██▉       | 1572/5360 [02:32<05:21, 11.79it/s] 29%|██▉       | 1574/5360 [02:33<05:19, 11.87it/s] 29%|██▉       | 1576/5360 [02:33<05:08, 12.28it/s] 29%|██▉       | 1578/5360 [02:33<05:15, 12.01it/s] 29%|██▉       | 1580/5360 [02:33<05:00, 12.56it/s] 30%|██▉       | 1582/5360 [02:33<05:10, 12.16it/s] 30%|██▉       | 1584/5360 [02:33<05:35, 11.26it/s] 30%|██▉       | 1586/5360 [02:34<05:33, 11.31it/s] 30%|██▉       | 1589/5360 [02:34<04:31, 13.87it/s] 30%|██▉       | 1591/5360 [02:34<04:15, 14.77it/s] 30%|██▉       | 1594/5360 [02:34<03:44, 16.81it/s] 30%|██▉       | 1597/5360 [02:34<03:26, 18.22it/s] 30%|██▉       | 1600/5360 [02:34<03:21, 18.64it/s] 30%|██▉       | 1603/5360 [02:34<03:12, 19.52it/s] 30%|██▉       | 1605/5360 [02:34<03:22, 18.58it/s] 30%|██▉       | 1607/5360 [02:35<03:55, 15.94it/s] 30%|███       | 1609/5360 [02:35<04:30, 13.86it/s] 30%|███       | 1611/5360 [02:35<05:03, 12.34it/s] 30%|███       | 1613/5360 [02:35<05:13, 11.93it/s] 30%|███       | 1615/5360 [02:35<05:08, 12.13it/s] 30%|███       | 1618/5360 [02:36<04:16, 14.57it/s] 30%|███       | 1620/5360 [02:36<04:01, 15.46it/s] 30%|███       | 1622/5360 [02:36<03:49, 16.29it/s] 30%|███       | 1624/5360 [02:36<03:40, 16.96it/s] 30%|███       | 1627/5360 [02:36<03:28, 17.87it/s] 30%|███       | 1629/5360 [02:36<03:23, 18.33it/s] 30%|███       | 1632/5360 [02:36<03:17, 18.86it/s] 31%|███       | 1635/5360 [02:36<03:14, 19.20it/s] 31%|███       | 1638/5360 [02:37<03:10, 19.50it/s] 31%|███       | 1640/5360 [02:37<03:21, 18.44it/s] 31%|███       | 1642/5360 [02:37<03:23, 18.23it/s] 31%|███       | 1644/5360 [02:37<03:50, 16.15it/s] 31%|███       | 1646/5360 [02:37<03:55, 15.79it/s] 31%|███       | 1648/5360 [02:37<03:59, 15.51it/s] 31%|███       | 1650/5360 [02:37<04:12, 14.72it/s] 31%|███       | 1652/5360 [02:38<04:15, 14.52it/s] 31%|███       | 1654/5360 [02:38<04:35, 13.47it/s] 31%|███       | 1656/5360 [02:38<04:46, 12.95it/s] 31%|███       | 1658/5360 [02:38<04:36, 13.37it/s] 31%|███       | 1660/5360 [02:38<04:45, 12.96it/s] 31%|███       | 1662/5360 [02:38<04:31, 13.62it/s] 31%|███       | 1664/5360 [02:38<04:44, 13.01it/s] 31%|███       | 1666/5360 [02:39<04:35, 13.41it/s] 31%|███       | 1668/5360 [02:39<04:50, 12.69it/s] 31%|███       | 1670/5360 [02:39<04:57, 12.41it/s] 31%|███       | 1672/5360 [02:39<04:37, 13.30it/s] 31%|███       | 1674/5360 [02:39<04:41, 13.08it/s] 31%|███▏      | 1676/5360 [02:39<04:58, 12.33it/s] 31%|███▏      | 1678/5360 [02:40<04:49, 12.72it/s] 31%|███▏      | 1680/5360 [02:40<05:09, 11.89it/s] 31%|███▏      | 1682/5360 [02:40<05:18, 11.56it/s] 31%|███▏      | 1684/5360 [02:40<04:54, 12.49it/s] 31%|███▏      | 1686/5360 [02:40<04:58, 12.30it/s] 31%|███▏      | 1688/5360 [02:40<04:58, 12.32it/s] 32%|███▏      | 1690/5360 [02:41<04:57, 12.32it/s] 32%|███▏      | 1692/5360 [02:41<04:53, 12.48it/s] 32%|███▏      | 1694/5360 [02:41<05:24, 11.31it/s] 32%|███▏      | 1696/5360 [02:41<05:20, 11.44it/s] 32%|███▏      | 1698/5360 [02:41<05:29, 11.10it/s] 32%|███▏      | 1700/5360 [02:42<05:46, 10.56it/s] 32%|███▏      | 1702/5360 [02:42<05:55, 10.30it/s] 32%|███▏      | 1704/5360 [02:42<05:50, 10.43it/s] 32%|███▏      | 1706/5360 [02:42<06:04, 10.02it/s] 32%|███▏      | 1708/5360 [02:42<05:59, 10.15it/s] 32%|███▏      | 1710/5360 [02:43<05:51, 10.39it/s] 32%|███▏      | 1712/5360 [02:43<05:50, 10.41it/s] 32%|███▏      | 1714/5360 [02:43<06:07,  9.93it/s] 32%|███▏      | 1716/5360 [02:43<05:59, 10.14it/s] 32%|███▏      | 1718/5360 [02:43<06:04, 10.00it/s] 32%|███▏      | 1720/5360 [02:44<06:04,  9.98it/s] 32%|███▏      | 1722/5360 [02:44<06:03, 10.02it/s] 32%|███▏      | 1724/5360 [02:44<06:03, 10.01it/s] 32%|███▏      | 1726/5360 [02:44<06:04,  9.98it/s] 32%|███▏      | 1727/5360 [02:44<06:07,  9.87it/s] 32%|███▏      | 1729/5360 [02:44<06:02, 10.00it/s] 32%|███▏      | 1730/5360 [02:45<06:03, 10.00it/s] 32%|███▏      | 1731/5360 [02:45<06:03,  9.98it/s] 32%|███▏      | 1733/5360 [02:45<05:58, 10.11it/s] 32%|███▏      | 1735/5360 [02:45<05:31, 10.93it/s] 32%|███▏      | 1737/5360 [02:45<05:39, 10.67it/s] 32%|███▏      | 1739/5360 [02:45<05:47, 10.41it/s] 32%|███▏      | 1741/5360 [02:46<05:42, 10.57it/s] 33%|███▎      | 1743/5360 [02:46<05:52, 10.26it/s] 33%|███▎      | 1745/5360 [02:46<06:01, 10.01it/s] 33%|███▎      | 1747/5360 [02:46<06:09,  9.77it/s] 33%|███▎      | 1748/5360 [02:46<06:11,  9.73it/s] 33%|███▎      | 1750/5360 [02:46<05:48, 10.35it/s] 33%|███▎      | 1752/5360 [02:47<05:47, 10.37it/s] 33%|███▎      | 1754/5360 [02:47<05:59, 10.04it/s] 33%|███▎      | 1756/5360 [02:47<05:46, 10.40it/s] 33%|███▎      | 1758/5360 [02:47<05:46, 10.41it/s] 33%|███▎      | 1760/5360 [02:47<05:55, 10.14it/s] 33%|███▎      | 1762/5360 [02:48<05:56, 10.10it/s] 33%|███▎      | 1764/5360 [02:48<05:48, 10.33it/s] 33%|███▎      | 1766/5360 [02:48<06:14,  9.60it/s] 33%|███▎      | 1768/5360 [02:48<05:48, 10.30it/s] 33%|███▎      | 1770/5360 [02:48<05:48, 10.29it/s] 33%|███▎      | 1772/5360 [02:49<05:46, 10.36it/s] 33%|███▎      | 1774/5360 [02:49<05:44, 10.40it/s] 33%|███▎      | 1776/5360 [02:49<05:48, 10.27it/s] 33%|███▎      | 1778/5360 [02:49<05:34, 10.70it/s] 33%|███▎      | 1780/5360 [02:49<05:25, 11.01it/s] 33%|███▎      | 1782/5360 [02:50<05:33, 10.74it/s] 33%|███▎      | 1784/5360 [02:50<05:22, 11.07it/s] 33%|███▎      | 1786/5360 [02:50<05:27, 10.93it/s] 33%|███▎      | 1788/5360 [02:50<05:12, 11.42it/s] 33%|███▎      | 1790/5360 [02:50<05:21, 11.09it/s] 33%|███▎      | 1792/5360 [02:50<05:31, 10.76it/s] 33%|███▎      | 1794/5360 [02:51<05:55, 10.03it/s] 34%|███▎      | 1796/5360 [02:51<06:05,  9.75it/s] 34%|███▎      | 1797/5360 [02:51<06:04,  9.77it/s] 34%|███▎      | 1798/5360 [02:51<06:14,  9.50it/s] 34%|███▎      | 1800/5360 [02:51<05:28, 10.85it/s] 34%|███▎      | 1802/5360 [02:51<05:19, 11.14it/s] 34%|███▎      | 1804/5360 [02:52<05:04, 11.68it/s] 34%|███▎      | 1806/5360 [02:52<05:03, 11.69it/s] 34%|███▎      | 1808/5360 [02:52<04:44, 12.51it/s] 34%|███▍      | 1810/5360 [02:52<05:11, 11.39it/s] 34%|███▍      | 1812/5360 [02:52<05:09, 11.45it/s] 34%|███▍      | 1814/5360 [02:52<04:50, 12.19it/s] 34%|███▍      | 1816/5360 [02:53<05:04, 11.64it/s] 34%|███▍      | 1818/5360 [02:53<05:11, 11.36it/s] 34%|███▍      | 1820/5360 [02:53<05:37, 10.48it/s] 34%|███▍      | 1822/5360 [02:53<05:20, 11.05it/s] 34%|███▍      | 1824/5360 [02:53<05:24, 10.88it/s] 34%|███▍      | 1826/5360 [02:53<04:48, 12.24it/s] 34%|███▍      | 1828/5360 [02:54<04:36, 12.75it/s] 34%|███▍      | 1830/5360 [02:54<04:22, 13.47it/s] 34%|███▍      | 1832/5360 [02:54<04:05, 14.35it/s] 34%|███▍      | 1834/5360 [02:54<04:11, 14.04it/s] 34%|███▍      | 1836/5360 [02:54<04:11, 14.00it/s] 34%|███▍      | 1838/5360 [02:54<04:29, 13.07it/s] 34%|███▍      | 1840/5360 [02:55<05:01, 11.66it/s] 34%|███▍      | 1842/5360 [02:55<05:18, 11.03it/s] 34%|███▍      | 1844/5360 [02:55<05:14, 11.19it/s] 34%|███▍      | 1846/5360 [02:55<04:47, 12.22it/s] 34%|███▍      | 1849/5360 [02:55<03:58, 14.73it/s] 35%|███▍      | 1851/5360 [02:55<03:43, 15.68it/s] 35%|███▍      | 1854/5360 [02:55<03:26, 16.99it/s] 35%|███▍      | 1856/5360 [02:56<03:18, 17.63it/s] 35%|███▍      | 1858/5360 [02:56<03:14, 17.97it/s] 35%|███▍      | 1861/5360 [02:56<03:10, 18.35it/s] 35%|███▍      | 1863/5360 [02:56<03:07, 18.69it/s] 35%|███▍      | 1865/5360 [02:56<03:07, 18.66it/s] 35%|███▍      | 1867/5360 [02:56<03:04, 18.95it/s] 35%|███▍      | 1869/5360 [02:56<03:08, 18.57it/s] 35%|███▍      | 1871/5360 [02:56<03:07, 18.64it/s] 35%|███▍      | 1873/5360 [02:56<03:10, 18.32it/s] 35%|███▍      | 1875/5360 [02:57<03:33, 16.31it/s] 35%|███▌      | 1877/5360 [02:57<04:01, 14.44it/s] 35%|███▌      | 1879/5360 [02:57<04:32, 12.76it/s] 35%|███▌      | 1881/5360 [02:57<04:27, 13.02it/s] 35%|███▌      | 1883/5360 [02:57<04:20, 13.33it/s] 35%|███▌      | 1885/5360 [02:57<04:07, 14.07it/s] 35%|███▌      | 1887/5360 [02:58<04:06, 14.07it/s] 35%|███▌      | 1889/5360 [02:58<04:04, 14.20it/s] 35%|███▌      | 1891/5360 [02:58<04:14, 13.63it/s] 35%|███▌      | 1893/5360 [02:58<04:06, 14.04it/s] 35%|███▌      | 1895/5360 [02:58<04:04, 14.17it/s] 35%|███▌      | 1897/5360 [02:58<04:11, 13.79it/s] 35%|███▌      | 1899/5360 [02:58<04:23, 13.13it/s] 35%|███▌      | 1901/5360 [02:59<04:18, 13.40it/s] 36%|███▌      | 1903/5360 [02:59<04:26, 12.99it/s] 36%|███▌      | 1905/5360 [02:59<04:28, 12.88it/s] 36%|███▌      | 1907/5360 [02:59<04:25, 13.02it/s] 36%|███▌      | 1909/5360 [02:59<04:28, 12.84it/s] 36%|███▌      | 1911/5360 [02:59<04:17, 13.38it/s] 36%|███▌      | 1913/5360 [03:00<04:31, 12.72it/s] 36%|███▌      | 1915/5360 [03:00<04:26, 12.94it/s] 36%|███▌      | 1917/5360 [03:00<04:29, 12.79it/s] 36%|███▌      | 1919/5360 [03:00<04:46, 12.02it/s] 36%|███▌      | 1921/5360 [03:00<04:45, 12.05it/s] 36%|███▌      | 1923/5360 [03:00<05:02, 11.37it/s] 36%|███▌      | 1925/5360 [03:01<05:08, 11.14it/s] 36%|███▌      | 1927/5360 [03:01<05:18, 10.79it/s] 36%|███▌      | 1929/5360 [03:01<05:21, 10.67it/s] 36%|███▌      | 1931/5360 [03:01<05:01, 11.36it/s] 36%|███▌      | 1933/5360 [03:01<04:46, 11.95it/s] 36%|███▌      | 1935/5360 [03:01<05:00, 11.39it/s] 36%|███▌      | 1937/5360 [03:02<04:42, 12.12it/s] 36%|███▌      | 1939/5360 [03:02<05:00, 11.40it/s] 36%|███▌      | 1941/5360 [03:02<04:40, 12.17it/s] 36%|███▋      | 1943/5360 [03:02<04:49, 11.80it/s] 36%|███▋      | 1945/5360 [03:02<04:53, 11.63it/s] 36%|███▋      | 1947/5360 [03:02<05:01, 11.33it/s] 36%|███▋      | 1949/5360 [03:03<04:44, 11.98it/s] 36%|███▋      | 1951/5360 [03:03<04:58, 11.41it/s] 36%|███▋      | 1953/5360 [03:03<05:12, 10.90it/s] 36%|███▋      | 1955/5360 [03:03<05:14, 10.83it/s] 37%|███▋      | 1957/5360 [03:03<05:29, 10.34it/s] 37%|███▋      | 1959/5360 [03:04<05:19, 10.64it/s] 37%|███▋      | 1961/5360 [03:04<05:37, 10.07it/s] 37%|███▋      | 1963/5360 [03:04<05:34, 10.17it/s] 37%|███▋      | 1965/5360 [03:04<05:41,  9.93it/s] 37%|███▋      | 1967/5360 [03:04<05:43,  9.88it/s] 37%|███▋      | 1969/5360 [03:05<05:34, 10.14it/s] 37%|███▋      | 1971/5360 [03:05<05:40,  9.95it/s] 37%|███▋      | 1973/5360 [03:05<05:53,  9.58it/s] 37%|███▋      | 1975/5360 [03:05<05:44,  9.83it/s] 37%|███▋      | 1977/5360 [03:05<05:42,  9.88it/s] 37%|███▋      | 1979/5360 [03:06<05:23, 10.44it/s] 37%|███▋      | 1981/5360 [03:06<05:21, 10.51it/s] 37%|███▋      | 1983/5360 [03:06<05:48,  9.70it/s] 37%|███▋      | 1985/5360 [03:06<05:24, 10.40it/s] 37%|███▋      | 1987/5360 [03:06<05:34, 10.07it/s] 37%|███▋      | 1989/5360 [03:07<05:13, 10.75it/s] 37%|███▋      | 1991/5360 [03:07<05:23, 10.43it/s] 37%|███▋      | 1993/5360 [03:07<05:28, 10.24it/s] 37%|███▋      | 1995/5360 [03:07<05:34, 10.05it/s] 37%|███▋      | 1997/5360 [03:07<05:38,  9.92it/s] 37%|███▋      | 1999/5360 [03:08<05:32, 10.10it/s] 37%|███▋      | 2001/5360 [03:08<05:25, 10.31it/s] 37%|███▋      | 2003/5360 [03:08<05:32, 10.08it/s] 37%|███▋      | 2005/5360 [03:08<05:32, 10.08it/s] 37%|███▋      | 2007/5360 [03:08<05:34, 10.01it/s] 37%|███▋      | 2009/5360 [03:09<05:28, 10.21it/s] 38%|███▊      | 2011/5360 [03:09<05:34, 10.02it/s] 38%|███▊      | 2013/5360 [03:09<05:18, 10.50it/s] 38%|███▊      | 2015/5360 [03:09<05:12, 10.71it/s] 38%|███▊      | 2017/5360 [03:09<05:01, 11.08it/s] 38%|███▊      | 2019/5360 [03:09<04:58, 11.18it/s] 38%|███▊      | 2021/5360 [03:10<04:42, 11.83it/s] 38%|███▊      | 2023/5360 [03:10<04:43, 11.78it/s] 38%|███▊      | 2025/5360 [03:10<04:41, 11.85it/s] 38%|███▊      | 2027/5360 [03:10<05:02, 11.02it/s] 38%|███▊      | 2029/5360 [03:10<05:18, 10.45it/s] 38%|███▊      | 2031/5360 [03:11<05:38,  9.82it/s] 38%|███▊      | 2033/5360 [03:11<05:46,  9.61it/s] 38%|███▊      | 2035/5360 [03:11<05:10, 10.70it/s] 38%|███▊      | 2037/5360 [03:11<05:22, 10.31it/s] 38%|███▊      | 2039/5360 [03:11<05:05, 10.88it/s] 38%|███▊      | 2041/5360 [03:12<05:16, 10.48it/s] 38%|███▊      | 2043/5360 [03:12<05:00, 11.05it/s] 38%|███▊      | 2045/5360 [03:12<04:50, 11.41it/s] 38%|███▊      | 2047/5360 [03:12<04:51, 11.37it/s] 38%|███▊      | 2049/5360 [03:12<04:48, 11.48it/s] 38%|███▊      | 2051/5360 [03:12<04:56, 11.14it/s] 38%|███▊      | 2053/5360 [03:13<04:53, 11.27it/s] 38%|███▊      | 2055/5360 [03:13<04:55, 11.20it/s] 38%|███▊      | 2057/5360 [03:13<04:39, 11.81it/s] 38%|███▊      | 2059/5360 [03:13<04:52, 11.28it/s] 38%|███▊      | 2061/5360 [03:13<04:55, 11.15it/s] 38%|███▊      | 2063/5360 [03:13<04:52, 11.28it/s] 39%|███▊      | 2065/5360 [03:14<04:31, 12.14it/s] 39%|███▊      | 2067/5360 [03:14<04:14, 12.95it/s] 39%|███▊      | 2069/5360 [03:14<04:23, 12.51it/s] 39%|███▊      | 2071/5360 [03:14<04:13, 12.96it/s] 39%|███▊      | 2073/5360 [03:14<04:32, 12.04it/s] 39%|███▊      | 2075/5360 [03:14<04:30, 12.16it/s] 39%|███▉      | 2077/5360 [03:15<04:22, 12.50it/s] 39%|███▉      | 2079/5360 [03:15<04:08, 13.23it/s] 39%|███▉      | 2081/5360 [03:15<04:05, 13.38it/s] 39%|███▉      | 2083/5360 [03:15<04:30, 12.11it/s] 39%|███▉      | 2085/5360 [03:15<04:50, 11.26it/s] 39%|███▉      | 2087/5360 [03:15<04:57, 11.00it/s] 39%|███▉      | 2089/5360 [03:16<04:50, 11.24it/s] 39%|███▉      | 2091/5360 [03:16<04:16, 12.76it/s] 39%|███▉      | 2093/5360 [03:16<03:48, 14.27it/s] 39%|███▉      | 2095/5360 [03:16<03:32, 15.34it/s] 39%|███▉      | 2097/5360 [03:16<03:19, 16.36it/s] 39%|███▉      | 2099/5360 [03:16<03:10, 17.15it/s] 39%|███▉      | 2102/5360 [03:16<03:05, 17.57it/s] 39%|███▉      | 2105/5360 [03:16<02:55, 18.51it/s] 39%|███▉      | 2107/5360 [03:17<02:53, 18.71it/s] 39%|███▉      | 2109/5360 [03:17<02:58, 18.21it/s] 39%|███▉      | 2111/5360 [03:17<03:33, 15.20it/s] 39%|███▉      | 2113/5360 [03:17<04:04, 13.26it/s] 39%|███▉      | 2115/5360 [03:17<04:20, 12.45it/s] 39%|███▉      | 2117/5360 [03:17<04:34, 11.83it/s] 40%|███▉      | 2119/5360 [03:18<04:46, 11.33it/s] 40%|███▉      | 2121/5360 [03:18<04:42, 11.46it/s] 40%|███▉      | 2123/5360 [03:18<04:29, 12.00it/s] 40%|███▉      | 2125/5360 [03:18<04:10, 12.90it/s] 40%|███▉      | 2127/5360 [03:18<04:02, 13.33it/s] 40%|███▉      | 2129/5360 [03:18<03:40, 14.67it/s] 40%|███▉      | 2131/5360 [03:18<03:54, 13.76it/s] 40%|███▉      | 2133/5360 [03:19<03:49, 14.05it/s] 40%|███▉      | 2135/5360 [03:19<04:05, 13.15it/s] 40%|███▉      | 2137/5360 [03:19<04:14, 12.67it/s] 40%|███▉      | 2139/5360 [03:19<04:07, 13.01it/s] 40%|███▉      | 2141/5360 [03:19<04:08, 12.97it/s] 40%|███▉      | 2143/5360 [03:19<04:04, 13.18it/s] 40%|████      | 2145/5360 [03:20<04:01, 13.30it/s] 40%|████      | 2147/5360 [03:20<03:56, 13.60it/s] 40%|████      | 2149/5360 [03:20<04:11, 12.78it/s] 40%|████      | 2151/5360 [03:20<03:58, 13.48it/s] 40%|████      | 2153/5360 [03:20<04:05, 13.06it/s] 40%|████      | 2155/5360 [03:20<03:52, 13.76it/s] 40%|████      | 2157/5360 [03:20<03:51, 13.82it/s] 40%|████      | 2159/5360 [03:21<03:48, 14.02it/s] 40%|████      | 2161/5360 [03:21<03:55, 13.59it/s] 40%|████      | 2163/5360 [03:21<03:52, 13.76it/s] 40%|████      | 2165/5360 [03:21<04:04, 13.05it/s] 40%|████      | 2167/5360 [03:21<03:58, 13.40it/s] 40%|████      | 2169/5360 [03:21<04:09, 12.77it/s] 41%|████      | 2171/5360 [03:21<03:52, 13.72it/s] 41%|████      | 2173/5360 [03:22<03:52, 13.72it/s] 41%|████      | 2175/5360 [03:22<04:06, 12.94it/s] 41%|████      | 2177/5360 [03:22<04:16, 12.39it/s] 41%|████      | 2179/5360 [03:22<04:06, 12.90it/s] 41%|████      | 2181/5360 [03:22<04:06, 12.90it/s] 41%|████      | 2183/5360 [03:22<04:12, 12.59it/s] 41%|████      | 2185/5360 [03:23<04:24, 11.99it/s] 41%|████      | 2187/5360 [03:23<04:26, 11.89it/s] 41%|████      | 2189/5360 [03:23<04:14, 12.48it/s] 41%|████      | 2191/5360 [03:23<04:32, 11.64it/s] 41%|████      | 2193/5360 [03:23<04:41, 11.24it/s] 41%|████      | 2195/5360 [03:23<04:30, 11.68it/s] 41%|████      | 2197/5360 [03:24<04:46, 11.03it/s] 41%|████      | 2199/5360 [03:24<04:46, 11.02it/s] 41%|████      | 2201/5360 [03:24<05:03, 10.39it/s] 41%|████      | 2203/5360 [03:24<05:12, 10.11it/s] 41%|████      | 2205/5360 [03:24<05:00, 10.50it/s] 41%|████      | 2207/5360 [03:25<05:24,  9.71it/s] 41%|████      | 2209/5360 [03:25<05:12, 10.09it/s] 41%|████▏     | 2211/5360 [03:25<05:14, 10.02it/s] 41%|████▏     | 2213/5360 [03:25<05:19,  9.84it/s] 41%|████▏     | 2215/5360 [03:25<04:53, 10.71it/s] 41%|████▏     | 2217/5360 [03:26<04:59, 10.48it/s] 41%|████▏     | 2219/5360 [03:26<04:59, 10.48it/s] 41%|████▏     | 2221/5360 [03:26<04:54, 10.66it/s] 41%|████▏     | 2223/5360 [03:26<05:08, 10.17it/s] 42%|████▏     | 2225/5360 [03:26<05:38,  9.25it/s] 42%|████▏     | 2226/5360 [03:27<05:39,  9.23it/s] 42%|████▏     | 2227/5360 [03:27<05:37,  9.28it/s] 42%|████▏     | 2229/5360 [03:27<05:27,  9.57it/s] 42%|████▏     | 2230/5360 [03:27<05:29,  9.51it/s] 42%|████▏     | 2232/5360 [03:27<05:11, 10.03it/s] 42%|████▏     | 2233/5360 [03:27<05:15,  9.93it/s] 42%|████▏     | 2234/5360 [03:27<05:16,  9.89it/s] 42%|████▏     | 2236/5360 [03:28<05:16,  9.87it/s] 42%|████▏     | 2237/5360 [03:28<05:18,  9.82it/s] 42%|████▏     | 2239/5360 [03:28<05:22,  9.67it/s] 42%|████▏     | 2241/5360 [03:28<05:15,  9.89it/s] 42%|████▏     | 2242/5360 [03:28<05:15,  9.88it/s] 42%|████▏     | 2243/5360 [03:28<05:15,  9.87it/s] 42%|████▏     | 2245/5360 [03:29<05:17,  9.81it/s] 42%|████▏     | 2246/5360 [03:29<05:18,  9.78it/s] 42%|████▏     | 2248/5360 [03:29<05:24,  9.60it/s] 42%|████▏     | 2249/5360 [03:29<05:25,  9.56it/s] 42%|████▏     | 2250/5360 [03:29<05:27,  9.50it/s] 42%|████▏     | 2251/5360 [03:29<05:37,  9.22it/s] 42%|████▏     | 2253/5360 [03:29<04:59, 10.36it/s] 42%|████▏     | 2255/5360 [03:30<05:22,  9.62it/s] 42%|████▏     | 2257/5360 [03:30<05:16,  9.81it/s] 42%|████▏     | 2259/5360 [03:30<05:04, 10.20it/s] 42%|████▏     | 2261/5360 [03:30<05:13,  9.87it/s] 42%|████▏     | 2262/5360 [03:30<05:17,  9.75it/s] 42%|████▏     | 2263/5360 [03:30<05:17,  9.76it/s] 42%|████▏     | 2264/5360 [03:30<05:18,  9.72it/s] 42%|████▏     | 2266/5360 [03:31<04:44, 10.86it/s] 42%|████▏     | 2268/5360 [03:31<05:01, 10.26it/s] 42%|████▏     | 2270/5360 [03:31<05:09,  9.98it/s] 42%|████▏     | 2272/5360 [03:31<04:58, 10.34it/s] 42%|████▏     | 2274/5360 [03:31<04:59, 10.31it/s] 42%|████▏     | 2276/5360 [03:32<05:07, 10.03it/s] 42%|████▎     | 2278/5360 [03:32<05:05, 10.09it/s] 43%|████▎     | 2280/5360 [03:32<04:54, 10.48it/s] 43%|████▎     | 2282/5360 [03:32<05:02, 10.18it/s] 43%|████▎     | 2284/5360 [03:32<04:31, 11.31it/s] 43%|████▎     | 2286/5360 [03:32<04:22, 11.70it/s] 43%|████▎     | 2288/5360 [03:33<04:29, 11.40it/s] 43%|████▎     | 2290/5360 [03:33<04:36, 11.11it/s] 43%|████▎     | 2292/5360 [03:33<04:41, 10.90it/s] 43%|████▎     | 2294/5360 [03:33<04:38, 11.02it/s] 43%|████▎     | 2296/5360 [03:33<05:04, 10.05it/s] 43%|████▎     | 2298/5360 [03:34<05:17,  9.65it/s] 43%|████▎     | 2299/5360 [03:34<05:20,  9.54it/s] 43%|████▎     | 2301/5360 [03:34<04:40, 10.91it/s] 43%|████▎     | 2303/5360 [03:34<04:48, 10.60it/s] 43%|████▎     | 2305/5360 [03:34<04:50, 10.50it/s] 43%|████▎     | 2307/5360 [03:34<04:34, 11.13it/s] 43%|████▎     | 2309/5360 [03:35<04:34, 11.10it/s] 43%|████▎     | 2311/5360 [03:35<04:26, 11.45it/s] 43%|████▎     | 2313/5360 [03:35<04:23, 11.58it/s] 43%|████▎     | 2315/5360 [03:35<04:29, 11.29it/s] 43%|████▎     | 2317/5360 [03:35<03:58, 12.75it/s] 43%|████▎     | 2319/5360 [03:35<03:37, 13.96it/s] 43%|████▎     | 2321/5360 [03:36<03:40, 13.78it/s] 43%|████▎     | 2323/5360 [03:36<03:24, 14.87it/s] 43%|████▎     | 2325/5360 [03:36<03:19, 15.21it/s] 43%|████▎     | 2327/5360 [03:36<03:25, 14.77it/s] 43%|████▎     | 2329/5360 [03:36<03:27, 14.59it/s] 43%|████▎     | 2331/5360 [03:36<03:29, 14.46it/s] 44%|████▎     | 2333/5360 [03:36<03:25, 14.70it/s] 44%|████▎     | 2335/5360 [03:37<03:32, 14.21it/s] 44%|████▎     | 2337/5360 [03:37<03:37, 13.88it/s] 44%|████▎     | 2339/5360 [03:37<04:21, 11.55it/s] 44%|████▎     | 2341/5360 [03:37<04:41, 10.71it/s] 44%|████▎     | 2343/5360 [03:37<05:08,  9.78it/s] 44%|████▍     | 2345/5360 [03:38<04:45, 10.57it/s] 44%|████▍     | 2347/5360 [03:38<04:16, 11.73it/s] 44%|████▍     | 2350/5360 [03:38<03:35, 13.98it/s] 44%|████▍     | 2353/5360 [03:38<03:09, 15.83it/s] 44%|████▍     | 2355/5360 [03:38<03:06, 16.10it/s] 44%|████▍     | 2357/5360 [03:38<02:59, 16.77it/s] 44%|████▍     | 2359/5360 [03:38<02:52, 17.41it/s] 44%|████▍     | 2361/5360 [03:38<02:55, 17.10it/s] 44%|████▍     | 2364/5360 [03:39<02:42, 18.40it/s] 44%|████▍     | 2367/5360 [03:39<02:32, 19.62it/s] 44%|████▍     | 2370/5360 [03:39<02:32, 19.62it/s] 44%|████▍     | 2372/5360 [03:39<02:34, 19.34it/s] 44%|████▍     | 2374/5360 [03:39<02:33, 19.44it/s] 44%|████▍     | 2376/5360 [03:39<02:54, 17.07it/s] 44%|████▍     | 2378/5360 [03:39<03:12, 15.48it/s] 44%|████▍     | 2380/5360 [03:40<03:29, 14.19it/s] 44%|████▍     | 2382/5360 [03:40<03:35, 13.79it/s] 44%|████▍     | 2384/5360 [03:40<03:29, 14.18it/s] 45%|████▍     | 2386/5360 [03:40<03:41, 13.44it/s] 45%|████▍     | 2388/5360 [03:40<03:31, 14.02it/s] 45%|████▍     | 2390/5360 [03:40<03:38, 13.62it/s] 45%|████▍     | 2392/5360 [03:40<03:39, 13.50it/s] 45%|████▍     | 2394/5360 [03:41<03:37, 13.66it/s] 45%|████▍     | 2396/5360 [03:41<03:45, 13.14it/s] 45%|████▍     | 2398/5360 [03:41<03:42, 13.31it/s] 45%|████▍     | 2400/5360 [03:41<03:32, 13.95it/s] 45%|████▍     | 2402/5360 [03:41<03:20, 14.74it/s] 45%|████▍     | 2404/5360 [03:41<03:19, 14.83it/s] 45%|████▍     | 2406/5360 [03:41<03:31, 13.96it/s] 45%|████▍     | 2408/5360 [03:42<03:28, 14.18it/s] 45%|████▍     | 2410/5360 [03:42<03:45, 13.06it/s] 45%|████▌     | 2412/5360 [03:42<03:44, 13.15it/s] 45%|████▌     | 2414/5360 [03:42<03:42, 13.25it/s] 45%|████▌     | 2416/5360 [03:42<03:35, 13.65it/s] 45%|████▌     | 2418/5360 [03:42<03:44, 13.11it/s] 45%|████▌     | 2420/5360 [03:42<03:42, 13.21it/s] 45%|████▌     | 2422/5360 [03:43<03:54, 12.50it/s] 45%|████▌     | 2424/5360 [03:43<03:40, 13.30it/s] 45%|████▌     | 2426/5360 [03:43<03:46, 12.95it/s] 45%|████▌     | 2428/5360 [03:43<03:57, 12.36it/s] 45%|████▌     | 2430/5360 [03:43<04:14, 11.50it/s] 45%|████▌     | 2432/5360 [03:43<04:01, 12.14it/s] 45%|████▌     | 2434/5360 [03:44<04:20, 11.24it/s] 45%|████▌     | 2436/5360 [03:44<04:29, 10.85it/s] 45%|████▌     | 2438/5360 [03:44<04:23, 11.07it/s] 46%|████▌     | 2440/5360 [03:44<04:28, 10.88it/s] 46%|████▌     | 2442/5360 [03:44<04:26, 10.93it/s] 46%|████▌     | 2444/5360 [03:45<04:37, 10.50it/s] 46%|████▌     | 2446/5360 [03:45<04:17, 11.33it/s] 46%|████▌     | 2448/5360 [03:45<04:27, 10.90it/s] 46%|████▌     | 2450/5360 [03:45<04:22, 11.08it/s] 46%|████▌     | 2452/5360 [03:45<04:13, 11.49it/s] 46%|████▌     | 2454/5360 [03:45<04:22, 11.05it/s] 46%|████▌     | 2456/5360 [03:46<04:34, 10.58it/s] 46%|████▌     | 2458/5360 [03:46<04:51,  9.97it/s] 46%|████▌     | 2460/5360 [03:46<04:51,  9.96it/s] 46%|████▌     | 2462/5360 [03:46<04:34, 10.55it/s] 46%|████▌     | 2464/5360 [03:47<04:44, 10.19it/s] 46%|████▌     | 2466/5360 [03:47<04:48, 10.05it/s] 46%|████▌     | 2468/5360 [03:47<04:43, 10.19it/s] 46%|████▌     | 2470/5360 [03:47<04:43, 10.20it/s] 46%|████▌     | 2472/5360 [03:47<04:35, 10.47it/s] 46%|████▌     | 2474/5360 [03:47<04:29, 10.69it/s] 46%|████▌     | 2476/5360 [03:48<04:39, 10.31it/s] 46%|████▌     | 2478/5360 [03:48<04:40, 10.27it/s] 46%|████▋     | 2480/5360 [03:48<04:43, 10.15it/s] 46%|████▋     | 2482/5360 [03:48<04:49,  9.94it/s] 46%|████▋     | 2484/5360 [03:48<04:28, 10.70it/s] 46%|████▋     | 2486/5360 [03:49<04:46, 10.02it/s] 46%|████▋     | 2488/5360 [03:49<04:38, 10.32it/s] 46%|████▋     | 2490/5360 [03:49<04:45, 10.06it/s] 46%|████▋     | 2492/5360 [03:49<04:47,  9.96it/s] 47%|████▋     | 2494/5360 [03:49<04:42, 10.15it/s] 47%|████▋     | 2496/5360 [03:50<04:43, 10.10it/s] 47%|████▋     | 2498/5360 [03:50<04:43, 10.09it/s] 47%|████▋     | 2500/5360 [03:50<04:51,  9.81it/s] 47%|████▋     | 2502/5360 [03:50<04:45, 10.01it/s] 47%|████▋     | 2504/5360 [03:50<04:43, 10.07it/s] 47%|████▋     | 2506/5360 [03:51<04:31, 10.51it/s] 47%|████▋     | 2508/5360 [03:51<04:40, 10.17it/s] 47%|████▋     | 2510/5360 [03:51<04:41, 10.11it/s] 47%|████▋     | 2512/5360 [03:51<04:50,  9.80it/s] 47%|████▋     | 2514/5360 [03:51<04:52,  9.74it/s] 47%|████▋     | 2515/5360 [03:52<04:55,  9.63it/s] 47%|████▋     | 2517/5360 [03:52<04:49,  9.81it/s] 47%|████▋     | 2518/5360 [03:52<04:49,  9.80it/s] 47%|████▋     | 2519/5360 [03:52<04:49,  9.81it/s] 47%|████▋     | 2520/5360 [03:52<04:50,  9.77it/s] 47%|████▋     | 2521/5360 [03:52<04:55,  9.61it/s] 47%|████▋     | 2523/5360 [03:52<04:18, 10.99it/s] 47%|████▋     | 2525/5360 [03:53<04:33, 10.35it/s] 47%|████▋     | 2527/5360 [03:53<04:41, 10.06it/s] 47%|████▋     | 2529/5360 [03:53<04:36, 10.24it/s] 47%|████▋     | 2531/5360 [03:53<04:37, 10.18it/s] 47%|████▋     | 2533/5360 [03:53<04:34, 10.28it/s] 47%|████▋     | 2535/5360 [03:53<04:15, 11.05it/s] 47%|████▋     | 2537/5360 [03:54<04:25, 10.62it/s] 47%|████▋     | 2539/5360 [03:54<04:32, 10.34it/s] 47%|████▋     | 2541/5360 [03:54<04:09, 11.30it/s] 47%|████▋     | 2543/5360 [03:54<04:21, 10.76it/s] 47%|████▋     | 2545/5360 [03:54<04:36, 10.17it/s] 48%|████▊     | 2547/5360 [03:55<04:45,  9.86it/s] 48%|████▊     | 2549/5360 [03:55<05:02,  9.30it/s] 48%|████▊     | 2551/5360 [03:55<04:42,  9.94it/s] 48%|████▊     | 2553/5360 [03:55<04:26, 10.51it/s] 48%|████▊     | 2555/5360 [03:55<04:27, 10.49it/s] 48%|████▊     | 2557/5360 [03:56<04:33, 10.24it/s] 48%|████▊     | 2559/5360 [03:56<04:14, 11.01it/s] 48%|████▊     | 2561/5360 [03:56<04:22, 10.68it/s] 48%|████▊     | 2563/5360 [03:56<04:13, 11.01it/s] 48%|████▊     | 2565/5360 [03:56<04:12, 11.06it/s] 48%|████▊     | 2567/5360 [03:56<03:50, 12.10it/s] 48%|████▊     | 2569/5360 [03:57<03:58, 11.68it/s] 48%|████▊     | 2571/5360 [03:57<03:49, 12.14it/s] 48%|████▊     | 2573/5360 [03:57<03:54, 11.88it/s] 48%|████▊     | 2575/5360 [03:57<03:48, 12.18it/s] 48%|████▊     | 2577/5360 [03:57<03:42, 12.51it/s] 48%|████▊     | 2579/5360 [03:57<03:33, 13.02it/s] 48%|████▊     | 2581/5360 [03:58<03:23, 13.63it/s] 48%|████▊     | 2583/5360 [03:58<03:38, 12.74it/s] 48%|████▊     | 2585/5360 [03:58<03:43, 12.42it/s] 48%|████▊     | 2587/5360 [03:58<04:01, 11.50it/s] 48%|████▊     | 2589/5360 [03:58<04:10, 11.08it/s] 48%|████▊     | 2591/5360 [03:58<03:56, 11.72it/s] 48%|████▊     | 2593/5360 [03:59<04:10, 11.07it/s] 48%|████▊     | 2595/5360 [03:59<04:22, 10.55it/s] 48%|████▊     | 2597/5360 [03:59<04:28, 10.28it/s] 48%|████▊     | 2599/5360 [03:59<04:12, 10.92it/s] 49%|████▊     | 2601/5360 [03:59<03:55, 11.73it/s] 49%|████▊     | 2603/5360 [04:00<03:50, 11.95it/s] 49%|████▊     | 2605/5360 [04:00<04:05, 11.21it/s] 49%|████▊     | 2607/5360 [04:00<03:44, 12.24it/s] 49%|████▊     | 2609/5360 [04:00<03:39, 12.51it/s] 49%|████▊     | 2611/5360 [04:00<03:27, 13.23it/s] 49%|████▉     | 2613/5360 [04:00<03:27, 13.26it/s] 49%|████▉     | 2615/5360 [04:00<03:27, 13.24it/s] 49%|████▉     | 2617/5360 [04:01<03:30, 13.01it/s] 49%|████▉     | 2619/5360 [04:01<03:39, 12.48it/s] 49%|████▉     | 2621/5360 [04:01<03:44, 12.19it/s] 49%|████▉     | 2623/5360 [04:01<03:42, 12.29it/s] 49%|████▉     | 2625/5360 [04:01<03:38, 12.51it/s] 49%|████▉     | 2627/5360 [04:01<03:47, 12.01it/s] 49%|████▉     | 2629/5360 [04:02<03:47, 12.00it/s] 49%|████▉     | 2631/5360 [04:02<03:46, 12.07it/s] 49%|████▉     | 2633/5360 [04:02<03:51, 11.76it/s] 49%|████▉     | 2635/5360 [04:02<03:44, 12.12it/s] 49%|████▉     | 2637/5360 [04:02<04:00, 11.31it/s] 49%|████▉     | 2639/5360 [04:02<03:53, 11.67it/s] 49%|████▉     | 2641/5360 [04:03<03:57, 11.43it/s] 49%|████▉     | 2643/5360 [04:03<03:50, 11.80it/s] 49%|████▉     | 2645/5360 [04:03<03:49, 11.81it/s] 49%|████▉     | 2647/5360 [04:03<03:43, 12.12it/s] 49%|████▉     | 2649/5360 [04:03<03:41, 12.24it/s] 49%|████▉     | 2651/5360 [04:03<03:47, 11.90it/s] 49%|████▉     | 2653/5360 [04:04<03:35, 12.59it/s] 50%|████▉     | 2655/5360 [04:04<03:49, 11.81it/s] 50%|████▉     | 2657/5360 [04:04<03:35, 12.54it/s] 50%|████▉     | 2659/5360 [04:04<03:29, 12.92it/s] 50%|████▉     | 2661/5360 [04:04<03:53, 11.55it/s] 50%|████▉     | 2663/5360 [04:05<04:03, 11.08it/s] 50%|████▉     | 2665/5360 [04:05<04:15, 10.55it/s] 50%|████▉     | 2667/5360 [04:05<04:23, 10.23it/s] 50%|████▉     | 2669/5360 [04:05<04:22, 10.24it/s] 50%|████▉     | 2671/5360 [04:05<03:59, 11.25it/s] 50%|████▉     | 2673/5360 [04:05<04:08, 10.82it/s] 50%|████▉     | 2675/5360 [04:06<04:10, 10.71it/s] 50%|████▉     | 2677/5360 [04:06<04:08, 10.81it/s] 50%|████▉     | 2679/5360 [04:06<04:11, 10.66it/s] 50%|█████     | 2681/5360 [04:06<04:06, 10.89it/s] 50%|█████     | 2683/5360 [04:06<03:52, 11.51it/s] 50%|█████     | 2685/5360 [04:07<04:04, 10.94it/s] 50%|█████     | 2687/5360 [04:07<03:54, 11.39it/s] 50%|█████     | 2689/5360 [04:07<03:55, 11.35it/s] 50%|█████     | 2691/5360 [04:07<04:08, 10.73it/s] 50%|█████     | 2693/5360 [04:07<04:09, 10.71it/s] 50%|█████     | 2695/5360 [04:07<03:50, 11.57it/s] 50%|█████     | 2697/5360 [04:08<03:59, 11.12it/s] 50%|█████     | 2699/5360 [04:08<04:00, 11.05it/s] 50%|█████     | 2701/5360 [04:08<04:07, 10.75it/s] 50%|█████     | 2703/5360 [04:08<04:06, 10.78it/s] 50%|█████     | 2705/5360 [04:08<03:55, 11.26it/s] 51%|█████     | 2707/5360 [04:09<04:01, 11.00it/s] 51%|█████     | 2709/5360 [04:09<04:02, 10.94it/s] 51%|█████     | 2711/5360 [04:09<03:53, 11.34it/s] 51%|█████     | 2713/5360 [04:09<04:01, 10.96it/s] 51%|█████     | 2715/5360 [04:09<04:10, 10.55it/s] 51%|█████     | 2717/5360 [04:09<04:15, 10.34it/s] 51%|█████     | 2719/5360 [04:10<04:18, 10.22it/s] 51%|█████     | 2721/5360 [04:10<04:14, 10.36it/s] 51%|█████     | 2723/5360 [04:10<04:22, 10.05it/s] 51%|█████     | 2725/5360 [04:10<04:14, 10.35it/s] 51%|█████     | 2727/5360 [04:10<04:12, 10.43it/s] 51%|█████     | 2729/5360 [04:11<03:52, 11.31it/s] 51%|█████     | 2731/5360 [04:11<04:08, 10.57it/s] 51%|█████     | 2733/5360 [04:11<04:08, 10.59it/s] 51%|█████     | 2735/5360 [04:11<04:03, 10.78it/s] 51%|█████     | 2737/5360 [04:11<04:06, 10.65it/s] 51%|█████     | 2739/5360 [04:12<04:20, 10.06it/s] 51%|█████     | 2741/5360 [04:12<04:26,  9.82it/s] 51%|█████     | 2742/5360 [04:12<04:26,  9.81it/s] 51%|█████     | 2743/5360 [04:12<04:29,  9.71it/s] 51%|█████     | 2745/5360 [04:12<04:23,  9.93it/s] 51%|█████▏    | 2747/5360 [04:12<04:11, 10.39it/s] 51%|█████▏    | 2749/5360 [04:13<04:19, 10.06it/s] 51%|█████▏    | 2751/5360 [04:13<04:22,  9.93it/s] 51%|█████▏    | 2752/5360 [04:13<04:24,  9.87it/s] 51%|█████▏    | 2754/5360 [04:13<04:12, 10.33it/s] 51%|█████▏    | 2756/5360 [04:13<04:08, 10.49it/s] 51%|█████▏    | 2758/5360 [04:13<04:12, 10.31it/s] 51%|█████▏    | 2760/5360 [04:14<04:02, 10.71it/s] 52%|█████▏    | 2762/5360 [04:14<03:44, 11.55it/s] 52%|█████▏    | 2764/5360 [04:14<03:55, 11.04it/s] 52%|█████▏    | 2766/5360 [04:14<03:45, 11.48it/s] 52%|█████▏    | 2768/5360 [04:14<04:05, 10.54it/s] 52%|█████▏    | 2770/5360 [04:15<04:22,  9.86it/s] 52%|█████▏    | 2772/5360 [04:15<04:18, 10.02it/s] 52%|█████▏    | 2774/5360 [04:15<04:45,  9.06it/s] 52%|█████▏    | 2775/5360 [04:15<04:42,  9.14it/s] 52%|█████▏    | 2777/5360 [04:15<04:38,  9.28it/s] 52%|█████▏    | 2779/5360 [04:16<04:05, 10.52it/s] 52%|█████▏    | 2781/5360 [04:16<04:07, 10.42it/s] 52%|█████▏    | 2783/5360 [04:16<03:54, 10.99it/s] 52%|█████▏    | 2785/5360 [04:16<04:02, 10.63it/s] 52%|█████▏    | 2787/5360 [04:16<03:58, 10.79it/s] 52%|█████▏    | 2789/5360 [04:16<03:57, 10.81it/s] 52%|█████▏    | 2791/5360 [04:17<03:52, 11.03it/s] 52%|█████▏    | 2793/5360 [04:17<03:41, 11.60it/s] 52%|█████▏    | 2795/5360 [04:17<03:58, 10.76it/s] 52%|█████▏    | 2797/5360 [04:17<04:02, 10.56it/s] 52%|█████▏    | 2799/5360 [04:17<04:07, 10.35it/s] 52%|█████▏    | 2801/5360 [04:18<04:09, 10.25it/s] 52%|█████▏    | 2803/5360 [04:18<03:47, 11.26it/s] 52%|█████▏    | 2805/5360 [04:18<03:45, 11.31it/s] 52%|█████▏    | 2807/5360 [04:18<03:49, 11.11it/s] 52%|█████▏    | 2809/5360 [04:18<03:38, 11.66it/s] 52%|█████▏    | 2811/5360 [04:18<03:21, 12.66it/s] 52%|█████▏    | 2813/5360 [04:18<03:09, 13.47it/s] 53%|█████▎    | 2815/5360 [04:19<03:05, 13.73it/s] 53%|█████▎    | 2817/5360 [04:19<03:05, 13.74it/s] 53%|█████▎    | 2819/5360 [04:19<02:58, 14.24it/s] 53%|█████▎    | 2821/5360 [04:19<02:55, 14.47it/s] 53%|█████▎    | 2823/5360 [04:19<03:12, 13.19it/s] 53%|█████▎    | 2825/5360 [04:19<03:24, 12.41it/s] 53%|█████▎    | 2827/5360 [04:20<03:46, 11.16it/s] 53%|█████▎    | 2829/5360 [04:20<04:05, 10.30it/s] 53%|█████▎    | 2831/5360 [04:20<04:03, 10.37it/s] 53%|█████▎    | 2833/5360 [04:20<04:02, 10.43it/s] 53%|█████▎    | 2835/5360 [04:20<03:40, 11.44it/s] 53%|█████▎    | 2837/5360 [04:21<03:27, 12.14it/s] 53%|█████▎    | 2839/5360 [04:21<03:29, 12.06it/s] 53%|█████▎    | 2841/5360 [04:21<03:26, 12.19it/s] 53%|█████▎    | 2843/5360 [04:21<03:32, 11.85it/s] 53%|█████▎    | 2845/5360 [04:21<03:25, 12.23it/s] 53%|█████▎    | 2847/5360 [04:21<03:30, 11.96it/s] 53%|█████▎    | 2849/5360 [04:22<03:28, 12.03it/s] 53%|█████▎    | 2851/5360 [04:22<03:25, 12.23it/s] 53%|█████▎    | 2853/5360 [04:22<03:16, 12.74it/s] 53%|█████▎    | 2855/5360 [04:22<03:37, 11.49it/s] 53%|█████▎    | 2857/5360 [04:22<03:30, 11.91it/s] 53%|█████▎    | 2859/5360 [04:22<03:32, 11.79it/s] 53%|█████▎    | 2861/5360 [04:22<03:25, 12.19it/s] 53%|█████▎    | 2863/5360 [04:23<03:34, 11.66it/s] 53%|█████▎    | 2865/5360 [04:23<03:17, 12.61it/s] 53%|█████▎    | 2867/5360 [04:23<03:12, 12.96it/s] 54%|█████▎    | 2869/5360 [04:23<03:04, 13.53it/s] 54%|█████▎    | 2871/5360 [04:23<03:01, 13.69it/s] 54%|█████▎    | 2873/5360 [04:23<03:04, 13.45it/s] 54%|█████▎    | 2875/5360 [04:24<03:09, 13.10it/s] 54%|█████▎    | 2877/5360 [04:24<02:59, 13.80it/s] 54%|█████▎    | 2879/5360 [04:24<03:09, 13.08it/s] 54%|█████▍    | 2881/5360 [04:24<03:05, 13.34it/s] 54%|█████▍    | 2883/5360 [04:24<03:07, 13.25it/s] 54%|█████▍    | 2885/5360 [04:24<03:16, 12.60it/s] 54%|█████▍    | 2887/5360 [04:25<03:32, 11.63it/s] 54%|█████▍    | 2889/5360 [04:25<03:47, 10.84it/s] 54%|█████▍    | 2891/5360 [04:25<03:46, 10.88it/s] 54%|█████▍    | 2893/5360 [04:25<03:23, 12.12it/s] 54%|█████▍    | 2895/5360 [04:25<03:08, 13.08it/s] 54%|█████▍    | 2897/5360 [04:25<03:17, 12.48it/s] 54%|█████▍    | 2899/5360 [04:26<03:25, 11.99it/s] 54%|█████▍    | 2901/5360 [04:26<03:17, 12.43it/s] 54%|█████▍    | 2903/5360 [04:26<03:27, 11.86it/s] 54%|█████▍    | 2905/5360 [04:26<03:31, 11.63it/s] 54%|█████▍    | 2907/5360 [04:26<03:46, 10.81it/s] 54%|█████▍    | 2909/5360 [04:26<03:52, 10.54it/s] 54%|█████▍    | 2911/5360 [04:27<03:54, 10.45it/s] 54%|█████▍    | 2913/5360 [04:27<03:50, 10.60it/s] 54%|█████▍    | 2915/5360 [04:27<03:48, 10.70it/s] 54%|█████▍    | 2917/5360 [04:27<03:49, 10.65it/s] 54%|█████▍    | 2919/5360 [04:27<03:48, 10.68it/s] 54%|█████▍    | 2921/5360 [04:28<03:40, 11.05it/s] 55%|█████▍    | 2923/5360 [04:28<03:40, 11.06it/s] 55%|█████▍    | 2925/5360 [04:28<03:43, 10.92it/s] 55%|█████▍    | 2927/5360 [04:28<03:43, 10.89it/s] 55%|█████▍    | 2929/5360 [04:28<03:30, 11.57it/s] 55%|█████▍    | 2931/5360 [04:28<03:37, 11.15it/s] 55%|█████▍    | 2933/5360 [04:29<03:29, 11.58it/s] 55%|█████▍    | 2935/5360 [04:29<03:46, 10.68it/s] 55%|█████▍    | 2937/5360 [04:29<03:41, 10.93it/s] 55%|█████▍    | 2939/5360 [04:29<03:48, 10.60it/s] 55%|█████▍    | 2941/5360 [04:29<03:49, 10.55it/s] 55%|█████▍    | 2943/5360 [04:30<03:35, 11.20it/s] 55%|█████▍    | 2945/5360 [04:30<03:37, 11.10it/s] 55%|█████▍    | 2947/5360 [04:30<03:48, 10.55it/s] 55%|█████▌    | 2949/5360 [04:30<03:33, 11.32it/s] 55%|█████▌    | 2951/5360 [04:30<03:42, 10.81it/s] 55%|█████▌    | 2953/5360 [04:31<03:48, 10.52it/s] 55%|█████▌    | 2955/5360 [04:31<03:50, 10.45it/s] 55%|█████▌    | 2957/5360 [04:31<03:57, 10.11it/s] 55%|█████▌    | 2959/5360 [04:31<03:49, 10.48it/s] 55%|█████▌    | 2961/5360 [04:31<04:00,  9.97it/s] 55%|█████▌    | 2963/5360 [04:32<04:06,  9.71it/s] 55%|█████▌    | 2964/5360 [04:32<04:06,  9.71it/s] 55%|█████▌    | 2966/5360 [04:32<03:58, 10.02it/s] 55%|█████▌    | 2968/5360 [04:32<04:02,  9.85it/s] 55%|█████▌    | 2969/5360 [04:32<04:08,  9.60it/s] 55%|█████▌    | 2970/5360 [04:32<04:08,  9.61it/s] 55%|█████▌    | 2972/5360 [04:32<03:51, 10.33it/s] 55%|█████▌    | 2974/5360 [04:33<03:57, 10.04it/s] 56%|█████▌    | 2976/5360 [04:33<03:39, 10.87it/s] 56%|█████▌    | 2978/5360 [04:33<04:02,  9.82it/s] 56%|█████▌    | 2980/5360 [04:33<03:46, 10.53it/s] 56%|█████▌    | 2982/5360 [04:33<04:00,  9.89it/s] 56%|█████▌    | 2984/5360 [04:34<03:54, 10.14it/s] 56%|█████▌    | 2986/5360 [04:34<03:45, 10.55it/s] 56%|█████▌    | 2988/5360 [04:34<04:08,  9.54it/s] 56%|█████▌    | 2989/5360 [04:34<04:07,  9.58it/s] 56%|█████▌    | 2991/5360 [04:34<04:02,  9.76it/s] 56%|█████▌    | 2993/5360 [04:35<04:03,  9.73it/s] 56%|█████▌    | 2994/5360 [04:35<04:06,  9.61it/s] 56%|█████▌    | 2995/5360 [04:35<04:04,  9.69it/s] 56%|█████▌    | 2997/5360 [04:35<03:34, 10.99it/s] 56%|█████▌    | 2999/5360 [04:35<03:58,  9.89it/s] 56%|█████▌    | 3001/5360 [04:35<03:56,  9.98it/s] 56%|█████▌    | 3003/5360 [04:36<03:55,  9.99it/s] 56%|█████▌    | 3005/5360 [04:36<03:52, 10.14it/s] 56%|█████▌    | 3007/5360 [04:36<03:56,  9.95it/s] 56%|█████▌    | 3009/5360 [04:36<03:56,  9.95it/s] 56%|█████▌    | 3011/5360 [04:36<04:00,  9.76it/s] 56%|█████▌    | 3013/5360 [04:36<03:38, 10.75it/s] 56%|█████▋    | 3015/5360 [04:37<03:47, 10.31it/s] 56%|█████▋    | 3017/5360 [04:37<03:40, 10.65it/s] 56%|█████▋    | 3019/5360 [04:37<03:52, 10.07it/s] 56%|█████▋    | 3021/5360 [04:37<03:55,  9.93it/s] 56%|█████▋    | 3023/5360 [04:37<03:53,  9.99it/s] 56%|█████▋    | 3025/5360 [04:38<03:55,  9.91it/s] 56%|█████▋    | 3027/5360 [04:38<03:42, 10.46it/s] 57%|█████▋    | 3029/5360 [04:38<03:51, 10.08it/s] 57%|█████▋    | 3031/5360 [04:38<03:57,  9.82it/s] 57%|█████▋    | 3032/5360 [04:38<03:58,  9.77it/s] 57%|█████▋    | 3034/5360 [04:39<03:51, 10.06it/s] 57%|█████▋    | 3036/5360 [04:39<03:43, 10.38it/s] 57%|█████▋    | 3038/5360 [04:39<03:45, 10.31it/s] 57%|█████▋    | 3040/5360 [04:39<03:24, 11.34it/s] 57%|█████▋    | 3042/5360 [04:39<03:26, 11.22it/s] 57%|█████▋    | 3044/5360 [04:39<03:14, 11.89it/s] 57%|█████▋    | 3046/5360 [04:40<03:16, 11.78it/s] 57%|█████▋    | 3048/5360 [04:40<03:17, 11.71it/s] 57%|█████▋    | 3050/5360 [04:40<03:29, 11.03it/s] 57%|█████▋    | 3052/5360 [04:40<03:41, 10.44it/s] 57%|█████▋    | 3054/5360 [04:40<03:30, 10.98it/s] 57%|█████▋    | 3056/5360 [04:41<03:25, 11.22it/s] 57%|█████▋    | 3058/5360 [04:41<03:47, 10.10it/s] 57%|█████▋    | 3060/5360 [04:41<03:56,  9.73it/s] 57%|█████▋    | 3062/5360 [04:41<03:53,  9.83it/s] 57%|█████▋    | 3064/5360 [04:41<03:30, 10.93it/s] 57%|█████▋    | 3066/5360 [04:41<03:16, 11.65it/s] 57%|█████▋    | 3068/5360 [04:42<03:09, 12.07it/s] 57%|█████▋    | 3070/5360 [04:42<03:14, 11.79it/s] 57%|█████▋    | 3072/5360 [04:42<03:23, 11.27it/s] 57%|█████▋    | 3074/5360 [04:42<03:15, 11.70it/s] 57%|█████▋    | 3076/5360 [04:42<03:11, 11.91it/s] 57%|█████▋    | 3078/5360 [04:42<03:16, 11.60it/s] 57%|█████▋    | 3080/5360 [04:43<03:30, 10.84it/s] 57%|█████▊    | 3082/5360 [04:43<03:41, 10.26it/s] 58%|█████▊    | 3084/5360 [04:43<03:24, 11.15it/s] 58%|█████▊    | 3086/5360 [04:43<03:14, 11.69it/s] 58%|█████▊    | 3088/5360 [04:43<03:13, 11.75it/s] 58%|█████▊    | 3090/5360 [04:44<03:05, 12.24it/s] 58%|█████▊    | 3092/5360 [04:44<02:51, 13.24it/s] 58%|█████▊    | 3094/5360 [04:44<02:43, 13.86it/s] 58%|█████▊    | 3096/5360 [04:44<02:44, 13.76it/s] 58%|█████▊    | 3098/5360 [04:44<02:42, 13.88it/s] 58%|█████▊    | 3100/5360 [04:44<02:41, 13.96it/s] 58%|█████▊    | 3102/5360 [04:44<02:45, 13.60it/s] 58%|█████▊    | 3104/5360 [04:45<02:43, 13.82it/s] 58%|█████▊    | 3106/5360 [04:45<02:40, 14.00it/s] 58%|█████▊    | 3108/5360 [04:45<02:37, 14.34it/s] 58%|█████▊    | 3110/5360 [04:45<02:33, 14.62it/s] 58%|█████▊    | 3112/5360 [04:45<02:57, 12.64it/s] 58%|█████▊    | 3114/5360 [04:45<03:01, 12.39it/s] 58%|█████▊    | 3116/5360 [04:45<03:04, 12.14it/s] 58%|█████▊    | 3118/5360 [04:46<03:10, 11.79it/s] 58%|█████▊    | 3120/5360 [04:46<02:55, 12.76it/s] 58%|█████▊    | 3122/5360 [04:46<02:55, 12.78it/s] 58%|█████▊    | 3124/5360 [04:46<02:44, 13.62it/s] 58%|█████▊    | 3126/5360 [04:46<02:39, 14.03it/s] 58%|█████▊    | 3128/5360 [04:46<02:49, 13.17it/s] 58%|█████▊    | 3130/5360 [04:47<03:04, 12.10it/s] 58%|█████▊    | 3132/5360 [04:47<03:11, 11.65it/s] 58%|█████▊    | 3134/5360 [04:47<03:01, 12.28it/s] 59%|█████▊    | 3136/5360 [04:47<03:02, 12.17it/s] 59%|█████▊    | 3138/5360 [04:47<03:03, 12.14it/s] 59%|█████▊    | 3140/5360 [04:47<03:15, 11.35it/s] 59%|█████▊    | 3142/5360 [04:48<03:11, 11.57it/s] 59%|█████▊    | 3144/5360 [04:48<03:19, 11.08it/s] 59%|█████▊    | 3146/5360 [04:48<03:21, 10.98it/s] 59%|█████▊    | 3148/5360 [04:48<03:27, 10.64it/s] 59%|█████▉    | 3150/5360 [04:48<03:11, 11.53it/s] 59%|█████▉    | 3152/5360 [04:49<03:17, 11.17it/s] 59%|█████▉    | 3154/5360 [04:49<03:24, 10.77it/s] 59%|█████▉    | 3156/5360 [04:49<03:09, 11.65it/s] 59%|█████▉    | 3158/5360 [04:49<03:14, 11.33it/s] 59%|█████▉    | 3160/5360 [04:49<03:13, 11.39it/s] 59%|█████▉    | 3162/5360 [04:49<03:14, 11.31it/s] 59%|█████▉    | 3164/5360 [04:50<03:06, 11.79it/s] 59%|█████▉    | 3166/5360 [04:50<03:21, 10.89it/s] 59%|█████▉    | 3168/5360 [04:50<03:21, 10.86it/s] 59%|█████▉    | 3170/5360 [04:50<03:32, 10.28it/s] 59%|█████▉    | 3172/5360 [04:50<03:37, 10.04it/s] 59%|█████▉    | 3174/5360 [04:51<03:31, 10.35it/s] 59%|█████▉    | 3176/5360 [04:51<03:30, 10.38it/s] 59%|█████▉    | 3178/5360 [04:51<03:29, 10.39it/s] 59%|█████▉    | 3180/5360 [04:51<03:33, 10.20it/s] 59%|█████▉    | 3182/5360 [04:51<03:38,  9.99it/s] 59%|█████▉    | 3184/5360 [04:52<03:41,  9.81it/s] 59%|█████▉    | 3185/5360 [04:52<03:58,  9.11it/s] 59%|█████▉    | 3186/5360 [04:52<03:54,  9.26it/s] 59%|█████▉    | 3187/5360 [04:52<03:54,  9.27it/s] 59%|█████▉    | 3188/5360 [04:52<03:54,  9.25it/s] 60%|█████▉    | 3190/5360 [04:52<03:38,  9.91it/s] 60%|█████▉    | 3192/5360 [04:52<03:22, 10.73it/s] 60%|█████▉    | 3194/5360 [04:53<03:36, 10.00it/s] 60%|█████▉    | 3196/5360 [04:53<03:39,  9.86it/s] 60%|█████▉    | 3197/5360 [04:53<03:41,  9.78it/s] 60%|█████▉    | 3198/5360 [04:53<03:43,  9.65it/s] 60%|█████▉    | 3200/5360 [04:53<03:26, 10.45it/s] 60%|█████▉    | 3202/5360 [04:53<03:37,  9.92it/s] 60%|█████▉    | 3203/5360 [04:54<03:40,  9.80it/s] 60%|█████▉    | 3205/5360 [04:54<03:16, 10.98it/s] 60%|█████▉    | 3207/5360 [04:54<03:39,  9.83it/s] 60%|█████▉    | 3209/5360 [04:54<03:28, 10.33it/s] 60%|█████▉    | 3211/5360 [04:54<03:37,  9.88it/s] 60%|█████▉    | 3213/5360 [04:55<03:50,  9.33it/s] 60%|█████▉    | 3215/5360 [04:55<03:44,  9.53it/s] 60%|██████    | 3216/5360 [04:55<03:44,  9.54it/s] 60%|██████    | 3218/5360 [04:55<03:30, 10.16it/s] 60%|██████    | 3220/5360 [04:55<03:27, 10.30it/s] 60%|██████    | 3222/5360 [04:55<03:14, 11.00it/s] 60%|██████    | 3224/5360 [04:56<03:27, 10.31it/s] 60%|██████    | 3226/5360 [04:56<03:41,  9.63it/s] 60%|██████    | 3227/5360 [04:56<03:42,  9.58it/s] 60%|██████    | 3229/5360 [04:56<03:20, 10.63it/s] 60%|██████    | 3231/5360 [04:56<03:27, 10.25it/s] 60%|██████    | 3233/5360 [04:56<03:13, 11.01it/s] 60%|██████    | 3235/5360 [04:57<03:22, 10.49it/s] 60%|██████    | 3237/5360 [04:57<03:28, 10.19it/s] 60%|██████    | 3239/5360 [04:57<03:37,  9.77it/s] 60%|██████    | 3241/5360 [04:57<03:35,  9.81it/s] 60%|██████    | 3242/5360 [04:57<03:35,  9.81it/s] 61%|██████    | 3244/5360 [04:58<03:33,  9.90it/s] 61%|██████    | 3246/5360 [04:58<03:39,  9.63it/s] 61%|██████    | 3248/5360 [04:58<03:37,  9.69it/s] 61%|██████    | 3250/5360 [04:58<03:29, 10.07it/s] 61%|██████    | 3252/5360 [04:58<03:14, 10.86it/s] 61%|██████    | 3254/5360 [04:59<03:15, 10.76it/s] 61%|██████    | 3256/5360 [04:59<03:20, 10.50it/s] 61%|██████    | 3258/5360 [04:59<03:22, 10.40it/s] 61%|██████    | 3260/5360 [04:59<03:04, 11.37it/s] 61%|██████    | 3262/5360 [04:59<03:08, 11.14it/s] 61%|██████    | 3264/5360 [04:59<03:00, 11.64it/s] 61%|██████    | 3266/5360 [05:00<03:11, 10.91it/s] 61%|██████    | 3268/5360 [05:00<03:15, 10.70it/s] 61%|██████    | 3270/5360 [05:00<03:20, 10.40it/s] 61%|██████    | 3272/5360 [05:00<03:12, 10.87it/s] 61%|██████    | 3274/5360 [05:00<03:07, 11.14it/s] 61%|██████    | 3276/5360 [05:01<03:24, 10.19it/s] 61%|██████    | 3278/5360 [05:01<03:29,  9.94it/s] 61%|██████    | 3280/5360 [05:01<03:31,  9.83it/s] 61%|██████    | 3281/5360 [05:01<03:30,  9.85it/s] 61%|██████▏   | 3283/5360 [05:01<03:10, 10.88it/s] 61%|██████▏   | 3285/5360 [05:01<03:04, 11.23it/s] 61%|██████▏   | 3287/5360 [05:02<03:04, 11.21it/s] 61%|██████▏   | 3289/5360 [05:02<02:51, 12.07it/s] 61%|██████▏   | 3291/5360 [05:02<02:46, 12.45it/s] 61%|██████▏   | 3293/5360 [05:02<02:37, 13.14it/s] 61%|██████▏   | 3295/5360 [05:02<02:42, 12.75it/s] 62%|██████▏   | 3297/5360 [05:02<02:36, 13.14it/s] 62%|██████▏   | 3299/5360 [05:02<02:31, 13.61it/s] 62%|██████▏   | 3301/5360 [05:03<02:37, 13.04it/s] 62%|██████▏   | 3303/5360 [05:03<02:34, 13.28it/s] 62%|██████▏   | 3305/5360 [05:03<02:35, 13.21it/s] 62%|██████▏   | 3307/5360 [05:03<02:40, 12.83it/s] 62%|██████▏   | 3309/5360 [05:03<02:56, 11.65it/s] 62%|██████▏   | 3311/5360 [05:03<03:05, 11.06it/s] 62%|██████▏   | 3313/5360 [05:04<03:09, 10.83it/s] 62%|██████▏   | 3315/5360 [05:04<02:48, 12.14it/s] 62%|██████▏   | 3317/5360 [05:04<02:39, 12.79it/s] 62%|██████▏   | 3319/5360 [05:04<02:38, 12.88it/s] 62%|██████▏   | 3321/5360 [05:04<02:36, 13.07it/s] 62%|██████▏   | 3323/5360 [05:04<02:40, 12.69it/s] 62%|██████▏   | 3325/5360 [05:05<02:30, 13.54it/s] 62%|██████▏   | 3327/5360 [05:05<02:24, 14.09it/s] 62%|██████▏   | 3329/5360 [05:05<02:20, 14.44it/s] 62%|██████▏   | 3331/5360 [05:05<02:27, 13.79it/s] 62%|██████▏   | 3333/5360 [05:05<02:32, 13.27it/s] 62%|██████▏   | 3335/5360 [05:05<02:29, 13.58it/s] 62%|██████▏   | 3337/5360 [05:05<02:30, 13.40it/s] 62%|██████▏   | 3339/5360 [05:06<02:32, 13.22it/s] 62%|██████▏   | 3341/5360 [05:06<02:25, 13.84it/s] 62%|██████▏   | 3343/5360 [05:06<02:16, 14.78it/s] 62%|██████▏   | 3345/5360 [05:06<02:20, 14.33it/s] 62%|██████▏   | 3347/5360 [05:06<02:16, 14.72it/s] 62%|██████▏   | 3349/5360 [05:06<02:26, 13.71it/s] 63%|██████▎   | 3351/5360 [05:06<02:19, 14.42it/s] 63%|██████▎   | 3353/5360 [05:07<02:30, 13.30it/s] 63%|██████▎   | 3355/5360 [05:07<02:26, 13.68it/s] 63%|██████▎   | 3357/5360 [05:07<02:37, 12.70it/s] 63%|██████▎   | 3359/5360 [05:07<02:41, 12.41it/s] 63%|██████▎   | 3361/5360 [05:07<03:10, 10.50it/s] 63%|██████▎   | 3363/5360 [05:08<03:17, 10.11it/s] 63%|██████▎   | 3365/5360 [05:08<03:13, 10.31it/s] 63%|██████▎   | 3367/5360 [05:08<03:01, 10.96it/s] 63%|██████▎   | 3369/5360 [05:08<02:57, 11.19it/s] 63%|██████▎   | 3371/5360 [05:08<02:48, 11.81it/s] 63%|██████▎   | 3373/5360 [05:08<02:51, 11.59it/s] 63%|██████▎   | 3375/5360 [05:09<02:50, 11.65it/s] 63%|██████▎   | 3377/5360 [05:09<02:58, 11.10it/s] 63%|██████▎   | 3379/5360 [05:09<03:11, 10.32it/s] 63%|██████▎   | 3381/5360 [05:09<03:15, 10.11it/s] 63%|██████▎   | 3383/5360 [05:09<02:56, 11.22it/s] 63%|██████▎   | 3385/5360 [05:09<02:53, 11.35it/s] 63%|██████▎   | 3387/5360 [05:10<02:59, 10.99it/s] 63%|██████▎   | 3389/5360 [05:10<02:57, 11.11it/s] 63%|██████▎   | 3391/5360 [05:10<03:01, 10.86it/s] 63%|██████▎   | 3393/5360 [05:10<03:05, 10.62it/s] 63%|██████▎   | 3395/5360 [05:10<03:05, 10.58it/s] 63%|██████▎   | 3397/5360 [05:11<02:55, 11.20it/s] 63%|██████▎   | 3399/5360 [05:11<02:58, 11.00it/s] 63%|██████▎   | 3401/5360 [05:11<03:07, 10.47it/s] 63%|██████▎   | 3403/5360 [05:11<02:56, 11.11it/s] 64%|██████▎   | 3405/5360 [05:11<03:06, 10.49it/s] 64%|██████▎   | 3407/5360 [05:12<03:03, 10.65it/s] 64%|██████▎   | 3409/5360 [05:12<03:09, 10.30it/s] 64%|██████▎   | 3411/5360 [05:12<02:54, 11.17it/s] 64%|██████▎   | 3413/5360 [05:12<03:04, 10.56it/s] 64%|██████▎   | 3415/5360 [05:12<02:51, 11.31it/s] 64%|██████▍   | 3417/5360 [05:12<03:03, 10.61it/s] 64%|██████▍   | 3419/5360 [05:13<03:07, 10.38it/s] 64%|██████▍   | 3421/5360 [05:13<03:09, 10.22it/s] 64%|██████▍   | 3423/5360 [05:13<03:08, 10.25it/s] 64%|██████▍   | 3425/5360 [05:13<03:04, 10.49it/s] 64%|██████▍   | 3427/5360 [05:13<03:06, 10.34it/s] 64%|██████▍   | 3429/5360 [05:14<03:12, 10.05it/s] 64%|██████▍   | 3431/5360 [05:14<03:19,  9.66it/s] 64%|██████▍   | 3432/5360 [05:14<03:23,  9.49it/s] 64%|██████▍   | 3434/5360 [05:14<03:14,  9.93it/s] 64%|██████▍   | 3436/5360 [05:14<03:04, 10.45it/s] 64%|██████▍   | 3438/5360 [05:15<03:16,  9.78it/s] 64%|██████▍   | 3439/5360 [05:15<03:18,  9.70it/s] 64%|██████▍   | 3440/5360 [05:15<03:19,  9.61it/s] 64%|██████▍   | 3441/5360 [05:15<03:20,  9.55it/s] 64%|██████▍   | 3443/5360 [05:15<03:22,  9.44it/s] 64%|██████▍   | 3444/5360 [05:15<03:21,  9.52it/s] 64%|██████▍   | 3445/5360 [05:15<03:19,  9.59it/s] 64%|██████▍   | 3447/5360 [05:16<03:17,  9.71it/s] 64%|██████▍   | 3448/5360 [05:16<03:18,  9.64it/s] 64%|██████▍   | 3449/5360 [05:16<03:19,  9.57it/s] 64%|██████▍   | 3450/5360 [05:16<03:18,  9.60it/s] 64%|██████▍   | 3451/5360 [05:16<03:20,  9.54it/s] 64%|██████▍   | 3452/5360 [05:16<03:20,  9.52it/s] 64%|██████▍   | 3453/5360 [05:16<03:18,  9.60it/s] 64%|██████▍   | 3455/5360 [05:16<02:56, 10.78it/s] 64%|██████▍   | 3457/5360 [05:16<02:58, 10.69it/s] 65%|██████▍   | 3459/5360 [05:17<03:05, 10.27it/s] 65%|██████▍   | 3461/5360 [05:17<03:09, 10.00it/s] 65%|██████▍   | 3463/5360 [05:17<03:13,  9.83it/s] 65%|██████▍   | 3464/5360 [05:17<03:12,  9.84it/s] 65%|██████▍   | 3465/5360 [05:17<03:19,  9.49it/s] 65%|██████▍   | 3466/5360 [05:17<03:22,  9.35it/s] 65%|██████▍   | 3467/5360 [05:18<03:27,  9.14it/s] 65%|██████▍   | 3468/5360 [05:18<03:22,  9.33it/s] 65%|██████▍   | 3469/5360 [05:18<03:19,  9.50it/s] 65%|██████▍   | 3470/5360 [05:18<03:17,  9.58it/s] 65%|██████▍   | 3471/5360 [05:18<03:14,  9.69it/s] 65%|██████▍   | 3472/5360 [05:18<03:17,  9.57it/s] 65%|██████▍   | 3473/5360 [05:18<03:15,  9.67it/s] 65%|██████▍   | 3474/5360 [05:18<03:13,  9.73it/s] 65%|██████▍   | 3476/5360 [05:18<02:46, 11.33it/s] 65%|██████▍   | 3478/5360 [05:19<02:59, 10.47it/s] 65%|██████▍   | 3480/5360 [05:19<02:49, 11.10it/s] 65%|██████▍   | 3482/5360 [05:19<02:53, 10.80it/s] 65%|██████▌   | 3484/5360 [05:19<03:05, 10.12it/s] 65%|██████▌   | 3486/5360 [05:19<03:07, 10.02it/s] 65%|██████▌   | 3488/5360 [05:20<03:06, 10.04it/s] 65%|██████▌   | 3490/5360 [05:20<03:14,  9.63it/s] 65%|██████▌   | 3492/5360 [05:20<03:08,  9.90it/s] 65%|██████▌   | 3493/5360 [05:20<03:09,  9.87it/s] 65%|██████▌   | 3494/5360 [05:20<03:09,  9.87it/s] 65%|██████▌   | 3496/5360 [05:20<03:01, 10.28it/s] 65%|██████▌   | 3498/5360 [05:21<03:09,  9.83it/s] 65%|██████▌   | 3499/5360 [05:21<03:12,  9.64it/s] 65%|██████▌   | 3500/5360 [05:21<03:14,  9.54it/s] 65%|██████▌   | 3501/5360 [05:21<03:14,  9.55it/s] 65%|██████▌   | 3503/5360 [05:21<03:12,  9.65it/s] 65%|██████▌   | 3504/5360 [05:21<03:14,  9.54it/s] 65%|██████▌   | 3506/5360 [05:21<02:54, 10.64it/s] 65%|██████▌   | 3508/5360 [05:22<02:59, 10.30it/s] 65%|██████▌   | 3510/5360 [05:22<03:09,  9.76it/s] 66%|██████▌   | 3511/5360 [05:22<03:10,  9.69it/s] 66%|██████▌   | 3512/5360 [05:22<03:12,  9.59it/s] 66%|██████▌   | 3514/5360 [05:22<03:08,  9.81it/s] 66%|██████▌   | 3516/5360 [05:22<03:01, 10.18it/s] 66%|██████▌   | 3518/5360 [05:23<02:59, 10.26it/s] 66%|██████▌   | 3520/5360 [05:23<02:50, 10.78it/s] 66%|██████▌   | 3522/5360 [05:23<02:56, 10.40it/s] 66%|██████▌   | 3524/5360 [05:23<02:42, 11.32it/s] 66%|██████▌   | 3526/5360 [05:23<02:45, 11.07it/s] 66%|██████▌   | 3528/5360 [05:24<02:52, 10.62it/s] 66%|██████▌   | 3530/5360 [05:24<02:52, 10.63it/s] 66%|██████▌   | 3532/5360 [05:24<02:48, 10.88it/s] 66%|██████▌   | 3534/5360 [05:24<02:31, 12.04it/s] 66%|██████▌   | 3536/5360 [05:24<02:30, 12.12it/s] 66%|██████▌   | 3538/5360 [05:24<02:43, 11.12it/s] 66%|██████▌   | 3540/5360 [05:25<02:50, 10.69it/s] 66%|██████▌   | 3542/5360 [05:25<03:00, 10.07it/s] 66%|██████▌   | 3544/5360 [05:25<03:17,  9.19it/s] 66%|██████▌   | 3546/5360 [05:25<02:58, 10.14it/s] 66%|██████▌   | 3548/5360 [05:25<02:49, 10.70it/s] 66%|██████▌   | 3550/5360 [05:26<02:38, 11.42it/s] 66%|██████▋   | 3552/5360 [05:26<02:26, 12.36it/s] 66%|██████▋   | 3554/5360 [05:26<02:15, 13.28it/s] 66%|██████▋   | 3556/5360 [05:26<02:07, 14.14it/s] 66%|██████▋   | 3558/5360 [05:26<02:05, 14.40it/s] 66%|██████▋   | 3560/5360 [05:26<02:03, 14.53it/s] 66%|██████▋   | 3562/5360 [05:26<02:00, 14.89it/s] 66%|██████▋   | 3564/5360 [05:27<02:06, 14.14it/s] 67%|██████▋   | 3566/5360 [05:27<02:05, 14.34it/s] 67%|██████▋   | 3568/5360 [05:27<02:03, 14.48it/s] 67%|██████▋   | 3570/5360 [05:27<02:03, 14.44it/s] 67%|██████▋   | 3572/5360 [05:27<02:02, 14.62it/s] 67%|██████▋   | 3574/5360 [05:27<02:20, 12.74it/s] 67%|██████▋   | 3576/5360 [05:27<02:30, 11.88it/s] 67%|██████▋   | 3578/5360 [05:28<02:34, 11.54it/s] 67%|██████▋   | 3580/5360 [05:28<02:18, 12.81it/s] 67%|██████▋   | 3582/5360 [05:28<02:13, 13.35it/s] 67%|██████▋   | 3584/5360 [05:28<02:07, 13.89it/s] 67%|██████▋   | 3586/5360 [05:28<02:03, 14.41it/s] 67%|██████▋   | 3588/5360 [05:28<02:01, 14.60it/s] 67%|██████▋   | 3590/5360 [05:28<01:57, 15.09it/s] 67%|██████▋   | 3592/5360 [05:29<01:56, 15.23it/s] 67%|██████▋   | 3594/5360 [05:29<01:55, 15.25it/s] 67%|██████▋   | 3596/5360 [05:29<01:53, 15.48it/s] 67%|██████▋   | 3598/5360 [05:29<01:55, 15.19it/s] 67%|██████▋   | 3600/5360 [05:29<02:00, 14.60it/s] 67%|██████▋   | 3602/5360 [05:29<01:54, 15.38it/s] 67%|██████▋   | 3604/5360 [05:29<01:54, 15.36it/s] 67%|██████▋   | 3606/5360 [05:29<01:55, 15.19it/s] 67%|██████▋   | 3608/5360 [05:30<01:58, 14.75it/s] 67%|██████▋   | 3610/5360 [05:30<02:04, 14.04it/s] 67%|██████▋   | 3612/5360 [05:30<02:06, 13.83it/s] 67%|██████▋   | 3614/5360 [05:30<02:13, 13.06it/s] 67%|██████▋   | 3616/5360 [05:30<02:24, 12.10it/s] 68%|██████▊   | 3618/5360 [05:30<02:28, 11.72it/s] 68%|██████▊   | 3620/5360 [05:31<02:25, 11.99it/s] 68%|██████▊   | 3622/5360 [05:31<02:25, 11.92it/s] 68%|██████▊   | 3624/5360 [05:31<02:32, 11.39it/s] 68%|██████▊   | 3626/5360 [05:31<02:38, 10.97it/s] 68%|██████▊   | 3628/5360 [05:31<02:39, 10.85it/s] 68%|██████▊   | 3630/5360 [05:32<02:43, 10.57it/s] 68%|██████▊   | 3632/5360 [05:32<02:44, 10.51it/s] 68%|██████▊   | 3634/5360 [05:32<02:43, 10.53it/s] 68%|██████▊   | 3636/5360 [05:32<02:43, 10.54it/s] 68%|██████▊   | 3638/5360 [05:32<02:38, 10.88it/s] 68%|██████▊   | 3640/5360 [05:33<02:44, 10.48it/s] 68%|██████▊   | 3642/5360 [05:33<02:38, 10.85it/s] 68%|██████▊   | 3644/5360 [05:33<02:41, 10.60it/s] 68%|██████▊   | 3646/5360 [05:33<02:44, 10.41it/s] 68%|██████▊   | 3648/5360 [05:33<02:35, 11.03it/s] 68%|██████▊   | 3650/5360 [05:33<02:40, 10.67it/s] 68%|██████▊   | 3652/5360 [05:34<02:52,  9.88it/s] 68%|██████▊   | 3654/5360 [05:34<02:54,  9.78it/s] 68%|██████▊   | 3656/5360 [05:34<03:01,  9.40it/s] 68%|██████▊   | 3657/5360 [05:34<03:00,  9.45it/s] 68%|██████▊   | 3658/5360 [05:34<02:58,  9.52it/s] 68%|██████▊   | 3659/5360 [05:34<02:59,  9.46it/s] 68%|██████▊   | 3661/5360 [05:35<02:52,  9.85it/s] 68%|██████▊   | 3662/5360 [05:35<02:53,  9.76it/s] 68%|██████▊   | 3663/5360 [05:35<03:01,  9.32it/s] 68%|██████▊   | 3664/5360 [05:35<03:04,  9.20it/s] 68%|██████▊   | 3665/5360 [05:35<03:00,  9.40it/s] 68%|██████▊   | 3667/5360 [05:35<02:57,  9.53it/s] 68%|██████▊   | 3669/5360 [05:35<02:57,  9.55it/s] 68%|██████▊   | 3670/5360 [05:36<03:01,  9.30it/s] 69%|██████▊   | 3672/5360 [05:36<02:53,  9.72it/s] 69%|██████▊   | 3674/5360 [05:36<02:53,  9.72it/s] 69%|██████▊   | 3675/5360 [05:36<02:55,  9.62it/s] 69%|██████▊   | 3677/5360 [05:36<02:52,  9.77it/s] 69%|██████▊   | 3678/5360 [05:36<02:53,  9.71it/s] 69%|██████▊   | 3679/5360 [05:37<02:54,  9.63it/s] 69%|██████▊   | 3680/5360 [05:37<02:57,  9.46it/s] 69%|██████▊   | 3681/5360 [05:37<02:58,  9.41it/s] 69%|██████▊   | 3682/5360 [05:37<02:57,  9.46it/s] 69%|██████▊   | 3684/5360 [05:37<02:49,  9.89it/s] 69%|██████▉   | 3685/5360 [05:37<02:51,  9.78it/s] 69%|██████▉   | 3687/5360 [05:37<02:50,  9.84it/s] 69%|██████▉   | 3688/5360 [05:37<03:01,  9.22it/s] 69%|██████▉   | 3689/5360 [05:38<03:00,  9.24it/s] 69%|██████▉   | 3691/5360 [05:38<02:55,  9.51it/s] 69%|██████▉   | 3692/5360 [05:38<02:57,  9.40it/s] 69%|██████▉   | 3693/5360 [05:38<02:55,  9.49it/s] 69%|██████▉   | 3694/5360 [05:38<02:54,  9.55it/s] 69%|██████▉   | 3695/5360 [05:38<02:54,  9.53it/s] 69%|██████▉   | 3696/5360 [05:38<02:53,  9.56it/s] 69%|██████▉   | 3698/5360 [05:38<02:33, 10.81it/s] 69%|██████▉   | 3700/5360 [05:39<02:49,  9.81it/s] 69%|██████▉   | 3701/5360 [05:39<02:59,  9.26it/s] 69%|██████▉   | 3702/5360 [05:39<03:01,  9.13it/s] 69%|██████▉   | 3703/5360 [05:39<03:00,  9.20it/s] 69%|██████▉   | 3704/5360 [05:39<02:57,  9.30it/s] 69%|██████▉   | 3705/5360 [05:39<02:55,  9.45it/s] 69%|██████▉   | 3706/5360 [05:39<02:52,  9.58it/s] 69%|██████▉   | 3707/5360 [05:39<02:57,  9.32it/s] 69%|██████▉   | 3708/5360 [05:40<02:55,  9.41it/s] 69%|██████▉   | 3710/5360 [05:40<02:44, 10.06it/s] 69%|██████▉   | 3711/5360 [05:40<02:53,  9.48it/s] 69%|██████▉   | 3713/5360 [05:40<02:48,  9.75it/s] 69%|██████▉   | 3715/5360 [05:40<02:50,  9.65it/s] 69%|██████▉   | 3716/5360 [05:40<02:51,  9.59it/s] 69%|██████▉   | 3717/5360 [05:40<02:50,  9.64it/s] 69%|██████▉   | 3718/5360 [05:41<02:51,  9.55it/s] 69%|██████▉   | 3719/5360 [05:41<03:00,  9.07it/s] 69%|██████▉   | 3720/5360 [05:41<02:57,  9.26it/s] 69%|██████▉   | 3721/5360 [05:41<02:55,  9.34it/s] 69%|██████▉   | 3722/5360 [05:41<02:52,  9.47it/s] 69%|██████▉   | 3723/5360 [05:41<02:53,  9.45it/s] 69%|██████▉   | 3724/5360 [05:41<02:51,  9.52it/s] 69%|██████▉   | 3725/5360 [05:41<02:51,  9.56it/s] 70%|██████▉   | 3726/5360 [05:41<02:50,  9.57it/s] 70%|██████▉   | 3727/5360 [05:42<02:53,  9.40it/s] 70%|██████▉   | 3729/5360 [05:42<02:49,  9.64it/s] 70%|██████▉   | 3731/5360 [05:42<02:47,  9.70it/s] 70%|██████▉   | 3732/5360 [05:42<02:48,  9.66it/s] 70%|██████▉   | 3734/5360 [05:42<02:27, 11.04it/s] 70%|██████▉   | 3736/5360 [05:42<02:31, 10.72it/s] 70%|██████▉   | 3738/5360 [05:43<02:26, 11.10it/s] 70%|██████▉   | 3740/5360 [05:43<02:29, 10.83it/s] 70%|██████▉   | 3742/5360 [05:43<02:35, 10.37it/s] 70%|██████▉   | 3744/5360 [05:43<02:27, 10.97it/s] 70%|██████▉   | 3746/5360 [05:43<02:31, 10.64it/s] 70%|██████▉   | 3748/5360 [05:43<02:26, 10.98it/s] 70%|██████▉   | 3750/5360 [05:44<02:43,  9.83it/s] 70%|███████   | 3752/5360 [05:44<02:51,  9.39it/s] 70%|███████   | 3753/5360 [05:44<02:51,  9.36it/s] 70%|███████   | 3754/5360 [05:44<02:57,  9.04it/s] 70%|███████   | 3755/5360 [05:44<03:02,  8.78it/s] 70%|███████   | 3756/5360 [05:44<02:57,  9.04it/s] 70%|███████   | 3758/5360 [05:45<02:47,  9.54it/s] 70%|███████   | 3760/5360 [05:45<02:33, 10.39it/s] 70%|███████   | 3762/5360 [05:45<02:46,  9.57it/s] 70%|███████   | 3764/5360 [05:45<02:39, 10.03it/s] 70%|███████   | 3766/5360 [05:45<02:24, 11.05it/s] 70%|███████   | 3768/5360 [05:46<02:39, 10.00it/s] 70%|███████   | 3770/5360 [05:46<02:30, 10.58it/s] 70%|███████   | 3772/5360 [05:46<02:16, 11.65it/s] 70%|███████   | 3774/5360 [05:46<02:19, 11.36it/s] 70%|███████   | 3776/5360 [05:46<02:17, 11.56it/s] 70%|███████   | 3778/5360 [05:46<02:06, 12.51it/s] 71%|███████   | 3780/5360 [05:47<02:09, 12.20it/s] 71%|███████   | 3782/5360 [05:47<02:15, 11.61it/s] 71%|███████   | 3784/5360 [05:47<02:16, 11.50it/s] 71%|███████   | 3786/5360 [05:47<02:05, 12.50it/s] 71%|███████   | 3788/5360 [05:47<02:11, 11.93it/s] 71%|███████   | 3790/5360 [05:47<02:22, 11.00it/s] 71%|███████   | 3792/5360 [05:48<02:20, 11.17it/s] 71%|███████   | 3794/5360 [05:48<02:09, 12.08it/s] 71%|███████   | 3796/5360 [05:48<01:59, 13.10it/s] 71%|███████   | 3798/5360 [05:48<02:07, 12.22it/s] 71%|███████   | 3800/5360 [05:48<02:13, 11.70it/s] 71%|███████   | 3802/5360 [05:48<02:17, 11.37it/s] 71%|███████   | 3804/5360 [05:49<02:19, 11.19it/s] 71%|███████   | 3806/5360 [05:49<02:24, 10.77it/s] 71%|███████   | 3808/5360 [05:49<02:12, 11.73it/s] 71%|███████   | 3810/5360 [05:49<02:01, 12.76it/s] 71%|███████   | 3812/5360 [05:49<01:54, 13.54it/s] 71%|███████   | 3814/5360 [05:49<01:50, 13.97it/s] 71%|███████   | 3816/5360 [05:49<01:47, 14.40it/s] 71%|███████   | 3818/5360 [05:50<01:39, 15.52it/s] 71%|███████▏  | 3820/5360 [05:50<01:40, 15.38it/s] 71%|███████▏  | 3822/5360 [05:50<01:55, 13.31it/s] 71%|███████▏  | 3824/5360 [05:50<02:08, 11.93it/s] 71%|███████▏  | 3826/5360 [05:50<02:13, 11.48it/s] 71%|███████▏  | 3828/5360 [05:50<02:14, 11.39it/s] 71%|███████▏  | 3830/5360 [05:51<02:03, 12.43it/s] 71%|███████▏  | 3832/5360 [05:51<02:06, 12.07it/s] 72%|███████▏  | 3834/5360 [05:51<02:13, 11.45it/s] 72%|███████▏  | 3836/5360 [05:51<02:13, 11.41it/s] 72%|███████▏  | 3838/5360 [05:51<02:17, 11.10it/s] 72%|███████▏  | 3840/5360 [05:52<02:09, 11.70it/s] 72%|███████▏  | 3842/5360 [05:52<02:04, 12.20it/s] 72%|███████▏  | 3844/5360 [05:52<01:57, 12.89it/s] 72%|███████▏  | 3846/5360 [05:52<02:06, 12.00it/s] 72%|███████▏  | 3848/5360 [05:52<02:00, 12.57it/s] 72%|███████▏  | 3850/5360 [05:52<01:58, 12.79it/s] 72%|███████▏  | 3852/5360 [05:52<01:56, 12.91it/s] 72%|███████▏  | 3854/5360 [05:53<01:56, 12.89it/s] 72%|███████▏  | 3856/5360 [05:53<02:05, 12.00it/s] 72%|███████▏  | 3858/5360 [05:53<02:02, 12.24it/s] 72%|███████▏  | 3860/5360 [05:53<02:08, 11.68it/s] 72%|███████▏  | 3862/5360 [05:53<01:58, 12.67it/s] 72%|███████▏  | 3864/5360 [05:53<02:02, 12.23it/s] 72%|███████▏  | 3866/5360 [05:54<02:06, 11.82it/s] 72%|███████▏  | 3868/5360 [05:54<02:11, 11.37it/s] 72%|███████▏  | 3870/5360 [05:54<02:15, 11.01it/s] 72%|███████▏  | 3872/5360 [05:54<02:13, 11.11it/s] 72%|███████▏  | 3874/5360 [05:54<02:13, 11.13it/s] 72%|███████▏  | 3876/5360 [05:55<02:15, 10.96it/s] 72%|███████▏  | 3878/5360 [05:55<02:23, 10.30it/s] 72%|███████▏  | 3880/5360 [05:55<02:25, 10.14it/s] 72%|███████▏  | 3882/5360 [05:55<02:18, 10.64it/s] 72%|███████▏  | 3884/5360 [05:55<02:19, 10.57it/s] 72%|███████▎  | 3886/5360 [05:56<02:22, 10.38it/s] 73%|███████▎  | 3888/5360 [05:56<02:25, 10.15it/s] 73%|███████▎  | 3890/5360 [05:56<02:18, 10.63it/s] 73%|███████▎  | 3892/5360 [05:56<02:26, 10.05it/s] 73%|███████▎  | 3894/5360 [05:56<02:24, 10.11it/s] 73%|███████▎  | 3896/5360 [05:57<02:32,  9.59it/s] 73%|███████▎  | 3897/5360 [05:57<02:35,  9.39it/s] 73%|███████▎  | 3898/5360 [05:57<02:35,  9.42it/s] 73%|███████▎  | 3899/5360 [05:57<02:34,  9.46it/s] 73%|███████▎  | 3901/5360 [05:57<02:33,  9.48it/s] 73%|███████▎  | 3902/5360 [05:57<02:32,  9.58it/s] 73%|███████▎  | 3903/5360 [05:57<02:32,  9.53it/s] 73%|███████▎  | 3905/5360 [05:57<02:29,  9.71it/s] 73%|███████▎  | 3906/5360 [05:58<02:34,  9.42it/s] 73%|███████▎  | 3907/5360 [05:58<02:33,  9.46it/s] 73%|███████▎  | 3908/5360 [05:58<02:32,  9.54it/s] 73%|███████▎  | 3910/5360 [05:58<02:17, 10.58it/s] 73%|███████▎  | 3912/5360 [05:58<02:24, 10.04it/s] 73%|███████▎  | 3914/5360 [05:58<02:29,  9.65it/s] 73%|███████▎  | 3916/5360 [05:59<02:26,  9.85it/s] 73%|███████▎  | 3917/5360 [05:59<02:28,  9.72it/s] 73%|███████▎  | 3918/5360 [05:59<02:31,  9.51it/s] 73%|███████▎  | 3919/5360 [05:59<02:32,  9.44it/s] 73%|███████▎  | 3920/5360 [05:59<02:36,  9.23it/s] 73%|███████▎  | 3921/5360 [05:59<02:39,  9.00it/s] 73%|███████▎  | 3922/5360 [05:59<02:37,  9.10it/s] 73%|███████▎  | 3923/5360 [05:59<02:37,  9.14it/s] 73%|███████▎  | 3924/5360 [06:00<02:37,  9.11it/s] 73%|███████▎  | 3925/5360 [06:00<02:38,  9.04it/s] 73%|███████▎  | 3927/5360 [06:00<02:19, 10.24it/s] 73%|███████▎  | 3928/5360 [06:00<02:23,  9.95it/s] 73%|███████▎  | 3929/5360 [06:00<02:26,  9.80it/s] 73%|███████▎  | 3930/5360 [06:00<02:27,  9.68it/s] 73%|███████▎  | 3931/5360 [06:00<02:34,  9.25it/s] 73%|███████▎  | 3932/5360 [06:00<02:35,  9.19it/s] 73%|███████▎  | 3933/5360 [06:00<02:34,  9.21it/s] 73%|███████▎  | 3934/5360 [06:01<02:33,  9.31it/s] 73%|███████▎  | 3935/5360 [06:01<02:34,  9.20it/s] 73%|███████▎  | 3936/5360 [06:01<02:32,  9.34it/s] 73%|███████▎  | 3937/5360 [06:01<02:34,  9.19it/s] 73%|███████▎  | 3938/5360 [06:01<02:35,  9.16it/s] 73%|███████▎  | 3939/5360 [06:01<02:32,  9.30it/s] 74%|███████▎  | 3941/5360 [06:01<02:30,  9.41it/s] 74%|███████▎  | 3943/5360 [06:01<02:27,  9.62it/s] 74%|███████▎  | 3944/5360 [06:02<02:32,  9.31it/s] 74%|███████▎  | 3945/5360 [06:02<02:30,  9.42it/s] 74%|███████▎  | 3947/5360 [06:02<02:26,  9.66it/s] 74%|███████▎  | 3948/5360 [06:02<02:27,  9.55it/s] 74%|███████▎  | 3949/5360 [06:02<02:27,  9.54it/s] 74%|███████▎  | 3950/5360 [06:02<02:27,  9.54it/s] 74%|███████▎  | 3951/5360 [06:02<02:28,  9.46it/s] 74%|███████▍  | 3953/5360 [06:03<02:19, 10.10it/s] 74%|███████▍  | 3954/5360 [06:03<02:28,  9.48it/s] 74%|███████▍  | 3955/5360 [06:03<02:28,  9.47it/s] 74%|███████▍  | 3956/5360 [06:03<02:27,  9.54it/s] 74%|███████▍  | 3957/5360 [06:03<02:27,  9.49it/s] 74%|███████▍  | 3958/5360 [06:03<02:34,  9.09it/s] 74%|███████▍  | 3959/5360 [06:03<02:39,  8.81it/s] 74%|███████▍  | 3960/5360 [06:03<02:38,  8.86it/s] 74%|███████▍  | 3962/5360 [06:04<02:23,  9.72it/s] 74%|███████▍  | 3963/5360 [06:04<02:25,  9.63it/s] 74%|███████▍  | 3964/5360 [06:04<02:27,  9.45it/s] 74%|███████▍  | 3966/5360 [06:04<02:15, 10.27it/s] 74%|███████▍  | 3968/5360 [06:04<02:24,  9.62it/s] 74%|███████▍  | 3969/5360 [06:04<02:24,  9.65it/s] 74%|███████▍  | 3971/5360 [06:04<02:22,  9.74it/s] 74%|███████▍  | 3972/5360 [06:05<02:23,  9.68it/s] 74%|███████▍  | 3973/5360 [06:05<02:23,  9.66it/s] 74%|███████▍  | 3974/5360 [06:05<02:24,  9.60it/s] 74%|███████▍  | 3976/5360 [06:05<02:18, 10.00it/s] 74%|███████▍  | 3977/5360 [06:05<02:19,  9.89it/s] 74%|███████▍  | 3979/5360 [06:05<02:14, 10.25it/s] 74%|███████▍  | 3981/5360 [06:05<02:17, 10.04it/s] 74%|███████▍  | 3982/5360 [06:06<02:25,  9.49it/s] 74%|███████▍  | 3983/5360 [06:06<02:33,  9.00it/s] 74%|███████▍  | 3984/5360 [06:06<02:37,  8.76it/s] 74%|███████▍  | 3985/5360 [06:06<02:39,  8.63it/s] 74%|███████▍  | 3986/5360 [06:06<02:39,  8.60it/s] 74%|███████▍  | 3987/5360 [06:06<02:36,  8.78it/s] 74%|███████▍  | 3989/5360 [06:06<02:25,  9.40it/s] 74%|███████▍  | 3990/5360 [06:06<02:26,  9.38it/s] 74%|███████▍  | 3991/5360 [06:07<02:25,  9.42it/s] 74%|███████▍  | 3993/5360 [06:07<02:06, 10.80it/s] 75%|███████▍  | 3995/5360 [06:07<02:13, 10.22it/s] 75%|███████▍  | 3997/5360 [06:07<02:14, 10.16it/s] 75%|███████▍  | 3999/5360 [06:07<02:15, 10.04it/s] 75%|███████▍  | 4001/5360 [06:08<02:14, 10.10it/s] 75%|███████▍  | 4003/5360 [06:08<02:03, 10.97it/s] 75%|███████▍  | 4005/5360 [06:08<02:08, 10.55it/s] 75%|███████▍  | 4007/5360 [06:08<02:04, 10.89it/s] 75%|███████▍  | 4009/5360 [06:08<02:02, 11.03it/s] 75%|███████▍  | 4011/5360 [06:08<02:06, 10.65it/s] 75%|███████▍  | 4013/5360 [06:09<02:09, 10.36it/s] 75%|███████▍  | 4015/5360 [06:09<02:04, 10.77it/s] 75%|███████▍  | 4017/5360 [06:09<02:11, 10.20it/s] 75%|███████▍  | 4019/5360 [06:09<02:02, 10.94it/s] 75%|███████▌  | 4021/5360 [06:09<02:00, 11.14it/s] 75%|███████▌  | 4023/5360 [06:09<01:51, 12.03it/s] 75%|███████▌  | 4025/5360 [06:10<01:55, 11.57it/s] 75%|███████▌  | 4027/5360 [06:10<01:49, 12.22it/s] 75%|███████▌  | 4029/5360 [06:10<01:44, 12.75it/s] 75%|███████▌  | 4031/5360 [06:10<01:42, 12.96it/s] 75%|███████▌  | 4033/5360 [06:10<01:42, 13.00it/s] 75%|███████▌  | 4035/5360 [06:10<01:36, 13.67it/s] 75%|███████▌  | 4037/5360 [06:11<01:42, 12.89it/s] 75%|███████▌  | 4039/5360 [06:11<01:56, 11.36it/s] 75%|███████▌  | 4041/5360 [06:11<02:01, 10.84it/s] 75%|███████▌  | 4043/5360 [06:11<02:05, 10.47it/s] 75%|███████▌  | 4045/5360 [06:13<08:15,  2.65it/s] 76%|███████▌  | 4047/5360 [06:13<06:20,  3.45it/s] 76%|███████▌  | 4049/5360 [06:14<05:02,  4.34it/s] 76%|███████▌  | 4051/5360 [06:14<04:06,  5.31it/s] 76%|███████▌  | 4053/5360 [06:14<03:18,  6.58it/s] 76%|███████▌  | 4055/5360 [06:14<02:53,  7.52it/s] 76%|███████▌  | 4057/5360 [06:14<02:29,  8.73it/s] 76%|███████▌  | 4059/5360 [06:14<02:19,  9.34it/s] 76%|███████▌  | 4061/5360 [06:15<02:05, 10.34it/s] 76%|███████▌  | 4063/5360 [06:15<02:09, 10.03it/s] 76%|███████▌  | 4065/5360 [06:15<02:07, 10.12it/s] 76%|███████▌  | 4067/5360 [06:15<02:04, 10.42it/s] 76%|███████▌  | 4069/5360 [06:15<01:54, 11.23it/s] 76%|███████▌  | 4071/5360 [06:15<01:56, 11.02it/s] 76%|███████▌  | 4073/5360 [06:16<01:54, 11.22it/s] 76%|███████▌  | 4075/5360 [06:16<01:51, 11.53it/s] 76%|███████▌  | 4077/5360 [06:16<01:45, 12.16it/s] 76%|███████▌  | 4079/5360 [06:16<01:48, 11.84it/s] 76%|███████▌  | 4081/5360 [06:16<01:47, 11.85it/s] 76%|███████▌  | 4083/5360 [06:16<01:44, 12.18it/s] 76%|███████▌  | 4085/5360 [06:17<01:50, 11.51it/s] 76%|███████▋  | 4087/5360 [06:17<01:44, 12.20it/s] 76%|███████▋  | 4089/5360 [06:17<01:53, 11.23it/s] 76%|███████▋  | 4091/5360 [06:17<02:02, 10.37it/s] 76%|███████▋  | 4093/5360 [06:17<02:02, 10.37it/s] 76%|███████▋  | 4095/5360 [06:18<02:02, 10.33it/s] 76%|███████▋  | 4097/5360 [06:18<02:00, 10.49it/s] 76%|███████▋  | 4099/5360 [06:18<02:00, 10.47it/s] 77%|███████▋  | 4101/5360 [06:18<02:02, 10.28it/s] 77%|███████▋  | 4103/5360 [06:18<01:52, 11.20it/s] 77%|███████▋  | 4105/5360 [06:19<01:53, 11.08it/s] 77%|███████▋  | 4107/5360 [06:19<01:56, 10.76it/s] 77%|███████▋  | 4109/5360 [06:19<01:57, 10.63it/s] 77%|███████▋  | 4111/5360 [06:19<01:49, 11.40it/s] 77%|███████▋  | 4113/5360 [06:19<01:49, 11.34it/s] 77%|███████▋  | 4115/5360 [06:19<01:57, 10.61it/s] 77%|███████▋  | 4117/5360 [06:20<01:53, 10.94it/s] 77%|███████▋  | 4119/5360 [06:20<02:02, 10.12it/s] 77%|███████▋  | 4121/5360 [06:20<02:03, 10.04it/s] 77%|███████▋  | 4123/5360 [06:20<02:05,  9.86it/s] 77%|███████▋  | 4125/5360 [06:20<01:59, 10.32it/s] 77%|███████▋  | 4127/5360 [06:21<02:05,  9.85it/s] 77%|███████▋  | 4129/5360 [06:21<02:03, 10.01it/s] 77%|███████▋  | 4131/5360 [06:21<02:01, 10.15it/s] 77%|███████▋  | 4133/5360 [06:21<02:07,  9.64it/s] 77%|███████▋  | 4134/5360 [06:21<02:08,  9.52it/s] 77%|███████▋  | 4136/5360 [06:22<02:04,  9.79it/s] 77%|███████▋  | 4138/5360 [06:22<02:04,  9.78it/s] 77%|███████▋  | 4139/5360 [06:22<02:04,  9.78it/s] 77%|███████▋  | 4140/5360 [06:22<02:10,  9.38it/s] 77%|███████▋  | 4142/5360 [06:22<02:09,  9.37it/s] 77%|███████▋  | 4144/5360 [06:22<02:05,  9.69it/s] 77%|███████▋  | 4145/5360 [06:23<02:06,  9.58it/s] 77%|███████▋  | 4147/5360 [06:23<02:08,  9.41it/s] 77%|███████▋  | 4148/5360 [06:23<02:07,  9.47it/s] 77%|███████▋  | 4150/5360 [06:23<02:03,  9.76it/s] 77%|███████▋  | 4152/5360 [06:23<02:09,  9.34it/s] 78%|███████▊  | 4154/5360 [06:24<02:08,  9.38it/s] 78%|███████▊  | 4155/5360 [06:24<02:07,  9.44it/s] 78%|███████▊  | 4157/5360 [06:24<01:59, 10.04it/s] 78%|███████▊  | 4159/5360 [06:24<02:00,  9.97it/s] 78%|███████▊  | 4160/5360 [06:24<02:01,  9.91it/s] 78%|███████▊  | 4161/5360 [06:24<02:01,  9.83it/s] 78%|███████▊  | 4162/5360 [06:24<02:03,  9.71it/s] 78%|███████▊  | 4163/5360 [06:24<02:03,  9.73it/s] 78%|███████▊  | 4164/5360 [06:25<02:03,  9.65it/s] 78%|███████▊  | 4165/5360 [06:25<02:03,  9.67it/s] 78%|███████▊  | 4166/5360 [06:25<02:04,  9.57it/s] 78%|███████▊  | 4168/5360 [06:25<02:01,  9.82it/s] 78%|███████▊  | 4169/5360 [06:25<02:01,  9.82it/s] 78%|███████▊  | 4170/5360 [06:25<02:03,  9.60it/s] 78%|███████▊  | 4172/5360 [06:25<02:03,  9.61it/s] 78%|███████▊  | 4174/5360 [06:26<01:51, 10.61it/s] 78%|███████▊  | 4176/5360 [06:26<01:56, 10.12it/s] 78%|███████▊  | 4178/5360 [06:26<01:49, 10.79it/s] 78%|███████▊  | 4180/5360 [06:26<01:51, 10.61it/s] 78%|███████▊  | 4182/5360 [06:26<01:50, 10.70it/s] 78%|███████▊  | 4184/5360 [06:26<01:47, 10.94it/s] 78%|███████▊  | 4186/5360 [06:27<01:45, 11.09it/s] 78%|███████▊  | 4188/5360 [06:27<01:49, 10.67it/s] 78%|███████▊  | 4190/5360 [06:27<01:55, 10.13it/s] 78%|███████▊  | 4192/5360 [06:27<01:58,  9.87it/s] 78%|███████▊  | 4193/5360 [06:27<01:59,  9.77it/s] 78%|███████▊  | 4194/5360 [06:27<02:02,  9.51it/s] 78%|███████▊  | 4195/5360 [06:28<02:03,  9.44it/s] 78%|███████▊  | 4197/5360 [06:28<01:52, 10.38it/s] 78%|███████▊  | 4199/5360 [06:28<01:48, 10.65it/s] 78%|███████▊  | 4201/5360 [06:28<01:49, 10.58it/s] 78%|███████▊  | 4203/5360 [06:28<01:55, 10.05it/s] 78%|███████▊  | 4205/5360 [06:29<01:54, 10.09it/s] 78%|███████▊  | 4207/5360 [06:29<01:47, 10.73it/s] 79%|███████▊  | 4209/5360 [06:29<01:55, 10.01it/s] 79%|███████▊  | 4211/5360 [06:29<01:45, 10.91it/s] 79%|███████▊  | 4213/5360 [06:29<01:49, 10.52it/s] 79%|███████▊  | 4215/5360 [06:29<01:42, 11.17it/s] 79%|███████▊  | 4217/5360 [06:30<01:46, 10.74it/s] 79%|███████▊  | 4219/5360 [06:30<01:40, 11.32it/s] 79%|███████▉  | 4221/5360 [06:30<01:46, 10.70it/s] 79%|███████▉  | 4223/5360 [06:30<01:44, 10.93it/s] 79%|███████▉  | 4225/5360 [06:30<01:44, 10.86it/s] 79%|███████▉  | 4227/5360 [06:31<01:50, 10.24it/s] 79%|███████▉  | 4229/5360 [06:31<01:44, 10.79it/s] 79%|███████▉  | 4231/5360 [06:31<01:43, 10.90it/s] 79%|███████▉  | 4233/5360 [06:31<01:47, 10.44it/s] 79%|███████▉  | 4235/5360 [06:31<01:45, 10.70it/s] 79%|███████▉  | 4237/5360 [06:31<01:46, 10.56it/s] 79%|███████▉  | 4239/5360 [06:32<01:38, 11.40it/s] 79%|███████▉  | 4241/5360 [06:32<01:42, 10.88it/s] 79%|███████▉  | 4243/5360 [06:32<01:44, 10.64it/s] 79%|███████▉  | 4245/5360 [06:32<01:40, 11.04it/s] 79%|███████▉  | 4247/5360 [06:32<01:42, 10.84it/s] 79%|███████▉  | 4249/5360 [06:33<01:33, 11.92it/s] 79%|███████▉  | 4251/5360 [06:33<01:31, 12.06it/s] 79%|███████▉  | 4253/5360 [06:33<01:29, 12.39it/s] 79%|███████▉  | 4255/5360 [06:33<01:31, 12.01it/s] 79%|███████▉  | 4257/5360 [06:33<01:26, 12.81it/s] 79%|███████▉  | 4259/5360 [06:33<01:28, 12.44it/s] 79%|███████▉  | 4261/5360 [06:33<01:25, 12.89it/s] 80%|███████▉  | 4263/5360 [06:34<01:28, 12.40it/s] 80%|███████▉  | 4265/5360 [06:34<01:23, 13.14it/s] 80%|███████▉  | 4267/5360 [06:34<01:23, 13.05it/s] 80%|███████▉  | 4269/5360 [06:34<01:30, 12.12it/s] 80%|███████▉  | 4271/5360 [06:34<01:39, 10.94it/s] 80%|███████▉  | 4273/5360 [06:35<01:48,  9.99it/s] 80%|███████▉  | 4275/5360 [06:35<01:44, 10.42it/s] 80%|███████▉  | 4277/5360 [06:35<01:44, 10.32it/s] 80%|███████▉  | 4279/5360 [06:35<01:39, 10.84it/s] 80%|███████▉  | 4281/5360 [06:35<01:42, 10.54it/s] 80%|███████▉  | 4283/5360 [06:35<01:39, 10.87it/s] 80%|███████▉  | 4285/5360 [06:36<01:38, 10.96it/s] 80%|███████▉  | 4287/5360 [06:36<01:29, 11.93it/s] 80%|████████  | 4289/5360 [06:36<01:23, 12.83it/s] 80%|████████  | 4291/5360 [06:36<01:23, 12.77it/s] 80%|████████  | 4293/5360 [06:36<01:21, 13.16it/s] 80%|████████  | 4295/5360 [06:36<01:24, 12.59it/s] 80%|████████  | 4297/5360 [06:37<01:23, 12.71it/s] 80%|████████  | 4299/5360 [06:37<01:20, 13.22it/s] 80%|████████  | 4301/5360 [06:37<01:23, 12.73it/s] 80%|████████  | 4303/5360 [06:37<01:17, 13.69it/s] 80%|████████  | 4305/5360 [06:37<01:20, 13.03it/s] 80%|████████  | 4307/5360 [06:37<01:18, 13.46it/s] 80%|████████  | 4309/5360 [06:37<01:21, 12.94it/s] 80%|████████  | 4311/5360 [06:38<01:20, 12.95it/s] 80%|████████  | 4313/5360 [06:38<01:20, 13.02it/s] 81%|████████  | 4315/5360 [06:38<01:19, 13.22it/s] 81%|████████  | 4317/5360 [06:38<01:19, 13.15it/s] 81%|████████  | 4319/5360 [06:38<01:22, 12.69it/s] 81%|████████  | 4321/5360 [06:38<01:19, 13.10it/s] 81%|████████  | 4323/5360 [06:39<01:21, 12.71it/s] 81%|████████  | 4325/5360 [06:39<01:17, 13.28it/s] 81%|████████  | 4327/5360 [06:39<01:21, 12.67it/s] 81%|████████  | 4329/5360 [06:39<01:22, 12.48it/s] 81%|████████  | 4331/5360 [06:39<01:17, 13.25it/s] 81%|████████  | 4333/5360 [06:39<01:15, 13.62it/s] 81%|████████  | 4335/5360 [06:39<01:18, 12.99it/s] 81%|████████  | 4337/5360 [06:40<01:15, 13.55it/s] 81%|████████  | 4339/5360 [06:40<01:17, 13.17it/s] 81%|████████  | 4341/5360 [06:40<01:18, 13.01it/s] 81%|████████  | 4343/5360 [06:40<01:16, 13.33it/s] 81%|████████  | 4345/5360 [06:40<01:19, 12.76it/s] 81%|████████  | 4347/5360 [06:40<01:23, 12.18it/s] 81%|████████  | 4349/5360 [06:41<01:27, 11.59it/s] 81%|████████  | 4351/5360 [06:41<01:26, 11.71it/s] 81%|████████  | 4353/5360 [06:41<01:31, 11.01it/s] 81%|████████▏ | 4355/5360 [06:41<01:34, 10.67it/s] 81%|████████▏ | 4357/5360 [06:41<01:36, 10.39it/s] 81%|████████▏ | 4359/5360 [06:42<01:38, 10.14it/s] 81%|████████▏ | 4361/5360 [06:42<01:39, 10.05it/s] 81%|████████▏ | 4363/5360 [06:42<01:39, 10.04it/s] 81%|████████▏ | 4365/5360 [06:42<01:40,  9.92it/s] 81%|████████▏ | 4366/5360 [06:42<01:40,  9.87it/s] 81%|████████▏ | 4368/5360 [06:42<01:31, 10.90it/s] 82%|████████▏ | 4370/5360 [06:43<01:36, 10.27it/s] 82%|████████▏ | 4372/5360 [06:43<01:40,  9.83it/s] 82%|████████▏ | 4374/5360 [06:43<01:39,  9.89it/s] 82%|████████▏ | 4376/5360 [06:43<01:42,  9.62it/s] 82%|████████▏ | 4377/5360 [06:43<01:42,  9.60it/s] 82%|████████▏ | 4378/5360 [06:44<01:41,  9.67it/s] 82%|████████▏ | 4379/5360 [06:44<01:42,  9.59it/s] 82%|████████▏ | 4380/5360 [06:44<01:42,  9.59it/s] 82%|████████▏ | 4381/5360 [06:44<01:42,  9.55it/s] 82%|████████▏ | 4382/5360 [06:44<01:41,  9.66it/s] 82%|████████▏ | 4383/5360 [06:44<01:44,  9.39it/s] 82%|████████▏ | 4384/5360 [06:44<01:42,  9.55it/s] 82%|████████▏ | 4386/5360 [06:44<01:41,  9.58it/s] 82%|████████▏ | 4387/5360 [06:44<01:42,  9.47it/s] 82%|████████▏ | 4388/5360 [06:45<01:41,  9.54it/s] 82%|████████▏ | 4390/5360 [06:45<01:33, 10.35it/s] 82%|████████▏ | 4392/5360 [06:45<01:30, 10.68it/s] 82%|████████▏ | 4394/5360 [06:45<01:38,  9.77it/s] 82%|████████▏ | 4396/5360 [06:45<01:37,  9.85it/s] 82%|████████▏ | 4397/5360 [06:45<01:37,  9.84it/s] 82%|████████▏ | 4399/5360 [06:46<01:34, 10.16it/s] 82%|████████▏ | 4401/5360 [06:46<01:38,  9.74it/s] 82%|████████▏ | 4402/5360 [06:46<01:38,  9.70it/s] 82%|████████▏ | 4403/5360 [06:46<01:38,  9.76it/s] 82%|████████▏ | 4405/5360 [06:46<01:34, 10.15it/s] 82%|████████▏ | 4407/5360 [06:46<01:32, 10.34it/s] 82%|████████▏ | 4409/5360 [06:47<01:26, 11.01it/s] 82%|████████▏ | 4411/5360 [06:47<01:32, 10.22it/s] 82%|████████▏ | 4413/5360 [06:47<01:30, 10.48it/s] 82%|████████▏ | 4415/5360 [06:47<01:35,  9.88it/s] 82%|████████▏ | 4417/5360 [06:47<01:38,  9.58it/s] 82%|████████▏ | 4418/5360 [06:48<01:45,  8.93it/s] 82%|████████▏ | 4420/5360 [06:48<01:45,  8.87it/s] 82%|████████▏ | 4421/5360 [06:48<01:46,  8.85it/s] 83%|████████▎ | 4423/5360 [06:48<01:39,  9.45it/s] 83%|████████▎ | 4425/5360 [06:48<01:37,  9.63it/s] 83%|████████▎ | 4427/5360 [06:49<01:34,  9.83it/s] 83%|████████▎ | 4429/5360 [06:49<01:25, 10.93it/s] 83%|████████▎ | 4431/5360 [06:49<01:28, 10.47it/s] 83%|████████▎ | 4433/5360 [06:49<01:29, 10.32it/s] 83%|████████▎ | 4435/5360 [06:49<01:28, 10.50it/s] 83%|████████▎ | 4437/5360 [06:49<01:25, 10.83it/s] 83%|████████▎ | 4439/5360 [06:50<01:22, 11.14it/s] 83%|████████▎ | 4441/5360 [06:50<01:22, 11.17it/s] 83%|████████▎ | 4443/5360 [06:50<01:29, 10.26it/s] 83%|████████▎ | 4445/5360 [06:50<01:22, 11.11it/s] 83%|████████▎ | 4447/5360 [06:50<01:27, 10.42it/s] 83%|████████▎ | 4449/5360 [06:51<01:30, 10.04it/s] 83%|████████▎ | 4451/5360 [06:51<01:29, 10.14it/s] 83%|████████▎ | 4453/5360 [06:51<01:34,  9.55it/s] 83%|████████▎ | 4454/5360 [06:51<01:36,  9.40it/s] 83%|████████▎ | 4456/5360 [06:51<01:35,  9.47it/s] 83%|████████▎ | 4458/5360 [06:51<01:26, 10.41it/s] 83%|████████▎ | 4460/5360 [06:52<01:27, 10.26it/s] 83%|████████▎ | 4462/5360 [06:52<01:24, 10.61it/s] 83%|████████▎ | 4464/5360 [06:52<01:25, 10.44it/s] 83%|████████▎ | 4466/5360 [06:52<01:19, 11.25it/s] 83%|████████▎ | 4468/5360 [06:52<01:23, 10.69it/s] 83%|████████▎ | 4470/5360 [06:53<01:22, 10.75it/s] 83%|████████▎ | 4472/5360 [06:53<01:23, 10.58it/s] 83%|████████▎ | 4474/5360 [06:53<01:26, 10.19it/s] 84%|████████▎ | 4476/5360 [06:53<01:23, 10.55it/s] 84%|████████▎ | 4478/5360 [06:53<01:25, 10.26it/s] 84%|████████▎ | 4480/5360 [06:54<01:25, 10.29it/s] 84%|████████▎ | 4482/5360 [06:54<01:21, 10.77it/s] 84%|████████▎ | 4484/5360 [06:54<01:20, 10.87it/s] 84%|████████▎ | 4486/5360 [06:54<01:27, 10.04it/s] 84%|████████▎ | 4488/5360 [06:54<01:27,  9.96it/s] 84%|████████▍ | 4490/5360 [06:55<01:23, 10.46it/s] 84%|████████▍ | 4492/5360 [06:55<01:26, 10.09it/s] 84%|████████▍ | 4494/5360 [06:55<01:26, 10.03it/s] 84%|████████▍ | 4496/5360 [06:55<01:29,  9.70it/s] 84%|████████▍ | 4498/5360 [06:55<01:25, 10.08it/s] 84%|████████▍ | 4500/5360 [06:56<01:23, 10.32it/s] 84%|████████▍ | 4502/5360 [06:56<01:32,  9.25it/s] 84%|████████▍ | 4503/5360 [06:56<01:37,  8.78it/s] 84%|████████▍ | 4504/5360 [06:56<01:35,  8.92it/s] 84%|████████▍ | 4505/5360 [06:56<01:36,  8.84it/s] 84%|████████▍ | 4506/5360 [06:56<01:35,  8.94it/s] 84%|████████▍ | 4507/5360 [06:56<01:33,  9.10it/s] 84%|████████▍ | 4509/5360 [06:57<01:29,  9.54it/s] 84%|████████▍ | 4511/5360 [06:57<01:21, 10.42it/s] 84%|████████▍ | 4513/5360 [06:57<01:21, 10.42it/s] 84%|████████▍ | 4515/5360 [06:57<01:20, 10.47it/s] 84%|████████▍ | 4517/5360 [06:57<01:16, 11.05it/s] 84%|████████▍ | 4519/5360 [06:57<01:15, 11.09it/s] 84%|████████▍ | 4521/5360 [06:58<01:18, 10.69it/s] 84%|████████▍ | 4523/5360 [06:58<01:24,  9.89it/s] 84%|████████▍ | 4525/5360 [06:58<01:25,  9.80it/s] 84%|████████▍ | 4527/5360 [06:58<01:24,  9.86it/s] 84%|████████▍ | 4529/5360 [06:58<01:14, 11.09it/s] 85%|████████▍ | 4531/5360 [06:59<01:12, 11.48it/s] 85%|████████▍ | 4533/5360 [06:59<01:14, 11.14it/s] 85%|████████▍ | 4535/5360 [06:59<01:14, 11.06it/s] 85%|████████▍ | 4537/5360 [06:59<01:12, 11.29it/s] 85%|████████▍ | 4539/5360 [06:59<01:09, 11.76it/s] 85%|████████▍ | 4541/5360 [06:59<01:10, 11.57it/s] 85%|████████▍ | 4543/5360 [07:00<01:06, 12.20it/s] 85%|████████▍ | 4545/5360 [07:00<01:11, 11.32it/s] 85%|████████▍ | 4547/5360 [07:00<01:12, 11.20it/s] 85%|████████▍ | 4549/5360 [07:00<01:18, 10.29it/s] 85%|████████▍ | 4551/5360 [07:00<01:20, 10.09it/s] 85%|████████▍ | 4553/5360 [07:01<01:15, 10.75it/s] 85%|████████▍ | 4555/5360 [07:01<01:08, 11.84it/s] 85%|████████▌ | 4557/5360 [07:01<01:05, 12.21it/s] 85%|████████▌ | 4559/5360 [07:01<01:07, 11.93it/s] 85%|████████▌ | 4561/5360 [07:01<01:08, 11.74it/s] 85%|████████▌ | 4563/5360 [07:01<01:10, 11.31it/s] 85%|████████▌ | 4565/5360 [07:02<01:09, 11.51it/s] 85%|████████▌ | 4567/5360 [07:02<01:08, 11.58it/s] 85%|████████▌ | 4569/5360 [07:02<01:08, 11.57it/s] 85%|████████▌ | 4571/5360 [07:02<01:07, 11.74it/s] 85%|████████▌ | 4573/5360 [07:02<01:09, 11.38it/s] 85%|████████▌ | 4575/5360 [07:02<01:10, 11.11it/s] 85%|████████▌ | 4577/5360 [07:03<01:09, 11.22it/s] 85%|████████▌ | 4579/5360 [07:03<01:10, 11.07it/s] 85%|████████▌ | 4581/5360 [07:03<01:08, 11.33it/s] 86%|████████▌ | 4583/5360 [07:03<01:07, 11.44it/s] 86%|████████▌ | 4585/5360 [07:03<01:04, 12.03it/s] 86%|████████▌ | 4587/5360 [07:04<01:07, 11.38it/s] 86%|████████▌ | 4589/5360 [07:04<01:10, 10.95it/s] 86%|████████▌ | 4591/5360 [07:04<01:10, 10.91it/s] 86%|████████▌ | 4593/5360 [07:04<01:10, 10.83it/s] 86%|████████▌ | 4595/5360 [07:04<01:13, 10.36it/s] 86%|████████▌ | 4597/5360 [07:05<01:18,  9.72it/s] 86%|████████▌ | 4599/5360 [07:05<01:14, 10.21it/s] 86%|████████▌ | 4601/5360 [07:05<01:12, 10.48it/s] 86%|████████▌ | 4603/5360 [07:05<01:17,  9.71it/s] 86%|████████▌ | 4604/5360 [07:05<01:17,  9.73it/s] 86%|████████▌ | 4606/5360 [07:05<01:17,  9.74it/s] 86%|████████▌ | 4608/5360 [07:06<01:16,  9.78it/s] 86%|████████▌ | 4609/5360 [07:06<01:16,  9.77it/s] 86%|████████▌ | 4610/5360 [07:06<01:16,  9.80it/s] 86%|████████▌ | 4611/5360 [07:06<01:16,  9.81it/s] 86%|████████▌ | 4613/5360 [07:06<01:17,  9.70it/s] 86%|████████▌ | 4614/5360 [07:06<01:18,  9.53it/s] 86%|████████▌ | 4616/5360 [07:06<01:13, 10.19it/s] 86%|████████▌ | 4618/5360 [07:07<01:14,  9.99it/s] 86%|████████▌ | 4619/5360 [07:07<01:14,  9.94it/s] 86%|████████▌ | 4620/5360 [07:07<01:15,  9.83it/s] 86%|████████▌ | 4621/5360 [07:07<01:15,  9.84it/s] 86%|████████▌ | 4622/5360 [07:07<01:14,  9.86it/s] 86%|████████▋ | 4623/5360 [07:07<01:15,  9.80it/s] 86%|████████▋ | 4625/5360 [07:07<01:11, 10.21it/s] 86%|████████▋ | 4627/5360 [07:08<01:14,  9.84it/s] 86%|████████▋ | 4629/5360 [07:08<01:12, 10.02it/s] 86%|████████▋ | 4631/5360 [07:08<01:13,  9.90it/s] 86%|████████▋ | 4632/5360 [07:08<01:16,  9.48it/s] 86%|████████▋ | 4633/5360 [07:08<01:18,  9.21it/s] 86%|████████▋ | 4634/5360 [07:08<01:21,  8.96it/s] 86%|████████▋ | 4635/5360 [07:08<01:20,  8.95it/s] 86%|████████▋ | 4636/5360 [07:09<01:25,  8.51it/s] 87%|████████▋ | 4637/5360 [07:09<01:25,  8.47it/s] 87%|████████▋ | 4639/5360 [07:09<01:16,  9.42it/s] 87%|████████▋ | 4640/5360 [07:09<01:15,  9.48it/s] 87%|████████▋ | 4642/5360 [07:09<01:13,  9.70it/s] 87%|████████▋ | 4643/5360 [07:09<01:14,  9.64it/s] 87%|████████▋ | 4645/5360 [07:09<01:11, 10.07it/s] 87%|████████▋ | 4646/5360 [07:10<01:12,  9.84it/s] 87%|████████▋ | 4648/5360 [07:10<01:07, 10.59it/s] 87%|████████▋ | 4650/5360 [07:10<01:11,  9.95it/s] 87%|████████▋ | 4651/5360 [07:10<01:11,  9.90it/s] 87%|████████▋ | 4653/5360 [07:10<01:12,  9.77it/s] 87%|████████▋ | 4655/5360 [07:10<01:11,  9.87it/s] 87%|████████▋ | 4657/5360 [07:11<01:10,  9.92it/s] 87%|████████▋ | 4658/5360 [07:11<01:12,  9.73it/s] 87%|████████▋ | 4660/5360 [07:11<01:08, 10.20it/s] 87%|████████▋ | 4662/5360 [07:11<01:10,  9.90it/s] 87%|████████▋ | 4663/5360 [07:11<01:10,  9.89it/s] 87%|████████▋ | 4664/5360 [07:11<01:10,  9.82it/s] 87%|████████▋ | 4665/5360 [07:11<01:11,  9.72it/s] 87%|████████▋ | 4666/5360 [07:12<01:11,  9.74it/s] 87%|████████▋ | 4667/5360 [07:12<01:11,  9.75it/s] 87%|████████▋ | 4668/5360 [07:12<01:10,  9.77it/s] 87%|████████▋ | 4669/5360 [07:12<01:12,  9.53it/s] 87%|████████▋ | 4671/5360 [07:12<01:11,  9.63it/s] 87%|████████▋ | 4673/5360 [07:12<01:04, 10.68it/s] 87%|████████▋ | 4675/5360 [07:12<01:05, 10.39it/s] 87%|████████▋ | 4677/5360 [07:13<01:11,  9.59it/s] 87%|████████▋ | 4679/5360 [07:13<01:08,  9.94it/s] 87%|████████▋ | 4681/5360 [07:13<01:09,  9.72it/s] 87%|████████▋ | 4682/5360 [07:13<01:09,  9.76it/s] 87%|████████▋ | 4684/5360 [07:13<01:08,  9.83it/s] 87%|████████▋ | 4685/5360 [07:14<01:08,  9.85it/s] 87%|████████▋ | 4687/5360 [07:14<01:08,  9.81it/s] 87%|████████▋ | 4689/5360 [07:14<01:01, 10.86it/s] 88%|████████▊ | 4691/5360 [07:14<01:04, 10.40it/s] 88%|████████▊ | 4693/5360 [07:14<01:02, 10.71it/s] 88%|████████▊ | 4695/5360 [07:14<01:02, 10.63it/s] 88%|████████▊ | 4697/5360 [07:15<01:00, 10.97it/s] 88%|████████▊ | 4699/5360 [07:15<01:02, 10.53it/s] 88%|████████▊ | 4701/5360 [07:15<01:04, 10.16it/s] 88%|████████▊ | 4703/5360 [07:15<01:01, 10.69it/s] 88%|████████▊ | 4705/5360 [07:15<01:05, 10.05it/s] 88%|████████▊ | 4707/5360 [07:16<01:01, 10.55it/s] 88%|████████▊ | 4709/5360 [07:16<01:06,  9.75it/s] 88%|████████▊ | 4711/5360 [07:16<01:13,  8.79it/s] 88%|████████▊ | 4712/5360 [07:16<01:14,  8.71it/s] 88%|████████▊ | 4713/5360 [07:16<01:15,  8.52it/s] 88%|████████▊ | 4715/5360 [07:17<01:09,  9.23it/s] 88%|████████▊ | 4716/5360 [07:17<01:10,  9.12it/s] 88%|████████▊ | 4717/5360 [07:17<01:09,  9.27it/s] 88%|████████▊ | 4719/5360 [07:17<01:05,  9.78it/s] 88%|████████▊ | 4721/5360 [07:17<01:04,  9.95it/s] 88%|████████▊ | 4723/5360 [07:17<01:02, 10.19it/s] 88%|████████▊ | 4725/5360 [07:17<00:56, 11.22it/s] 88%|████████▊ | 4727/5360 [07:18<00:56, 11.12it/s] 88%|████████▊ | 4729/5360 [07:18<00:57, 10.94it/s] 88%|████████▊ | 4731/5360 [07:18<00:58, 10.66it/s] 88%|████████▊ | 4733/5360 [07:18<00:59, 10.56it/s] 88%|████████▊ | 4735/5360 [07:18<00:57, 10.96it/s] 88%|████████▊ | 4737/5360 [07:19<00:54, 11.37it/s] 88%|████████▊ | 4739/5360 [07:19<00:58, 10.59it/s] 88%|████████▊ | 4741/5360 [07:19<00:59, 10.41it/s] 88%|████████▊ | 4743/5360 [07:19<00:57, 10.73it/s] 89%|████████▊ | 4745/5360 [07:19<00:56, 10.82it/s] 89%|████████▊ | 4747/5360 [07:19<00:53, 11.40it/s] 89%|████████▊ | 4749/5360 [07:20<00:53, 11.33it/s] 89%|████████▊ | 4751/5360 [07:20<00:55, 11.01it/s] 89%|████████▊ | 4753/5360 [07:20<00:57, 10.62it/s] 89%|████████▊ | 4755/5360 [07:20<00:58, 10.29it/s] 89%|████████▉ | 4757/5360 [07:20<01:00,  9.95it/s] 89%|████████▉ | 4759/5360 [07:21<00:53, 11.27it/s] 89%|████████▉ | 4761/5360 [07:21<00:54, 11.01it/s] 89%|████████▉ | 4763/5360 [07:21<00:54, 10.97it/s] 89%|████████▉ | 4765/5360 [07:21<00:54, 10.95it/s] 89%|████████▉ | 4767/5360 [07:21<00:52, 11.38it/s] 89%|████████▉ | 4769/5360 [07:22<00:52, 11.17it/s] 89%|████████▉ | 4771/5360 [07:22<00:49, 11.87it/s] 89%|████████▉ | 4773/5360 [07:22<00:51, 11.39it/s] 89%|████████▉ | 4775/5360 [07:22<00:52, 11.21it/s] 89%|████████▉ | 4777/5360 [07:22<00:53, 10.87it/s] 89%|████████▉ | 4779/5360 [07:22<00:53, 10.82it/s] 89%|████████▉ | 4781/5360 [07:23<00:50, 11.50it/s] 89%|████████▉ | 4783/5360 [07:23<00:49, 11.65it/s] 89%|████████▉ | 4785/5360 [07:23<00:50, 11.39it/s] 89%|████████▉ | 4787/5360 [07:23<00:51, 11.13it/s] 89%|████████▉ | 4789/5360 [07:23<00:49, 11.55it/s] 89%|████████▉ | 4791/5360 [07:23<00:48, 11.71it/s] 89%|████████▉ | 4793/5360 [07:24<00:45, 12.56it/s] 89%|████████▉ | 4795/5360 [07:24<00:49, 11.52it/s] 89%|████████▉ | 4797/5360 [07:24<00:51, 11.00it/s] 90%|████████▉ | 4799/5360 [07:24<00:52, 10.73it/s] 90%|████████▉ | 4801/5360 [07:24<00:49, 11.22it/s] 90%|████████▉ | 4803/5360 [07:25<00:51, 10.75it/s] 90%|████████▉ | 4805/5360 [07:25<00:50, 11.05it/s] 90%|████████▉ | 4807/5360 [07:25<00:50, 11.03it/s] 90%|████████▉ | 4809/5360 [07:25<00:50, 10.85it/s] 90%|████████▉ | 4811/5360 [07:25<00:52, 10.52it/s] 90%|████████▉ | 4813/5360 [07:25<00:52, 10.46it/s] 90%|████████▉ | 4815/5360 [07:26<00:53, 10.23it/s] 90%|████████▉ | 4817/5360 [07:26<00:54,  9.99it/s] 90%|████████▉ | 4819/5360 [07:26<00:52, 10.35it/s] 90%|████████▉ | 4821/5360 [07:26<00:52, 10.19it/s] 90%|████████▉ | 4823/5360 [07:26<00:52, 10.28it/s] 90%|█████████ | 4825/5360 [07:27<00:52, 10.22it/s] 90%|█████████ | 4827/5360 [07:27<00:48, 11.04it/s] 90%|█████████ | 4829/5360 [07:27<00:54,  9.77it/s] 90%|█████████ | 4831/5360 [07:27<00:54,  9.76it/s] 90%|█████████ | 4833/5360 [07:27<00:50, 10.51it/s] 90%|█████████ | 4835/5360 [07:28<00:51, 10.15it/s] 90%|█████████ | 4837/5360 [07:28<00:52,  9.98it/s] 90%|█████████ | 4839/5360 [07:28<00:51, 10.19it/s] 90%|█████████ | 4841/5360 [07:28<00:54,  9.57it/s] 90%|█████████ | 4843/5360 [07:28<00:53,  9.74it/s] 90%|█████████ | 4844/5360 [07:29<00:54,  9.52it/s] 90%|█████████ | 4845/5360 [07:29<00:59,  8.69it/s] 90%|█████████ | 4847/5360 [07:29<00:54,  9.47it/s] 90%|█████████ | 4848/5360 [07:29<00:53,  9.56it/s] 90%|█████████ | 4849/5360 [07:29<00:54,  9.43it/s] 90%|█████████ | 4850/5360 [07:29<00:53,  9.53it/s] 91%|█████████ | 4851/5360 [07:29<00:52,  9.64it/s] 91%|█████████ | 4853/5360 [07:30<00:48, 10.56it/s] 91%|█████████ | 4855/5360 [07:30<00:49, 10.18it/s] 91%|█████████ | 4857/5360 [07:30<00:50,  9.93it/s] 91%|█████████ | 4858/5360 [07:30<00:51,  9.77it/s] 91%|█████████ | 4859/5360 [07:30<00:51,  9.76it/s] 91%|█████████ | 4861/5360 [07:30<00:46, 10.70it/s] 91%|█████████ | 4863/5360 [07:30<00:47, 10.55it/s] 91%|█████████ | 4865/5360 [07:31<00:45, 10.95it/s] 91%|█████████ | 4867/5360 [07:31<00:48, 10.19it/s] 91%|█████████ | 4869/5360 [07:31<00:47, 10.24it/s] 91%|█████████ | 4871/5360 [07:31<00:47, 10.27it/s] 91%|█████████ | 4873/5360 [07:31<00:47, 10.25it/s] 91%|█████████ | 4875/5360 [07:32<00:47, 10.12it/s] 91%|█████████ | 4877/5360 [07:32<00:47, 10.23it/s] 91%|█████████ | 4879/5360 [07:32<00:47, 10.17it/s] 91%|█████████ | 4881/5360 [07:32<00:44, 10.65it/s] 91%|█████████ | 4883/5360 [07:32<00:44, 10.77it/s] 91%|█████████ | 4885/5360 [07:33<00:44, 10.68it/s] 91%|█████████ | 4887/5360 [07:33<00:45, 10.39it/s] 91%|█████████ | 4889/5360 [07:33<00:46, 10.22it/s] 91%|█████████▏| 4891/5360 [07:33<00:45, 10.36it/s] 91%|█████████▏| 4893/5360 [07:33<00:41, 11.30it/s] 91%|█████████▏| 4895/5360 [07:34<00:42, 10.88it/s] 91%|█████████▏| 4897/5360 [07:34<00:42, 10.81it/s] 91%|█████████▏| 4899/5360 [07:34<00:40, 11.25it/s] 91%|█████████▏| 4901/5360 [07:34<00:42, 10.72it/s] 91%|█████████▏| 4903/5360 [07:34<00:43, 10.46it/s] 92%|█████████▏| 4905/5360 [07:34<00:43, 10.47it/s] 92%|█████████▏| 4907/5360 [07:35<00:42, 10.58it/s] 92%|█████████▏| 4909/5360 [07:35<00:44, 10.04it/s] 92%|█████████▏| 4911/5360 [07:35<00:46,  9.64it/s] 92%|█████████▏| 4912/5360 [07:35<00:48,  9.22it/s] 92%|█████████▏| 4913/5360 [07:35<00:47,  9.34it/s] 92%|█████████▏| 4915/5360 [07:36<00:46,  9.59it/s] 92%|█████████▏| 4916/5360 [07:36<00:47,  9.42it/s] 92%|█████████▏| 4918/5360 [07:36<00:42, 10.43it/s] 92%|█████████▏| 4920/5360 [07:36<00:44,  9.98it/s] 92%|█████████▏| 4922/5360 [07:36<00:44,  9.82it/s] 92%|█████████▏| 4924/5360 [07:36<00:44,  9.87it/s] 92%|█████████▏| 4925/5360 [07:37<00:45,  9.60it/s] 92%|█████████▏| 4926/5360 [07:37<00:45,  9.64it/s] 92%|█████████▏| 4928/5360 [07:37<00:40, 10.62it/s] 92%|█████████▏| 4930/5360 [07:37<00:41, 10.35it/s] 92%|█████████▏| 4932/5360 [07:37<00:39, 10.74it/s] 92%|█████████▏| 4934/5360 [07:37<00:41, 10.25it/s] 92%|█████████▏| 4936/5360 [07:38<00:39, 10.84it/s] 92%|█████████▏| 4938/5360 [07:38<00:39, 10.75it/s] 92%|█████████▏| 4940/5360 [07:38<00:37, 11.06it/s] 92%|█████████▏| 4942/5360 [07:38<00:37, 11.27it/s] 92%|█████████▏| 4944/5360 [07:38<00:38, 10.94it/s] 92%|█████████▏| 4946/5360 [07:39<00:42,  9.85it/s] 92%|█████████▏| 4948/5360 [07:39<00:42,  9.79it/s] 92%|█████████▏| 4949/5360 [07:39<00:43,  9.50it/s] 92%|█████████▏| 4951/5360 [07:39<00:41,  9.75it/s] 92%|█████████▏| 4953/5360 [07:39<00:39, 10.33it/s] 92%|█████████▏| 4955/5360 [07:39<00:36, 11.05it/s] 92%|█████████▏| 4957/5360 [07:40<00:33, 12.05it/s] 93%|█████████▎| 4959/5360 [07:40<00:32, 12.18it/s] 93%|█████████▎| 4961/5360 [07:40<00:33, 11.98it/s] 93%|█████████▎| 4963/5360 [07:40<00:31, 12.64it/s] 93%|█████████▎| 4965/5360 [07:40<00:32, 12.06it/s] 93%|█████████▎| 4967/5360 [07:40<00:34, 11.27it/s] 93%|█████████▎| 4969/5360 [07:41<00:35, 10.97it/s] 93%|█████████▎| 4971/5360 [07:41<00:36, 10.70it/s] 93%|█████████▎| 4973/5360 [07:41<00:37, 10.33it/s] 93%|█████████▎| 4975/5360 [07:41<00:37, 10.23it/s] 93%|█████████▎| 4977/5360 [07:41<00:37, 10.22it/s] 93%|█████████▎| 4979/5360 [07:42<00:33, 11.40it/s] 93%|█████████▎| 4981/5360 [07:42<00:31, 11.88it/s] 93%|█████████▎| 4983/5360 [07:42<00:31, 11.92it/s] 93%|█████████▎| 4985/5360 [07:42<00:30, 12.32it/s] 93%|█████████▎| 4987/5360 [07:42<00:29, 12.76it/s] 93%|█████████▎| 4989/5360 [07:42<00:28, 13.14it/s] 93%|█████████▎| 4991/5360 [07:42<00:28, 13.11it/s] 93%|█████████▎| 4993/5360 [07:43<00:28, 13.03it/s] 93%|█████████▎| 4995/5360 [07:43<00:29, 12.41it/s] 93%|█████████▎| 4997/5360 [07:43<00:28, 12.64it/s] 93%|█████████▎| 4999/5360 [07:43<00:31, 11.63it/s] 93%|█████████▎| 5001/5360 [07:43<00:29, 12.10it/s] 93%|█████████▎| 5003/5360 [07:43<00:31, 11.47it/s] 93%|█████████▎| 5005/5360 [07:44<00:31, 11.34it/s] 93%|█████████▎| 5007/5360 [07:44<00:31, 11.33it/s] 93%|█████████▎| 5009/5360 [07:44<00:30, 11.32it/s] 93%|█████████▎| 5011/5360 [07:44<00:30, 11.40it/s] 94%|█████████▎| 5013/5360 [07:44<00:31, 11.09it/s] 94%|█████████▎| 5015/5360 [07:45<00:30, 11.27it/s] 94%|█████████▎| 5017/5360 [07:45<00:29, 11.80it/s] 94%|█████████▎| 5019/5360 [07:45<00:28, 12.03it/s] 94%|█████████▎| 5021/5360 [07:45<00:29, 11.59it/s] 94%|█████████▎| 5023/5360 [07:45<00:30, 11.21it/s] 94%|█████████▍| 5025/5360 [07:45<00:29, 11.20it/s] 94%|█████████▍| 5027/5360 [07:46<00:29, 11.39it/s] 94%|█████████▍| 5029/5360 [07:46<00:29, 11.36it/s] 94%|█████████▍| 5031/5360 [07:46<00:28, 11.74it/s] 94%|█████████▍| 5033/5360 [07:46<00:29, 11.24it/s] 94%|█████████▍| 5035/5360 [07:46<00:29, 11.11it/s] 94%|█████████▍| 5037/5360 [07:46<00:28, 11.50it/s] 94%|█████████▍| 5039/5360 [07:47<00:27, 11.65it/s] 94%|█████████▍| 5041/5360 [07:47<00:28, 11.14it/s] 94%|█████████▍| 5043/5360 [07:47<00:29, 10.83it/s] 94%|█████████▍| 5045/5360 [07:47<00:29, 10.58it/s] 94%|█████████▍| 5047/5360 [07:47<00:30, 10.28it/s] 94%|█████████▍| 5049/5360 [07:48<00:31, 10.03it/s] 94%|█████████▍| 5051/5360 [07:48<00:28, 10.86it/s] 94%|█████████▍| 5053/5360 [07:48<00:29, 10.42it/s] 94%|█████████▍| 5055/5360 [07:48<00:29, 10.41it/s] 94%|█████████▍| 5057/5360 [07:48<00:30, 10.00it/s] 94%|█████████▍| 5059/5360 [07:49<00:30,  9.82it/s] 94%|█████████▍| 5060/5360 [07:49<00:30,  9.77it/s] 94%|█████████▍| 5062/5360 [07:49<00:31,  9.39it/s] 94%|█████████▍| 5063/5360 [07:49<00:31,  9.44it/s] 94%|█████████▍| 5064/5360 [07:49<00:31,  9.45it/s] 94%|█████████▍| 5065/5360 [07:49<00:31,  9.50it/s] 95%|█████████▍| 5066/5360 [07:49<00:30,  9.55it/s] 95%|█████████▍| 5068/5360 [07:50<00:30,  9.47it/s] 95%|█████████▍| 5069/5360 [07:50<00:30,  9.57it/s] 95%|█████████▍| 5070/5360 [07:50<00:30,  9.58it/s] 95%|█████████▍| 5071/5360 [07:50<00:30,  9.51it/s] 95%|█████████▍| 5073/5360 [07:50<00:29,  9.71it/s] 95%|█████████▍| 5074/5360 [07:50<00:29,  9.58it/s] 95%|█████████▍| 5076/5360 [07:50<00:28, 10.01it/s] 95%|█████████▍| 5077/5360 [07:50<00:28,  9.93it/s] 95%|█████████▍| 5079/5360 [07:51<00:26, 10.58it/s] 95%|█████████▍| 5081/5360 [07:51<00:25, 10.76it/s] 95%|█████████▍| 5083/5360 [07:51<00:25, 10.66it/s] 95%|█████████▍| 5085/5360 [07:51<00:23, 11.60it/s] 95%|█████████▍| 5087/5360 [07:51<00:24, 11.18it/s] 95%|█████████▍| 5089/5360 [07:52<00:25, 10.74it/s] 95%|█████████▍| 5091/5360 [07:52<00:23, 11.42it/s] 95%|█████████▌| 5093/5360 [07:52<00:26, 10.15it/s] 95%|█████████▌| 5095/5360 [07:52<00:27,  9.78it/s] 95%|█████████▌| 5097/5360 [07:52<00:26,  9.81it/s] 95%|█████████▌| 5099/5360 [07:53<00:28,  9.02it/s] 95%|█████████▌| 5101/5360 [07:53<00:25,  9.98it/s] 95%|█████████▌| 5103/5360 [07:53<00:25,  9.89it/s] 95%|█████████▌| 5105/5360 [07:53<00:26,  9.74it/s] 95%|█████████▌| 5107/5360 [07:53<00:23, 10.71it/s] 95%|█████████▌| 5109/5360 [07:54<00:23, 10.65it/s] 95%|█████████▌| 5111/5360 [07:54<00:23, 10.80it/s] 95%|█████████▌| 5113/5360 [07:54<00:23, 10.44it/s] 95%|█████████▌| 5115/5360 [07:54<00:24, 10.20it/s] 95%|█████████▌| 5117/5360 [07:54<00:24,  9.83it/s] 96%|█████████▌| 5119/5360 [07:55<00:23, 10.37it/s] 96%|█████████▌| 5121/5360 [07:55<00:22, 10.69it/s] 96%|█████████▌| 5123/5360 [07:55<00:21, 10.83it/s] 96%|█████████▌| 5125/5360 [07:55<00:21, 11.19it/s] 96%|█████████▌| 5127/5360 [07:55<00:22, 10.54it/s] 96%|█████████▌| 5129/5360 [07:55<00:20, 11.07it/s] 96%|█████████▌| 5131/5360 [07:56<00:21, 10.47it/s] 96%|█████████▌| 5133/5360 [07:56<00:20, 10.90it/s] 96%|█████████▌| 5135/5360 [07:56<00:21, 10.38it/s] 96%|█████████▌| 5137/5360 [07:56<00:19, 11.24it/s] 96%|█████████▌| 5139/5360 [07:56<00:19, 11.31it/s] 96%|█████████▌| 5141/5360 [07:56<00:19, 11.19it/s] 96%|█████████▌| 5143/5360 [07:57<00:19, 10.86it/s] 96%|█████████▌| 5145/5360 [07:57<00:19, 11.07it/s] 96%|█████████▌| 5147/5360 [07:57<00:18, 11.22it/s] 96%|█████████▌| 5149/5360 [07:57<00:19, 11.09it/s] 96%|█████████▌| 5151/5360 [07:57<00:19, 10.75it/s] 96%|█████████▌| 5153/5360 [07:58<00:19, 10.48it/s] 96%|█████████▌| 5155/5360 [07:58<00:18, 11.09it/s] 96%|█████████▌| 5157/5360 [07:58<00:18, 10.92it/s] 96%|█████████▋| 5159/5360 [07:58<00:19, 10.57it/s] 96%|█████████▋| 5161/5360 [07:58<00:19, 10.24it/s] 96%|█████████▋| 5163/5360 [07:59<00:19, 10.03it/s] 96%|█████████▋| 5165/5360 [07:59<00:18, 10.80it/s] 96%|█████████▋| 5167/5360 [07:59<00:18, 10.47it/s] 96%|█████████▋| 5169/5360 [07:59<00:18, 10.32it/s] 96%|█████████▋| 5171/5360 [07:59<00:19,  9.86it/s] 97%|█████████▋| 5173/5360 [08:00<00:19,  9.79it/s] 97%|█████████▋| 5174/5360 [08:00<00:19,  9.58it/s] 97%|█████████▋| 5176/5360 [08:00<00:17, 10.55it/s] 97%|█████████▋| 5178/5360 [08:00<00:17, 10.49it/s] 97%|█████████▋| 5180/5360 [08:00<00:17, 10.19it/s] 97%|█████████▋| 5182/5360 [08:00<00:17, 10.13it/s] 97%|█████████▋| 5184/5360 [08:01<00:16, 10.69it/s] 97%|█████████▋| 5186/5360 [08:01<00:17, 10.22it/s] 97%|█████████▋| 5188/5360 [08:01<00:16, 10.63it/s] 97%|█████████▋| 5190/5360 [08:01<00:14, 11.37it/s] 97%|█████████▋| 5192/5360 [08:01<00:15, 10.80it/s] 97%|█████████▋| 5194/5360 [08:02<00:15, 10.41it/s] 97%|█████████▋| 5196/5360 [08:02<00:16, 10.01it/s] 97%|█████████▋| 5198/5360 [08:02<00:16,  9.90it/s] 97%|█████████▋| 5200/5360 [08:02<00:15, 10.48it/s] 97%|█████████▋| 5202/5360 [08:02<00:14, 10.86it/s] 97%|█████████▋| 5204/5360 [08:03<00:15, 10.02it/s] 97%|█████████▋| 5206/5360 [08:03<00:15,  9.87it/s] 97%|█████████▋| 5208/5360 [08:03<00:15, 10.09it/s] 97%|█████████▋| 5210/5360 [08:03<00:13, 11.24it/s] 97%|█████████▋| 5212/5360 [08:03<00:12, 12.26it/s] 97%|█████████▋| 5214/5360 [08:03<00:12, 12.09it/s] 97%|█████████▋| 5216/5360 [08:04<00:11, 12.45it/s] 97%|█████████▋| 5218/5360 [08:04<00:11, 12.61it/s] 97%|█████████▋| 5220/5360 [08:04<00:11, 12.27it/s] 97%|█████████▋| 5222/5360 [08:04<00:11, 11.91it/s] 97%|█████████▋| 5224/5360 [08:04<00:12, 11.03it/s] 98%|█████████▊| 5226/5360 [08:04<00:12, 11.04it/s] 98%|█████████▊| 5228/5360 [08:05<00:12, 10.32it/s] 98%|█████████▊| 5230/5360 [08:05<00:11, 10.93it/s] 98%|█████████▊| 5232/5360 [08:05<00:11, 11.56it/s] 98%|█████████▊| 5234/5360 [08:05<00:10, 11.57it/s] 98%|█████████▊| 5236/5360 [08:05<00:10, 11.79it/s] 98%|█████████▊| 5238/5360 [08:05<00:10, 11.90it/s] 98%|█████████▊| 5240/5360 [08:06<00:09, 12.50it/s] 98%|█████████▊| 5242/5360 [08:06<00:09, 12.31it/s] 98%|█████████▊| 5244/5360 [08:06<00:10, 11.48it/s] 98%|█████████▊| 5246/5360 [08:06<00:10, 11.26it/s] 98%|█████████▊| 5248/5360 [08:06<00:10, 11.08it/s] 98%|█████████▊| 5250/5360 [08:07<00:09, 11.50it/s] 98%|█████████▊| 5252/5360 [08:07<00:09, 11.31it/s] 98%|█████████▊| 5254/5360 [08:07<00:08, 12.09it/s] 98%|█████████▊| 5256/5360 [08:07<00:08, 11.75it/s] 98%|█████████▊| 5258/5360 [08:07<00:08, 11.78it/s] 98%|█████████▊| 5260/5360 [08:07<00:08, 12.02it/s] 98%|█████████▊| 5262/5360 [08:08<00:08, 11.75it/s] 98%|█████████▊| 5264/5360 [08:08<00:08, 11.59it/s] 98%|█████████▊| 5266/5360 [08:08<00:08, 11.27it/s] 98%|█████████▊| 5268/5360 [08:08<00:07, 11.85it/s] 98%|█████████▊| 5270/5360 [08:08<00:08, 11.22it/s] 98%|█████████▊| 5272/5360 [08:08<00:07, 11.34it/s] 98%|█████████▊| 5274/5360 [08:09<00:07, 11.71it/s] 98%|█████████▊| 5276/5360 [08:09<00:08, 10.39it/s] 98%|█████████▊| 5278/5360 [08:09<00:07, 10.97it/s] 99%|█████████▊| 5280/5360 [08:09<00:07, 10.82it/s] 99%|█████████▊| 5282/5360 [08:09<00:07, 10.48it/s] 99%|█████████▊| 5284/5360 [08:10<00:06, 10.92it/s] 99%|█████████▊| 5286/5360 [08:10<00:06, 10.73it/s] 99%|█████████▊| 5288/5360 [08:10<00:06, 10.47it/s] 99%|█████████▊| 5290/5360 [08:10<00:06, 10.30it/s] 99%|█████████▊| 5292/5360 [08:10<00:06, 10.79it/s] 99%|█████████▉| 5294/5360 [08:10<00:06, 10.36it/s] 99%|█████████▉| 5296/5360 [08:11<00:06, 10.06it/s] 99%|█████████▉| 5298/5360 [08:11<00:06,  9.60it/s] 99%|█████████▉| 5299/5360 [08:11<00:06,  9.67it/s] 99%|█████████▉| 5300/5360 [08:11<00:06,  9.50it/s] 99%|█████████▉| 5302/5360 [08:11<00:05,  9.67it/s] 99%|█████████▉| 5303/5360 [08:11<00:05,  9.59it/s] 99%|█████████▉| 5304/5360 [08:12<00:05,  9.59it/s] 99%|█████████▉| 5305/5360 [08:12<00:05,  9.56it/s] 99%|█████████▉| 5306/5360 [08:12<00:05,  9.27it/s] 99%|█████████▉| 5307/5360 [08:12<00:05,  9.08it/s] 99%|█████████▉| 5308/5360 [08:12<00:05,  9.02it/s] 99%|█████████▉| 5309/5360 [08:12<00:05,  8.74it/s] 99%|█████████▉| 5310/5360 [08:12<00:05,  8.70it/s] 99%|█████████▉| 5311/5360 [08:12<00:05,  8.46it/s] 99%|█████████▉| 5312/5360 [08:13<00:05,  8.27it/s] 99%|█████████▉| 5313/5360 [08:13<00:05,  8.38it/s] 99%|█████████▉| 5315/5360 [08:13<00:05,  8.53it/s] 99%|█████████▉| 5316/5360 [08:13<00:05,  8.72it/s] 99%|█████████▉| 5317/5360 [08:13<00:05,  8.51it/s] 99%|█████████▉| 5318/5360 [08:13<00:05,  8.37it/s] 99%|█████████▉| 5319/5360 [08:13<00:05,  8.00it/s] 99%|█████████▉| 5320/5360 [08:13<00:04,  8.11it/s] 99%|█████████▉| 5321/5360 [08:14<00:04,  8.40it/s] 99%|█████████▉| 5322/5360 [08:14<00:04,  8.22it/s] 99%|█████████▉| 5323/5360 [08:14<00:04,  7.99it/s] 99%|█████████▉| 5324/5360 [08:14<00:04,  7.81it/s] 99%|█████████▉| 5325/5360 [08:14<00:04,  7.95it/s] 99%|█████████▉| 5326/5360 [08:14<00:04,  8.22it/s] 99%|█████████▉| 5327/5360 [08:14<00:03,  8.43it/s] 99%|█████████▉| 5329/5360 [08:15<00:03,  8.77it/s] 99%|█████████▉| 5331/5360 [08:15<00:03,  9.59it/s] 99%|█████████▉| 5332/5360 [08:15<00:03,  8.71it/s] 99%|█████████▉| 5333/5360 [08:15<00:03,  8.81it/s]100%|█████████▉| 5334/5360 [08:15<00:02,  8.77it/s]100%|█████████▉| 5335/5360 [08:15<00:02,  8.77it/s]100%|█████████▉| 5336/5360 [08:15<00:02,  8.70it/s]100%|█████████▉| 5337/5360 [08:15<00:02,  8.85it/s]100%|█████████▉| 5338/5360 [08:16<00:02,  8.95it/s]100%|█████████▉| 5339/5360 [08:16<00:02,  8.61it/s]100%|█████████▉| 5340/5360 [08:16<00:02,  7.94it/s]100%|█████████▉| 5341/5360 [08:16<00:02,  7.76it/s]100%|█████████▉| 5342/5360 [08:16<00:02,  7.18it/s]100%|█████████▉| 5343/5360 [08:16<00:02,  7.13it/s]100%|█████████▉| 5344/5360 [08:16<00:02,  7.07it/s]100%|█████████▉| 5345/5360 [08:17<00:02,  7.15it/s]100%|█████████▉| 5347/5360 [08:17<00:01,  8.11it/s]100%|█████████▉| 5348/5360 [08:17<00:01,  8.40it/s]100%|█████████▉| 5350/5360 [08:17<00:01,  9.36it/s]100%|█████████▉| 5351/5360 [08:17<00:00,  9.12it/s]100%|█████████▉| 5353/5360 [08:17<00:00, 10.00it/s]100%|█████████▉| 5354/5360 [08:17<00:00,  9.48it/s]100%|█████████▉| 5356/5360 [08:18<00:00,  9.82it/s]100%|█████████▉| 5358/5360 [08:18<00:00, 10.22it/s]100%|██████████| 5360/5360 [08:18<00:00, 10.38it/s]100%|██████████| 5360/5360 [08:18<00:00, 10.75it/s]
Loading data to RAM
  0%|          | 0/5362 [00:00<?, ?it/s]  0%|          | 1/5362 [00:00<18:15,  4.89it/s]  0%|          | 5/5362 [00:00<04:54, 18.16it/s]  0%|          | 23/5362 [00:00<01:13, 72.20it/s]  1%|          | 56/5362 [00:00<00:38, 136.20it/s]  2%|▏         | 85/5362 [00:00<00:29, 177.36it/s]  2%|▏         | 104/5362 [00:00<00:32, 160.42it/s]  2%|▏         | 130/5362 [00:00<00:27, 187.03it/s]  3%|▎         | 153/5362 [00:01<00:27, 191.42it/s]  3%|▎         | 178/5362 [00:01<00:26, 197.45it/s]  4%|▍         | 210/5362 [00:01<00:22, 228.39it/s]  4%|▍         | 235/5362 [00:01<00:22, 225.84it/s]  5%|▌         | 269/5362 [00:01<00:19, 255.78it/s]  6%|▌         | 301/5362 [00:01<00:19, 265.65it/s]  6%|▌         | 328/5362 [00:01<00:21, 233.06it/s]  7%|▋         | 361/5362 [00:01<00:19, 257.38it/s]  7%|▋         | 388/5362 [00:01<00:19, 255.07it/s]  8%|▊         | 415/5362 [00:02<00:19, 258.03it/s]  8%|▊         | 442/5362 [00:02<00:20, 239.93it/s]  9%|▉         | 478/5362 [00:02<00:18, 260.27it/s]  9%|▉         | 505/5362 [00:02<00:21, 228.03it/s] 10%|▉         | 529/5362 [00:02<00:21, 222.10it/s] 10%|█         | 552/5362 [00:02<00:23, 207.04it/s] 11%|█         | 592/5362 [00:02<00:18, 252.18it/s] 12%|█▏        | 619/5362 [00:02<00:21, 225.70it/s] 12%|█▏        | 643/5362 [00:03<00:23, 196.92it/s] 13%|█▎        | 674/5362 [00:03<00:21, 216.17it/s] 13%|█▎        | 714/5362 [00:03<00:19, 236.95it/s] 14%|█▍        | 755/5362 [00:03<00:17, 268.77it/s] 15%|█▍        | 785/5362 [00:03<00:17, 260.73it/s] 15%|█▌        | 817/5362 [00:03<00:17, 265.03it/s] 16%|█▌        | 844/5362 [00:03<00:17, 262.56it/s] 16%|█▋        | 883/5362 [00:03<00:16, 279.62it/s] 17%|█▋        | 925/5362 [00:04<00:14, 316.27it/s] 18%|█▊        | 959/5362 [00:04<00:14, 305.55it/s] 18%|█▊        | 991/5362 [00:04<00:16, 260.63it/s] 19%|█▉        | 1024/5362 [00:04<00:15, 277.32it/s] 20%|█▉        | 1058/5362 [00:04<00:14, 293.21it/s] 20%|██        | 1089/5362 [00:04<00:15, 282.92it/s] 21%|██        | 1122/5362 [00:04<00:14, 292.48it/s] 22%|██▏       | 1155/5362 [00:04<00:14, 296.21it/s] 22%|██▏       | 1203/5362 [00:05<00:12, 340.46it/s] 23%|██▎       | 1251/5362 [00:05<00:11, 362.23it/s] 24%|██▍       | 1288/5362 [00:05<00:14, 278.86it/s] 25%|██▍       | 1319/5362 [00:05<00:15, 268.95it/s] 25%|██▌       | 1348/5362 [00:05<00:15, 262.03it/s] 26%|██▌       | 1395/5362 [00:05<00:13, 304.60it/s] 27%|██▋       | 1435/5362 [00:05<00:12, 318.31it/s] 27%|██▋       | 1474/5362 [00:05<00:11, 331.20it/s] 28%|██▊       | 1509/5362 [00:06<00:11, 323.37it/s] 29%|██▉       | 1542/5362 [00:06<00:13, 291.25it/s] 30%|██▉       | 1582/5362 [00:06<00:12, 308.10it/s] 30%|███       | 1614/5362 [00:06<00:12, 306.44it/s] 31%|███       | 1655/5362 [00:06<00:11, 329.82it/s] 31%|███▏      | 1689/5362 [00:06<00:11, 325.77it/s] 32%|███▏      | 1738/5362 [00:06<00:09, 371.20it/s] 33%|███▎      | 1776/5362 [00:06<00:10, 341.73it/s] 34%|███▍      | 1812/5362 [00:06<00:10, 334.56it/s] 35%|███▍      | 1852/5362 [00:07<00:10, 346.36it/s] 35%|███▌      | 1893/5362 [00:07<00:09, 360.62it/s] 36%|███▌      | 1934/5362 [00:07<00:09, 352.38it/s] 37%|███▋      | 1982/5362 [00:07<00:08, 384.41it/s] 38%|███▊      | 2030/5362 [00:07<00:08, 400.74it/s] 39%|███▊      | 2071/5362 [00:07<00:09, 362.81it/s] 39%|███▉      | 2109/5362 [00:07<00:09, 356.74it/s] 40%|████      | 2146/5362 [00:07<00:09, 327.68it/s] 41%|████      | 2181/5362 [00:07<00:09, 332.23it/s] 41%|████▏     | 2223/5362 [00:08<00:09, 348.30it/s] 42%|████▏     | 2259/5362 [00:08<00:08, 346.71it/s] 43%|████▎     | 2296/5362 [00:08<00:08, 348.98it/s] 44%|████▎     | 2338/5362 [00:08<00:08, 365.08it/s] 44%|████▍     | 2375/5362 [00:08<00:08, 365.50it/s] 45%|████▍     | 2412/5362 [00:08<00:08, 352.23it/s] 46%|████▌     | 2459/5362 [00:08<00:07, 373.25it/s] 47%|████▋     | 2497/5362 [00:08<00:07, 367.93it/s] 47%|████▋     | 2540/5362 [00:08<00:07, 383.34it/s] 48%|████▊     | 2580/5362 [00:09<00:07, 385.17it/s] 49%|████▉     | 2619/5362 [00:09<00:07, 381.21it/s] 50%|████▉     | 2658/5362 [00:09<00:07, 370.41it/s] 50%|█████     | 2696/5362 [00:09<00:07, 346.01it/s] 51%|█████     | 2731/5362 [00:09<00:08, 327.32it/s] 52%|█████▏    | 2773/5362 [00:09<00:07, 352.30it/s] 52%|█████▏    | 2809/5362 [00:09<00:07, 345.16it/s] 53%|█████▎    | 2844/5362 [00:09<00:07, 315.85it/s] 54%|█████▎    | 2877/5362 [00:09<00:08, 308.87it/s] 54%|█████▍    | 2912/5362 [00:10<00:07, 307.53it/s] 55%|█████▍    | 2944/5362 [00:10<00:07, 308.61it/s] 56%|█████▌    | 2977/5362 [00:10<00:07, 303.23it/s] 56%|█████▌    | 3008/5362 [00:10<00:07, 301.01it/s] 57%|█████▋    | 3039/5362 [00:10<00:08, 273.81it/s] 57%|█████▋    | 3067/5362 [00:10<00:08, 261.93it/s] 58%|█████▊    | 3102/5362 [00:10<00:07, 285.22it/s] 59%|█████▊    | 3141/5362 [00:10<00:07, 293.55it/s] 59%|█████▉    | 3174/5362 [00:10<00:07, 298.57it/s] 60%|█████▉    | 3205/5362 [00:11<00:07, 299.05it/s] 60%|██████    | 3236/5362 [00:11<00:07, 283.28it/s] 61%|██████    | 3265/5362 [00:11<00:09, 226.36it/s] 61%|██████▏   | 3291/5362 [00:11<00:09, 229.47it/s] 62%|██████▏   | 3317/5362 [00:11<00:08, 233.89it/s] 62%|██████▏   | 3342/5362 [00:11<00:08, 232.80it/s] 63%|██████▎   | 3379/5362 [00:11<00:09, 212.18it/s] 64%|██████▎   | 3411/5362 [00:12<00:08, 227.27it/s] 64%|██████▍   | 3443/5362 [00:12<00:07, 247.03it/s] 65%|██████▍   | 3475/5362 [00:12<00:07, 239.48it/s] 65%|██████▌   | 3508/5362 [00:12<00:07, 260.92it/s] 66%|██████▌   | 3536/5362 [00:12<00:06, 264.53it/s] 66%|██████▋   | 3564/5362 [00:12<00:07, 231.55it/s] 67%|██████▋   | 3599/5362 [00:12<00:06, 258.16it/s] 68%|██████▊   | 3627/5362 [00:12<00:06, 249.99it/s] 68%|██████▊   | 3662/5362 [00:12<00:06, 273.83it/s] 69%|██████▉   | 3691/5362 [00:13<00:06, 276.40it/s] 69%|██████▉   | 3720/5362 [00:13<00:06, 248.67it/s] 70%|███████   | 3754/5362 [00:13<00:05, 270.82it/s] 71%|███████   | 3785/5362 [00:13<00:05, 280.58it/s] 71%|███████   | 3814/5362 [00:13<00:06, 241.77it/s] 72%|███████▏  | 3842/5362 [00:13<00:06, 245.90it/s] 72%|███████▏  | 3868/5362 [00:13<00:06, 228.87it/s] 73%|███████▎  | 3906/5362 [00:13<00:05, 260.06it/s] 73%|███████▎  | 3934/5362 [00:14<00:05, 264.00it/s] 74%|███████▍  | 3962/5362 [00:14<00:05, 254.79it/s] 74%|███████▍  | 3988/5362 [00:14<00:07, 189.24it/s] 75%|███████▍  | 4014/5362 [00:14<00:06, 203.20it/s] 76%|███████▌  | 4055/5362 [00:14<00:05, 248.85it/s] 76%|███████▌  | 4085/5362 [00:14<00:05, 254.12it/s] 77%|███████▋  | 4113/5362 [00:14<00:04, 250.39it/s] 77%|███████▋  | 4145/5362 [00:14<00:04, 264.91it/s] 78%|███████▊  | 4183/5362 [00:15<00:04, 289.18it/s] 79%|███████▊  | 4222/5362 [00:15<00:03, 294.85it/s] 79%|███████▉  | 4254/5362 [00:15<00:03, 298.23it/s] 80%|███████▉  | 4285/5362 [00:15<00:03, 279.18it/s] 80%|████████  | 4315/5362 [00:15<00:03, 282.03it/s] 81%|████████  | 4346/5362 [00:15<00:03, 288.34it/s] 82%|████████▏ | 4376/5362 [00:15<00:03, 279.66it/s] 82%|████████▏ | 4405/5362 [00:15<00:03, 263.61it/s] 83%|████████▎ | 4441/5362 [00:15<00:03, 281.61it/s] 83%|████████▎ | 4474/5362 [00:16<00:03, 257.46it/s] 84%|████████▍ | 4502/5362 [00:16<00:03, 253.35it/s] 84%|████████▍ | 4530/5362 [00:16<00:03, 255.15it/s] 85%|████████▍ | 4556/5362 [00:16<00:03, 236.69it/s] 86%|████████▌ | 4591/5362 [00:16<00:03, 256.20it/s] 86%|████████▌ | 4617/5362 [00:16<00:02, 256.79it/s] 87%|████████▋ | 4643/5362 [00:16<00:02, 254.92it/s] 87%|████████▋ | 4669/5362 [00:16<00:02, 251.37it/s] 88%|████████▊ | 4698/5362 [00:17<00:02, 254.78it/s] 88%|████████▊ | 4731/5362 [00:17<00:02, 270.79it/s] 89%|████████▉ | 4763/5362 [00:17<00:02, 278.59it/s] 89%|████████▉ | 4796/5362 [00:17<00:02, 279.73it/s] 90%|█████████ | 4836/5362 [00:17<00:01, 305.18it/s] 91%|█████████ | 4876/5362 [00:17<00:01, 315.55it/s] 92%|█████████▏| 4913/5362 [00:17<00:01, 313.45it/s] 92%|█████████▏| 4945/5362 [00:17<00:01, 300.55it/s] 93%|█████████▎| 4976/5362 [00:17<00:01, 298.35it/s] 93%|█████████▎| 5006/5362 [00:18<00:01, 295.45it/s] 94%|█████████▍| 5036/5362 [00:18<00:01, 272.86it/s] 95%|█████████▍| 5075/5362 [00:18<00:00, 297.74it/s] 95%|█████████▌| 5106/5362 [00:18<00:00, 291.44it/s] 96%|█████████▌| 5136/5362 [00:18<00:00, 278.67it/s] 96%|█████████▋| 5165/5362 [00:18<00:00, 273.42it/s] 97%|█████████▋| 5193/5362 [00:18<00:00, 264.46it/s] 97%|█████████▋| 5220/5362 [00:18<00:00, 211.64it/s] 98%|█████████▊| 5245/5362 [00:19<00:00, 209.31it/s] 98%|█████████▊| 5280/5362 [00:19<00:00, 237.71it/s] 99%|█████████▉| 5306/5362 [00:19<00:00, 243.12it/s] 99%|█████████▉| 5333/5362 [00:19<00:00, 248.90it/s]3388 Failed to open the input "/mnt/workspace/home/zhangjunan/audioldm_eval/audioldm_eval/test_musiccaps/audio/_fad_feature_cache.npy" (Invalid data found when processing input).
Exception raised from get_input_format_context at /__w/audio/audio/pytorch/audio/src/libtorio/ffmpeg/stream_reader/stream_reader.cpp:42 (most recent call first):
frame #0: c10::Error::Error(c10::SourceLocation, std::string) + 0x57 (0x7fc9f8acf897 in /mnt/workspace/home/zhangjunan/.env/vevo2/lib/python3.10/site-packages/torch/lib/libc10.so)
frame #1: c10::detail::torchCheckFail(char const*, char const*, unsigned int, std::string const&) + 0x64 (0x7fc9f8a7fb25 in /mnt/workspace/home/zhangjunan/.env/vevo2/lib/python3.10/site-packages/torch/lib/libc10.so)
frame #2: <unknown function> + 0x42334 (0x7fc8052a6334 in /mnt/workspace/home/zhangjunan/.env/vevo2/lib/python3.10/site-packages/torio/lib/libtorio_ffmpeg4.so)
frame #3: torio::io::StreamingMediaDecoder::StreamingMediaDecoder(std::string const&, std::optional<std::string> const&, std::optional<std::map<std::string, std::string, std::less<std::string>, std::allocator<std::pair<std::string const, std::string> > > > const&) + 0x14 (0x7fc8052a8d34 in /mnt/workspace/home/zhangjunan/.env/vevo2/lib/python3.10/site-packages/torio/lib/libtorio_ffmpeg4.so)
frame #4: <unknown function> + 0x3aa4e (0x7fc7f92e0a4e in /mnt/workspace/home/zhangjunan/.env/vevo2/lib/python3.10/site-packages/torio/lib/_torio_ffmpeg4.so)
frame #5: <unknown function> + 0x32617 (0x7fc7f92d8617 in /mnt/workspace/home/zhangjunan/.env/vevo2/lib/python3.10/site-packages/torio/lib/_torio_ffmpeg4.so)
frame #6: python() [0x4fdcf7]
<omitting python frames>
frame #8: python() [0x509eda]
frame #9: python() [0x507a4c]
frame #10: python() [0x4f77e6]
frame #11: <unknown function> + 0xf6cb (0x7fc98e7b76cb in /mnt/workspace/home/zhangjunan/.env/vevo2/lib/python3.10/site-packages/torchaudio/lib/_torchaudio.so)
frame #15: python() [0x5075b8]
frame #26: python() [0x543973]
frame #27: python() [0x5437d8]
frame #37: python() [0x509a7e]
frame #42: python() [0x5075b8]
frame #52: python() [0x5075b8]
frame #57: python() [0x532997]
frame #58: python() [0x5d01e9]
frame #61: python() [0x5117cf]

100%|██████████| 5362/5362 [00:19<00:00, 275.05it/s]
  0%|          | 0/5362 [00:00<?, ?it/s]  0%|          | 2/5362 [00:00<07:22, 12.11it/s]  0%|          | 4/5362 [00:00<08:08, 10.96it/s]  0%|          | 6/5362 [00:00<08:48, 10.14it/s]  0%|          | 8/5362 [00:00<08:01, 11.11it/s]  0%|          | 10/5362 [00:00<08:12, 10.87it/s]  0%|          | 12/5362 [00:01<07:31, 11.86it/s]  0%|          | 14/5362 [00:01<08:23, 10.62it/s]  0%|          | 16/5362 [00:01<08:48, 10.12it/s]  0%|          | 18/5362 [00:01<08:37, 10.32it/s]  0%|          | 20/5362 [00:01<09:06,  9.77it/s]  0%|          | 21/5362 [00:02<09:09,  9.73it/s]  0%|          | 22/5362 [00:02<09:12,  9.66it/s]  0%|          | 23/5362 [00:02<09:41,  9.19it/s]  0%|          | 24/5362 [00:02<09:55,  8.97it/s]  0%|          | 25/5362 [00:02<10:01,  8.87it/s]  1%|          | 27/5362 [00:02<09:41,  9.17it/s]  1%|          | 28/5362 [00:02<09:54,  8.97it/s]  1%|          | 30/5362 [00:02<08:42, 10.21it/s]  1%|          | 32/5362 [00:03<08:11, 10.83it/s]  1%|          | 34/5362 [00:03<07:59, 11.12it/s]  1%|          | 36/5362 [00:03<07:21, 12.06it/s]  1%|          | 38/5362 [00:03<07:05, 12.50it/s]  1%|          | 40/5362 [00:03<07:13, 12.29it/s]  1%|          | 42/5362 [00:03<07:07, 12.45it/s]  1%|          | 44/5362 [00:04<07:32, 11.76it/s]  1%|          | 46/5362 [00:04<07:22, 12.02it/s]  1%|          | 48/5362 [00:04<07:32, 11.74it/s]  1%|          | 50/5362 [00:04<07:27, 11.87it/s]  1%|          | 52/5362 [00:04<07:06, 12.45it/s]  1%|          | 54/5362 [00:04<07:48, 11.33it/s]  1%|          | 56/5362 [00:05<08:18, 10.65it/s]  1%|          | 58/5362 [00:05<08:47, 10.05it/s]  1%|          | 60/5362 [00:05<08:18, 10.64it/s]  1%|          | 62/5362 [00:05<07:32, 11.71it/s]  1%|          | 64/5362 [00:05<07:17, 12.12it/s]  1%|          | 66/5362 [00:06<07:34, 11.65it/s]  1%|▏         | 68/5362 [00:06<07:26, 11.85it/s]  1%|▏         | 70/5362 [00:06<07:38, 11.55it/s]  1%|▏         | 72/5362 [00:06<07:55, 11.12it/s]  1%|▏         | 74/5362 [00:06<07:28, 11.80it/s]  1%|▏         | 76/5362 [00:06<07:47, 11.31it/s]  1%|▏         | 78/5362 [00:07<07:25, 11.86it/s]  1%|▏         | 80/5362 [00:07<08:02, 10.95it/s]  2%|▏         | 82/5362 [00:07<08:07, 10.83it/s]  2%|▏         | 84/5362 [00:07<07:27, 11.79it/s]  2%|▏         | 86/5362 [00:07<07:36, 11.55it/s]  2%|▏         | 88/5362 [00:08<08:06, 10.85it/s]  2%|▏         | 90/5362 [00:08<07:35, 11.58it/s]  2%|▏         | 92/5362 [00:08<07:56, 11.05it/s]  2%|▏         | 94/5362 [00:08<07:43, 11.36it/s]  2%|▏         | 96/5362 [00:08<07:55, 11.07it/s]  2%|▏         | 98/5362 [00:08<08:01, 10.94it/s]  2%|▏         | 100/5362 [00:09<08:04, 10.85it/s]  2%|▏         | 102/5362 [00:09<08:45, 10.01it/s]  2%|▏         | 104/5362 [00:09<08:40, 10.10it/s]  2%|▏         | 106/5362 [00:09<08:39, 10.12it/s]  2%|▏         | 108/5362 [00:09<08:47,  9.96it/s]  2%|▏         | 110/5362 [00:10<08:15, 10.59it/s]  2%|▏         | 112/5362 [00:10<08:36, 10.16it/s]  2%|▏         | 114/5362 [00:10<08:09, 10.71it/s]  2%|▏         | 116/5362 [00:10<08:21, 10.47it/s]  2%|▏         | 118/5362 [00:10<08:28, 10.32it/s]  2%|▏         | 120/5362 [00:11<08:21, 10.45it/s]  2%|▏         | 122/5362 [00:11<08:40, 10.07it/s]  2%|▏         | 124/5362 [00:11<08:51,  9.85it/s]  2%|▏         | 125/5362 [00:11<08:56,  9.76it/s]  2%|▏         | 126/5362 [00:11<08:55,  9.78it/s]  2%|▏         | 127/5362 [00:11<09:02,  9.65it/s]  2%|▏         | 128/5362 [00:11<09:15,  9.43it/s]  2%|▏         | 129/5362 [00:12<09:15,  9.43it/s]  2%|▏         | 131/5362 [00:12<08:34, 10.17it/s]  2%|▏         | 132/5362 [00:12<09:40,  9.02it/s]  2%|▏         | 133/5362 [00:12<09:29,  9.17it/s]  2%|▏         | 134/5362 [00:12<09:21,  9.31it/s]  3%|▎         | 136/5362 [00:12<08:57,  9.72it/s]  3%|▎         | 138/5362 [00:12<08:45,  9.94it/s]  3%|▎         | 139/5362 [00:13<09:08,  9.51it/s]  3%|▎         | 140/5362 [00:13<09:05,  9.57it/s]  3%|▎         | 142/5362 [00:13<08:10, 10.64it/s]  3%|▎         | 144/5362 [00:13<08:50,  9.84it/s]  3%|▎         | 146/5362 [00:13<08:04, 10.77it/s]  3%|▎         | 148/5362 [00:13<08:40, 10.02it/s]  3%|▎         | 150/5362 [00:14<08:48,  9.86it/s]  3%|▎         | 152/5362 [00:14<09:08,  9.50it/s]  3%|▎         | 153/5362 [00:14<09:11,  9.44it/s]  3%|▎         | 154/5362 [00:14<09:08,  9.49it/s]  3%|▎         | 155/5362 [00:14<09:30,  9.13it/s]  3%|▎         | 157/5362 [00:14<08:36, 10.09it/s]  3%|▎         | 158/5362 [00:14<08:57,  9.68it/s]  3%|▎         | 160/5362 [00:15<08:44,  9.91it/s]  3%|▎         | 161/5362 [00:15<08:43,  9.93it/s]  3%|▎         | 163/5362 [00:15<08:20, 10.39it/s]  3%|▎         | 165/5362 [00:15<08:29, 10.20it/s]  3%|▎         | 167/5362 [00:15<08:42,  9.94it/s]  3%|▎         | 169/5362 [00:16<08:18, 10.41it/s]  3%|▎         | 171/5362 [00:16<08:55,  9.69it/s]  3%|▎         | 172/5362 [00:16<09:17,  9.32it/s]  3%|▎         | 173/5362 [00:16<09:30,  9.10it/s]  3%|▎         | 174/5362 [00:16<09:34,  9.04it/s]  3%|▎         | 175/5362 [00:16<09:57,  8.68it/s]  3%|▎         | 177/5362 [00:16<08:28, 10.19it/s]  3%|▎         | 179/5362 [00:17<09:19,  9.27it/s]  3%|▎         | 181/5362 [00:17<09:03,  9.53it/s]  3%|▎         | 183/5362 [00:17<08:26, 10.22it/s]  3%|▎         | 185/5362 [00:17<08:43,  9.89it/s]  3%|▎         | 187/5362 [00:17<08:43,  9.89it/s]  4%|▎         | 189/5362 [00:18<08:28, 10.18it/s]  4%|▎         | 191/5362 [00:18<08:27, 10.18it/s]  4%|▎         | 193/5362 [00:18<07:59, 10.77it/s]  4%|▎         | 195/5362 [00:18<08:22, 10.28it/s]  4%|▎         | 197/5362 [00:18<08:18, 10.36it/s]  4%|▎         | 199/5362 [00:19<08:35, 10.01it/s]  4%|▎         | 201/5362 [00:19<07:58, 10.79it/s]  4%|▍         | 203/5362 [00:19<07:28, 11.51it/s]  4%|▍         | 205/5362 [00:19<07:59, 10.75it/s]  4%|▍         | 207/5362 [00:19<08:02, 10.69it/s]  4%|▍         | 209/5362 [00:19<08:04, 10.63it/s]  4%|▍         | 211/5362 [00:20<08:16, 10.37it/s]  4%|▍         | 213/5362 [00:20<08:12, 10.46it/s]  4%|▍         | 215/5362 [00:20<08:30, 10.09it/s]  4%|▍         | 217/5362 [00:20<08:12, 10.46it/s]  4%|▍         | 219/5362 [00:20<08:07, 10.55it/s]  4%|▍         | 221/5362 [00:21<08:33, 10.00it/s]  4%|▍         | 223/5362 [00:21<08:15, 10.37it/s]  4%|▍         | 225/5362 [00:21<07:55, 10.81it/s]  4%|▍         | 227/5362 [00:21<07:35, 11.28it/s]  4%|▍         | 229/5362 [00:21<07:38, 11.19it/s]  4%|▍         | 231/5362 [00:22<07:25, 11.52it/s]  4%|▍         | 233/5362 [00:22<07:02, 12.14it/s]  4%|▍         | 235/5362 [00:22<07:00, 12.20it/s]  4%|▍         | 237/5362 [00:22<06:40, 12.79it/s]  4%|▍         | 239/5362 [00:22<06:49, 12.51it/s]  4%|▍         | 241/5362 [00:22<07:09, 11.93it/s]  5%|▍         | 243/5362 [00:23<07:46, 10.98it/s]  5%|▍         | 245/5362 [00:23<08:05, 10.53it/s]  5%|▍         | 247/5362 [00:23<08:34,  9.95it/s]  5%|▍         | 249/5362 [00:23<08:18, 10.25it/s]  5%|▍         | 251/5362 [00:23<08:48,  9.67it/s]  5%|▍         | 252/5362 [00:24<09:01,  9.44it/s]  5%|▍         | 254/5362 [00:24<08:50,  9.63it/s]  5%|▍         | 255/5362 [00:24<09:04,  9.39it/s]  5%|▍         | 257/5362 [00:24<08:07, 10.46it/s]  5%|▍         | 259/5362 [00:24<08:20, 10.20it/s]  5%|▍         | 261/5362 [00:24<08:16, 10.28it/s]  5%|▍         | 263/5362 [00:25<07:46, 10.93it/s]  5%|▍         | 265/5362 [00:25<08:14, 10.30it/s]  5%|▍         | 267/5362 [00:25<08:01, 10.59it/s]  5%|▌         | 269/5362 [00:25<08:10, 10.39it/s]  5%|▌         | 271/5362 [00:25<07:15, 11.68it/s]  5%|▌         | 273/5362 [00:25<07:16, 11.65it/s]  5%|▌         | 275/5362 [00:26<07:38, 11.09it/s]  5%|▌         | 277/5362 [00:26<07:19, 11.57it/s]  5%|▌         | 279/5362 [00:26<07:33, 11.20it/s]  5%|▌         | 281/5362 [00:26<07:11, 11.77it/s]  5%|▌         | 283/5362 [00:26<06:57, 12.17it/s]  5%|▌         | 285/5362 [00:26<07:21, 11.51it/s]  5%|▌         | 287/5362 [00:27<06:40, 12.68it/s]  5%|▌         | 289/5362 [00:27<06:51, 12.33it/s]  5%|▌         | 291/5362 [00:27<07:19, 11.53it/s]  5%|▌         | 293/5362 [00:27<07:43, 10.95it/s]  6%|▌         | 295/5362 [00:27<08:08, 10.37it/s]  6%|▌         | 297/5362 [00:28<07:58, 10.59it/s]  6%|▌         | 299/5362 [00:28<07:36, 11.09it/s]  6%|▌         | 301/5362 [00:28<07:44, 10.90it/s]  6%|▌         | 303/5362 [00:28<07:34, 11.13it/s]  6%|▌         | 305/5362 [00:28<07:49, 10.76it/s]  6%|▌         | 307/5362 [00:28<07:04, 11.90it/s]  6%|▌         | 309/5362 [00:29<07:03, 11.94it/s]  6%|▌         | 311/5362 [00:29<07:20, 11.48it/s]  6%|▌         | 313/5362 [00:29<07:12, 11.68it/s]  6%|▌         | 315/5362 [00:29<07:47, 10.80it/s]  6%|▌         | 317/5362 [00:29<07:14, 11.61it/s]  6%|▌         | 319/5362 [00:29<07:13, 11.63it/s]  6%|▌         | 321/5362 [00:30<06:55, 12.15it/s]  6%|▌         | 323/5362 [00:30<07:25, 11.32it/s]  6%|▌         | 325/5362 [00:30<07:07, 11.78it/s]  6%|▌         | 327/5362 [00:30<07:39, 10.96it/s]  6%|▌         | 329/5362 [00:30<07:44, 10.84it/s]  6%|▌         | 331/5362 [00:31<07:28, 11.21it/s]  6%|▌         | 333/5362 [00:31<07:49, 10.70it/s]  6%|▌         | 335/5362 [00:31<07:58, 10.50it/s]  6%|▋         | 337/5362 [00:31<08:10, 10.25it/s]  6%|▋         | 339/5362 [00:31<08:20, 10.04it/s]  6%|▋         | 341/5362 [00:32<08:08, 10.29it/s]  6%|▋         | 343/5362 [00:32<08:10, 10.23it/s]  6%|▋         | 345/5362 [00:32<07:36, 11.00it/s]  6%|▋         | 347/5362 [00:32<07:42, 10.83it/s]  7%|▋         | 349/5362 [00:32<07:55, 10.54it/s]  7%|▋         | 351/5362 [00:32<08:10, 10.22it/s]  7%|▋         | 353/5362 [00:33<07:36, 10.97it/s]  7%|▋         | 355/5362 [00:33<07:57, 10.48it/s]  7%|▋         | 357/5362 [00:33<08:08, 10.24it/s]  7%|▋         | 359/5362 [00:33<08:13, 10.13it/s]  7%|▋         | 361/5362 [00:33<07:57, 10.48it/s]  7%|▋         | 363/5362 [00:34<08:36,  9.68it/s]  7%|▋         | 365/5362 [00:34<08:20,  9.99it/s]  7%|▋         | 367/5362 [00:34<08:27,  9.85it/s]  7%|▋         | 368/5362 [00:34<08:27,  9.84it/s]  7%|▋         | 369/5362 [00:34<08:31,  9.75it/s]  7%|▋         | 370/5362 [00:34<08:35,  9.68it/s]  7%|▋         | 371/5362 [00:35<08:48,  9.44it/s]  7%|▋         | 373/5362 [00:35<08:38,  9.62it/s]  7%|▋         | 375/5362 [00:35<07:49, 10.62it/s]  7%|▋         | 377/5362 [00:35<08:07, 10.24it/s]  7%|▋         | 379/5362 [00:35<08:06, 10.24it/s]  7%|▋         | 381/5362 [00:36<08:32,  9.71it/s]  7%|▋         | 382/5362 [00:36<08:40,  9.56it/s]  7%|▋         | 383/5362 [00:36<09:02,  9.18it/s]  7%|▋         | 384/5362 [00:36<09:14,  8.98it/s]  7%|▋         | 385/5362 [00:36<10:09,  8.16it/s]  7%|▋         | 386/5362 [00:36<09:52,  8.40it/s]  7%|▋         | 387/5362 [00:36<09:53,  8.38it/s]  7%|▋         | 388/5362 [00:36<09:45,  8.49it/s]  7%|▋         | 389/5362 [00:36<09:29,  8.73it/s]  7%|▋         | 390/5362 [00:37<09:25,  8.79it/s]  7%|▋         | 392/5362 [00:37<09:19,  8.88it/s]  7%|▋         | 393/5362 [00:37<09:05,  9.11it/s]  7%|▋         | 395/5362 [00:37<08:31,  9.71it/s]  7%|▋         | 397/5362 [00:37<08:27,  9.79it/s]  7%|▋         | 399/5362 [00:37<08:17,  9.98it/s]  7%|▋         | 400/5362 [00:38<08:21,  9.89it/s]  7%|▋         | 402/5362 [00:38<08:20,  9.91it/s]  8%|▊         | 404/5362 [00:38<08:08, 10.16it/s]  8%|▊         | 406/5362 [00:38<08:18,  9.93it/s]  8%|▊         | 408/5362 [00:38<08:01, 10.28it/s]  8%|▊         | 410/5362 [00:39<08:00, 10.30it/s]  8%|▊         | 412/5362 [00:39<08:15,  9.99it/s]  8%|▊         | 414/5362 [00:39<07:57, 10.35it/s]  8%|▊         | 416/5362 [00:39<08:05, 10.20it/s]  8%|▊         | 418/5362 [00:39<08:04, 10.21it/s]  8%|▊         | 420/5362 [00:40<08:09, 10.10it/s]  8%|▊         | 422/5362 [00:40<08:11, 10.05it/s]  8%|▊         | 424/5362 [00:40<07:33, 10.88it/s]  8%|▊         | 426/5362 [00:40<08:09, 10.08it/s]  8%|▊         | 428/5362 [00:40<08:29,  9.69it/s]  8%|▊         | 430/5362 [00:41<08:11, 10.04it/s]  8%|▊         | 432/5362 [00:41<07:27, 11.01it/s]  8%|▊         | 434/5362 [00:41<07:07, 11.52it/s]  8%|▊         | 436/5362 [00:41<07:21, 11.17it/s]  8%|▊         | 438/5362 [00:41<07:34, 10.84it/s]  8%|▊         | 440/5362 [00:41<07:47, 10.53it/s]  8%|▊         | 442/5362 [00:42<08:00, 10.23it/s]  8%|▊         | 444/5362 [00:42<07:30, 10.91it/s]  8%|▊         | 446/5362 [00:42<07:27, 10.98it/s]  8%|▊         | 448/5362 [00:42<07:46, 10.53it/s]  8%|▊         | 450/5362 [00:42<08:09, 10.03it/s]  8%|▊         | 452/5362 [00:43<08:23,  9.75it/s]  8%|▊         | 453/5362 [00:43<08:29,  9.64it/s]  8%|▊         | 455/5362 [00:43<07:31, 10.87it/s]  9%|▊         | 457/5362 [00:43<07:36, 10.74it/s]  9%|▊         | 459/5362 [00:43<07:43, 10.58it/s]  9%|▊         | 461/5362 [00:43<07:14, 11.27it/s]  9%|▊         | 463/5362 [00:44<08:12,  9.95it/s]  9%|▊         | 465/5362 [00:44<08:12,  9.94it/s]  9%|▊         | 467/5362 [00:44<08:25,  9.68it/s]  9%|▊         | 469/5362 [00:44<07:46, 10.49it/s]  9%|▉         | 471/5362 [00:44<07:42, 10.57it/s]  9%|▉         | 473/5362 [00:45<07:53, 10.33it/s]  9%|▉         | 475/5362 [00:45<07:47, 10.45it/s]  9%|▉         | 477/5362 [00:45<07:45, 10.49it/s]  9%|▉         | 479/5362 [00:45<07:32, 10.80it/s]  9%|▉         | 481/5362 [00:45<07:41, 10.58it/s]  9%|▉         | 483/5362 [00:46<07:38, 10.64it/s]  9%|▉         | 485/5362 [00:46<07:27, 10.90it/s]  9%|▉         | 487/5362 [00:46<07:33, 10.76it/s]  9%|▉         | 489/5362 [00:46<07:38, 10.63it/s]  9%|▉         | 491/5362 [00:46<07:11, 11.29it/s]  9%|▉         | 493/5362 [00:46<06:37, 12.25it/s]  9%|▉         | 495/5362 [00:47<06:36, 12.27it/s]  9%|▉         | 497/5362 [00:47<06:59, 11.61it/s]  9%|▉         | 499/5362 [00:47<06:49, 11.86it/s]  9%|▉         | 501/5362 [00:47<06:51, 11.83it/s]  9%|▉         | 503/5362 [00:47<06:52, 11.79it/s]  9%|▉         | 505/5362 [00:47<06:39, 12.16it/s]  9%|▉         | 507/5362 [00:48<06:45, 11.98it/s]  9%|▉         | 509/5362 [00:48<06:30, 12.41it/s] 10%|▉         | 511/5362 [00:48<07:03, 11.45it/s] 10%|▉         | 513/5362 [00:48<07:25, 10.89it/s] 10%|▉         | 515/5362 [00:48<07:49, 10.33it/s] 10%|▉         | 517/5362 [00:49<07:41, 10.50it/s] 10%|▉         | 519/5362 [00:49<07:49, 10.31it/s] 10%|▉         | 521/5362 [00:49<07:47, 10.35it/s] 10%|▉         | 523/5362 [00:49<07:44, 10.41it/s] 10%|▉         | 525/5362 [00:49<07:39, 10.52it/s] 10%|▉         | 527/5362 [00:49<07:43, 10.43it/s] 10%|▉         | 529/5362 [00:50<07:18, 11.01it/s] 10%|▉         | 531/5362 [00:50<07:10, 11.22it/s] 10%|▉         | 533/5362 [00:50<07:41, 10.47it/s] 10%|▉         | 535/5362 [00:50<07:49, 10.29it/s] 10%|█         | 537/5362 [00:50<07:48, 10.30it/s] 10%|█         | 539/5362 [00:51<07:56, 10.11it/s] 10%|█         | 541/5362 [00:51<08:11,  9.80it/s] 10%|█         | 542/5362 [00:51<08:11,  9.81it/s] 10%|█         | 544/5362 [00:51<08:06,  9.90it/s] 10%|█         | 546/5362 [00:51<07:32, 10.65it/s] 10%|█         | 548/5362 [00:52<08:07,  9.88it/s] 10%|█         | 550/5362 [00:52<08:01,  9.98it/s] 10%|█         | 552/5362 [00:52<07:33, 10.62it/s] 10%|█         | 554/5362 [00:52<07:47, 10.28it/s] 10%|█         | 556/5362 [00:52<08:11,  9.77it/s] 10%|█         | 558/5362 [00:53<07:46, 10.30it/s] 10%|█         | 560/5362 [00:53<08:06,  9.87it/s] 10%|█         | 562/5362 [00:53<07:59, 10.01it/s] 11%|█         | 564/5362 [00:53<08:01,  9.97it/s] 11%|█         | 566/5362 [00:53<08:06,  9.86it/s] 11%|█         | 567/5362 [00:53<08:21,  9.57it/s] 11%|█         | 569/5362 [00:54<07:22, 10.83it/s] 11%|█         | 571/5362 [00:54<07:39, 10.43it/s] 11%|█         | 573/5362 [00:54<07:36, 10.49it/s] 11%|█         | 575/5362 [00:54<07:23, 10.80it/s] 11%|█         | 577/5362 [00:54<08:20,  9.56it/s] 11%|█         | 579/5362 [00:55<07:47, 10.23it/s] 11%|█         | 581/5362 [00:55<08:08,  9.79it/s] 11%|█         | 583/5362 [00:55<07:34, 10.52it/s] 11%|█         | 585/5362 [00:55<07:40, 10.38it/s] 11%|█         | 587/5362 [00:55<07:37, 10.43it/s] 11%|█         | 589/5362 [00:56<07:41, 10.33it/s] 11%|█         | 591/5362 [00:56<08:17,  9.58it/s] 11%|█         | 592/5362 [00:56<08:20,  9.53it/s] 11%|█         | 594/5362 [00:56<08:19,  9.55it/s] 11%|█         | 596/5362 [00:56<08:21,  9.50it/s] 11%|█         | 597/5362 [00:56<08:31,  9.31it/s] 11%|█         | 598/5362 [00:57<08:28,  9.36it/s] 11%|█         | 600/5362 [00:57<07:55, 10.01it/s] 11%|█         | 601/5362 [00:57<08:02,  9.87it/s] 11%|█         | 602/5362 [00:57<08:10,  9.71it/s] 11%|█▏        | 604/5362 [00:57<07:04, 11.21it/s] 11%|█▏        | 606/5362 [00:57<07:17, 10.88it/s] 11%|█▏        | 608/5362 [00:57<07:00, 11.30it/s] 11%|█▏        | 610/5362 [00:58<07:02, 11.24it/s] 11%|█▏        | 612/5362 [00:58<07:05, 11.17it/s] 11%|█▏        | 614/5362 [00:58<07:25, 10.66it/s] 11%|█▏        | 616/5362 [00:58<07:30, 10.53it/s] 12%|█▏        | 618/5362 [00:58<07:31, 10.50it/s] 12%|█▏        | 620/5362 [00:59<08:07,  9.73it/s] 12%|█▏        | 621/5362 [00:59<08:05,  9.77it/s] 12%|█▏        | 622/5362 [00:59<08:13,  9.60it/s] 12%|█▏        | 623/5362 [00:59<08:22,  9.42it/s] 12%|█▏        | 624/5362 [00:59<08:21,  9.44it/s] 12%|█▏        | 625/5362 [00:59<08:20,  9.47it/s] 12%|█▏        | 627/5362 [00:59<08:05,  9.76it/s] 12%|█▏        | 629/5362 [01:00<07:34, 10.41it/s] 12%|█▏        | 631/5362 [01:00<07:13, 10.90it/s] 12%|█▏        | 633/5362 [01:00<07:18, 10.78it/s] 12%|█▏        | 635/5362 [01:00<07:13, 10.90it/s] 12%|█▏        | 637/5362 [01:00<06:40, 11.79it/s] 12%|█▏        | 639/5362 [01:00<07:00, 11.23it/s] 12%|█▏        | 641/5362 [01:01<07:08, 11.03it/s] 12%|█▏        | 643/5362 [01:01<07:01, 11.20it/s] 12%|█▏        | 645/5362 [01:01<07:18, 10.77it/s] 12%|█▏        | 647/5362 [01:01<07:21, 10.67it/s] 12%|█▏        | 649/5362 [01:01<06:48, 11.55it/s] 12%|█▏        | 651/5362 [01:02<07:11, 10.92it/s] 12%|█▏        | 653/5362 [01:02<07:25, 10.56it/s] 12%|█▏        | 655/5362 [01:02<07:19, 10.71it/s] 12%|█▏        | 657/5362 [01:02<06:56, 11.30it/s] 12%|█▏        | 659/5362 [01:02<07:14, 10.82it/s] 12%|█▏        | 661/5362 [01:02<06:56, 11.28it/s] 12%|█▏        | 663/5362 [01:03<06:58, 11.24it/s] 12%|█▏        | 665/5362 [01:03<06:52, 11.39it/s] 12%|█▏        | 667/5362 [01:03<06:48, 11.50it/s] 12%|█▏        | 669/5362 [01:03<06:22, 12.26it/s] 13%|█▎        | 671/5362 [01:03<06:46, 11.55it/s] 13%|█▎        | 673/5362 [01:03<06:51, 11.40it/s] 13%|█▎        | 675/5362 [01:04<06:33, 11.90it/s] 13%|█▎        | 677/5362 [01:04<06:43, 11.61it/s] 13%|█▎        | 679/5362 [01:04<06:39, 11.71it/s] 13%|█▎        | 681/5362 [01:04<06:57, 11.21it/s] 13%|█▎        | 683/5362 [01:04<07:25, 10.51it/s] 13%|█▎        | 685/5362 [01:05<07:40, 10.16it/s] 13%|█▎        | 687/5362 [01:05<07:34, 10.29it/s] 13%|█▎        | 689/5362 [01:05<06:59, 11.13it/s] 13%|█▎        | 691/5362 [01:05<06:57, 11.18it/s] 13%|█▎        | 693/5362 [01:05<06:47, 11.46it/s] 13%|█▎        | 695/5362 [01:05<07:14, 10.75it/s] 13%|█▎        | 697/5362 [01:06<07:21, 10.58it/s] 13%|█▎        | 699/5362 [01:06<07:22, 10.54it/s] 13%|█▎        | 701/5362 [01:06<07:08, 10.87it/s] 13%|█▎        | 703/5362 [01:06<06:56, 11.18it/s] 13%|█▎        | 705/5362 [01:06<06:39, 11.67it/s] 13%|█▎        | 707/5362 [01:07<06:41, 11.60it/s] 13%|█▎        | 709/5362 [01:07<06:43, 11.54it/s] 13%|█▎        | 711/5362 [01:07<06:24, 12.08it/s] 13%|█▎        | 713/5362 [01:07<06:35, 11.75it/s] 13%|█▎        | 715/5362 [01:07<06:51, 11.28it/s] 13%|█▎        | 717/5362 [01:07<06:20, 12.20it/s] 13%|█▎        | 719/5362 [01:08<06:25, 12.05it/s] 13%|█▎        | 721/5362 [01:08<07:06, 10.88it/s] 13%|█▎        | 723/5362 [01:08<07:11, 10.75it/s] 14%|█▎        | 725/5362 [01:08<06:53, 11.22it/s] 14%|█▎        | 727/5362 [01:08<06:56, 11.13it/s] 14%|█▎        | 729/5362 [01:08<06:15, 12.35it/s] 14%|█▎        | 731/5362 [01:09<06:17, 12.26it/s] 14%|█▎        | 733/5362 [01:09<05:49, 13.23it/s] 14%|█▎        | 735/5362 [01:09<05:57, 12.95it/s] 14%|█▎        | 737/5362 [01:09<05:53, 13.07it/s] 14%|█▍        | 739/5362 [01:09<05:44, 13.43it/s] 14%|█▍        | 741/5362 [01:09<05:56, 12.98it/s] 14%|█▍        | 743/5362 [01:10<06:26, 11.96it/s] 14%|█▍        | 745/5362 [01:10<06:37, 11.63it/s] 14%|█▍        | 747/5362 [01:10<07:03, 10.89it/s] 14%|█▍        | 749/5362 [01:10<07:06, 10.83it/s] 14%|█▍        | 751/5362 [01:10<06:16, 12.24it/s] 14%|█▍        | 753/5362 [01:10<06:05, 12.61it/s] 14%|█▍        | 755/5362 [01:10<05:41, 13.48it/s] 14%|█▍        | 757/5362 [01:11<06:02, 12.69it/s] 14%|█▍        | 759/5362 [01:11<05:57, 12.86it/s] 14%|█▍        | 761/5362 [01:11<05:53, 13.03it/s] 14%|█▍        | 763/5362 [01:11<06:08, 12.50it/s] 14%|█▍        | 765/5362 [01:11<06:01, 12.70it/s] 14%|█▍        | 767/5362 [01:11<06:32, 11.70it/s] 14%|█▍        | 769/5362 [01:12<06:09, 12.41it/s] 14%|█▍        | 771/5362 [01:12<06:26, 11.87it/s] 14%|█▍        | 773/5362 [01:12<06:03, 12.62it/s] 14%|█▍        | 775/5362 [01:12<06:14, 12.24it/s] 14%|█▍        | 777/5362 [01:12<06:14, 12.23it/s] 15%|█▍        | 779/5362 [01:12<05:44, 13.30it/s] 15%|█▍        | 781/5362 [01:13<06:02, 12.63it/s] 15%|█▍        | 783/5362 [01:13<06:20, 12.05it/s] 15%|█▍        | 785/5362 [01:13<06:15, 12.20it/s] 15%|█▍        | 787/5362 [01:13<06:16, 12.15it/s] 15%|█▍        | 789/5362 [01:13<06:04, 12.53it/s] 15%|█▍        | 791/5362 [01:13<05:45, 13.24it/s] 15%|█▍        | 793/5362 [01:14<06:03, 12.56it/s] 15%|█▍        | 795/5362 [01:14<06:05, 12.50it/s] 15%|█▍        | 797/5362 [01:14<06:18, 12.06it/s] 15%|█▍        | 799/5362 [01:14<06:39, 11.43it/s] 15%|█▍        | 801/5362 [01:14<06:30, 11.67it/s] 15%|█▍        | 803/5362 [01:14<06:38, 11.44it/s] 15%|█▌        | 805/5362 [01:15<06:41, 11.36it/s] 15%|█▌        | 807/5362 [01:15<07:21, 10.33it/s] 15%|█▌        | 809/5362 [01:15<06:58, 10.88it/s] 15%|█▌        | 811/5362 [01:15<06:50, 11.09it/s] 15%|█▌        | 813/5362 [01:15<06:53, 11.01it/s] 15%|█▌        | 815/5362 [01:16<07:12, 10.52it/s] 15%|█▌        | 817/5362 [01:16<07:19, 10.34it/s] 15%|█▌        | 819/5362 [01:16<07:20, 10.31it/s] 15%|█▌        | 821/5362 [01:16<07:50,  9.66it/s] 15%|█▌        | 822/5362 [01:16<07:51,  9.63it/s] 15%|█▌        | 824/5362 [01:17<07:54,  9.57it/s] 15%|█▌        | 825/5362 [01:17<07:50,  9.63it/s] 15%|█▌        | 827/5362 [01:17<06:59, 10.81it/s] 15%|█▌        | 829/5362 [01:17<07:07, 10.61it/s] 15%|█▌        | 831/5362 [01:17<07:05, 10.66it/s] 16%|█▌        | 833/5362 [01:17<07:11, 10.49it/s] 16%|█▌        | 835/5362 [01:18<07:45,  9.73it/s] 16%|█▌        | 837/5362 [01:18<07:40,  9.82it/s] 16%|█▌        | 838/5362 [01:18<07:50,  9.62it/s] 16%|█▌        | 840/5362 [01:18<07:34,  9.94it/s] 16%|█▌        | 842/5362 [01:18<07:04, 10.65it/s] 16%|█▌        | 844/5362 [01:18<07:13, 10.42it/s] 16%|█▌        | 846/5362 [01:19<07:26, 10.12it/s] 16%|█▌        | 848/5362 [01:19<06:46, 11.10it/s] 16%|█▌        | 850/5362 [01:19<07:32,  9.96it/s] 16%|█▌        | 852/5362 [01:19<07:37,  9.86it/s] 16%|█▌        | 854/5362 [01:19<07:42,  9.75it/s] 16%|█▌        | 855/5362 [01:20<07:41,  9.77it/s] 16%|█▌        | 857/5362 [01:20<07:05, 10.58it/s] 16%|█▌        | 859/5362 [01:20<07:27, 10.05it/s] 16%|█▌        | 861/5362 [01:20<07:22, 10.18it/s] 16%|█▌        | 863/5362 [01:20<07:16, 10.30it/s] 16%|█▌        | 865/5362 [01:21<07:10, 10.44it/s] 16%|█▌        | 867/5362 [01:21<06:59, 10.72it/s] 16%|█▌        | 869/5362 [01:21<06:40, 11.23it/s] 16%|█▌        | 871/5362 [01:21<06:51, 10.91it/s] 16%|█▋        | 873/5362 [01:21<06:36, 11.31it/s] 16%|█▋        | 875/5362 [01:21<07:00, 10.67it/s] 16%|█▋        | 877/5362 [01:22<07:26, 10.06it/s] 16%|█▋        | 879/5362 [01:22<07:51,  9.51it/s] 16%|█▋        | 880/5362 [01:22<07:49,  9.55it/s] 16%|█▋        | 881/5362 [01:22<08:01,  9.31it/s] 16%|█▋        | 882/5362 [01:22<08:09,  9.14it/s] 16%|█▋        | 884/5362 [01:22<07:30,  9.94it/s] 17%|█▋        | 886/5362 [01:23<07:08, 10.43it/s] 17%|█▋        | 888/5362 [01:23<06:26, 11.59it/s] 17%|█▋        | 890/5362 [01:23<06:47, 10.96it/s] 17%|█▋        | 892/5362 [01:23<06:30, 11.46it/s] 17%|█▋        | 894/5362 [01:23<06:41, 11.14it/s] 17%|█▋        | 896/5362 [01:23<06:59, 10.64it/s] 17%|█▋        | 898/5362 [01:24<06:51, 10.86it/s] 17%|█▋        | 900/5362 [01:24<07:08, 10.40it/s] 17%|█▋        | 902/5362 [01:24<06:45, 10.99it/s] 17%|█▋        | 904/5362 [01:24<06:54, 10.75it/s] 17%|█▋        | 906/5362 [01:24<06:29, 11.45it/s] 17%|█▋        | 908/5362 [01:25<06:48, 10.90it/s] 17%|█▋        | 910/5362 [01:25<06:17, 11.80it/s] 17%|█▋        | 912/5362 [01:25<06:15, 11.85it/s] 17%|█▋        | 914/5362 [01:25<06:33, 11.31it/s] 17%|█▋        | 916/5362 [01:25<06:41, 11.08it/s] 17%|█▋        | 918/5362 [01:25<06:11, 11.96it/s] 17%|█▋        | 920/5362 [01:26<06:08, 12.05it/s] 17%|█▋        | 922/5362 [01:26<06:01, 12.28it/s] 17%|█▋        | 924/5362 [01:26<06:18, 11.71it/s] 17%|█▋        | 926/5362 [01:26<06:19, 11.69it/s] 17%|█▋        | 928/5362 [01:26<06:53, 10.73it/s] 17%|█▋        | 930/5362 [01:26<07:12, 10.25it/s] 17%|█▋        | 932/5362 [01:27<07:27,  9.90it/s] 17%|█▋        | 934/5362 [01:27<06:29, 11.37it/s] 17%|█▋        | 936/5362 [01:27<06:25, 11.47it/s] 17%|█▋        | 938/5362 [01:27<06:38, 11.10it/s] 18%|█▊        | 940/5362 [01:27<06:19, 11.65it/s] 18%|█▊        | 942/5362 [01:27<06:14, 11.81it/s] 18%|█▊        | 944/5362 [01:28<06:14, 11.78it/s] 18%|█▊        | 946/5362 [01:28<06:09, 11.94it/s] 18%|█▊        | 948/5362 [01:28<06:30, 11.32it/s] 18%|█▊        | 950/5362 [01:28<06:08, 11.97it/s] 18%|█▊        | 952/5362 [01:28<06:16, 11.70it/s] 18%|█▊        | 954/5362 [01:29<06:17, 11.66it/s] 18%|█▊        | 956/5362 [01:29<06:00, 12.22it/s] 18%|█▊        | 958/5362 [01:29<05:58, 12.29it/s] 18%|█▊        | 960/5362 [01:29<06:02, 12.15it/s] 18%|█▊        | 962/5362 [01:29<05:54, 12.40it/s] 18%|█▊        | 964/5362 [01:29<06:07, 11.96it/s] 18%|█▊        | 966/5362 [01:29<05:44, 12.75it/s] 18%|█▊        | 968/5362 [01:30<05:55, 12.37it/s] 18%|█▊        | 970/5362 [01:30<06:27, 11.35it/s] 18%|█▊        | 972/5362 [01:30<06:34, 11.13it/s] 18%|█▊        | 974/5362 [01:30<06:50, 10.69it/s] 18%|█▊        | 976/5362 [01:30<06:10, 11.84it/s] 18%|█▊        | 978/5362 [01:30<05:34, 13.12it/s] 18%|█▊        | 980/5362 [01:31<05:40, 12.86it/s] 18%|█▊        | 982/5362 [01:31<05:59, 12.20it/s] 18%|█▊        | 984/5362 [01:31<05:41, 12.83it/s] 18%|█▊        | 986/5362 [01:31<05:53, 12.38it/s] 18%|█▊        | 988/5362 [01:31<05:35, 13.03it/s] 18%|█▊        | 990/5362 [01:31<05:35, 13.02it/s] 19%|█▊        | 992/5362 [01:32<06:16, 11.59it/s] 19%|█▊        | 994/5362 [01:32<06:22, 11.42it/s] 19%|█▊        | 996/5362 [01:32<06:29, 11.22it/s] 19%|█▊        | 998/5362 [01:32<05:44, 12.69it/s] 19%|█▊        | 1000/5362 [01:32<05:35, 12.99it/s] 19%|█▊        | 1002/5362 [01:32<05:43, 12.68it/s] 19%|█▊        | 1004/5362 [01:33<05:36, 12.95it/s] 19%|█▉        | 1006/5362 [01:33<05:49, 12.45it/s] 19%|█▉        | 1008/5362 [01:33<05:41, 12.76it/s] 19%|█▉        | 1010/5362 [01:33<05:51, 12.38it/s] 19%|█▉        | 1012/5362 [01:33<05:28, 13.24it/s] 19%|█▉        | 1014/5362 [01:33<05:53, 12.30it/s] 19%|█▉        | 1016/5362 [01:34<05:48, 12.47it/s] 19%|█▉        | 1018/5362 [01:34<05:51, 12.34it/s] 19%|█▉        | 1020/5362 [01:34<05:56, 12.17it/s] 19%|█▉        | 1022/5362 [01:34<06:03, 11.92it/s] 19%|█▉        | 1024/5362 [01:34<05:56, 12.15it/s] 19%|█▉        | 1026/5362 [01:34<05:27, 13.22it/s] 19%|█▉        | 1028/5362 [01:35<05:40, 12.72it/s] 19%|█▉        | 1030/5362 [01:35<06:03, 11.90it/s] 19%|█▉        | 1032/5362 [01:35<06:12, 11.61it/s] 19%|█▉        | 1034/5362 [01:35<05:57, 12.10it/s] 19%|█▉        | 1036/5362 [01:35<06:08, 11.75it/s] 19%|█▉        | 1038/5362 [01:35<06:24, 11.25it/s] 19%|█▉        | 1040/5362 [01:36<06:34, 10.97it/s] 19%|█▉        | 1042/5362 [01:36<06:26, 11.19it/s] 19%|█▉        | 1044/5362 [01:36<06:24, 11.24it/s] 20%|█▉        | 1046/5362 [01:36<06:34, 10.95it/s] 20%|█▉        | 1048/5362 [01:36<06:49, 10.54it/s] 20%|█▉        | 1050/5362 [01:37<06:54, 10.41it/s] 20%|█▉        | 1052/5362 [01:37<06:28, 11.10it/s] 20%|█▉        | 1054/5362 [01:37<06:39, 10.78it/s] 20%|█▉        | 1056/5362 [01:37<06:57, 10.31it/s] 20%|█▉        | 1058/5362 [01:37<06:43, 10.66it/s] 20%|█▉        | 1060/5362 [01:37<06:30, 11.03it/s] 20%|█▉        | 1062/5362 [01:38<06:18, 11.35it/s] 20%|█▉        | 1064/5362 [01:38<06:38, 10.80it/s] 20%|█▉        | 1066/5362 [01:39<22:07,  3.24it/s] 20%|█▉        | 1068/5362 [01:40<17:33,  4.08it/s] 20%|█▉        | 1070/5362 [01:40<13:54,  5.14it/s] 20%|█▉        | 1072/5362 [01:40<11:55,  6.00it/s] 20%|██        | 1073/5362 [01:40<11:10,  6.40it/s] 20%|██        | 1074/5362 [01:40<10:34,  6.76it/s] 20%|██        | 1076/5362 [01:40<09:13,  7.74it/s] 20%|██        | 1077/5362 [01:41<08:50,  8.08it/s] 20%|██        | 1079/5362 [01:41<07:57,  8.97it/s] 20%|██        | 1081/5362 [01:41<07:30,  9.50it/s] 20%|██        | 1083/5362 [01:41<07:27,  9.56it/s] 20%|██        | 1085/5362 [01:41<07:26,  9.58it/s] 20%|██        | 1086/5362 [01:41<07:25,  9.60it/s] 20%|██        | 1088/5362 [01:42<07:24,  9.61it/s] 20%|██        | 1089/5362 [01:42<07:23,  9.64it/s] 20%|██        | 1091/5362 [01:42<07:17,  9.76it/s] 20%|██        | 1092/5362 [01:42<07:19,  9.72it/s] 20%|██        | 1093/5362 [01:42<07:32,  9.44it/s] 20%|██        | 1095/5362 [01:42<07:01, 10.13it/s] 20%|██        | 1097/5362 [01:43<07:22,  9.64it/s] 20%|██        | 1098/5362 [01:43<07:33,  9.41it/s] 20%|██        | 1099/5362 [01:43<07:31,  9.45it/s] 21%|██        | 1100/5362 [01:43<07:30,  9.46it/s] 21%|██        | 1101/5362 [01:43<07:28,  9.50it/s] 21%|██        | 1102/5362 [01:43<07:29,  9.49it/s] 21%|██        | 1104/5362 [01:43<07:18,  9.70it/s] 21%|██        | 1105/5362 [01:43<07:20,  9.67it/s] 21%|██        | 1106/5362 [01:43<07:23,  9.60it/s] 21%|██        | 1107/5362 [01:44<07:24,  9.57it/s] 21%|██        | 1109/5362 [01:44<07:11,  9.87it/s] 21%|██        | 1110/5362 [01:44<07:33,  9.37it/s] 21%|██        | 1111/5362 [01:44<07:30,  9.44it/s] 21%|██        | 1112/5362 [01:44<07:44,  9.15it/s] 21%|██        | 1114/5362 [01:44<06:26, 10.98it/s] 21%|██        | 1116/5362 [01:44<06:45, 10.46it/s] 21%|██        | 1118/5362 [01:45<06:56, 10.18it/s] 21%|██        | 1120/5362 [01:45<06:49, 10.35it/s] 21%|██        | 1122/5362 [01:45<06:55, 10.20it/s] 21%|██        | 1124/5362 [01:45<07:04,  9.98it/s] 21%|██        | 1126/5362 [01:45<07:03, 10.01it/s] 21%|██        | 1128/5362 [01:46<07:10,  9.83it/s] 21%|██        | 1130/5362 [01:46<06:47, 10.37it/s] 21%|██        | 1132/5362 [01:46<06:56, 10.15it/s] 21%|██        | 1134/5362 [01:46<06:38, 10.60it/s] 21%|██        | 1136/5362 [01:46<06:39, 10.57it/s] 21%|██        | 1138/5362 [01:47<06:47, 10.37it/s] 21%|██▏       | 1140/5362 [01:47<06:27, 10.88it/s] 21%|██▏       | 1142/5362 [01:47<07:14,  9.71it/s] 21%|██▏       | 1144/5362 [01:47<07:29,  9.39it/s] 21%|██▏       | 1145/5362 [01:47<07:28,  9.40it/s] 21%|██▏       | 1146/5362 [01:47<07:28,  9.40it/s] 21%|██▏       | 1148/5362 [01:48<06:46, 10.37it/s] 21%|██▏       | 1150/5362 [01:48<06:29, 10.80it/s] 21%|██▏       | 1152/5362 [01:48<06:34, 10.68it/s] 22%|██▏       | 1154/5362 [01:48<06:14, 11.24it/s] 22%|██▏       | 1156/5362 [01:48<06:06, 11.48it/s] 22%|██▏       | 1158/5362 [01:48<06:05, 11.52it/s] 22%|██▏       | 1160/5362 [01:49<06:11, 11.31it/s] 22%|██▏       | 1162/5362 [01:49<06:13, 11.24it/s] 22%|██▏       | 1164/5362 [01:49<06:27, 10.82it/s] 22%|██▏       | 1166/5362 [01:49<06:54, 10.12it/s] 22%|██▏       | 1168/5362 [01:50<07:03,  9.90it/s] 22%|██▏       | 1170/5362 [01:50<07:13,  9.68it/s] 22%|██▏       | 1171/5362 [01:50<07:20,  9.52it/s] 22%|██▏       | 1173/5362 [01:50<06:24, 10.89it/s] 22%|██▏       | 1175/5362 [01:50<05:52, 11.87it/s] 22%|██▏       | 1177/5362 [01:50<05:45, 12.10it/s] 22%|██▏       | 1179/5362 [01:50<05:43, 12.17it/s] 22%|██▏       | 1181/5362 [01:51<05:46, 12.06it/s] 22%|██▏       | 1183/5362 [01:51<05:56, 11.73it/s] 22%|██▏       | 1185/5362 [01:51<05:38, 12.33it/s] 22%|██▏       | 1187/5362 [01:51<05:51, 11.87it/s] 22%|██▏       | 1189/5362 [01:51<05:58, 11.64it/s] 22%|██▏       | 1191/5362 [01:51<06:27, 10.76it/s] 22%|██▏       | 1193/5362 [01:52<06:42, 10.37it/s] 22%|██▏       | 1195/5362 [01:52<06:40, 10.40it/s] 22%|██▏       | 1197/5362 [01:52<06:35, 10.52it/s] 22%|██▏       | 1199/5362 [01:52<05:53, 11.77it/s] 22%|██▏       | 1201/5362 [01:52<05:27, 12.70it/s] 22%|██▏       | 1203/5362 [01:52<05:02, 13.73it/s] 22%|██▏       | 1205/5362 [01:53<04:54, 14.11it/s] 23%|██▎       | 1207/5362 [01:53<04:56, 13.99it/s] 23%|██▎       | 1209/5362 [01:53<04:40, 14.83it/s] 23%|██▎       | 1211/5362 [01:53<04:37, 14.97it/s] 23%|██▎       | 1213/5362 [01:53<04:34, 15.14it/s] 23%|██▎       | 1215/5362 [01:53<04:22, 15.78it/s] 23%|██▎       | 1217/5362 [01:53<04:38, 14.89it/s] 23%|██▎       | 1219/5362 [01:54<05:23, 12.82it/s] 23%|██▎       | 1221/5362 [01:54<06:00, 11.47it/s] 23%|██▎       | 1223/5362 [01:54<06:20, 10.88it/s] 23%|██▎       | 1225/5362 [01:54<06:26, 10.71it/s] 23%|██▎       | 1227/5362 [01:54<05:51, 11.76it/s] 23%|██▎       | 1229/5362 [01:55<06:03, 11.37it/s] 23%|██▎       | 1231/5362 [01:55<06:06, 11.27it/s] 23%|██▎       | 1233/5362 [01:55<06:09, 11.16it/s] 23%|██▎       | 1235/5362 [01:55<05:55, 11.61it/s] 23%|██▎       | 1237/5362 [01:55<05:41, 12.08it/s] 23%|██▎       | 1239/5362 [01:55<05:37, 12.20it/s] 23%|██▎       | 1241/5362 [01:56<05:35, 12.29it/s] 23%|██▎       | 1243/5362 [01:56<05:20, 12.85it/s] 23%|██▎       | 1245/5362 [01:56<05:20, 12.84it/s] 23%|██▎       | 1247/5362 [01:56<05:41, 12.05it/s] 23%|██▎       | 1249/5362 [01:56<05:33, 12.35it/s] 23%|██▎       | 1251/5362 [01:56<05:33, 12.31it/s] 23%|██▎       | 1253/5362 [01:56<05:38, 12.13it/s] 23%|██▎       | 1255/5362 [01:57<05:54, 11.60it/s] 23%|██▎       | 1257/5362 [01:57<06:04, 11.26it/s] 23%|██▎       | 1259/5362 [01:57<05:35, 12.24it/s] 24%|██▎       | 1261/5362 [01:57<05:49, 11.72it/s] 24%|██▎       | 1263/5362 [01:57<05:32, 12.34it/s] 24%|██▎       | 1265/5362 [01:57<05:44, 11.89it/s] 24%|██▎       | 1267/5362 [01:58<06:09, 11.10it/s] 24%|██▎       | 1269/5362 [01:58<06:08, 11.10it/s] 24%|██▎       | 1271/5362 [01:58<06:29, 10.50it/s] 24%|██▎       | 1273/5362 [01:58<05:59, 11.38it/s] 24%|██▍       | 1275/5362 [01:58<06:16, 10.85it/s] 24%|██▍       | 1277/5362 [01:59<06:18, 10.79it/s] 24%|██▍       | 1279/5362 [01:59<06:20, 10.73it/s] 24%|██▍       | 1281/5362 [01:59<06:30, 10.46it/s] 24%|██▍       | 1283/5362 [01:59<06:32, 10.39it/s] 24%|██▍       | 1285/5362 [01:59<06:43, 10.11it/s] 24%|██▍       | 1287/5362 [02:00<06:32, 10.39it/s] 24%|██▍       | 1289/5362 [02:00<06:02, 11.24it/s] 24%|██▍       | 1291/5362 [02:00<06:21, 10.67it/s] 24%|██▍       | 1293/5362 [02:00<06:35, 10.29it/s] 24%|██▍       | 1295/5362 [02:00<06:48,  9.96it/s] 24%|██▍       | 1297/5362 [02:01<06:44, 10.05it/s] 24%|██▍       | 1299/5362 [02:01<06:29, 10.44it/s] 24%|██▍       | 1301/5362 [02:01<06:36, 10.25it/s] 24%|██▍       | 1303/5362 [02:01<06:43, 10.05it/s] 24%|██▍       | 1305/5362 [02:01<06:49,  9.90it/s] 24%|██▍       | 1307/5362 [02:02<06:52,  9.83it/s] 24%|██▍       | 1309/5362 [02:02<06:39, 10.15it/s] 24%|██▍       | 1311/5362 [02:02<06:33, 10.28it/s] 24%|██▍       | 1313/5362 [02:02<06:39, 10.13it/s] 25%|██▍       | 1315/5362 [02:02<06:51,  9.84it/s] 25%|██▍       | 1317/5362 [02:03<06:43, 10.04it/s] 25%|██▍       | 1319/5362 [02:03<06:18, 10.68it/s] 25%|██▍       | 1321/5362 [02:03<06:14, 10.79it/s] 25%|██▍       | 1323/5362 [02:03<06:46,  9.93it/s] 25%|██▍       | 1325/5362 [02:03<06:39, 10.10it/s] 25%|██▍       | 1327/5362 [02:04<06:40, 10.09it/s] 25%|██▍       | 1329/5362 [02:04<06:44,  9.98it/s] 25%|██▍       | 1331/5362 [02:04<06:48,  9.87it/s] 25%|██▍       | 1333/5362 [02:04<07:03,  9.52it/s] 25%|██▍       | 1335/5362 [02:04<06:52,  9.77it/s] 25%|██▍       | 1336/5362 [02:04<06:59,  9.59it/s] 25%|██▍       | 1337/5362 [02:05<06:58,  9.63it/s] 25%|██▍       | 1339/5362 [02:05<06:53,  9.72it/s] 25%|██▍       | 1340/5362 [02:05<06:57,  9.63it/s] 25%|██▌       | 1341/5362 [02:05<07:04,  9.48it/s] 25%|██▌       | 1343/5362 [02:05<07:00,  9.57it/s] 25%|██▌       | 1345/5362 [02:05<06:33, 10.20it/s] 25%|██▌       | 1347/5362 [02:06<06:48,  9.82it/s] 25%|██▌       | 1348/5362 [02:06<06:51,  9.74it/s] 25%|██▌       | 1349/5362 [02:06<06:54,  9.68it/s] 25%|██▌       | 1351/5362 [02:06<06:44,  9.91it/s] 25%|██▌       | 1353/5362 [02:06<06:46,  9.86it/s] 25%|██▌       | 1355/5362 [02:06<06:46,  9.85it/s] 25%|██▌       | 1356/5362 [02:07<06:47,  9.84it/s] 25%|██▌       | 1357/5362 [02:07<06:47,  9.84it/s] 25%|██▌       | 1359/5362 [02:07<06:49,  9.77it/s] 25%|██▌       | 1360/5362 [02:07<06:51,  9.74it/s] 25%|██▌       | 1362/5362 [02:07<06:09, 10.83it/s] 25%|██▌       | 1364/5362 [02:07<06:45,  9.86it/s] 25%|██▌       | 1366/5362 [02:07<06:04, 10.95it/s] 26%|██▌       | 1368/5362 [02:08<05:30, 12.07it/s] 26%|██▌       | 1370/5362 [02:08<05:31, 12.03it/s] 26%|██▌       | 1372/5362 [02:08<05:26, 12.21it/s] 26%|██▌       | 1374/5362 [02:08<05:30, 12.08it/s] 26%|██▌       | 1376/5362 [02:08<05:36, 11.86it/s] 26%|██▌       | 1378/5362 [02:08<05:18, 12.49it/s] 26%|██▌       | 1380/5362 [02:09<05:31, 12.01it/s] 26%|██▌       | 1382/5362 [02:09<06:02, 10.98it/s] 26%|██▌       | 1384/5362 [02:09<06:01, 10.99it/s] 26%|██▌       | 1386/5362 [02:09<06:43,  9.86it/s] 26%|██▌       | 1388/5362 [02:09<07:05,  9.34it/s] 26%|██▌       | 1390/5362 [02:10<07:00,  9.44it/s] 26%|██▌       | 1391/5362 [02:10<07:03,  9.38it/s] 26%|██▌       | 1393/5362 [02:10<06:11, 10.68it/s] 26%|██▌       | 1395/5362 [02:10<05:33, 11.90it/s] 26%|██▌       | 1397/5362 [02:10<05:19, 12.41it/s] 26%|██▌       | 1399/5362 [02:10<05:17, 12.47it/s] 26%|██▌       | 1401/5362 [02:11<05:13, 12.63it/s] 26%|██▌       | 1403/5362 [02:11<05:13, 12.63it/s] 26%|██▌       | 1405/5362 [02:11<05:33, 11.87it/s] 26%|██▌       | 1407/5362 [02:11<05:39, 11.64it/s] 26%|██▋       | 1409/5362 [02:11<05:37, 11.71it/s] 26%|██▋       | 1411/5362 [02:11<05:45, 11.42it/s] 26%|██▋       | 1413/5362 [02:12<05:23, 12.22it/s] 26%|██▋       | 1415/5362 [02:12<05:40, 11.58it/s] 26%|██▋       | 1417/5362 [02:12<05:21, 12.28it/s] 26%|██▋       | 1419/5362 [02:12<05:34, 11.79it/s] 27%|██▋       | 1421/5362 [02:12<05:43, 11.47it/s] 27%|██▋       | 1423/5362 [02:12<05:18, 12.35it/s] 27%|██▋       | 1425/5362 [02:13<05:16, 12.45it/s] 27%|██▋       | 1427/5362 [02:13<05:09, 12.70it/s] 27%|██▋       | 1429/5362 [02:13<04:47, 13.67it/s] 27%|██▋       | 1431/5362 [02:13<04:53, 13.37it/s] 27%|██▋       | 1433/5362 [02:13<04:42, 13.93it/s] 27%|██▋       | 1435/5362 [02:13<04:50, 13.52it/s] 27%|██▋       | 1437/5362 [02:13<04:36, 14.20it/s] 27%|██▋       | 1439/5362 [02:14<04:36, 14.19it/s] 27%|██▋       | 1441/5362 [02:14<04:51, 13.46it/s] 27%|██▋       | 1443/5362 [02:14<04:40, 13.97it/s] 27%|██▋       | 1445/5362 [02:14<05:10, 12.62it/s] 27%|██▋       | 1447/5362 [02:14<05:31, 11.82it/s] 27%|██▋       | 1449/5362 [02:14<05:40, 11.48it/s] 27%|██▋       | 1451/5362 [02:15<05:21, 12.17it/s] 27%|██▋       | 1453/5362 [02:15<04:51, 13.41it/s] 27%|██▋       | 1455/5362 [02:15<04:49, 13.51it/s] 27%|██▋       | 1457/5362 [02:15<04:30, 14.45it/s] 27%|██▋       | 1459/5362 [02:15<04:18, 15.12it/s] 27%|██▋       | 1461/5362 [02:15<04:41, 13.85it/s] 27%|██▋       | 1463/5362 [02:15<04:34, 14.18it/s] 27%|██▋       | 1465/5362 [02:16<04:56, 13.12it/s] 27%|██▋       | 1467/5362 [02:16<05:33, 11.69it/s] 27%|██▋       | 1469/5362 [02:16<05:40, 11.45it/s] 27%|██▋       | 1471/5362 [02:16<05:36, 11.56it/s] 27%|██▋       | 1473/5362 [02:16<05:41, 11.40it/s] 28%|██▊       | 1475/5362 [02:16<05:38, 11.47it/s] 28%|██▊       | 1477/5362 [02:17<05:42, 11.35it/s] 28%|██▊       | 1479/5362 [02:17<05:33, 11.65it/s] 28%|██▊       | 1481/5362 [02:17<05:19, 12.14it/s] 28%|██▊       | 1483/5362 [02:17<05:28, 11.80it/s] 28%|██▊       | 1485/5362 [02:17<05:10, 12.47it/s] 28%|██▊       | 1487/5362 [02:17<05:05, 12.68it/s] 28%|██▊       | 1489/5362 [02:18<04:56, 13.05it/s] 28%|██▊       | 1491/5362 [02:18<05:07, 12.57it/s] 28%|██▊       | 1493/5362 [02:18<04:57, 13.00it/s] 28%|██▊       | 1495/5362 [02:18<04:59, 12.90it/s] 28%|██▊       | 1497/5362 [02:18<05:40, 11.36it/s] 28%|██▊       | 1499/5362 [02:18<06:04, 10.61it/s] 28%|██▊       | 1501/5362 [02:19<06:18, 10.20it/s] 28%|██▊       | 1503/5362 [02:19<05:34, 11.55it/s] 28%|██▊       | 1505/5362 [02:19<05:14, 12.28it/s] 28%|██▊       | 1507/5362 [02:19<05:18, 12.08it/s] 28%|██▊       | 1509/5362 [02:19<05:06, 12.56it/s] 28%|██▊       | 1511/5362 [02:19<05:30, 11.65it/s] 28%|██▊       | 1513/5362 [02:20<05:08, 12.48it/s] 28%|██▊       | 1515/5362 [02:20<05:11, 12.34it/s] 28%|██▊       | 1517/5362 [02:20<04:57, 12.94it/s] 28%|██▊       | 1519/5362 [02:20<05:10, 12.40it/s] 28%|██▊       | 1521/5362 [02:20<05:36, 11.42it/s] 28%|██▊       | 1523/5362 [02:20<05:17, 12.11it/s] 28%|██▊       | 1525/5362 [02:21<05:43, 11.19it/s] 28%|██▊       | 1527/5362 [02:21<05:50, 10.94it/s] 29%|██▊       | 1529/5362 [02:21<05:28, 11.68it/s] 29%|██▊       | 1531/5362 [02:21<05:36, 11.39it/s] 29%|██▊       | 1533/5362 [02:21<05:49, 10.95it/s] 29%|██▊       | 1535/5362 [02:22<05:55, 10.77it/s] 29%|██▊       | 1537/5362 [02:22<06:02, 10.55it/s] 29%|██▊       | 1539/5362 [02:22<05:45, 11.08it/s] 29%|██▊       | 1541/5362 [02:22<05:41, 11.19it/s] 29%|██▉       | 1543/5362 [02:22<05:47, 10.99it/s] 29%|██▉       | 1545/5362 [02:22<05:54, 10.78it/s] 29%|██▉       | 1547/5362 [02:23<05:56, 10.70it/s] 29%|██▉       | 1549/5362 [02:23<05:26, 11.69it/s] 29%|██▉       | 1551/5362 [02:23<05:48, 10.94it/s] 29%|██▉       | 1553/5362 [02:23<05:58, 10.62it/s] 29%|██▉       | 1555/5362 [02:23<05:35, 11.36it/s] 29%|██▉       | 1557/5362 [02:24<05:48, 10.92it/s] 29%|██▉       | 1559/5362 [02:24<05:22, 11.80it/s] 29%|██▉       | 1561/5362 [02:24<05:42, 11.10it/s] 29%|██▉       | 1563/5362 [02:24<05:48, 10.90it/s] 29%|██▉       | 1565/5362 [02:24<05:41, 11.11it/s] 29%|██▉       | 1567/5362 [02:24<06:06, 10.36it/s] 29%|██▉       | 1569/5362 [02:25<06:11, 10.21it/s] 29%|██▉       | 1571/5362 [02:25<06:07, 10.32it/s] 29%|██▉       | 1573/5362 [02:25<06:11, 10.20it/s] 29%|██▉       | 1575/5362 [02:25<06:27,  9.76it/s] 29%|██▉       | 1576/5362 [02:25<06:29,  9.71it/s] 29%|██▉       | 1578/5362 [02:26<06:25,  9.82it/s] 29%|██▉       | 1580/5362 [02:26<06:24,  9.84it/s] 30%|██▉       | 1582/5362 [02:26<05:59, 10.52it/s] 30%|██▉       | 1584/5362 [02:26<05:41, 11.05it/s] 30%|██▉       | 1586/5362 [02:26<05:46, 10.90it/s] 30%|██▉       | 1588/5362 [02:26<06:03, 10.39it/s] 30%|██▉       | 1590/5362 [02:27<06:02, 10.41it/s] 30%|██▉       | 1592/5362 [02:27<06:02, 10.39it/s] 30%|██▉       | 1594/5362 [02:27<06:05, 10.31it/s] 30%|██▉       | 1596/5362 [02:27<05:48, 10.81it/s] 30%|██▉       | 1598/5362 [02:27<06:00, 10.44it/s] 30%|██▉       | 1600/5362 [02:28<06:07, 10.24it/s] 30%|██▉       | 1602/5362 [02:28<05:54, 10.62it/s] 30%|██▉       | 1604/5362 [02:28<05:48, 10.79it/s] 30%|██▉       | 1606/5362 [02:28<06:15, 10.01it/s] 30%|██▉       | 1608/5362 [02:28<06:03, 10.33it/s] 30%|███       | 1610/5362 [02:29<05:36, 11.14it/s] 30%|███       | 1612/5362 [02:29<05:23, 11.60it/s] 30%|███       | 1614/5362 [02:29<05:03, 12.33it/s] 30%|███       | 1616/5362 [02:29<05:00, 12.47it/s] 30%|███       | 1618/5362 [02:29<04:59, 12.50it/s] 30%|███       | 1620/5362 [02:29<04:43, 13.18it/s] 30%|███       | 1622/5362 [02:29<04:42, 13.22it/s] 30%|███       | 1624/5362 [02:30<04:48, 12.97it/s] 30%|███       | 1626/5362 [02:30<04:54, 12.69it/s] 30%|███       | 1628/5362 [02:30<05:05, 12.21it/s] 30%|███       | 1630/5362 [02:30<05:25, 11.45it/s] 30%|███       | 1632/5362 [02:30<06:07, 10.15it/s] 30%|███       | 1634/5362 [02:31<06:21,  9.78it/s] 31%|███       | 1636/5362 [02:31<06:19,  9.82it/s] 31%|███       | 1638/5362 [02:31<06:06, 10.16it/s] 31%|███       | 1640/5362 [02:31<05:28, 11.33it/s] 31%|███       | 1642/5362 [02:31<05:03, 12.24it/s] 31%|███       | 1644/5362 [02:31<05:18, 11.68it/s] 31%|███       | 1646/5362 [02:32<04:59, 12.43it/s] 31%|███       | 1648/5362 [02:32<05:17, 11.71it/s] 31%|███       | 1650/5362 [02:32<04:42, 13.12it/s] 31%|███       | 1652/5362 [02:32<04:30, 13.73it/s] 31%|███       | 1654/5362 [02:32<04:04, 15.15it/s] 31%|███       | 1656/5362 [02:32<03:53, 15.88it/s] 31%|███       | 1658/5362 [02:32<03:50, 16.10it/s] 31%|███       | 1660/5362 [02:32<03:52, 15.93it/s] 31%|███       | 1662/5362 [02:33<04:11, 14.72it/s] 31%|███       | 1664/5362 [02:33<04:14, 14.55it/s] 31%|███       | 1666/5362 [02:33<04:04, 15.12it/s] 31%|███       | 1668/5362 [02:33<04:23, 14.03it/s] 31%|███       | 1670/5362 [02:33<04:52, 12.62it/s] 31%|███       | 1672/5362 [02:33<05:19, 11.56it/s] 31%|███       | 1674/5362 [02:34<05:20, 11.49it/s] 31%|███▏      | 1676/5362 [02:34<05:07, 12.00it/s] 31%|███▏      | 1678/5362 [02:34<04:41, 13.09it/s] 31%|███▏      | 1680/5362 [02:34<04:25, 13.85it/s] 31%|███▏      | 1682/5362 [02:34<04:12, 14.59it/s] 31%|███▏      | 1684/5362 [02:34<04:02, 15.15it/s] 31%|███▏      | 1686/5362 [02:34<04:18, 14.23it/s] 31%|███▏      | 1688/5362 [02:35<04:15, 14.41it/s] 32%|███▏      | 1690/5362 [02:35<04:24, 13.89it/s] 32%|███▏      | 1692/5362 [02:35<04:15, 14.35it/s] 32%|███▏      | 1694/5362 [02:35<04:14, 14.43it/s] 32%|███▏      | 1696/5362 [02:35<04:37, 13.21it/s] 32%|███▏      | 1698/5362 [02:35<04:30, 13.54it/s] 32%|███▏      | 1700/5362 [02:36<05:03, 12.05it/s] 32%|███▏      | 1702/5362 [02:36<04:53, 12.47it/s] 32%|███▏      | 1704/5362 [02:36<05:02, 12.09it/s] 32%|███▏      | 1706/5362 [02:36<05:08, 11.85it/s] 32%|███▏      | 1708/5362 [02:36<04:57, 12.27it/s] 32%|███▏      | 1710/5362 [02:36<04:48, 12.67it/s] 32%|███▏      | 1712/5362 [02:36<04:46, 12.75it/s] 32%|███▏      | 1714/5362 [02:37<04:55, 12.33it/s] 32%|███▏      | 1716/5362 [02:37<05:11, 11.70it/s] 32%|███▏      | 1718/5362 [02:37<05:23, 11.28it/s] 32%|███▏      | 1720/5362 [02:37<04:58, 12.20it/s] 32%|███▏      | 1722/5362 [02:37<05:16, 11.51it/s] 32%|███▏      | 1724/5362 [02:38<04:50, 12.54it/s] 32%|███▏      | 1726/5362 [02:38<05:04, 11.93it/s] 32%|███▏      | 1728/5362 [02:38<05:06, 11.85it/s] 32%|███▏      | 1730/5362 [02:38<04:46, 12.67it/s] 32%|███▏      | 1732/5362 [02:38<04:43, 12.79it/s] 32%|███▏      | 1734/5362 [02:38<05:03, 11.97it/s] 32%|███▏      | 1736/5362 [02:39<05:33, 10.88it/s] 32%|███▏      | 1738/5362 [02:39<05:26, 11.11it/s] 32%|███▏      | 1740/5362 [02:39<05:48, 10.41it/s] 32%|███▏      | 1742/5362 [02:39<05:42, 10.58it/s] 33%|███▎      | 1744/5362 [02:39<05:19, 11.31it/s] 33%|███▎      | 1746/5362 [02:39<05:32, 10.86it/s] 33%|███▎      | 1748/5362 [02:40<05:18, 11.36it/s] 33%|███▎      | 1750/5362 [02:40<05:21, 11.24it/s] 33%|███▎      | 1752/5362 [02:40<05:31, 10.90it/s] 33%|███▎      | 1754/5362 [02:40<05:14, 11.46it/s] 33%|███▎      | 1756/5362 [02:40<05:08, 11.68it/s] 33%|███▎      | 1758/5362 [02:40<04:56, 12.17it/s] 33%|███▎      | 1760/5362 [02:41<05:06, 11.76it/s] 33%|███▎      | 1762/5362 [02:41<05:19, 11.25it/s] 33%|███▎      | 1764/5362 [02:41<05:15, 11.41it/s] 33%|███▎      | 1766/5362 [02:41<05:19, 11.25it/s] 33%|███▎      | 1768/5362 [02:41<05:26, 11.02it/s] 33%|███▎      | 1770/5362 [02:42<05:06, 11.73it/s] 33%|███▎      | 1772/5362 [02:42<05:30, 10.87it/s] 33%|███▎      | 1774/5362 [02:42<05:34, 10.74it/s] 33%|███▎      | 1776/5362 [02:42<05:22, 11.12it/s] 33%|███▎      | 1778/5362 [02:42<05:50, 10.22it/s] 33%|███▎      | 1780/5362 [02:43<05:42, 10.45it/s] 33%|███▎      | 1782/5362 [02:43<05:42, 10.46it/s] 33%|███▎      | 1784/5362 [02:43<05:34, 10.68it/s] 33%|███▎      | 1786/5362 [02:43<05:27, 10.91it/s] 33%|███▎      | 1788/5362 [02:43<05:23, 11.06it/s] 33%|███▎      | 1790/5362 [02:43<05:32, 10.76it/s] 33%|███▎      | 1792/5362 [02:44<05:39, 10.53it/s] 33%|███▎      | 1794/5362 [02:44<05:38, 10.54it/s] 33%|███▎      | 1796/5362 [02:44<05:45, 10.31it/s] 34%|███▎      | 1798/5362 [02:44<05:50, 10.17it/s] 34%|███▎      | 1800/5362 [02:44<05:53, 10.07it/s] 34%|███▎      | 1802/5362 [02:45<05:46, 10.28it/s] 34%|███▎      | 1804/5362 [02:45<05:32, 10.71it/s] 34%|███▎      | 1806/5362 [02:45<05:48, 10.21it/s] 34%|███▎      | 1808/5362 [02:45<05:30, 10.77it/s] 34%|███▍      | 1810/5362 [02:45<05:53, 10.06it/s] 34%|███▍      | 1812/5362 [02:46<05:31, 10.71it/s] 34%|███▍      | 1814/5362 [02:46<05:54, 10.01it/s] 34%|███▍      | 1816/5362 [02:46<06:11,  9.55it/s] 34%|███▍      | 1817/5362 [02:46<06:17,  9.38it/s] 34%|███▍      | 1818/5362 [02:46<06:24,  9.23it/s] 34%|███▍      | 1819/5362 [02:46<06:20,  9.31it/s] 34%|███▍      | 1820/5362 [02:46<06:30,  9.06it/s] 34%|███▍      | 1821/5362 [02:47<06:26,  9.15it/s] 34%|███▍      | 1823/5362 [02:47<06:10,  9.55it/s] 34%|███▍      | 1824/5362 [02:47<06:13,  9.48it/s] 34%|███▍      | 1825/5362 [02:47<06:17,  9.37it/s] 34%|███▍      | 1827/5362 [02:47<06:28,  9.10it/s] 34%|███▍      | 1828/5362 [02:47<06:25,  9.17it/s] 34%|███▍      | 1829/5362 [02:47<06:21,  9.26it/s] 34%|███▍      | 1830/5362 [02:48<06:15,  9.40it/s] 34%|███▍      | 1831/5362 [02:48<06:14,  9.44it/s] 34%|███▍      | 1832/5362 [02:48<06:09,  9.55it/s] 34%|███▍      | 1833/5362 [02:48<06:17,  9.36it/s] 34%|███▍      | 1834/5362 [02:48<06:14,  9.42it/s] 34%|███▍      | 1836/5362 [02:48<06:13,  9.45it/s] 34%|███▍      | 1837/5362 [02:48<06:15,  9.39it/s] 34%|███▍      | 1838/5362 [02:48<06:17,  9.32it/s] 34%|███▍      | 1840/5362 [02:49<05:27, 10.74it/s] 34%|███▍      | 1842/5362 [02:49<05:35, 10.48it/s] 34%|███▍      | 1844/5362 [02:49<05:46, 10.15it/s] 34%|███▍      | 1846/5362 [02:49<05:50, 10.03it/s] 34%|███▍      | 1848/5362 [02:49<05:27, 10.72it/s] 35%|███▍      | 1850/5362 [02:50<05:19, 10.99it/s] 35%|███▍      | 1852/5362 [02:50<05:22, 10.88it/s] 35%|███▍      | 1854/5362 [02:50<05:11, 11.27it/s] 35%|███▍      | 1856/5362 [02:50<05:22, 10.88it/s] 35%|███▍      | 1858/5362 [02:50<05:11, 11.25it/s] 35%|███▍      | 1860/5362 [02:50<05:16, 11.08it/s] 35%|███▍      | 1862/5362 [02:51<05:31, 10.55it/s] 35%|███▍      | 1864/5362 [02:51<05:54,  9.87it/s] 35%|███▍      | 1866/5362 [02:51<05:38, 10.32it/s] 35%|███▍      | 1868/5362 [02:51<06:12,  9.38it/s] 35%|███▍      | 1869/5362 [02:51<06:14,  9.32it/s] 35%|███▍      | 1870/5362 [02:51<06:11,  9.39it/s] 35%|███▍      | 1871/5362 [02:52<06:24,  9.08it/s] 35%|███▍      | 1872/5362 [02:52<06:19,  9.21it/s] 35%|███▍      | 1874/5362 [02:52<05:38, 10.31it/s] 35%|███▍      | 1876/5362 [02:52<05:44, 10.12it/s] 35%|███▌      | 1878/5362 [02:52<05:08, 11.28it/s] 35%|███▌      | 1880/5362 [02:52<05:11, 11.18it/s] 35%|███▌      | 1882/5362 [02:53<04:57, 11.70it/s] 35%|███▌      | 1884/5362 [02:53<04:58, 11.66it/s] 35%|███▌      | 1886/5362 [02:53<05:06, 11.34it/s] 35%|███▌      | 1888/5362 [02:53<04:58, 11.65it/s] 35%|███▌      | 1890/5362 [02:53<04:38, 12.49it/s] 35%|███▌      | 1892/5362 [02:53<04:41, 12.34it/s] 35%|███▌      | 1894/5362 [02:54<04:30, 12.84it/s] 35%|███▌      | 1896/5362 [02:54<04:34, 12.63it/s] 35%|███▌      | 1898/5362 [02:54<04:42, 12.27it/s] 35%|███▌      | 1900/5362 [02:54<04:29, 12.83it/s] 35%|███▌      | 1902/5362 [02:54<04:35, 12.57it/s] 36%|███▌      | 1904/5362 [02:54<04:45, 12.12it/s] 36%|███▌      | 1906/5362 [02:55<05:01, 11.48it/s] 36%|███▌      | 1908/5362 [02:55<05:13, 11.03it/s] 36%|███▌      | 1910/5362 [02:55<05:12, 11.06it/s] 36%|███▌      | 1912/5362 [02:55<05:13, 10.99it/s] 36%|███▌      | 1914/5362 [02:55<04:45, 12.06it/s] 36%|███▌      | 1916/5362 [02:55<04:25, 12.98it/s] 36%|███▌      | 1918/5362 [02:55<04:07, 13.89it/s] 36%|███▌      | 1920/5362 [02:56<04:03, 14.16it/s] 36%|███▌      | 1922/5362 [02:56<04:06, 13.97it/s] 36%|███▌      | 1924/5362 [02:56<04:02, 14.16it/s] 36%|███▌      | 1926/5362 [02:56<04:09, 13.79it/s] 36%|███▌      | 1928/5362 [02:56<04:07, 13.90it/s] 36%|███▌      | 1930/5362 [02:56<04:21, 13.12it/s] 36%|███▌      | 1932/5362 [02:57<04:16, 13.36it/s] 36%|███▌      | 1934/5362 [02:57<04:19, 13.20it/s] 36%|███▌      | 1936/5362 [02:57<04:16, 13.35it/s] 36%|███▌      | 1938/5362 [02:57<04:31, 12.62it/s] 36%|███▌      | 1940/5362 [02:57<05:00, 11.41it/s] 36%|███▌      | 1942/5362 [02:57<05:03, 11.26it/s] 36%|███▋      | 1944/5362 [02:58<04:43, 12.04it/s] 36%|███▋      | 1946/5362 [02:58<04:52, 11.68it/s] 36%|███▋      | 1948/5362 [02:58<05:08, 11.07it/s] 36%|███▋      | 1950/5362 [02:58<04:50, 11.74it/s] 36%|███▋      | 1952/5362 [02:58<05:07, 11.11it/s] 36%|███▋      | 1954/5362 [02:58<05:16, 10.77it/s] 36%|███▋      | 1956/5362 [02:59<04:52, 11.66it/s] 37%|███▋      | 1958/5362 [02:59<05:13, 10.87it/s] 37%|███▋      | 1960/5362 [02:59<04:45, 11.92it/s] 37%|███▋      | 1962/5362 [02:59<04:31, 12.51it/s] 37%|███▋      | 1964/5362 [02:59<04:28, 12.65it/s] 37%|███▋      | 1966/5362 [02:59<04:16, 13.24it/s] 37%|███▋      | 1968/5362 [03:00<04:27, 12.68it/s] 37%|███▋      | 1970/5362 [03:00<04:14, 13.34it/s] 37%|███▋      | 1972/5362 [03:00<04:39, 12.12it/s] 37%|███▋      | 1974/5362 [03:00<04:44, 11.91it/s] 37%|███▋      | 1976/5362 [03:00<04:51, 11.63it/s] 37%|███▋      | 1978/5362 [03:00<04:43, 11.92it/s] 37%|███▋      | 1980/5362 [03:01<05:05, 11.08it/s] 37%|███▋      | 1982/5362 [03:01<05:16, 10.69it/s] 37%|███▋      | 1984/5362 [03:01<05:39,  9.96it/s] 37%|███▋      | 1986/5362 [03:01<05:19, 10.55it/s] 37%|███▋      | 1988/5362 [03:01<05:23, 10.43it/s] 37%|███▋      | 1990/5362 [03:02<05:15, 10.68it/s] 37%|███▋      | 1992/5362 [03:02<05:19, 10.55it/s] 37%|███▋      | 1994/5362 [03:02<05:19, 10.54it/s] 37%|███▋      | 1996/5362 [03:02<05:01, 11.18it/s] 37%|███▋      | 1998/5362 [03:02<05:10, 10.83it/s] 37%|███▋      | 2000/5362 [03:02<05:03, 11.07it/s] 37%|███▋      | 2002/5362 [03:03<05:03, 11.08it/s] 37%|███▋      | 2004/5362 [03:03<04:58, 11.25it/s] 37%|███▋      | 2006/5362 [03:03<05:12, 10.74it/s] 37%|███▋      | 2008/5362 [03:03<05:25, 10.29it/s] 37%|███▋      | 2010/5362 [03:03<05:07, 10.91it/s] 38%|███▊      | 2012/5362 [03:04<05:24, 10.34it/s] 38%|███▊      | 2014/5362 [03:04<05:11, 10.74it/s] 38%|███▊      | 2016/5362 [03:04<05:03, 11.03it/s] 38%|███▊      | 2018/5362 [03:04<05:10, 10.78it/s] 38%|███▊      | 2020/5362 [03:04<04:57, 11.24it/s] 38%|███▊      | 2022/5362 [03:05<05:15, 10.59it/s] 38%|███▊      | 2024/5362 [03:05<05:25, 10.25it/s] 38%|███▊      | 2026/5362 [03:05<04:57, 11.19it/s] 38%|███▊      | 2028/5362 [03:05<05:01, 11.06it/s] 38%|███▊      | 2030/5362 [03:05<05:11, 10.71it/s] 38%|███▊      | 2032/5362 [03:05<05:13, 10.61it/s] 38%|███▊      | 2034/5362 [03:06<04:51, 11.42it/s] 38%|███▊      | 2036/5362 [03:06<05:12, 10.65it/s] 38%|███▊      | 2038/5362 [03:06<04:45, 11.63it/s] 38%|███▊      | 2040/5362 [03:06<04:56, 11.21it/s] 38%|███▊      | 2042/5362 [03:06<05:11, 10.68it/s] 38%|███▊      | 2044/5362 [03:06<04:41, 11.79it/s] 38%|███▊      | 2046/5362 [03:07<04:56, 11.18it/s] 38%|███▊      | 2048/5362 [03:07<04:38, 11.88it/s] 38%|███▊      | 2050/5362 [03:07<04:59, 11.08it/s] 38%|███▊      | 2052/5362 [03:07<05:13, 10.56it/s] 38%|███▊      | 2054/5362 [03:07<05:24, 10.21it/s] 38%|███▊      | 2056/5362 [03:08<05:00, 10.99it/s] 38%|███▊      | 2058/5362 [03:08<05:20, 10.32it/s] 38%|███▊      | 2060/5362 [03:08<05:28, 10.05it/s] 38%|███▊      | 2062/5362 [03:08<05:22, 10.23it/s] 38%|███▊      | 2064/5362 [03:08<05:29, 10.02it/s] 39%|███▊      | 2066/5362 [03:09<05:28, 10.02it/s] 39%|███▊      | 2068/5362 [03:09<05:07, 10.71it/s] 39%|███▊      | 2070/5362 [03:09<05:09, 10.65it/s] 39%|███▊      | 2072/5362 [03:09<05:08, 10.66it/s] 39%|███▊      | 2074/5362 [03:09<04:53, 11.19it/s] 39%|███▊      | 2076/5362 [03:10<05:00, 10.92it/s] 39%|███▉      | 2078/5362 [03:10<04:41, 11.65it/s] 39%|███▉      | 2080/5362 [03:10<04:52, 11.21it/s] 39%|███▉      | 2082/5362 [03:10<04:39, 11.75it/s] 39%|███▉      | 2084/5362 [03:10<04:55, 11.09it/s] 39%|███▉      | 2086/5362 [03:10<04:32, 12.02it/s] 39%|███▉      | 2088/5362 [03:11<04:51, 11.22it/s] 39%|███▉      | 2090/5362 [03:11<05:16, 10.34it/s] 39%|███▉      | 2092/5362 [03:11<05:12, 10.46it/s] 39%|███▉      | 2094/5362 [03:11<05:36,  9.71it/s] 39%|███▉      | 2096/5362 [03:11<05:31,  9.84it/s] 39%|███▉      | 2098/5362 [03:12<05:13, 10.41it/s] 39%|███▉      | 2100/5362 [03:12<05:10, 10.51it/s] 39%|███▉      | 2102/5362 [03:12<05:18, 10.24it/s] 39%|███▉      | 2104/5362 [03:12<04:58, 10.91it/s] 39%|███▉      | 2106/5362 [03:12<05:04, 10.68it/s] 39%|███▉      | 2108/5362 [03:12<04:44, 11.45it/s] 39%|███▉      | 2110/5362 [03:13<05:02, 10.76it/s] 39%|███▉      | 2112/5362 [03:13<04:44, 11.41it/s] 39%|███▉      | 2114/5362 [03:13<04:54, 11.02it/s] 39%|███▉      | 2116/5362 [03:13<05:01, 10.78it/s] 40%|███▉      | 2118/5362 [03:13<04:43, 11.44it/s] 40%|███▉      | 2120/5362 [03:14<04:43, 11.44it/s] 40%|███▉      | 2122/5362 [03:14<04:10, 12.94it/s] 40%|███▉      | 2124/5362 [03:14<03:48, 14.17it/s] 40%|███▉      | 2126/5362 [03:14<03:42, 14.54it/s] 40%|███▉      | 2128/5362 [03:14<03:40, 14.64it/s] 40%|███▉      | 2130/5362 [03:14<03:40, 14.64it/s] 40%|███▉      | 2132/5362 [03:14<03:49, 14.07it/s] 40%|███▉      | 2134/5362 [03:14<03:39, 14.68it/s] 40%|███▉      | 2136/5362 [03:15<03:53, 13.83it/s] 40%|███▉      | 2138/5362 [03:15<03:47, 14.16it/s] 40%|███▉      | 2140/5362 [03:15<04:00, 13.40it/s] 40%|███▉      | 2142/5362 [03:15<04:51, 11.06it/s] 40%|███▉      | 2144/5362 [03:15<05:41,  9.43it/s] 40%|████      | 2146/5362 [03:16<05:43,  9.37it/s] 40%|████      | 2148/5362 [03:16<05:00, 10.70it/s] 40%|████      | 2150/5362 [03:16<04:39, 11.51it/s] 40%|████      | 2152/5362 [03:16<04:33, 11.74it/s] 40%|████      | 2154/5362 [03:16<04:15, 12.57it/s] 40%|████      | 2156/5362 [03:16<04:23, 12.16it/s] 40%|████      | 2158/5362 [03:17<04:24, 12.12it/s] 40%|████      | 2160/5362 [03:17<04:06, 12.97it/s] 40%|████      | 2162/5362 [03:17<04:03, 13.14it/s] 40%|████      | 2164/5362 [03:17<04:15, 12.53it/s] 40%|████      | 2166/5362 [03:17<04:24, 12.09it/s] 40%|████      | 2168/5362 [03:17<04:34, 11.62it/s] 40%|████      | 2170/5362 [03:18<04:48, 11.08it/s] 41%|████      | 2172/5362 [03:18<04:35, 11.59it/s] 41%|████      | 2174/5362 [03:18<04:26, 11.98it/s] 41%|████      | 2176/5362 [03:18<04:12, 12.61it/s] 41%|████      | 2178/5362 [03:18<04:07, 12.88it/s] 41%|████      | 2180/5362 [03:18<04:20, 12.22it/s] 41%|████      | 2182/5362 [03:19<04:11, 12.63it/s] 41%|████      | 2184/5362 [03:19<04:10, 12.69it/s] 41%|████      | 2186/5362 [03:19<04:15, 12.42it/s] 41%|████      | 2188/5362 [03:19<04:10, 12.69it/s] 41%|████      | 2190/5362 [03:19<04:14, 12.48it/s] 41%|████      | 2192/5362 [03:19<04:28, 11.79it/s] 41%|████      | 2194/5362 [03:19<04:20, 12.14it/s] 41%|████      | 2196/5362 [03:20<03:53, 13.53it/s] 41%|████      | 2198/5362 [03:20<03:33, 14.80it/s] 41%|████      | 2200/5362 [03:20<03:44, 14.09it/s] 41%|████      | 2202/5362 [03:20<03:38, 14.43it/s] 41%|████      | 2204/5362 [03:20<03:45, 14.03it/s] 41%|████      | 2206/5362 [03:20<03:49, 13.76it/s] 41%|████      | 2208/5362 [03:20<03:43, 14.13it/s] 41%|████      | 2210/5362 [03:21<03:44, 14.02it/s] 41%|████▏     | 2212/5362 [03:21<03:48, 13.81it/s] 41%|████▏     | 2214/5362 [03:21<03:43, 14.10it/s] 41%|████▏     | 2216/5362 [03:21<04:07, 12.71it/s] 41%|████▏     | 2218/5362 [03:21<04:31, 11.58it/s] 41%|████▏     | 2220/5362 [03:21<04:48, 10.88it/s] 41%|████▏     | 2222/5362 [03:22<04:55, 10.62it/s] 41%|████▏     | 2224/5362 [03:22<04:43, 11.06it/s] 42%|████▏     | 2226/5362 [03:22<04:40, 11.20it/s] 42%|████▏     | 2228/5362 [03:22<04:42, 11.10it/s] 42%|████▏     | 2230/5362 [03:22<04:45, 10.95it/s] 42%|████▏     | 2232/5362 [03:23<04:44, 11.02it/s] 42%|████▏     | 2234/5362 [03:23<04:37, 11.26it/s] 42%|████▏     | 2236/5362 [03:23<04:41, 11.12it/s] 42%|████▏     | 2238/5362 [03:23<04:50, 10.75it/s] 42%|████▏     | 2240/5362 [03:23<04:25, 11.75it/s] 42%|████▏     | 2242/5362 [03:23<04:28, 11.62it/s] 42%|████▏     | 2244/5362 [03:24<04:51, 10.69it/s] 42%|████▏     | 2246/5362 [03:24<04:38, 11.20it/s] 42%|████▏     | 2248/5362 [03:24<04:32, 11.44it/s] 42%|████▏     | 2250/5362 [03:24<04:50, 10.71it/s] 42%|████▏     | 2252/5362 [03:24<04:32, 11.40it/s] 42%|████▏     | 2254/5362 [03:25<04:38, 11.16it/s] 42%|████▏     | 2256/5362 [03:25<04:31, 11.42it/s] 42%|████▏     | 2258/5362 [03:25<04:29, 11.52it/s] 42%|████▏     | 2260/5362 [03:25<04:38, 11.16it/s] 42%|████▏     | 2262/5362 [03:25<04:30, 11.45it/s] 42%|████▏     | 2264/5362 [03:25<04:23, 11.76it/s] 42%|████▏     | 2266/5362 [03:26<04:36, 11.22it/s] 42%|████▏     | 2268/5362 [03:26<04:30, 11.43it/s] 42%|████▏     | 2270/5362 [03:26<04:16, 12.07it/s] 42%|████▏     | 2272/5362 [03:26<04:36, 11.19it/s] 42%|████▏     | 2274/5362 [03:26<04:17, 12.01it/s] 42%|████▏     | 2276/5362 [03:26<04:21, 11.79it/s] 42%|████▏     | 2278/5362 [03:27<04:27, 11.54it/s] 43%|████▎     | 2280/5362 [03:27<04:28, 11.48it/s] 43%|████▎     | 2282/5362 [03:27<04:40, 11.00it/s] 43%|████▎     | 2284/5362 [03:27<04:39, 11.01it/s] 43%|████▎     | 2286/5362 [03:27<04:51, 10.57it/s] 43%|████▎     | 2288/5362 [03:28<04:57, 10.32it/s] 43%|████▎     | 2290/5362 [03:28<05:00, 10.21it/s] 43%|████▎     | 2292/5362 [03:28<05:06, 10.01it/s] 43%|████▎     | 2294/5362 [03:28<05:04, 10.09it/s] 43%|████▎     | 2296/5362 [03:28<05:13,  9.79it/s] 43%|████▎     | 2298/5362 [03:29<05:13,  9.79it/s] 43%|████▎     | 2299/5362 [03:29<05:13,  9.78it/s] 43%|████▎     | 2300/5362 [03:29<05:15,  9.71it/s] 43%|████▎     | 2302/5362 [03:29<04:46, 10.70it/s] 43%|████▎     | 2304/5362 [03:29<05:03, 10.08it/s] 43%|████▎     | 2306/5362 [03:29<05:08,  9.90it/s] 43%|████▎     | 2308/5362 [03:30<05:07,  9.92it/s] 43%|████▎     | 2309/5362 [03:30<05:11,  9.80it/s] 43%|████▎     | 2311/5362 [03:30<04:43, 10.76it/s] 43%|████▎     | 2313/5362 [03:30<05:02, 10.08it/s] 43%|████▎     | 2315/5362 [03:30<04:55, 10.31it/s] 43%|████▎     | 2317/5362 [03:30<05:10,  9.80it/s] 43%|████▎     | 2319/5362 [03:31<04:58, 10.18it/s] 43%|████▎     | 2321/5362 [03:31<05:08,  9.87it/s] 43%|████▎     | 2322/5362 [03:31<05:09,  9.81it/s] 43%|████▎     | 2323/5362 [03:31<05:18,  9.53it/s] 43%|████▎     | 2324/5362 [03:31<05:19,  9.51it/s] 43%|████▎     | 2326/5362 [03:31<05:02, 10.02it/s] 43%|████▎     | 2328/5362 [03:32<04:41, 10.78it/s] 43%|████▎     | 2330/5362 [03:32<04:26, 11.40it/s] 43%|████▎     | 2332/5362 [03:32<04:47, 10.53it/s] 44%|████▎     | 2334/5362 [03:32<04:45, 10.59it/s] 44%|████▎     | 2336/5362 [03:32<04:55, 10.23it/s] 44%|████▎     | 2338/5362 [03:32<04:37, 10.89it/s] 44%|████▎     | 2340/5362 [03:33<04:43, 10.66it/s] 44%|████▎     | 2342/5362 [03:33<04:19, 11.62it/s] 44%|████▎     | 2344/5362 [03:33<04:33, 11.02it/s] 44%|████▍     | 2346/5362 [03:33<04:21, 11.55it/s] 44%|████▍     | 2348/5362 [03:33<04:32, 11.07it/s] 44%|████▍     | 2350/5362 [03:34<04:39, 10.78it/s] 44%|████▍     | 2352/5362 [03:34<04:24, 11.39it/s] 44%|████▍     | 2354/5362 [03:34<04:37, 10.84it/s] 44%|████▍     | 2356/5362 [03:34<04:42, 10.64it/s] 44%|████▍     | 2358/5362 [03:34<04:50, 10.35it/s] 44%|████▍     | 2360/5362 [03:35<05:02,  9.92it/s] 44%|████▍     | 2362/5362 [03:35<05:19,  9.38it/s] 44%|████▍     | 2364/5362 [03:35<04:58, 10.05it/s] 44%|████▍     | 2366/5362 [03:35<04:27, 11.20it/s] 44%|████▍     | 2368/5362 [03:35<04:24, 11.30it/s] 44%|████▍     | 2370/5362 [03:35<04:14, 11.74it/s] 44%|████▍     | 2372/5362 [03:36<04:14, 11.75it/s] 44%|████▍     | 2374/5362 [03:36<04:32, 10.98it/s] 44%|████▍     | 2376/5362 [03:36<04:23, 11.32it/s] 44%|████▍     | 2378/5362 [03:36<04:00, 12.38it/s] 44%|████▍     | 2380/5362 [03:36<03:43, 13.36it/s] 44%|████▍     | 2382/5362 [03:36<03:33, 13.98it/s] 44%|████▍     | 2384/5362 [03:37<04:03, 12.24it/s] 44%|████▍     | 2386/5362 [03:37<04:22, 11.36it/s] 45%|████▍     | 2388/5362 [03:37<04:29, 11.02it/s] 45%|████▍     | 2390/5362 [03:37<03:58, 12.49it/s] 45%|████▍     | 2392/5362 [03:37<03:35, 13.78it/s] 45%|████▍     | 2394/5362 [03:37<03:22, 14.65it/s] 45%|████▍     | 2396/5362 [03:37<03:27, 14.31it/s] 45%|████▍     | 2398/5362 [03:38<04:01, 12.28it/s] 45%|████▍     | 2400/5362 [03:38<04:19, 11.40it/s] 45%|████▍     | 2402/5362 [03:38<04:28, 11.02it/s] 45%|████▍     | 2404/5362 [03:38<04:04, 12.07it/s] 45%|████▍     | 2406/5362 [03:38<03:41, 13.32it/s] 45%|████▍     | 2408/5362 [03:38<03:46, 13.05it/s] 45%|████▍     | 2410/5362 [03:39<03:48, 12.93it/s] 45%|████▍     | 2412/5362 [03:39<03:41, 13.33it/s] 45%|████▌     | 2414/5362 [03:39<03:52, 12.70it/s] 45%|████▌     | 2416/5362 [03:39<04:01, 12.19it/s] 45%|████▌     | 2418/5362 [03:41<19:22,  2.53it/s] 45%|████▌     | 2420/5362 [03:41<14:34,  3.36it/s] 45%|████▌     | 2422/5362 [03:42<11:20,  4.32it/s] 45%|████▌     | 2424/5362 [03:42<08:45,  5.59it/s] 45%|████▌     | 2426/5362 [03:42<07:09,  6.83it/s] 45%|████▌     | 2428/5362 [03:42<05:53,  8.30it/s] 45%|████▌     | 2430/5362 [03:42<05:28,  8.92it/s] 45%|████▌     | 2432/5362 [03:42<04:54,  9.94it/s] 45%|████▌     | 2434/5362 [03:43<04:38, 10.52it/s] 45%|████▌     | 2436/5362 [03:43<04:44, 10.29it/s] 45%|████▌     | 2438/5362 [03:43<04:57,  9.82it/s] 46%|████▌     | 2440/5362 [03:43<05:16,  9.23it/s] 46%|████▌     | 2442/5362 [03:43<05:00,  9.70it/s] 46%|████▌     | 2444/5362 [03:44<04:57,  9.80it/s] 46%|████▌     | 2446/5362 [03:44<05:05,  9.55it/s] 46%|████▌     | 2448/5362 [03:44<04:39, 10.41it/s] 46%|████▌     | 2450/5362 [03:44<04:43, 10.27it/s] 46%|████▌     | 2452/5362 [03:44<04:51,  9.98it/s] 46%|████▌     | 2454/5362 [03:45<04:55,  9.85it/s] 46%|████▌     | 2456/5362 [03:45<04:41, 10.33it/s] 46%|████▌     | 2458/5362 [03:45<04:46, 10.13it/s] 46%|████▌     | 2460/5362 [03:45<04:52,  9.91it/s] 46%|████▌     | 2462/5362 [03:45<04:54,  9.85it/s] 46%|████▌     | 2463/5362 [03:45<04:59,  9.67it/s] 46%|████▌     | 2465/5362 [03:46<04:55,  9.79it/s] 46%|████▌     | 2466/5362 [03:46<05:04,  9.52it/s] 46%|████▌     | 2467/5362 [03:46<05:01,  9.59it/s] 46%|████▌     | 2468/5362 [03:46<05:00,  9.64it/s] 46%|████▌     | 2469/5362 [03:46<05:01,  9.59it/s] 46%|████▌     | 2470/5362 [03:46<05:02,  9.56it/s] 46%|████▌     | 2471/5362 [03:46<04:59,  9.64it/s] 46%|████▌     | 2472/5362 [03:46<05:01,  9.59it/s] 46%|████▌     | 2473/5362 [03:47<05:00,  9.61it/s] 46%|████▌     | 2474/5362 [03:47<05:00,  9.60it/s] 46%|████▌     | 2476/5362 [03:47<04:54,  9.80it/s] 46%|████▌     | 2477/5362 [03:47<05:01,  9.56it/s] 46%|████▌     | 2478/5362 [03:47<05:03,  9.51it/s] 46%|████▋     | 2480/5362 [03:47<04:58,  9.64it/s] 46%|████▋     | 2482/5362 [03:47<04:56,  9.71it/s] 46%|████▋     | 2484/5362 [03:48<04:45, 10.08it/s] 46%|████▋     | 2486/5362 [03:48<05:03,  9.48it/s] 46%|████▋     | 2487/5362 [03:48<05:04,  9.45it/s] 46%|████▋     | 2488/5362 [03:48<05:01,  9.54it/s] 46%|████▋     | 2489/5362 [03:48<05:06,  9.36it/s] 46%|████▋     | 2491/5362 [03:48<04:57,  9.64it/s] 46%|████▋     | 2493/5362 [03:49<04:57,  9.64it/s] 47%|████▋     | 2495/5362 [03:49<04:50,  9.87it/s] 47%|████▋     | 2496/5362 [03:49<05:00,  9.54it/s] 47%|████▋     | 2497/5362 [03:49<05:06,  9.36it/s] 47%|████▋     | 2498/5362 [03:49<05:08,  9.29it/s] 47%|████▋     | 2499/5362 [03:49<05:10,  9.23it/s] 47%|████▋     | 2500/5362 [03:49<05:09,  9.26it/s] 47%|████▋     | 2501/5362 [03:49<05:11,  9.19it/s] 47%|████▋     | 2502/5362 [03:50<05:07,  9.29it/s] 47%|████▋     | 2503/5362 [03:50<05:04,  9.38it/s] 47%|████▋     | 2505/5362 [03:50<04:44, 10.05it/s] 47%|████▋     | 2506/5362 [03:50<05:05,  9.36it/s] 47%|████▋     | 2507/5362 [03:50<05:09,  9.21it/s] 47%|████▋     | 2508/5362 [03:50<05:17,  8.98it/s] 47%|████▋     | 2509/5362 [03:50<05:19,  8.94it/s] 47%|████▋     | 2510/5362 [03:50<05:14,  9.07it/s] 47%|████▋     | 2511/5362 [03:51<05:20,  8.88it/s] 47%|████▋     | 2512/5362 [03:51<05:26,  8.72it/s] 47%|████▋     | 2514/5362 [03:51<05:15,  9.04it/s] 47%|████▋     | 2515/5362 [03:51<05:22,  8.82it/s] 47%|████▋     | 2517/5362 [03:51<04:58,  9.53it/s] 47%|████▋     | 2518/5362 [03:51<05:20,  8.86it/s] 47%|████▋     | 2519/5362 [03:51<05:25,  8.73it/s] 47%|████▋     | 2521/5362 [03:52<05:08,  9.22it/s] 47%|████▋     | 2522/5362 [03:52<05:19,  8.90it/s] 47%|████▋     | 2523/5362 [03:52<05:25,  8.72it/s] 47%|████▋     | 2524/5362 [03:52<05:14,  9.02it/s] 47%|████▋     | 2525/5362 [03:52<05:17,  8.95it/s] 47%|████▋     | 2526/5362 [03:52<05:09,  9.15it/s] 47%|████▋     | 2528/5362 [03:52<04:33, 10.37it/s] 47%|████▋     | 2530/5362 [03:53<04:45,  9.93it/s] 47%|████▋     | 2531/5362 [03:53<04:45,  9.92it/s] 47%|████▋     | 2533/5362 [03:53<04:40, 10.07it/s] 47%|████▋     | 2535/5362 [03:53<04:33, 10.34it/s] 47%|████▋     | 2537/5362 [03:53<04:45,  9.90it/s] 47%|████▋     | 2538/5362 [03:53<04:49,  9.76it/s] 47%|████▋     | 2539/5362 [03:54<04:56,  9.51it/s] 47%|████▋     | 2541/5362 [03:54<04:55,  9.55it/s] 47%|████▋     | 2542/5362 [03:54<04:54,  9.59it/s] 47%|████▋     | 2543/5362 [03:54<04:51,  9.66it/s] 47%|████▋     | 2544/5362 [03:54<04:54,  9.56it/s] 47%|████▋     | 2545/5362 [03:54<05:15,  8.92it/s] 47%|████▋     | 2546/5362 [03:54<05:18,  8.83it/s] 48%|████▊     | 2547/5362 [03:54<05:20,  8.79it/s] 48%|████▊     | 2548/5362 [03:55<05:23,  8.69it/s] 48%|████▊     | 2549/5362 [03:55<05:26,  8.62it/s] 48%|████▊     | 2550/5362 [03:55<05:33,  8.42it/s] 48%|████▊     | 2551/5362 [03:55<05:23,  8.69it/s] 48%|████▊     | 2553/5362 [03:55<04:38, 10.08it/s] 48%|████▊     | 2554/5362 [03:55<04:44,  9.86it/s] 48%|████▊     | 2555/5362 [03:55<05:01,  9.31it/s] 48%|████▊     | 2556/5362 [03:55<04:59,  9.38it/s] 48%|████▊     | 2558/5362 [03:56<04:56,  9.46it/s] 48%|████▊     | 2560/5362 [03:56<04:51,  9.63it/s] 48%|████▊     | 2561/5362 [03:56<04:48,  9.70it/s] 48%|████▊     | 2563/5362 [03:56<04:20, 10.76it/s] 48%|████▊     | 2565/5362 [03:56<04:29, 10.38it/s] 48%|████▊     | 2567/5362 [03:56<04:14, 11.00it/s] 48%|████▊     | 2569/5362 [03:57<04:22, 10.64it/s] 48%|████▊     | 2571/5362 [03:57<04:14, 10.98it/s] 48%|████▊     | 2573/5362 [03:57<04:16, 10.86it/s] 48%|████▊     | 2575/5362 [03:57<04:01, 11.54it/s] 48%|████▊     | 2577/5362 [03:57<04:39,  9.95it/s] 48%|████▊     | 2579/5362 [03:58<04:49,  9.60it/s] 48%|████▊     | 2581/5362 [03:58<04:55,  9.40it/s] 48%|████▊     | 2582/5362 [03:58<04:56,  9.36it/s] 48%|████▊     | 2584/5362 [03:58<04:18, 10.76it/s] 48%|████▊     | 2586/5362 [03:58<04:11, 11.05it/s] 48%|████▊     | 2588/5362 [03:58<04:01, 11.47it/s] 48%|████▊     | 2590/5362 [03:59<04:11, 11.01it/s] 48%|████▊     | 2592/5362 [03:59<04:23, 10.53it/s] 48%|████▊     | 2594/5362 [03:59<04:04, 11.30it/s] 48%|████▊     | 2596/5362 [03:59<04:01, 11.47it/s] 48%|████▊     | 2598/5362 [03:59<04:12, 10.94it/s] 48%|████▊     | 2600/5362 [03:59<03:48, 12.10it/s] 49%|████▊     | 2602/5362 [04:00<03:31, 13.08it/s] 49%|████▊     | 2604/5362 [04:00<03:35, 12.79it/s] 49%|████▊     | 2606/5362 [04:00<03:34, 12.83it/s] 49%|████▊     | 2608/5362 [04:00<03:24, 13.44it/s] 49%|████▊     | 2610/5362 [04:00<03:17, 13.94it/s] 49%|████▊     | 2612/5362 [04:00<03:29, 13.14it/s] 49%|████▉     | 2614/5362 [04:00<03:25, 13.37it/s] 49%|████▉     | 2616/5362 [04:01<03:48, 12.01it/s] 49%|████▉     | 2618/5362 [04:01<04:03, 11.27it/s] 49%|████▉     | 2620/5362 [04:01<04:19, 10.57it/s] 49%|████▉     | 2622/5362 [04:01<04:29, 10.16it/s] 49%|████▉     | 2624/5362 [04:02<04:39,  9.80it/s] 49%|████▉     | 2626/5362 [04:02<04:25, 10.31it/s] 49%|████▉     | 2628/5362 [04:02<04:26, 10.25it/s] 49%|████▉     | 2630/5362 [04:02<04:01, 11.29it/s] 49%|████▉     | 2632/5362 [04:02<04:00, 11.33it/s] 49%|████▉     | 2634/5362 [04:02<03:59, 11.40it/s] 49%|████▉     | 2636/5362 [04:03<03:58, 11.41it/s] 49%|████▉     | 2638/5362 [04:03<03:58, 11.42it/s] 49%|████▉     | 2640/5362 [04:03<03:50, 11.81it/s] 49%|████▉     | 2642/5362 [04:03<03:59, 11.36it/s] 49%|████▉     | 2644/5362 [04:03<03:52, 11.68it/s] 49%|████▉     | 2646/5362 [04:03<03:39, 12.38it/s] 49%|████▉     | 2648/5362 [04:04<03:49, 11.85it/s] 49%|████▉     | 2650/5362 [04:04<04:02, 11.19it/s] 49%|████▉     | 2652/5362 [04:04<03:55, 11.53it/s] 49%|████▉     | 2654/5362 [04:04<03:46, 11.95it/s] 50%|████▉     | 2656/5362 [04:04<04:01, 11.22it/s] 50%|████▉     | 2658/5362 [04:04<03:55, 11.48it/s] 50%|████▉     | 2660/5362 [04:05<03:59, 11.27it/s] 50%|████▉     | 2662/5362 [04:05<04:05, 11.00it/s] 50%|████▉     | 2664/5362 [04:05<03:57, 11.36it/s] 50%|████▉     | 2666/5362 [04:05<03:58, 11.31it/s] 50%|████▉     | 2668/5362 [04:05<04:08, 10.86it/s] 50%|████▉     | 2670/5362 [04:05<03:52, 11.59it/s] 50%|████▉     | 2672/5362 [04:06<04:01, 11.12it/s] 50%|████▉     | 2674/5362 [04:06<03:42, 12.09it/s] 50%|████▉     | 2676/5362 [04:06<03:50, 11.66it/s] 50%|████▉     | 2678/5362 [04:06<03:29, 12.83it/s] 50%|████▉     | 2680/5362 [04:06<03:30, 12.74it/s] 50%|█████     | 2682/5362 [04:06<03:33, 12.54it/s] 50%|█████     | 2684/5362 [04:07<03:27, 12.93it/s] 50%|█████     | 2686/5362 [04:07<03:38, 12.24it/s] 50%|█████     | 2688/5362 [04:07<03:33, 12.54it/s] 50%|█████     | 2690/5362 [04:07<03:42, 11.99it/s] 50%|█████     | 2692/5362 [04:07<03:58, 11.22it/s] 50%|█████     | 2694/5362 [04:08<04:01, 11.05it/s] 50%|█████     | 2696/5362 [04:08<04:07, 10.77it/s] 50%|█████     | 2698/5362 [04:08<04:09, 10.68it/s] 50%|█████     | 2700/5362 [04:08<04:28,  9.92it/s] 50%|█████     | 2702/5362 [04:08<04:35,  9.65it/s] 50%|█████     | 2704/5362 [04:09<04:26,  9.96it/s] 50%|█████     | 2706/5362 [04:09<04:30,  9.83it/s] 51%|█████     | 2708/5362 [04:09<04:27,  9.91it/s] 51%|█████     | 2710/5362 [04:09<04:03, 10.89it/s] 51%|█████     | 2712/5362 [04:09<04:08, 10.65it/s] 51%|█████     | 2714/5362 [04:09<04:11, 10.52it/s] 51%|█████     | 2716/5362 [04:10<04:05, 10.79it/s] 51%|█████     | 2718/5362 [04:10<03:58, 11.08it/s] 51%|█████     | 2720/5362 [04:10<03:50, 11.47it/s] 51%|█████     | 2722/5362 [04:10<03:56, 11.18it/s] 51%|█████     | 2724/5362 [04:10<03:49, 11.52it/s] 51%|█████     | 2726/5362 [04:11<03:51, 11.39it/s] 51%|█████     | 2728/5362 [04:11<04:04, 10.75it/s] 51%|█████     | 2730/5362 [04:11<04:01, 10.89it/s] 51%|█████     | 2732/5362 [04:11<03:56, 11.13it/s] 51%|█████     | 2734/5362 [04:11<04:04, 10.74it/s] 51%|█████     | 2736/5362 [04:11<04:01, 10.86it/s] 51%|█████     | 2738/5362 [04:12<03:46, 11.57it/s] 51%|█████     | 2740/5362 [04:12<03:42, 11.78it/s] 51%|█████     | 2742/5362 [04:12<03:49, 11.40it/s] 51%|█████     | 2744/5362 [04:12<03:57, 11.02it/s] 51%|█████     | 2746/5362 [04:12<04:03, 10.72it/s] 51%|█████     | 2748/5362 [04:12<03:48, 11.43it/s] 51%|█████▏    | 2750/5362 [04:13<04:00, 10.88it/s] 51%|█████▏    | 2752/5362 [04:13<04:02, 10.77it/s] 51%|█████▏    | 2754/5362 [04:13<03:46, 11.50it/s] 51%|█████▏    | 2756/5362 [04:13<03:51, 11.24it/s] 51%|█████▏    | 2758/5362 [04:13<03:52, 11.19it/s] 51%|█████▏    | 2760/5362 [04:14<04:00, 10.80it/s] 52%|█████▏    | 2762/5362 [04:14<03:59, 10.86it/s] 52%|█████▏    | 2764/5362 [04:14<04:00, 10.80it/s] 52%|█████▏    | 2766/5362 [04:14<04:06, 10.54it/s] 52%|█████▏    | 2768/5362 [04:14<03:53, 11.09it/s] 52%|█████▏    | 2770/5362 [04:15<04:01, 10.74it/s] 52%|█████▏    | 2772/5362 [04:15<03:48, 11.34it/s] 52%|█████▏    | 2774/5362 [04:15<04:01, 10.71it/s] 52%|█████▏    | 2776/5362 [04:15<03:49, 11.27it/s] 52%|█████▏    | 2778/5362 [04:15<03:46, 11.40it/s] 52%|█████▏    | 2780/5362 [04:15<03:40, 11.69it/s] 52%|█████▏    | 2782/5362 [04:16<03:45, 11.44it/s] 52%|█████▏    | 2784/5362 [04:16<03:47, 11.32it/s] 52%|█████▏    | 2786/5362 [04:16<03:42, 11.57it/s] 52%|█████▏    | 2788/5362 [04:16<03:49, 11.20it/s] 52%|█████▏    | 2790/5362 [04:16<04:02, 10.59it/s] 52%|█████▏    | 2792/5362 [04:17<04:13, 10.13it/s] 52%|█████▏    | 2794/5362 [04:17<04:19,  9.89it/s] 52%|█████▏    | 2795/5362 [04:17<04:31,  9.46it/s] 52%|█████▏    | 2797/5362 [04:17<04:08, 10.33it/s] 52%|█████▏    | 2799/5362 [04:17<04:02, 10.56it/s] 52%|█████▏    | 2801/5362 [04:17<03:54, 10.91it/s] 52%|█████▏    | 2803/5362 [04:18<03:49, 11.16it/s] 52%|█████▏    | 2805/5362 [04:18<03:59, 10.69it/s] 52%|█████▏    | 2807/5362 [04:18<03:58, 10.72it/s] 52%|█████▏    | 2809/5362 [04:18<03:53, 10.93it/s] 52%|█████▏    | 2811/5362 [04:18<03:59, 10.64it/s] 52%|█████▏    | 2813/5362 [04:18<03:54, 10.88it/s] 52%|█████▏    | 2815/5362 [04:19<03:51, 11.00it/s] 53%|█████▎    | 2817/5362 [04:19<03:39, 11.61it/s] 53%|█████▎    | 2819/5362 [04:19<03:42, 11.43it/s] 53%|█████▎    | 2821/5362 [04:19<03:29, 12.14it/s] 53%|█████▎    | 2823/5362 [04:19<03:20, 12.68it/s] 53%|█████▎    | 2825/5362 [04:19<03:15, 12.95it/s] 53%|█████▎    | 2827/5362 [04:20<03:10, 13.33it/s] 53%|█████▎    | 2829/5362 [04:20<03:18, 12.74it/s] 53%|█████▎    | 2831/5362 [04:20<03:32, 11.90it/s] 53%|█████▎    | 2833/5362 [04:20<03:23, 12.45it/s] 53%|█████▎    | 2835/5362 [04:20<03:36, 11.65it/s] 53%|█████▎    | 2837/5362 [04:20<03:27, 12.17it/s] 53%|█████▎    | 2839/5362 [04:21<03:15, 12.92it/s] 53%|█████▎    | 2841/5362 [04:21<03:30, 11.98it/s] 53%|█████▎    | 2843/5362 [04:21<03:37, 11.60it/s] 53%|█████▎    | 2845/5362 [04:21<03:57, 10.60it/s] 53%|█████▎    | 2847/5362 [04:21<03:57, 10.58it/s] 53%|█████▎    | 2849/5362 [04:22<03:54, 10.71it/s] 53%|█████▎    | 2851/5362 [04:22<03:48, 10.99it/s] 53%|█████▎    | 2853/5362 [04:22<03:59, 10.49it/s] 53%|█████▎    | 2855/5362 [04:22<03:52, 10.80it/s] 53%|█████▎    | 2857/5362 [04:22<04:02, 10.33it/s] 53%|█████▎    | 2859/5362 [04:23<04:11,  9.97it/s] 53%|█████▎    | 2861/5362 [04:23<03:51, 10.79it/s] 53%|█████▎    | 2863/5362 [04:23<03:41, 11.28it/s] 53%|█████▎    | 2865/5362 [04:23<03:45, 11.05it/s] 53%|█████▎    | 2867/5362 [04:23<03:44, 11.13it/s] 54%|█████▎    | 2869/5362 [04:23<03:47, 10.97it/s] 54%|█████▎    | 2871/5362 [04:24<03:26, 12.04it/s] 54%|█████▎    | 2873/5362 [04:24<03:15, 12.76it/s] 54%|█████▎    | 2875/5362 [04:24<03:14, 12.77it/s] 54%|█████▎    | 2877/5362 [04:24<03:10, 13.01it/s] 54%|█████▎    | 2879/5362 [04:24<03:23, 12.20it/s] 54%|█████▎    | 2881/5362 [04:24<03:17, 12.58it/s] 54%|█████▍    | 2883/5362 [04:24<03:24, 12.12it/s] 54%|█████▍    | 2885/5362 [04:25<03:27, 11.95it/s] 54%|█████▍    | 2887/5362 [04:25<03:15, 12.69it/s] 54%|█████▍    | 2889/5362 [04:25<03:07, 13.16it/s] 54%|█████▍    | 2891/5362 [04:25<03:10, 13.00it/s] 54%|█████▍    | 2893/5362 [04:25<03:00, 13.68it/s] 54%|█████▍    | 2895/5362 [04:25<03:01, 13.58it/s] 54%|█████▍    | 2897/5362 [04:25<03:00, 13.64it/s] 54%|█████▍    | 2899/5362 [04:26<03:07, 13.16it/s] 54%|█████▍    | 2901/5362 [04:26<03:17, 12.45it/s] 54%|█████▍    | 2903/5362 [04:26<03:27, 11.86it/s] 54%|█████▍    | 2905/5362 [04:26<03:30, 11.65it/s] 54%|█████▍    | 2907/5362 [04:26<03:15, 12.55it/s] 54%|█████▍    | 2909/5362 [04:26<03:12, 12.72it/s] 54%|█████▍    | 2911/5362 [04:27<03:22, 12.11it/s] 54%|█████▍    | 2913/5362 [04:27<03:10, 12.87it/s] 54%|█████▍    | 2915/5362 [04:27<03:11, 12.81it/s] 54%|█████▍    | 2917/5362 [04:27<03:29, 11.70it/s] 54%|█████▍    | 2919/5362 [04:27<03:10, 12.81it/s] 54%|█████▍    | 2921/5362 [04:27<03:18, 12.32it/s] 55%|█████▍    | 2923/5362 [04:28<03:28, 11.70it/s] 55%|█████▍    | 2925/5362 [04:28<03:15, 12.48it/s] 55%|█████▍    | 2927/5362 [04:28<03:16, 12.40it/s] 55%|█████▍    | 2929/5362 [04:28<03:09, 12.82it/s] 55%|█████▍    | 2931/5362 [04:28<03:29, 11.60it/s] 55%|█████▍    | 2933/5362 [04:29<03:47, 10.67it/s] 55%|█████▍    | 2935/5362 [04:29<04:08,  9.77it/s] 55%|█████▍    | 2937/5362 [04:29<04:04,  9.92it/s] 55%|█████▍    | 2939/5362 [04:29<03:47, 10.64it/s] 55%|█████▍    | 2941/5362 [04:29<03:55, 10.30it/s] 55%|█████▍    | 2943/5362 [04:29<03:38, 11.05it/s] 55%|█████▍    | 2945/5362 [04:30<03:28, 11.62it/s] 55%|█████▍    | 2947/5362 [04:30<03:32, 11.35it/s] 55%|█████▍    | 2949/5362 [04:30<03:27, 11.60it/s] 55%|█████▌    | 2951/5362 [04:30<03:39, 10.99it/s] 55%|█████▌    | 2953/5362 [04:30<03:43, 10.76it/s] 55%|█████▌    | 2955/5362 [04:31<03:27, 11.62it/s] 55%|█████▌    | 2957/5362 [04:31<03:32, 11.31it/s] 55%|█████▌    | 2959/5362 [04:31<03:38, 10.98it/s] 55%|█████▌    | 2961/5362 [04:31<03:41, 10.82it/s] 55%|█████▌    | 2963/5362 [04:31<03:40, 10.86it/s] 55%|█████▌    | 2965/5362 [04:31<03:24, 11.72it/s] 55%|█████▌    | 2967/5362 [04:32<03:32, 11.25it/s] 55%|█████▌    | 2969/5362 [04:32<03:31, 11.31it/s] 55%|█████▌    | 2971/5362 [04:32<03:26, 11.59it/s] 55%|█████▌    | 2973/5362 [04:32<03:27, 11.52it/s] 55%|█████▌    | 2975/5362 [04:32<03:25, 11.64it/s] 56%|█████▌    | 2977/5362 [04:32<03:25, 11.60it/s] 56%|█████▌    | 2979/5362 [04:33<03:35, 11.04it/s] 56%|█████▌    | 2981/5362 [04:33<03:22, 11.73it/s] 56%|█████▌    | 2983/5362 [04:33<03:39, 10.83it/s] 56%|█████▌    | 2985/5362 [04:33<03:33, 11.15it/s] 56%|█████▌    | 2987/5362 [04:33<03:38, 10.89it/s] 56%|█████▌    | 2989/5362 [04:34<03:23, 11.68it/s] 56%|█████▌    | 2991/5362 [04:34<03:27, 11.44it/s] 56%|█████▌    | 2993/5362 [04:34<03:30, 11.26it/s] 56%|█████▌    | 2995/5362 [04:34<03:37, 10.87it/s] 56%|█████▌    | 2997/5362 [04:34<03:27, 11.39it/s] 56%|█████▌    | 2999/5362 [04:34<03:26, 11.46it/s] 56%|█████▌    | 3001/5362 [04:35<03:30, 11.24it/s] 56%|█████▌    | 3003/5362 [04:35<03:33, 11.03it/s] 56%|█████▌    | 3005/5362 [04:35<03:38, 10.77it/s] 56%|█████▌    | 3007/5362 [04:35<03:36, 10.89it/s] 56%|█████▌    | 3009/5362 [04:35<03:37, 10.80it/s] 56%|█████▌    | 3011/5362 [04:36<03:49, 10.23it/s] 56%|█████▌    | 3013/5362 [04:36<03:57,  9.88it/s] 56%|█████▌    | 3014/5362 [04:36<03:58,  9.85it/s] 56%|█████▌    | 3016/5362 [04:36<03:53, 10.06it/s] 56%|█████▋    | 3018/5362 [04:36<03:53, 10.05it/s] 56%|█████▋    | 3020/5362 [04:36<03:46, 10.32it/s] 56%|█████▋    | 3022/5362 [04:37<03:50, 10.15it/s] 56%|█████▋    | 3024/5362 [04:37<03:48, 10.24it/s] 56%|█████▋    | 3026/5362 [04:37<03:41, 10.53it/s] 56%|█████▋    | 3028/5362 [04:37<03:39, 10.65it/s] 57%|█████▋    | 3030/5362 [04:37<03:37, 10.70it/s] 57%|█████▋    | 3032/5362 [04:38<03:30, 11.05it/s] 57%|█████▋    | 3034/5362 [04:38<03:37, 10.73it/s] 57%|█████▋    | 3036/5362 [04:38<03:50, 10.07it/s] 57%|█████▋    | 3038/5362 [04:38<03:59,  9.70it/s] 57%|█████▋    | 3039/5362 [04:38<03:59,  9.71it/s] 57%|█████▋    | 3040/5362 [04:38<04:07,  9.36it/s] 57%|█████▋    | 3042/5362 [04:39<03:48, 10.15it/s] 57%|█████▋    | 3044/5362 [04:39<03:41, 10.45it/s] 57%|█████▋    | 3046/5362 [04:39<03:45, 10.28it/s] 57%|█████▋    | 3048/5362 [04:39<03:24, 11.33it/s] 57%|█████▋    | 3050/5362 [04:39<03:32, 10.89it/s] 57%|█████▋    | 3052/5362 [04:39<03:17, 11.67it/s] 57%|█████▋    | 3054/5362 [04:40<03:27, 11.12it/s] 57%|█████▋    | 3056/5362 [04:40<03:21, 11.42it/s] 57%|█████▋    | 3058/5362 [04:40<03:19, 11.57it/s] 57%|█████▋    | 3060/5362 [04:40<03:18, 11.58it/s] 57%|█████▋    | 3062/5362 [04:40<03:29, 10.98it/s] 57%|█████▋    | 3064/5362 [04:41<03:09, 12.11it/s] 57%|█████▋    | 3066/5362 [04:41<02:55, 13.08it/s] 57%|█████▋    | 3068/5362 [04:41<02:52, 13.27it/s] 57%|█████▋    | 3070/5362 [04:41<02:42, 14.10it/s] 57%|█████▋    | 3072/5362 [04:41<02:34, 14.85it/s] 57%|█████▋    | 3074/5362 [04:41<02:31, 15.12it/s] 57%|█████▋    | 3076/5362 [04:41<02:23, 15.91it/s] 57%|█████▋    | 3078/5362 [04:41<02:30, 15.16it/s] 57%|█████▋    | 3080/5362 [04:42<02:28, 15.40it/s] 57%|█████▋    | 3082/5362 [04:42<02:26, 15.53it/s] 58%|█████▊    | 3084/5362 [04:42<02:40, 14.21it/s] 58%|█████▊    | 3086/5362 [04:42<03:27, 10.96it/s] 58%|█████▊    | 3088/5362 [04:42<03:28, 10.90it/s] 58%|█████▊    | 3090/5362 [04:43<03:40, 10.31it/s] 58%|█████▊    | 3092/5362 [04:43<03:48,  9.93it/s] 58%|█████▊    | 3094/5362 [04:43<03:42, 10.20it/s] 58%|█████▊    | 3096/5362 [04:43<03:28, 10.85it/s] 58%|█████▊    | 3098/5362 [04:43<03:19, 11.38it/s] 58%|█████▊    | 3100/5362 [04:43<03:06, 12.12it/s] 58%|█████▊    | 3102/5362 [04:44<03:09, 11.91it/s] 58%|█████▊    | 3104/5362 [04:44<03:14, 11.64it/s] 58%|█████▊    | 3106/5362 [04:44<03:09, 11.92it/s] 58%|█████▊    | 3108/5362 [04:44<03:05, 12.16it/s] 58%|█████▊    | 3110/5362 [04:44<03:15, 11.51it/s] 58%|█████▊    | 3112/5362 [04:44<03:25, 10.98it/s] 58%|█████▊    | 3114/5362 [04:45<03:26, 10.88it/s] 58%|█████▊    | 3116/5362 [04:45<03:22, 11.12it/s] 58%|█████▊    | 3118/5362 [04:45<03:10, 11.75it/s] 58%|█████▊    | 3120/5362 [04:45<03:06, 12.00it/s] 58%|█████▊    | 3122/5362 [04:45<03:11, 11.70it/s] 58%|█████▊    | 3124/5362 [04:45<03:14, 11.50it/s] 58%|█████▊    | 3126/5362 [04:46<03:23, 11.01it/s] 58%|█████▊    | 3128/5362 [04:46<03:16, 11.37it/s] 58%|█████▊    | 3130/5362 [04:46<03:27, 10.78it/s] 58%|█████▊    | 3132/5362 [04:46<03:13, 11.52it/s] 58%|█████▊    | 3134/5362 [04:46<03:21, 11.06it/s] 58%|█████▊    | 3136/5362 [04:47<03:17, 11.25it/s] 59%|█████▊    | 3138/5362 [04:47<03:05, 11.99it/s] 59%|█████▊    | 3140/5362 [04:47<03:15, 11.36it/s] 59%|█████▊    | 3142/5362 [04:47<03:12, 11.54it/s] 59%|█████▊    | 3144/5362 [04:47<03:13, 11.46it/s] 59%|█████▊    | 3146/5362 [04:47<03:18, 11.17it/s] 59%|█████▊    | 3148/5362 [04:48<03:18, 11.17it/s] 59%|█████▊    | 3150/5362 [04:48<03:27, 10.68it/s] 59%|█████▉    | 3152/5362 [04:48<03:02, 12.10it/s] 59%|█████▉    | 3154/5362 [04:48<02:59, 12.31it/s] 59%|█████▉    | 3156/5362 [04:48<02:57, 12.46it/s] 59%|█████▉    | 3158/5362 [04:48<02:53, 12.67it/s] 59%|█████▉    | 3160/5362 [04:49<03:06, 11.82it/s] 59%|█████▉    | 3162/5362 [04:49<02:51, 12.84it/s] 59%|█████▉    | 3164/5362 [04:49<03:05, 11.84it/s] 59%|█████▉    | 3166/5362 [04:49<03:04, 11.91it/s] 59%|█████▉    | 3168/5362 [04:49<03:18, 11.05it/s] 59%|█████▉    | 3170/5362 [04:50<03:37, 10.10it/s] 59%|█████▉    | 3172/5362 [04:50<03:46,  9.66it/s] 59%|█████▉    | 3173/5362 [04:50<03:56,  9.26it/s] 59%|█████▉    | 3174/5362 [04:50<04:02,  9.03it/s] 59%|█████▉    | 3176/5362 [04:50<03:38,  9.99it/s] 59%|█████▉    | 3178/5362 [04:50<03:34, 10.20it/s] 59%|█████▉    | 3180/5362 [04:51<03:38,  9.97it/s] 59%|█████▉    | 3182/5362 [04:51<03:35, 10.10it/s] 59%|█████▉    | 3184/5362 [04:51<03:28, 10.45it/s] 59%|█████▉    | 3186/5362 [04:51<03:35, 10.08it/s] 59%|█████▉    | 3188/5362 [04:51<03:34, 10.15it/s] 59%|█████▉    | 3190/5362 [04:52<03:23, 10.68it/s] 60%|█████▉    | 3192/5362 [04:52<03:21, 10.78it/s] 60%|█████▉    | 3194/5362 [04:52<03:10, 11.35it/s] 60%|█████▉    | 3196/5362 [04:52<03:31, 10.23it/s] 60%|█████▉    | 3198/5362 [04:52<03:21, 10.73it/s] 60%|█████▉    | 3200/5362 [04:52<03:30, 10.25it/s] 60%|█████▉    | 3202/5362 [04:53<03:34, 10.06it/s] 60%|█████▉    | 3204/5362 [04:53<03:34, 10.04it/s] 60%|█████▉    | 3206/5362 [04:53<03:35, 10.02it/s] 60%|█████▉    | 3208/5362 [04:53<03:29, 10.28it/s] 60%|█████▉    | 3210/5362 [04:53<03:28, 10.33it/s] 60%|█████▉    | 3212/5362 [04:54<03:33, 10.07it/s] 60%|█████▉    | 3214/5362 [04:54<03:32, 10.09it/s] 60%|█████▉    | 3216/5362 [04:54<03:11, 11.19it/s] 60%|██████    | 3218/5362 [04:54<03:22, 10.57it/s] 60%|██████    | 3220/5362 [04:54<03:20, 10.69it/s] 60%|██████    | 3222/5362 [04:55<03:30, 10.16it/s] 60%|██████    | 3224/5362 [04:55<03:25, 10.41it/s] 60%|██████    | 3226/5362 [04:55<03:19, 10.72it/s] 60%|██████    | 3228/5362 [04:55<03:23, 10.49it/s] 60%|██████    | 3230/5362 [04:55<03:14, 10.94it/s] 60%|██████    | 3232/5362 [04:56<03:34,  9.94it/s] 60%|██████    | 3234/5362 [04:56<03:25, 10.36it/s] 60%|██████    | 3236/5362 [04:56<03:36,  9.83it/s] 60%|██████    | 3238/5362 [04:56<03:47,  9.33it/s] 60%|██████    | 3239/5362 [04:56<03:47,  9.35it/s] 60%|██████    | 3240/5362 [04:56<03:44,  9.46it/s] 60%|██████    | 3242/5362 [04:57<03:24, 10.37it/s] 60%|██████    | 3244/5362 [04:57<03:27, 10.22it/s] 61%|██████    | 3246/5362 [04:57<03:46,  9.33it/s] 61%|██████    | 3248/5362 [04:57<03:38,  9.69it/s] 61%|██████    | 3249/5362 [04:57<03:41,  9.55it/s] 61%|██████    | 3250/5362 [04:57<03:39,  9.63it/s] 61%|██████    | 3252/5362 [04:58<03:08, 11.21it/s] 61%|██████    | 3254/5362 [04:58<03:27, 10.16it/s] 61%|██████    | 3256/5362 [04:58<03:12, 10.93it/s] 61%|██████    | 3258/5362 [04:58<03:16, 10.69it/s] 61%|██████    | 3260/5362 [04:58<03:19, 10.52it/s] 61%|██████    | 3262/5362 [04:59<03:10, 11.01it/s] 61%|██████    | 3264/5362 [04:59<03:20, 10.48it/s] 61%|██████    | 3266/5362 [04:59<03:26, 10.16it/s] 61%|██████    | 3268/5362 [04:59<03:28, 10.03it/s] 61%|██████    | 3270/5362 [04:59<03:52,  9.00it/s] 61%|██████    | 3272/5362 [05:00<03:34,  9.75it/s] 61%|██████    | 3274/5362 [05:00<03:34,  9.74it/s] 61%|██████    | 3276/5362 [05:00<03:25, 10.13it/s] 61%|██████    | 3278/5362 [05:00<03:27, 10.07it/s] 61%|██████    | 3280/5362 [05:00<03:27, 10.02it/s] 61%|██████    | 3282/5362 [05:01<03:11, 10.88it/s] 61%|██████    | 3284/5362 [05:01<03:20, 10.35it/s] 61%|██████▏   | 3286/5362 [05:01<03:16, 10.59it/s] 61%|██████▏   | 3288/5362 [05:01<03:15, 10.59it/s] 61%|██████▏   | 3290/5362 [05:01<03:18, 10.42it/s] 61%|██████▏   | 3292/5362 [05:01<03:03, 11.31it/s] 61%|██████▏   | 3294/5362 [05:02<03:11, 10.83it/s] 61%|██████▏   | 3296/5362 [05:02<03:14, 10.62it/s] 62%|██████▏   | 3298/5362 [05:02<03:18, 10.42it/s] 62%|██████▏   | 3300/5362 [05:02<03:06, 11.08it/s] 62%|██████▏   | 3302/5362 [05:02<03:05, 11.12it/s] 62%|██████▏   | 3304/5362 [05:03<02:58, 11.55it/s] 62%|██████▏   | 3306/5362 [05:03<02:54, 11.80it/s] 62%|██████▏   | 3308/5362 [05:03<03:02, 11.26it/s] 62%|██████▏   | 3310/5362 [05:03<03:02, 11.25it/s] 62%|██████▏   | 3312/5362 [05:03<02:50, 12.05it/s] 62%|██████▏   | 3314/5362 [05:03<02:59, 11.39it/s] 62%|██████▏   | 3316/5362 [05:04<02:46, 12.28it/s] 62%|██████▏   | 3318/5362 [05:04<02:58, 11.45it/s] 62%|██████▏   | 3320/5362 [05:04<03:14, 10.49it/s] 62%|██████▏   | 3322/5362 [05:04<03:16, 10.38it/s] 62%|██████▏   | 3324/5362 [05:04<03:19, 10.20it/s] 62%|██████▏   | 3326/5362 [05:05<03:13, 10.53it/s] 62%|██████▏   | 3328/5362 [05:05<03:19, 10.19it/s] 62%|██████▏   | 3330/5362 [05:05<03:00, 11.24it/s] 62%|██████▏   | 3332/5362 [05:05<03:11, 10.62it/s] 62%|██████▏   | 3334/5362 [05:05<03:11, 10.56it/s] 62%|██████▏   | 3336/5362 [05:05<03:15, 10.35it/s] 62%|██████▏   | 3338/5362 [05:06<03:12, 10.51it/s] 62%|██████▏   | 3340/5362 [05:06<03:12, 10.52it/s] 62%|██████▏   | 3342/5362 [05:06<03:12, 10.51it/s] 62%|██████▏   | 3344/5362 [05:06<03:00, 11.15it/s] 62%|██████▏   | 3346/5362 [05:06<03:05, 10.85it/s] 62%|██████▏   | 3348/5362 [05:07<02:52, 11.66it/s] 62%|██████▏   | 3350/5362 [05:07<03:01, 11.11it/s] 63%|██████▎   | 3352/5362 [05:07<03:01, 11.08it/s] 63%|██████▎   | 3354/5362 [05:07<02:50, 11.81it/s] 63%|██████▎   | 3356/5362 [05:07<02:49, 11.86it/s] 63%|██████▎   | 3358/5362 [05:07<02:56, 11.36it/s] 63%|██████▎   | 3360/5362 [05:08<03:08, 10.62it/s] 63%|██████▎   | 3362/5362 [05:08<03:09, 10.53it/s] 63%|██████▎   | 3364/5362 [05:08<03:10, 10.47it/s] 63%|██████▎   | 3366/5362 [05:08<02:51, 11.61it/s] 63%|██████▎   | 3368/5362 [05:08<02:49, 11.73it/s] 63%|██████▎   | 3370/5362 [05:09<02:52, 11.56it/s] 63%|██████▎   | 3372/5362 [05:09<02:54, 11.44it/s] 63%|██████▎   | 3374/5362 [05:09<02:54, 11.40it/s] 63%|██████▎   | 3376/5362 [05:09<02:59, 11.05it/s] 63%|██████▎   | 3378/5362 [05:09<03:24,  9.70it/s] 63%|██████▎   | 3380/5362 [05:09<03:15, 10.13it/s] 63%|██████▎   | 3382/5362 [05:10<03:01, 10.91it/s] 63%|██████▎   | 3384/5362 [05:10<02:43, 12.09it/s] 63%|██████▎   | 3386/5362 [05:10<02:45, 11.93it/s] 63%|██████▎   | 3388/5362 [05:10<02:40, 12.32it/s] 63%|██████▎   | 3390/5362 [05:10<02:45, 11.88it/s] 63%|██████▎   | 3392/5362 [05:10<02:44, 11.98it/s] 63%|██████▎   | 3394/5362 [05:11<02:52, 11.43it/s] 63%|██████▎   | 3396/5362 [05:11<02:49, 11.57it/s] 63%|██████▎   | 3398/5362 [05:11<02:46, 11.77it/s] 63%|██████▎   | 3400/5362 [05:11<02:49, 11.60it/s] 63%|██████▎   | 3402/5362 [05:11<02:40, 12.25it/s] 63%|██████▎   | 3404/5362 [05:11<02:36, 12.49it/s] 64%|██████▎   | 3406/5362 [05:12<02:37, 12.42it/s] 64%|██████▎   | 3408/5362 [05:12<02:39, 12.28it/s] 64%|██████▎   | 3410/5362 [05:12<02:35, 12.54it/s] 64%|██████▎   | 3412/5362 [05:12<02:35, 12.56it/s] 64%|██████▎   | 3414/5362 [05:12<02:41, 12.03it/s] 64%|██████▎   | 3416/5362 [05:12<02:39, 12.18it/s] 64%|██████▎   | 3418/5362 [05:13<02:40, 12.09it/s] 64%|██████▍   | 3420/5362 [05:13<02:44, 11.81it/s] 64%|██████▍   | 3422/5362 [05:13<02:36, 12.44it/s] 64%|██████▍   | 3424/5362 [05:13<02:29, 12.95it/s] 64%|██████▍   | 3426/5362 [05:13<02:43, 11.86it/s] 64%|██████▍   | 3428/5362 [05:13<02:39, 12.10it/s] 64%|██████▍   | 3430/5362 [05:14<02:40, 12.05it/s] 64%|██████▍   | 3432/5362 [05:14<02:35, 12.40it/s] 64%|██████▍   | 3434/5362 [05:14<02:42, 11.86it/s] 64%|██████▍   | 3436/5362 [05:14<02:42, 11.82it/s] 64%|██████▍   | 3438/5362 [05:14<02:54, 10.99it/s] 64%|██████▍   | 3440/5362 [05:14<02:56, 10.88it/s] 64%|██████▍   | 3442/5362 [05:15<02:55, 10.92it/s] 64%|██████▍   | 3444/5362 [05:15<02:51, 11.20it/s] 64%|██████▍   | 3446/5362 [05:15<02:49, 11.33it/s] 64%|██████▍   | 3448/5362 [05:15<03:03, 10.42it/s] 64%|██████▍   | 3450/5362 [05:15<03:06, 10.26it/s] 64%|██████▍   | 3452/5362 [05:16<03:12,  9.92it/s] 64%|██████▍   | 3454/5362 [05:16<03:11,  9.97it/s] 64%|██████▍   | 3456/5362 [05:16<03:07, 10.19it/s] 64%|██████▍   | 3458/5362 [05:16<03:01, 10.51it/s] 65%|██████▍   | 3460/5362 [05:16<03:03, 10.34it/s] 65%|██████▍   | 3462/5362 [05:17<03:00, 10.54it/s] 65%|██████▍   | 3464/5362 [05:17<03:06, 10.19it/s] 65%|██████▍   | 3466/5362 [05:17<03:06, 10.15it/s] 65%|██████▍   | 3468/5362 [05:17<03:09,  9.97it/s] 65%|██████▍   | 3470/5362 [05:17<02:54, 10.83it/s] 65%|██████▍   | 3472/5362 [05:18<02:58, 10.62it/s] 65%|██████▍   | 3474/5362 [05:18<03:02, 10.35it/s] 65%|██████▍   | 3476/5362 [05:18<03:08, 10.02it/s] 65%|██████▍   | 3478/5362 [05:18<03:06, 10.10it/s] 65%|██████▍   | 3480/5362 [05:18<03:04, 10.19it/s] 65%|██████▍   | 3482/5362 [05:19<03:09,  9.91it/s] 65%|██████▍   | 3483/5362 [05:19<03:12,  9.78it/s] 65%|██████▍   | 3485/5362 [05:19<02:54, 10.75it/s] 65%|██████▌   | 3487/5362 [05:19<03:03, 10.21it/s] 65%|██████▌   | 3489/5362 [05:19<03:13,  9.68it/s] 65%|██████▌   | 3491/5362 [05:19<03:03, 10.17it/s] 65%|██████▌   | 3493/5362 [05:20<03:01, 10.28it/s] 65%|██████▌   | 3495/5362 [05:20<03:05, 10.07it/s] 65%|██████▌   | 3497/5362 [05:20<03:14,  9.59it/s] 65%|██████▌   | 3499/5362 [05:20<03:08,  9.88it/s] 65%|██████▌   | 3500/5362 [05:20<03:12,  9.69it/s] 65%|██████▌   | 3501/5362 [05:20<03:13,  9.64it/s] 65%|██████▌   | 3503/5362 [05:21<02:56, 10.51it/s] 65%|██████▌   | 3505/5362 [05:21<03:03, 10.14it/s] 65%|██████▌   | 3507/5362 [05:21<03:11,  9.67it/s] 65%|██████▌   | 3508/5362 [05:21<03:10,  9.73it/s] 65%|██████▌   | 3510/5362 [05:21<02:56, 10.47it/s] 65%|██████▌   | 3512/5362 [05:22<03:09,  9.77it/s] 66%|██████▌   | 3513/5362 [05:22<03:13,  9.53it/s] 66%|██████▌   | 3515/5362 [05:22<03:01, 10.16it/s] 66%|██████▌   | 3517/5362 [05:22<02:58, 10.31it/s] 66%|██████▌   | 3519/5362 [05:22<02:53, 10.61it/s] 66%|██████▌   | 3521/5362 [05:22<02:53, 10.64it/s] 66%|██████▌   | 3523/5362 [05:23<03:00, 10.18it/s] 66%|██████▌   | 3525/5362 [05:23<02:53, 10.58it/s] 66%|██████▌   | 3527/5362 [05:23<02:47, 10.97it/s] 66%|██████▌   | 3529/5362 [05:23<02:46, 11.02it/s] 66%|██████▌   | 3531/5362 [05:23<02:42, 11.27it/s] 66%|██████▌   | 3533/5362 [05:24<02:46, 10.98it/s] 66%|██████▌   | 3535/5362 [05:24<02:56, 10.36it/s] 66%|██████▌   | 3537/5362 [05:24<03:02, 10.03it/s] 66%|██████▌   | 3539/5362 [05:24<03:11,  9.54it/s] 66%|██████▌   | 3541/5362 [05:24<03:00, 10.06it/s] 66%|██████▌   | 3543/5362 [05:24<02:41, 11.26it/s] 66%|██████▌   | 3545/5362 [05:25<02:39, 11.41it/s] 66%|██████▌   | 3547/5362 [05:25<02:41, 11.26it/s] 66%|██████▌   | 3549/5362 [05:25<02:43, 11.09it/s] 66%|██████▌   | 3551/5362 [05:25<02:45, 10.97it/s] 66%|██████▋   | 3553/5362 [05:25<02:32, 11.83it/s] 66%|██████▋   | 3555/5362 [05:25<02:22, 12.71it/s] 66%|██████▋   | 3557/5362 [05:26<02:29, 12.04it/s] 66%|██████▋   | 3559/5362 [05:26<02:19, 12.90it/s] 66%|██████▋   | 3561/5362 [05:26<02:35, 11.56it/s] 66%|██████▋   | 3563/5362 [05:26<02:41, 11.16it/s] 66%|██████▋   | 3565/5362 [05:26<02:47, 10.70it/s] 67%|██████▋   | 3567/5362 [05:27<02:47, 10.71it/s] 67%|██████▋   | 3569/5362 [05:27<02:33, 11.68it/s] 67%|██████▋   | 3571/5362 [05:27<02:41, 11.12it/s] 67%|██████▋   | 3573/5362 [05:27<02:31, 11.84it/s] 67%|██████▋   | 3575/5362 [05:27<02:40, 11.15it/s] 67%|██████▋   | 3577/5362 [05:27<02:27, 12.09it/s] 67%|██████▋   | 3579/5362 [05:28<02:28, 12.02it/s] 67%|██████▋   | 3581/5362 [05:28<02:20, 12.64it/s] 67%|██████▋   | 3583/5362 [05:28<02:29, 11.93it/s] 67%|██████▋   | 3585/5362 [05:28<02:38, 11.20it/s] 67%|██████▋   | 3587/5362 [05:28<02:41, 11.00it/s] 67%|██████▋   | 3589/5362 [05:28<02:39, 11.09it/s] 67%|██████▋   | 3591/5362 [05:29<02:43, 10.82it/s] 67%|██████▋   | 3593/5362 [05:29<02:27, 11.98it/s] 67%|██████▋   | 3595/5362 [05:29<02:22, 12.39it/s] 67%|██████▋   | 3597/5362 [05:29<02:22, 12.38it/s] 67%|██████▋   | 3599/5362 [05:29<02:15, 13.02it/s] 67%|██████▋   | 3601/5362 [05:29<02:24, 12.21it/s] 67%|██████▋   | 3603/5362 [05:30<02:15, 12.99it/s] 67%|██████▋   | 3605/5362 [05:30<02:05, 14.03it/s] 67%|██████▋   | 3607/5362 [05:30<01:59, 14.65it/s] 67%|██████▋   | 3609/5362 [05:30<01:56, 15.04it/s] 67%|██████▋   | 3611/5362 [05:30<01:56, 15.05it/s] 67%|██████▋   | 3613/5362 [05:30<02:03, 14.16it/s] 67%|██████▋   | 3615/5362 [05:30<02:01, 14.44it/s] 67%|██████▋   | 3617/5362 [05:30<02:01, 14.41it/s] 67%|██████▋   | 3619/5362 [05:31<02:09, 13.48it/s] 68%|██████▊   | 3621/5362 [05:31<02:13, 13.01it/s] 68%|██████▊   | 3623/5362 [05:31<02:29, 11.62it/s] 68%|██████▊   | 3625/5362 [05:31<02:38, 10.92it/s] 68%|██████▊   | 3627/5362 [05:31<02:39, 10.85it/s] 68%|██████▊   | 3629/5362 [05:32<02:41, 10.76it/s] 68%|██████▊   | 3631/5362 [05:32<02:30, 11.47it/s] 68%|██████▊   | 3633/5362 [05:32<02:23, 12.07it/s] 68%|██████▊   | 3635/5362 [05:32<02:26, 11.83it/s] 68%|██████▊   | 3637/5362 [05:32<02:20, 12.25it/s] 68%|██████▊   | 3639/5362 [05:32<02:19, 12.34it/s] 68%|██████▊   | 3641/5362 [05:33<02:21, 12.12it/s] 68%|██████▊   | 3643/5362 [05:33<02:23, 11.97it/s] 68%|██████▊   | 3645/5362 [05:33<02:19, 12.29it/s] 68%|██████▊   | 3647/5362 [05:33<02:18, 12.35it/s] 68%|██████▊   | 3649/5362 [05:33<02:07, 13.38it/s] 68%|██████▊   | 3651/5362 [05:33<02:17, 12.42it/s] 68%|██████▊   | 3653/5362 [05:34<02:12, 12.89it/s] 68%|██████▊   | 3655/5362 [05:34<02:10, 13.10it/s] 68%|██████▊   | 3657/5362 [05:34<02:11, 13.00it/s] 68%|██████▊   | 3659/5362 [05:34<02:22, 11.97it/s] 68%|██████▊   | 3661/5362 [05:34<02:24, 11.73it/s] 68%|██████▊   | 3663/5362 [05:34<02:22, 11.95it/s] 68%|██████▊   | 3665/5362 [05:35<02:18, 12.21it/s] 68%|██████▊   | 3667/5362 [05:35<02:57,  9.55it/s] 68%|██████▊   | 3669/5362 [05:35<02:54,  9.70it/s] 68%|██████▊   | 3671/5362 [05:35<03:00,  9.39it/s] 69%|██████▊   | 3673/5362 [05:35<02:50,  9.91it/s] 69%|██████▊   | 3675/5362 [05:36<02:43, 10.32it/s] 69%|██████▊   | 3677/5362 [05:36<02:42, 10.34it/s] 69%|██████▊   | 3679/5362 [05:36<02:33, 10.93it/s] 69%|██████▊   | 3681/5362 [05:36<02:27, 11.42it/s] 69%|██████▊   | 3683/5362 [05:36<02:21, 11.85it/s] 69%|██████▊   | 3685/5362 [05:36<02:23, 11.70it/s] 69%|██████▉   | 3687/5362 [05:37<02:17, 12.14it/s] 69%|██████▉   | 3689/5362 [05:37<02:21, 11.79it/s] 69%|██████▉   | 3691/5362 [05:37<02:25, 11.51it/s] 69%|██████▉   | 3693/5362 [05:37<02:24, 11.58it/s] 69%|██████▉   | 3695/5362 [05:37<02:25, 11.48it/s] 69%|██████▉   | 3697/5362 [05:37<02:24, 11.54it/s] 69%|██████▉   | 3699/5362 [05:38<02:29, 11.09it/s] 69%|██████▉   | 3701/5362 [05:38<02:21, 11.73it/s] 69%|██████▉   | 3703/5362 [05:38<02:26, 11.34it/s] 69%|██████▉   | 3705/5362 [05:38<02:29, 11.05it/s] 69%|██████▉   | 3707/5362 [05:38<02:34, 10.73it/s] 69%|██████▉   | 3709/5362 [05:39<02:26, 11.28it/s] 69%|██████▉   | 3711/5362 [05:39<02:29, 11.05it/s] 69%|██████▉   | 3713/5362 [05:39<02:32, 10.79it/s] 69%|██████▉   | 3715/5362 [05:39<02:23, 11.49it/s] 69%|██████▉   | 3717/5362 [05:39<02:35, 10.55it/s] 69%|██████▉   | 3719/5362 [05:40<02:36, 10.52it/s] 69%|██████▉   | 3721/5362 [05:40<02:35, 10.52it/s] 69%|██████▉   | 3723/5362 [05:40<02:29, 10.97it/s] 69%|██████▉   | 3725/5362 [05:40<02:29, 10.93it/s] 70%|██████▉   | 3727/5362 [05:40<02:28, 11.02it/s] 70%|██████▉   | 3729/5362 [05:40<02:32, 10.74it/s] 70%|██████▉   | 3731/5362 [05:41<02:23, 11.40it/s] 70%|██████▉   | 3733/5362 [05:41<02:27, 11.05it/s] 70%|██████▉   | 3735/5362 [05:41<02:33, 10.61it/s] 70%|██████▉   | 3737/5362 [05:41<02:38, 10.26it/s] 70%|██████▉   | 3739/5362 [05:41<02:42,  9.98it/s] 70%|██████▉   | 3741/5362 [05:42<02:34, 10.49it/s] 70%|██████▉   | 3743/5362 [05:42<02:34, 10.45it/s] 70%|██████▉   | 3745/5362 [05:42<02:33, 10.54it/s] 70%|██████▉   | 3747/5362 [05:42<02:38, 10.16it/s] 70%|██████▉   | 3749/5362 [05:42<02:40, 10.04it/s] 70%|██████▉   | 3751/5362 [05:43<02:40, 10.02it/s] 70%|██████▉   | 3753/5362 [05:43<02:38, 10.12it/s] 70%|███████   | 3755/5362 [05:43<02:40, 10.00it/s] 70%|███████   | 3757/5362 [05:43<02:35, 10.33it/s] 70%|███████   | 3759/5362 [05:43<02:42,  9.85it/s] 70%|███████   | 3761/5362 [05:44<02:46,  9.60it/s] 70%|███████   | 3762/5362 [05:44<02:48,  9.52it/s] 70%|███████   | 3764/5362 [05:44<02:44,  9.74it/s] 70%|███████   | 3766/5362 [05:44<02:47,  9.53it/s] 70%|███████   | 3767/5362 [05:44<02:47,  9.52it/s] 70%|███████   | 3768/5362 [05:44<02:54,  9.15it/s] 70%|███████   | 3769/5362 [05:44<02:50,  9.32it/s] 70%|███████   | 3771/5362 [05:45<02:26, 10.82it/s] 70%|███████   | 3773/5362 [05:45<02:33, 10.37it/s] 70%|███████   | 3775/5362 [05:45<02:28, 10.69it/s] 70%|███████   | 3777/5362 [05:45<02:22, 11.12it/s] 70%|███████   | 3779/5362 [05:45<02:19, 11.37it/s] 71%|███████   | 3781/5362 [05:45<02:23, 11.03it/s] 71%|███████   | 3783/5362 [05:46<02:11, 11.99it/s] 71%|███████   | 3785/5362 [05:46<02:20, 11.19it/s] 71%|███████   | 3787/5362 [05:46<02:29, 10.55it/s] 71%|███████   | 3789/5362 [05:46<02:38,  9.90it/s] 71%|███████   | 3791/5362 [05:46<02:29, 10.50it/s] 71%|███████   | 3793/5362 [05:47<02:36, 10.04it/s] 71%|███████   | 3795/5362 [05:47<02:35, 10.06it/s] 71%|███████   | 3797/5362 [05:47<02:39,  9.80it/s] 71%|███████   | 3798/5362 [05:47<02:41,  9.69it/s] 71%|███████   | 3800/5362 [05:47<02:30, 10.40it/s] 71%|███████   | 3802/5362 [05:48<02:31, 10.31it/s] 71%|███████   | 3804/5362 [05:48<02:16, 11.45it/s] 71%|███████   | 3806/5362 [05:48<02:23, 10.87it/s] 71%|███████   | 3808/5362 [05:48<02:14, 11.54it/s] 71%|███████   | 3810/5362 [05:48<02:14, 11.51it/s] 71%|███████   | 3812/5362 [05:48<02:11, 11.75it/s] 71%|███████   | 3814/5362 [05:49<02:11, 11.76it/s] 71%|███████   | 3816/5362 [05:49<02:09, 11.92it/s] 71%|███████   | 3818/5362 [05:49<02:10, 11.84it/s] 71%|███████   | 3820/5362 [05:49<02:09, 11.89it/s] 71%|███████▏  | 3822/5362 [05:49<02:08, 12.01it/s] 71%|███████▏  | 3824/5362 [05:49<02:05, 12.30it/s] 71%|███████▏  | 3826/5362 [05:50<02:17, 11.18it/s] 71%|███████▏  | 3828/5362 [05:50<02:22, 10.80it/s] 71%|███████▏  | 3830/5362 [05:50<02:27, 10.41it/s] 71%|███████▏  | 3832/5362 [05:50<02:17, 11.11it/s] 72%|███████▏  | 3834/5362 [05:50<02:12, 11.51it/s] 72%|███████▏  | 3836/5362 [05:50<02:03, 12.37it/s] 72%|███████▏  | 3838/5362 [05:51<01:58, 12.86it/s] 72%|███████▏  | 3840/5362 [05:51<02:03, 12.35it/s] 72%|███████▏  | 3842/5362 [05:51<01:57, 12.90it/s] 72%|███████▏  | 3844/5362 [05:51<01:58, 12.77it/s] 72%|███████▏  | 3846/5362 [05:51<01:54, 13.27it/s] 72%|███████▏  | 3848/5362 [05:51<01:59, 12.66it/s] 72%|███████▏  | 3850/5362 [05:52<01:58, 12.75it/s] 72%|███████▏  | 3852/5362 [05:52<01:53, 13.31it/s] 72%|███████▏  | 3854/5362 [05:52<02:00, 12.54it/s] 72%|███████▏  | 3856/5362 [05:52<01:54, 13.15it/s] 72%|███████▏  | 3858/5362 [05:52<01:48, 13.85it/s] 72%|███████▏  | 3860/5362 [05:52<01:55, 13.06it/s] 72%|███████▏  | 3862/5362 [05:52<02:00, 12.49it/s] 72%|███████▏  | 3864/5362 [05:53<02:00, 12.40it/s] 72%|███████▏  | 3866/5362 [05:53<02:04, 11.97it/s] 72%|███████▏  | 3868/5362 [05:53<02:04, 11.96it/s] 72%|███████▏  | 3870/5362 [05:53<02:09, 11.52it/s] 72%|███████▏  | 3872/5362 [05:53<02:07, 11.70it/s] 72%|███████▏  | 3874/5362 [05:53<02:14, 11.04it/s] 72%|███████▏  | 3876/5362 [05:54<02:18, 10.70it/s] 72%|███████▏  | 3878/5362 [05:54<02:09, 11.42it/s] 72%|███████▏  | 3880/5362 [05:54<02:13, 11.09it/s] 72%|███████▏  | 3882/5362 [05:54<02:17, 10.80it/s] 72%|███████▏  | 3884/5362 [05:54<02:19, 10.59it/s] 72%|███████▏  | 3886/5362 [05:55<02:10, 11.31it/s] 73%|███████▎  | 3888/5362 [05:55<02:12, 11.14it/s] 73%|███████▎  | 3890/5362 [05:55<02:14, 10.95it/s] 73%|███████▎  | 3892/5362 [05:55<02:13, 11.00it/s] 73%|███████▎  | 3894/5362 [05:55<02:08, 11.39it/s] 73%|███████▎  | 3896/5362 [05:55<02:10, 11.28it/s] 73%|███████▎  | 3898/5362 [05:56<02:15, 10.82it/s] 73%|███████▎  | 3900/5362 [05:56<02:18, 10.54it/s] 73%|███████▎  | 3902/5362 [05:56<02:15, 10.80it/s] 73%|███████▎  | 3904/5362 [05:56<02:12, 10.97it/s] 73%|███████▎  | 3906/5362 [05:56<02:13, 10.90it/s] 73%|███████▎  | 3908/5362 [05:57<02:10, 11.13it/s] 73%|███████▎  | 3910/5362 [05:57<02:08, 11.31it/s] 73%|███████▎  | 3912/5362 [05:57<02:12, 10.94it/s] 73%|███████▎  | 3914/5362 [05:57<02:18, 10.48it/s] 73%|███████▎  | 3916/5362 [05:57<02:12, 10.95it/s] 73%|███████▎  | 3918/5362 [05:58<02:09, 11.14it/s] 73%|███████▎  | 3920/5362 [05:58<02:21, 10.21it/s] 73%|███████▎  | 3922/5362 [05:58<02:31,  9.51it/s] 73%|███████▎  | 3923/5362 [05:58<02:34,  9.33it/s] 73%|███████▎  | 3924/5362 [05:58<02:32,  9.43it/s] 73%|███████▎  | 3925/5362 [05:58<02:31,  9.48it/s] 73%|███████▎  | 3926/5362 [05:58<02:32,  9.44it/s] 73%|███████▎  | 3928/5362 [05:59<02:27,  9.72it/s] 73%|███████▎  | 3930/5362 [05:59<02:18, 10.31it/s] 73%|███████▎  | 3932/5362 [05:59<02:12, 10.82it/s] 73%|███████▎  | 3934/5362 [05:59<02:17, 10.35it/s] 73%|███████▎  | 3936/5362 [05:59<02:21, 10.05it/s] 73%|███████▎  | 3938/5362 [06:00<02:18, 10.26it/s] 73%|███████▎  | 3940/5362 [06:00<02:10, 10.86it/s] 74%|███████▎  | 3942/5362 [06:00<02:05, 11.29it/s] 74%|███████▎  | 3944/5362 [06:00<02:02, 11.59it/s] 74%|███████▎  | 3946/5362 [06:00<02:04, 11.40it/s] 74%|███████▎  | 3948/5362 [06:00<02:02, 11.58it/s] 74%|███████▎  | 3950/5362 [06:01<01:59, 11.80it/s] 74%|███████▎  | 3952/5362 [06:01<02:06, 11.11it/s] 74%|███████▎  | 3954/5362 [06:01<02:10, 10.76it/s] 74%|███████▍  | 3956/5362 [06:01<02:13, 10.57it/s] 74%|███████▍  | 3958/5362 [06:01<02:09, 10.81it/s] 74%|███████▍  | 3960/5362 [06:01<02:05, 11.14it/s] 74%|███████▍  | 3962/5362 [06:02<02:06, 11.04it/s] 74%|███████▍  | 3964/5362 [06:02<02:00, 11.57it/s] 74%|███████▍  | 3966/5362 [06:02<02:04, 11.23it/s] 74%|███████▍  | 3968/5362 [06:02<01:59, 11.66it/s] 74%|███████▍  | 3970/5362 [06:02<02:04, 11.20it/s] 74%|███████▍  | 3972/5362 [06:03<01:55, 11.99it/s] 74%|███████▍  | 3974/5362 [06:03<02:02, 11.34it/s] 74%|███████▍  | 3976/5362 [06:03<01:56, 11.93it/s] 74%|███████▍  | 3978/5362 [06:03<01:59, 11.57it/s] 74%|███████▍  | 3980/5362 [06:03<02:02, 11.28it/s] 74%|███████▍  | 3982/5362 [06:03<01:56, 11.82it/s] 74%|███████▍  | 3984/5362 [06:04<02:03, 11.15it/s] 74%|███████▍  | 3986/5362 [06:04<01:58, 11.65it/s] 74%|███████▍  | 3988/5362 [06:04<02:04, 11.02it/s] 74%|███████▍  | 3990/5362 [06:04<02:10, 10.48it/s] 74%|███████▍  | 3992/5362 [06:04<02:04, 11.02it/s] 74%|███████▍  | 3994/5362 [06:05<02:14, 10.17it/s] 75%|███████▍  | 3996/5362 [06:05<02:16, 10.02it/s] 75%|███████▍  | 3998/5362 [06:05<02:17,  9.93it/s] 75%|███████▍  | 4000/5362 [06:05<02:13, 10.22it/s] 75%|███████▍  | 4002/5362 [06:05<02:10, 10.40it/s] 75%|███████▍  | 4004/5362 [06:06<02:10, 10.37it/s] 75%|███████▍  | 4006/5362 [06:06<02:18,  9.79it/s] 75%|███████▍  | 4007/5362 [06:06<02:18,  9.76it/s] 75%|███████▍  | 4008/5362 [06:06<02:20,  9.67it/s] 75%|███████▍  | 4010/5362 [06:06<02:11, 10.27it/s] 75%|███████▍  | 4012/5362 [06:06<02:21,  9.55it/s] 75%|███████▍  | 4013/5362 [06:06<02:22,  9.45it/s] 75%|███████▍  | 4014/5362 [06:07<02:21,  9.51it/s] 75%|███████▍  | 4016/5362 [06:07<02:09, 10.43it/s] 75%|███████▍  | 4018/5362 [06:07<02:14, 10.01it/s] 75%|███████▍  | 4020/5362 [06:07<02:08, 10.44it/s] 75%|███████▌  | 4022/5362 [06:07<02:12, 10.11it/s] 75%|███████▌  | 4024/5362 [06:07<01:59, 11.21it/s] 75%|███████▌  | 4026/5362 [06:08<01:58, 11.23it/s] 75%|███████▌  | 4028/5362 [06:08<01:49, 12.13it/s] 75%|███████▌  | 4030/5362 [06:08<01:51, 11.95it/s] 75%|███████▌  | 4032/5362 [06:08<01:56, 11.40it/s] 75%|███████▌  | 4034/5362 [06:08<02:01, 10.96it/s] 75%|███████▌  | 4036/5362 [06:09<02:04, 10.64it/s] 75%|███████▌  | 4038/5362 [06:09<02:08, 10.29it/s] 75%|███████▌  | 4040/5362 [06:09<02:08, 10.30it/s] 75%|███████▌  | 4042/5362 [06:09<02:07, 10.38it/s] 75%|███████▌  | 4044/5362 [06:09<02:09, 10.16it/s] 75%|███████▌  | 4046/5362 [06:10<02:07, 10.33it/s] 75%|███████▌  | 4048/5362 [06:10<02:06, 10.41it/s] 76%|███████▌  | 4050/5362 [06:10<01:56, 11.23it/s] 76%|███████▌  | 4052/5362 [06:10<01:55, 11.38it/s] 76%|███████▌  | 4054/5362 [06:10<01:57, 11.11it/s] 76%|███████▌  | 4056/5362 [06:10<01:53, 11.49it/s] 76%|███████▌  | 4058/5362 [06:11<01:57, 11.12it/s] 76%|███████▌  | 4060/5362 [06:11<01:58, 11.02it/s] 76%|███████▌  | 4062/5362 [06:11<01:52, 11.59it/s] 76%|███████▌  | 4064/5362 [06:11<01:51, 11.63it/s] 76%|███████▌  | 4066/5362 [06:11<01:43, 12.47it/s] 76%|███████▌  | 4068/5362 [06:11<01:41, 12.78it/s] 76%|███████▌  | 4070/5362 [06:12<01:35, 13.50it/s] 76%|███████▌  | 4072/5362 [06:12<01:37, 13.24it/s] 76%|███████▌  | 4074/5362 [06:12<01:39, 12.88it/s] 76%|███████▌  | 4076/5362 [06:12<01:37, 13.24it/s] 76%|███████▌  | 4078/5362 [06:12<01:40, 12.79it/s] 76%|███████▌  | 4080/5362 [06:12<01:45, 12.21it/s] 76%|███████▌  | 4082/5362 [06:12<01:40, 12.79it/s] 76%|███████▌  | 4084/5362 [06:13<01:35, 13.39it/s] 76%|███████▌  | 4086/5362 [06:13<01:43, 12.29it/s] 76%|███████▌  | 4088/5362 [06:13<01:47, 11.84it/s] 76%|███████▋  | 4090/5362 [06:13<01:49, 11.63it/s] 76%|███████▋  | 4092/5362 [06:13<01:54, 11.13it/s] 76%|███████▋  | 4094/5362 [06:13<01:40, 12.65it/s] 76%|███████▋  | 4096/5362 [06:14<01:35, 13.23it/s] 76%|███████▋  | 4098/5362 [06:14<01:34, 13.37it/s] 76%|███████▋  | 4100/5362 [06:14<01:34, 13.43it/s] 77%|███████▋  | 4102/5362 [06:14<01:35, 13.17it/s] 77%|███████▋  | 4104/5362 [06:14<01:32, 13.64it/s] 77%|███████▋  | 4106/5362 [06:14<01:32, 13.56it/s] 77%|███████▋  | 4108/5362 [06:15<01:37, 12.90it/s] 77%|███████▋  | 4110/5362 [06:15<01:33, 13.43it/s] 77%|███████▋  | 4112/5362 [06:15<01:38, 12.65it/s] 77%|███████▋  | 4114/5362 [06:15<01:47, 11.59it/s] 77%|███████▋  | 4116/5362 [06:15<01:51, 11.22it/s] 77%|███████▋  | 4118/5362 [06:15<01:41, 12.23it/s] 77%|███████▋  | 4120/5362 [06:15<01:38, 12.59it/s] 77%|███████▋  | 4122/5362 [06:16<01:49, 11.32it/s] 77%|███████▋  | 4124/5362 [06:16<01:44, 11.82it/s] 77%|███████▋  | 4126/5362 [06:16<01:51, 11.13it/s] 77%|███████▋  | 4128/5362 [06:16<01:54, 10.79it/s] 77%|███████▋  | 4130/5362 [06:16<01:56, 10.53it/s] 77%|███████▋  | 4132/5362 [06:17<01:59, 10.33it/s] 77%|███████▋  | 4134/5362 [06:17<01:48, 11.33it/s] 77%|███████▋  | 4136/5362 [06:17<01:53, 10.83it/s] 77%|███████▋  | 4138/5362 [06:17<01:57, 10.44it/s] 77%|███████▋  | 4140/5362 [06:17<01:57, 10.38it/s] 77%|███████▋  | 4142/5362 [06:18<01:54, 10.63it/s] 77%|███████▋  | 4144/5362 [06:18<01:55, 10.56it/s] 77%|███████▋  | 4146/5362 [06:18<01:47, 11.32it/s] 77%|███████▋  | 4148/5362 [06:18<01:47, 11.25it/s] 77%|███████▋  | 4150/5362 [06:18<01:53, 10.68it/s] 77%|███████▋  | 4152/5362 [06:19<01:54, 10.52it/s] 77%|███████▋  | 4154/5362 [06:19<01:47, 11.25it/s] 78%|███████▊  | 4156/5362 [06:19<01:53, 10.67it/s] 78%|███████▊  | 4158/5362 [06:19<01:41, 11.87it/s] 78%|███████▊  | 4160/5362 [06:19<01:49, 10.96it/s] 78%|███████▊  | 4162/5362 [06:19<01:45, 11.39it/s] 78%|███████▊  | 4164/5362 [06:20<01:53, 10.53it/s] 78%|███████▊  | 4166/5362 [06:20<01:48, 10.98it/s] 78%|███████▊  | 4168/5362 [06:20<01:52, 10.64it/s] 78%|███████▊  | 4170/5362 [06:20<02:02,  9.70it/s] 78%|███████▊  | 4172/5362 [06:20<02:05,  9.50it/s] 78%|███████▊  | 4173/5362 [06:21<02:07,  9.35it/s] 78%|███████▊  | 4174/5362 [06:21<02:07,  9.31it/s] 78%|███████▊  | 4175/5362 [06:21<02:08,  9.22it/s] 78%|███████▊  | 4177/5362 [06:21<01:56, 10.21it/s] 78%|███████▊  | 4179/5362 [06:21<01:51, 10.61it/s] 78%|███████▊  | 4181/5362 [06:21<01:43, 11.42it/s] 78%|███████▊  | 4183/5362 [06:21<01:50, 10.64it/s] 78%|███████▊  | 4185/5362 [06:22<01:52, 10.42it/s] 78%|███████▊  | 4187/5362 [06:22<01:50, 10.62it/s] 78%|███████▊  | 4189/5362 [06:22<01:56, 10.06it/s] 78%|███████▊  | 4191/5362 [06:22<01:58,  9.89it/s] 78%|███████▊  | 4193/5362 [06:22<01:50, 10.61it/s] 78%|███████▊  | 4195/5362 [06:23<01:50, 10.54it/s] 78%|███████▊  | 4197/5362 [06:23<01:44, 11.11it/s] 78%|███████▊  | 4199/5362 [06:23<01:44, 11.17it/s] 78%|███████▊  | 4201/5362 [06:23<01:43, 11.17it/s] 78%|███████▊  | 4203/5362 [06:23<01:47, 10.80it/s] 78%|███████▊  | 4205/5362 [06:24<01:42, 11.33it/s] 78%|███████▊  | 4207/5362 [06:24<01:46, 10.88it/s] 78%|███████▊  | 4209/5362 [06:24<01:46, 10.87it/s] 79%|███████▊  | 4211/5362 [06:24<01:41, 11.30it/s] 79%|███████▊  | 4213/5362 [06:24<01:43, 11.11it/s] 79%|███████▊  | 4215/5362 [06:24<01:47, 10.66it/s] 79%|███████▊  | 4217/5362 [06:25<01:48, 10.51it/s] 79%|███████▊  | 4219/5362 [06:25<01:49, 10.43it/s] 79%|███████▊  | 4221/5362 [06:25<01:49, 10.43it/s] 79%|███████▉  | 4223/5362 [06:25<01:41, 11.17it/s] 79%|███████▉  | 4225/5362 [06:25<01:46, 10.66it/s] 79%|███████▉  | 4227/5362 [06:26<01:48, 10.44it/s] 79%|███████▉  | 4229/5362 [06:26<01:44, 10.86it/s] 79%|███████▉  | 4231/5362 [06:26<01:37, 11.62it/s] 79%|███████▉  | 4233/5362 [06:26<01:41, 11.07it/s] 79%|███████▉  | 4235/5362 [06:26<01:45, 10.64it/s] 79%|███████▉  | 4237/5362 [06:26<01:47, 10.44it/s] 79%|███████▉  | 4239/5362 [06:27<01:50, 10.13it/s] 79%|███████▉  | 4241/5362 [06:27<01:54,  9.80it/s] 79%|███████▉  | 4243/5362 [06:27<01:43, 10.77it/s] 79%|███████▉  | 4245/5362 [06:27<01:46, 10.52it/s] 79%|███████▉  | 4247/5362 [06:27<01:48, 10.30it/s] 79%|███████▉  | 4249/5362 [06:28<01:51,  9.94it/s] 79%|███████▉  | 4251/5362 [06:28<01:53,  9.77it/s] 79%|███████▉  | 4253/5362 [06:28<01:45, 10.51it/s] 79%|███████▉  | 4255/5362 [06:28<01:49, 10.08it/s] 79%|███████▉  | 4257/5362 [06:29<01:56,  9.49it/s] 79%|███████▉  | 4258/5362 [06:29<01:56,  9.48it/s] 79%|███████▉  | 4260/5362 [06:29<01:49, 10.09it/s] 79%|███████▉  | 4262/5362 [06:29<01:45, 10.42it/s] 80%|███████▉  | 4264/5362 [06:29<01:43, 10.59it/s] 80%|███████▉  | 4266/5362 [06:29<01:37, 11.19it/s] 80%|███████▉  | 4268/5362 [06:29<01:36, 11.38it/s] 80%|███████▉  | 4270/5362 [06:30<01:34, 11.60it/s] 80%|███████▉  | 4272/5362 [06:30<01:25, 12.71it/s] 80%|███████▉  | 4274/5362 [06:30<01:26, 12.53it/s] 80%|███████▉  | 4276/5362 [06:30<01:22, 13.12it/s] 80%|███████▉  | 4278/5362 [06:30<01:30, 11.99it/s] 80%|███████▉  | 4280/5362 [06:30<01:37, 11.13it/s] 80%|███████▉  | 4282/5362 [06:31<01:54,  9.42it/s] 80%|███████▉  | 4284/5362 [06:31<02:01,  8.91it/s] 80%|███████▉  | 4285/5362 [06:31<02:06,  8.49it/s] 80%|███████▉  | 4286/5362 [06:31<02:09,  8.34it/s] 80%|███████▉  | 4288/5362 [06:31<01:50,  9.70it/s] 80%|████████  | 4290/5362 [06:32<01:47,  9.97it/s] 80%|████████  | 4292/5362 [06:32<01:43, 10.36it/s] 80%|████████  | 4294/5362 [06:32<01:46, 10.00it/s] 80%|████████  | 4296/5362 [06:32<01:38, 10.82it/s] 80%|████████  | 4298/5362 [06:32<01:40, 10.58it/s] 80%|████████  | 4300/5362 [06:33<01:40, 10.61it/s] 80%|████████  | 4302/5362 [06:33<01:42, 10.36it/s] 80%|████████  | 4304/5362 [06:33<01:36, 10.95it/s] 80%|████████  | 4306/5362 [06:33<01:38, 10.67it/s] 80%|████████  | 4308/5362 [06:33<01:41, 10.43it/s] 80%|████████  | 4310/5362 [06:33<01:35, 11.04it/s] 80%|████████  | 4312/5362 [06:34<01:31, 11.48it/s] 80%|████████  | 4314/5362 [06:34<01:26, 12.17it/s] 80%|████████  | 4316/5362 [06:34<01:30, 11.59it/s] 81%|████████  | 4318/5362 [06:34<01:26, 12.12it/s] 81%|████████  | 4320/5362 [06:34<01:26, 12.09it/s] 81%|████████  | 4322/5362 [06:34<01:24, 12.26it/s] 81%|████████  | 4324/5362 [06:35<01:28, 11.69it/s] 81%|████████  | 4326/5362 [06:35<01:28, 11.70it/s] 81%|████████  | 4328/5362 [06:35<01:23, 12.44it/s] 81%|████████  | 4330/5362 [06:35<01:24, 12.17it/s] 81%|████████  | 4332/5362 [06:35<01:33, 11.07it/s] 81%|████████  | 4334/5362 [06:36<01:35, 10.80it/s] 81%|████████  | 4336/5362 [06:36<01:39, 10.30it/s] 81%|████████  | 4338/5362 [06:36<01:27, 11.68it/s] 81%|████████  | 4340/5362 [06:36<01:21, 12.47it/s] 81%|████████  | 4342/5362 [06:36<01:24, 12.05it/s] 81%|████████  | 4344/5362 [06:36<01:25, 11.91it/s] 81%|████████  | 4346/5362 [06:37<01:25, 11.94it/s] 81%|████████  | 4348/5362 [06:37<01:27, 11.58it/s] 81%|████████  | 4350/5362 [06:37<01:26, 11.71it/s] 81%|████████  | 4352/5362 [06:37<01:24, 12.02it/s] 81%|████████  | 4354/5362 [06:37<01:29, 11.22it/s] 81%|████████  | 4356/5362 [06:37<01:30, 11.08it/s] 81%|████████▏ | 4358/5362 [06:38<01:32, 10.84it/s] 81%|████████▏ | 4360/5362 [06:38<01:36, 10.35it/s] 81%|████████▏ | 4362/5362 [06:38<01:33, 10.70it/s] 81%|████████▏ | 4364/5362 [06:38<01:41,  9.85it/s] 81%|████████▏ | 4366/5362 [06:38<01:43,  9.66it/s] 81%|████████▏ | 4367/5362 [06:39<01:42,  9.69it/s] 81%|████████▏ | 4368/5362 [06:39<01:42,  9.70it/s] 81%|████████▏ | 4370/5362 [06:39<01:33, 10.59it/s] 82%|████████▏ | 4372/5362 [06:39<01:38, 10.01it/s] 82%|████████▏ | 4374/5362 [06:39<01:35, 10.29it/s] 82%|████████▏ | 4376/5362 [06:39<01:37, 10.08it/s] 82%|████████▏ | 4378/5362 [06:40<01:35, 10.26it/s] 82%|████████▏ | 4380/5362 [06:40<01:35, 10.23it/s] 82%|████████▏ | 4382/5362 [06:40<01:36, 10.20it/s] 82%|████████▏ | 4384/5362 [06:40<01:31, 10.64it/s] 82%|████████▏ | 4386/5362 [06:40<01:34, 10.28it/s] 82%|████████▏ | 4388/5362 [06:41<01:38,  9.93it/s] 82%|████████▏ | 4390/5362 [06:41<01:37,  9.96it/s] 82%|████████▏ | 4392/5362 [06:41<01:36, 10.10it/s] 82%|████████▏ | 4394/5362 [06:41<01:31, 10.61it/s] 82%|████████▏ | 4396/5362 [06:41<01:32, 10.46it/s] 82%|████████▏ | 4398/5362 [06:42<01:36,  9.94it/s] 82%|████████▏ | 4400/5362 [06:42<01:30, 10.69it/s] 82%|████████▏ | 4402/5362 [06:42<01:33, 10.29it/s] 82%|████████▏ | 4404/5362 [06:42<01:40,  9.53it/s] 82%|████████▏ | 4406/5362 [06:42<01:37,  9.76it/s] 82%|████████▏ | 4407/5362 [06:43<01:39,  9.58it/s] 82%|████████▏ | 4409/5362 [06:43<01:32, 10.31it/s] 82%|████████▏ | 4411/5362 [06:43<01:34, 10.06it/s] 82%|████████▏ | 4413/5362 [06:43<01:36,  9.86it/s] 82%|████████▏ | 4414/5362 [06:43<01:35,  9.88it/s] 82%|████████▏ | 4416/5362 [06:43<01:32, 10.26it/s] 82%|████████▏ | 4418/5362 [06:44<01:31, 10.31it/s] 82%|████████▏ | 4420/5362 [06:44<01:31, 10.28it/s] 82%|████████▏ | 4422/5362 [06:44<01:42,  9.15it/s] 82%|████████▏ | 4423/5362 [06:44<01:46,  8.79it/s] 83%|████████▎ | 4424/5362 [06:44<01:47,  8.71it/s] 83%|████████▎ | 4425/5362 [06:44<01:48,  8.64it/s] 83%|████████▎ | 4426/5362 [06:45<01:46,  8.80it/s] 83%|████████▎ | 4428/5362 [06:45<01:40,  9.27it/s] 83%|████████▎ | 4429/5362 [06:45<01:39,  9.37it/s] 83%|████████▎ | 4431/5362 [06:45<01:37,  9.53it/s] 83%|████████▎ | 4432/5362 [06:45<01:36,  9.60it/s] 83%|████████▎ | 4433/5362 [06:45<01:36,  9.60it/s] 83%|████████▎ | 4435/5362 [06:45<01:27, 10.58it/s] 83%|████████▎ | 4437/5362 [06:46<01:29, 10.30it/s] 83%|████████▎ | 4439/5362 [06:46<01:28, 10.37it/s] 83%|████████▎ | 4441/5362 [06:46<01:30, 10.20it/s] 83%|████████▎ | 4443/5362 [06:46<01:22, 11.15it/s] 83%|████████▎ | 4445/5362 [06:46<01:27, 10.49it/s] 83%|████████▎ | 4447/5362 [06:47<01:28, 10.30it/s] 83%|████████▎ | 4449/5362 [06:47<01:22, 11.03it/s] 83%|████████▎ | 4451/5362 [06:47<01:26, 10.54it/s] 83%|████████▎ | 4453/5362 [06:47<01:22, 10.99it/s] 83%|████████▎ | 4455/5362 [06:47<01:25, 10.57it/s] 83%|████████▎ | 4457/5362 [06:47<01:21, 11.07it/s] 83%|████████▎ | 4459/5362 [06:48<01:23, 10.77it/s] 83%|████████▎ | 4461/5362 [06:48<01:18, 11.47it/s] 83%|████████▎ | 4463/5362 [06:48<01:26, 10.44it/s] 83%|████████▎ | 4465/5362 [06:48<01:23, 10.74it/s] 83%|████████▎ | 4467/5362 [06:48<01:26, 10.30it/s] 83%|████████▎ | 4469/5362 [06:49<01:25, 10.44it/s] 83%|████████▎ | 4471/5362 [06:49<01:25, 10.45it/s] 83%|████████▎ | 4473/5362 [06:49<01:23, 10.69it/s] 83%|████████▎ | 4475/5362 [06:49<01:24, 10.53it/s] 83%|████████▎ | 4477/5362 [06:49<01:27, 10.07it/s] 84%|████████▎ | 4479/5362 [06:50<01:25, 10.33it/s] 84%|████████▎ | 4481/5362 [06:50<01:19, 11.06it/s] 84%|████████▎ | 4483/5362 [06:50<01:17, 11.32it/s] 84%|████████▎ | 4485/5362 [06:50<01:22, 10.62it/s] 84%|████████▎ | 4487/5362 [06:50<01:21, 10.74it/s] 84%|████████▎ | 4489/5362 [06:50<01:23, 10.50it/s] 84%|████████▍ | 4491/5362 [06:51<01:27,  9.93it/s] 84%|████████▍ | 4493/5362 [06:51<01:22, 10.49it/s] 84%|████████▍ | 4495/5362 [06:51<01:22, 10.53it/s] 84%|████████▍ | 4497/5362 [06:51<01:24, 10.19it/s] 84%|████████▍ | 4499/5362 [06:51<01:24, 10.24it/s] 84%|████████▍ | 4501/5362 [06:52<01:31,  9.37it/s] 84%|████████▍ | 4502/5362 [06:52<01:31,  9.37it/s] 84%|████████▍ | 4503/5362 [06:52<01:32,  9.28it/s] 84%|████████▍ | 4504/5362 [06:52<01:36,  8.89it/s] 84%|████████▍ | 4505/5362 [06:52<01:43,  8.29it/s] 84%|████████▍ | 4506/5362 [06:52<01:44,  8.21it/s] 84%|████████▍ | 4507/5362 [06:52<01:40,  8.54it/s] 84%|████████▍ | 4508/5362 [06:53<01:37,  8.80it/s] 84%|████████▍ | 4510/5362 [06:53<01:31,  9.33it/s] 84%|████████▍ | 4512/5362 [06:53<01:27,  9.73it/s] 84%|████████▍ | 4513/5362 [06:53<01:28,  9.58it/s] 84%|████████▍ | 4515/5362 [06:53<01:18, 10.74it/s] 84%|████████▍ | 4517/5362 [06:53<01:18, 10.80it/s] 84%|████████▍ | 4519/5362 [06:54<01:21, 10.40it/s] 84%|████████▍ | 4521/5362 [06:54<01:17, 10.79it/s] 84%|████████▍ | 4523/5362 [06:54<01:19, 10.53it/s] 84%|████████▍ | 4525/5362 [06:54<01:16, 10.99it/s] 84%|████████▍ | 4527/5362 [06:54<01:16, 10.89it/s] 84%|████████▍ | 4529/5362 [06:54<01:18, 10.67it/s] 85%|████████▍ | 4531/5362 [06:55<01:19, 10.39it/s] 85%|████████▍ | 4533/5362 [06:55<01:24,  9.79it/s] 85%|████████▍ | 4534/5362 [06:55<01:27,  9.48it/s] 85%|████████▍ | 4536/5362 [06:55<01:24,  9.75it/s] 85%|████████▍ | 4538/5362 [06:55<01:15, 10.93it/s] 85%|████████▍ | 4540/5362 [06:56<01:14, 11.09it/s] 85%|████████▍ | 4542/5362 [06:56<01:12, 11.24it/s] 85%|████████▍ | 4544/5362 [06:56<01:13, 11.06it/s] 85%|████████▍ | 4546/5362 [06:56<01:10, 11.54it/s] 85%|████████▍ | 4548/5362 [06:56<01:13, 11.14it/s] 85%|████████▍ | 4550/5362 [06:56<01:14, 10.96it/s] 85%|████████▍ | 4552/5362 [06:57<01:09, 11.63it/s] 85%|████████▍ | 4554/5362 [06:57<01:11, 11.29it/s] 85%|████████▍ | 4556/5362 [06:57<01:12, 11.09it/s] 85%|████████▌ | 4558/5362 [06:57<01:16, 10.53it/s] 85%|████████▌ | 4560/5362 [06:57<01:19, 10.10it/s] 85%|████████▌ | 4562/5362 [06:58<01:10, 11.33it/s] 85%|████████▌ | 4564/5362 [06:58<01:12, 11.08it/s] 85%|████████▌ | 4566/5362 [06:58<01:10, 11.27it/s] 85%|████████▌ | 4568/5362 [06:58<01:10, 11.23it/s] 85%|████████▌ | 4570/5362 [06:58<01:04, 12.30it/s] 85%|████████▌ | 4572/5362 [06:58<01:02, 12.62it/s] 85%|████████▌ | 4574/5362 [06:59<01:06, 11.76it/s] 85%|████████▌ | 4576/5362 [06:59<01:09, 11.27it/s] 85%|████████▌ | 4578/5362 [06:59<01:06, 11.84it/s] 85%|████████▌ | 4580/5362 [06:59<01:03, 12.22it/s] 85%|████████▌ | 4582/5362 [06:59<01:09, 11.27it/s] 85%|████████▌ | 4584/5362 [06:59<01:12, 10.74it/s] 86%|████████▌ | 4586/5362 [07:00<01:12, 10.63it/s] 86%|████████▌ | 4588/5362 [07:00<01:09, 11.20it/s] 86%|████████▌ | 4590/5362 [07:00<01:11, 10.81it/s] 86%|████████▌ | 4592/5362 [07:00<01:10, 10.88it/s] 86%|████████▌ | 4594/5362 [07:00<01:09, 10.98it/s] 86%|████████▌ | 4596/5362 [07:01<01:10, 10.94it/s] 86%|████████▌ | 4598/5362 [07:01<01:10, 10.89it/s] 86%|████████▌ | 4600/5362 [07:01<01:07, 11.25it/s] 86%|████████▌ | 4602/5362 [07:01<01:10, 10.78it/s] 86%|████████▌ | 4604/5362 [07:01<01:12, 10.43it/s] 86%|████████▌ | 4606/5362 [07:02<01:13, 10.29it/s] 86%|████████▌ | 4608/5362 [07:02<01:12, 10.43it/s] 86%|████████▌ | 4610/5362 [07:02<01:15, 10.00it/s] 86%|████████▌ | 4612/5362 [07:02<01:12, 10.33it/s] 86%|████████▌ | 4614/5362 [07:02<01:12, 10.28it/s] 86%|████████▌ | 4616/5362 [07:02<01:14, 10.02it/s] 86%|████████▌ | 4618/5362 [07:03<01:03, 11.76it/s] 86%|████████▌ | 4620/5362 [07:03<01:05, 11.40it/s] 86%|████████▌ | 4622/5362 [07:03<01:07, 11.00it/s] 86%|████████▌ | 4624/5362 [07:03<01:08, 10.82it/s] 86%|████████▋ | 4626/5362 [07:03<01:10, 10.42it/s] 86%|████████▋ | 4628/5362 [07:04<01:13,  9.94it/s] 86%|████████▋ | 4630/5362 [07:04<01:13, 10.00it/s] 86%|████████▋ | 4632/5362 [07:04<01:13,  9.97it/s] 86%|████████▋ | 4634/5362 [07:04<01:13,  9.97it/s] 86%|████████▋ | 4636/5362 [07:04<01:08, 10.61it/s] 86%|████████▋ | 4638/5362 [07:05<01:13,  9.86it/s] 87%|████████▋ | 4640/5362 [07:05<01:10, 10.23it/s] 87%|████████▋ | 4642/5362 [07:05<01:10, 10.19it/s] 87%|████████▋ | 4644/5362 [07:05<01:11, 10.01it/s] 87%|████████▋ | 4646/5362 [07:05<01:16,  9.40it/s] 87%|████████▋ | 4647/5362 [07:06<01:16,  9.36it/s] 87%|████████▋ | 4648/5362 [07:06<01:16,  9.34it/s] 87%|████████▋ | 4649/5362 [07:06<01:18,  9.05it/s] 87%|████████▋ | 4650/5362 [07:06<01:21,  8.73it/s] 87%|████████▋ | 4651/5362 [07:06<01:25,  8.32it/s] 87%|████████▋ | 4653/5362 [07:06<01:18,  9.09it/s] 87%|████████▋ | 4654/5362 [07:06<01:16,  9.20it/s] 87%|████████▋ | 4656/5362 [07:06<01:08, 10.35it/s] 87%|████████▋ | 4658/5362 [07:07<01:09, 10.06it/s] 87%|████████▋ | 4660/5362 [07:07<01:09, 10.05it/s] 87%|████████▋ | 4662/5362 [07:07<01:10,  9.99it/s] 87%|████████▋ | 4663/5362 [07:07<01:10,  9.87it/s] 87%|████████▋ | 4664/5362 [07:07<01:10,  9.84it/s] 87%|████████▋ | 4666/5362 [07:07<01:02, 11.17it/s] 87%|████████▋ | 4668/5362 [07:08<01:06, 10.36it/s] 87%|████████▋ | 4670/5362 [07:08<01:10,  9.79it/s] 87%|████████▋ | 4672/5362 [07:08<01:11,  9.62it/s] 87%|████████▋ | 4673/5362 [07:08<01:13,  9.35it/s] 87%|████████▋ | 4674/5362 [07:08<01:12,  9.47it/s] 87%|████████▋ | 4676/5362 [07:09<01:07, 10.11it/s] 87%|████████▋ | 4678/5362 [07:09<01:08,  9.98it/s] 87%|████████▋ | 4680/5362 [07:09<01:02, 10.95it/s] 87%|████████▋ | 4682/5362 [07:09<01:05, 10.32it/s] 87%|████████▋ | 4684/5362 [07:09<01:01, 10.98it/s] 87%|████████▋ | 4686/5362 [07:09<01:04, 10.48it/s] 87%|████████▋ | 4688/5362 [07:10<01:05, 10.24it/s] 87%|████████▋ | 4690/5362 [07:10<01:06, 10.04it/s] 88%|████████▊ | 4692/5362 [07:10<01:06, 10.14it/s] 88%|████████▊ | 4694/5362 [07:10<01:06,  9.98it/s] 88%|████████▊ | 4696/5362 [07:10<01:08,  9.76it/s] 88%|████████▊ | 4698/5362 [07:11<01:03, 10.44it/s] 88%|████████▊ | 4700/5362 [07:11<01:03, 10.42it/s] 88%|████████▊ | 4702/5362 [07:11<01:04, 10.26it/s] 88%|████████▊ | 4704/5362 [07:11<01:02, 10.51it/s] 88%|████████▊ | 4706/5362 [07:11<01:02, 10.42it/s] 88%|████████▊ | 4708/5362 [07:12<01:00, 10.78it/s] 88%|████████▊ | 4710/5362 [07:12<01:02, 10.35it/s] 88%|████████▊ | 4712/5362 [07:12<01:01, 10.62it/s] 88%|████████▊ | 4714/5362 [07:12<01:03, 10.23it/s] 88%|████████▊ | 4716/5362 [07:12<01:00, 10.61it/s] 88%|████████▊ | 4718/5362 [07:13<01:02, 10.35it/s] 88%|████████▊ | 4720/5362 [07:13<01:03, 10.04it/s] 88%|████████▊ | 4722/5362 [07:13<01:05,  9.76it/s] 88%|████████▊ | 4723/5362 [07:13<01:07,  9.50it/s] 88%|████████▊ | 4724/5362 [07:13<01:08,  9.26it/s] 88%|████████▊ | 4725/5362 [07:13<01:14,  8.61it/s] 88%|████████▊ | 4727/5362 [07:14<01:14,  8.58it/s] 88%|████████▊ | 4728/5362 [07:14<01:12,  8.79it/s] 88%|████████▊ | 4730/5362 [07:14<01:03,  9.99it/s] 88%|████████▊ | 4732/5362 [07:14<00:59, 10.50it/s] 88%|████████▊ | 4734/5362 [07:14<00:54, 11.50it/s] 88%|████████▊ | 4736/5362 [07:14<00:55, 11.34it/s] 88%|████████▊ | 4738/5362 [07:15<00:55, 11.26it/s] 88%|████████▊ | 4740/5362 [07:15<00:56, 10.96it/s] 88%|████████▊ | 4742/5362 [07:15<00:54, 11.47it/s] 88%|████████▊ | 4744/5362 [07:15<00:54, 11.26it/s] 89%|████████▊ | 4746/5362 [07:15<00:58, 10.59it/s] 89%|████████▊ | 4748/5362 [07:15<01:00, 10.10it/s] 89%|████████▊ | 4750/5362 [07:16<01:04,  9.55it/s] 89%|████████▊ | 4751/5362 [07:16<01:06,  9.26it/s] 89%|████████▊ | 4753/5362 [07:16<01:01,  9.92it/s] 89%|████████▊ | 4755/5362 [07:16<00:56, 10.71it/s] 89%|████████▊ | 4757/5362 [07:16<00:57, 10.44it/s] 89%|████████▉ | 4759/5362 [07:17<00:54, 11.09it/s] 89%|████████▉ | 4761/5362 [07:17<00:54, 10.96it/s] 89%|████████▉ | 4763/5362 [07:17<00:52, 11.43it/s] 89%|████████▉ | 4765/5362 [07:17<00:55, 10.73it/s] 89%|████████▉ | 4767/5362 [07:17<00:56, 10.60it/s] 89%|████████▉ | 4769/5362 [07:17<00:56, 10.52it/s] 89%|████████▉ | 4771/5362 [07:18<00:55, 10.63it/s] 89%|████████▉ | 4773/5362 [07:18<00:55, 10.64it/s] 89%|████████▉ | 4775/5362 [07:18<00:53, 11.02it/s] 89%|████████▉ | 4777/5362 [07:18<00:48, 11.99it/s] 89%|████████▉ | 4779/5362 [07:18<00:51, 11.27it/s] 89%|████████▉ | 4781/5362 [07:19<00:53, 10.82it/s] 89%|████████▉ | 4783/5362 [07:19<00:54, 10.67it/s] 89%|████████▉ | 4785/5362 [07:19<00:52, 10.89it/s] 89%|████████▉ | 4787/5362 [07:19<00:51, 11.21it/s] 89%|████████▉ | 4789/5362 [07:19<00:50, 11.32it/s] 89%|████████▉ | 4791/5362 [07:19<00:50, 11.22it/s] 89%|████████▉ | 4793/5362 [07:20<00:50, 11.33it/s] 89%|████████▉ | 4795/5362 [07:20<00:50, 11.27it/s] 89%|████████▉ | 4797/5362 [07:20<00:49, 11.39it/s] 90%|████████▉ | 4799/5362 [07:20<00:49, 11.44it/s] 90%|████████▉ | 4801/5362 [07:20<00:51, 10.99it/s] 90%|████████▉ | 4803/5362 [07:21<00:52, 10.72it/s] 90%|████████▉ | 4805/5362 [07:21<00:52, 10.61it/s] 90%|████████▉ | 4807/5362 [07:21<00:54, 10.12it/s] 90%|████████▉ | 4809/5362 [07:21<00:57,  9.69it/s] 90%|████████▉ | 4810/5362 [07:21<00:57,  9.52it/s] 90%|████████▉ | 4812/5362 [07:21<00:50, 10.79it/s] 90%|████████▉ | 4814/5362 [07:22<00:48, 11.32it/s] 90%|████████▉ | 4816/5362 [07:22<00:51, 10.59it/s] 90%|████████▉ | 4818/5362 [07:22<00:48, 11.17it/s] 90%|████████▉ | 4820/5362 [07:22<00:48, 11.22it/s] 90%|████████▉ | 4822/5362 [07:22<00:50, 10.80it/s] 90%|████████▉ | 4824/5362 [07:23<00:48, 11.19it/s] 90%|█████████ | 4826/5362 [07:23<00:46, 11.47it/s] 90%|█████████ | 4828/5362 [07:23<00:50, 10.57it/s] 90%|█████████ | 4830/5362 [07:23<00:50, 10.57it/s] 90%|█████████ | 4832/5362 [07:23<00:48, 10.91it/s] 90%|█████████ | 4834/5362 [07:23<00:46, 11.30it/s] 90%|█████████ | 4836/5362 [07:24<00:47, 11.06it/s] 90%|█████████ | 4838/5362 [07:24<00:45, 11.56it/s] 90%|█████████ | 4840/5362 [07:24<00:49, 10.62it/s] 90%|█████████ | 4842/5362 [07:24<00:50, 10.38it/s] 90%|█████████ | 4844/5362 [07:24<00:50, 10.33it/s] 90%|█████████ | 4846/5362 [07:25<00:50, 10.28it/s] 90%|█████████ | 4848/5362 [07:25<00:50, 10.22it/s] 90%|█████████ | 4850/5362 [07:25<00:49, 10.34it/s] 90%|█████████ | 4852/5362 [07:25<00:47, 10.65it/s] 91%|█████████ | 4854/5362 [07:25<00:45, 11.12it/s] 91%|█████████ | 4856/5362 [07:25<00:45, 11.24it/s] 91%|█████████ | 4858/5362 [07:26<00:45, 11.19it/s] 91%|█████████ | 4860/5362 [07:26<00:46, 10.81it/s] 91%|█████████ | 4862/5362 [07:26<00:46, 10.75it/s] 91%|█████████ | 4864/5362 [07:26<00:46, 10.80it/s] 91%|█████████ | 4866/5362 [07:26<00:49,  9.94it/s] 91%|█████████ | 4868/5362 [07:27<00:50,  9.69it/s] 91%|█████████ | 4869/5362 [07:27<00:51,  9.65it/s] 91%|█████████ | 4870/5362 [07:27<00:51,  9.53it/s] 91%|█████████ | 4872/5362 [07:27<00:48, 10.10it/s] 91%|█████████ | 4874/5362 [07:27<00:48, 10.11it/s] 91%|█████████ | 4876/5362 [07:27<00:48, 10.00it/s] 91%|█████████ | 4878/5362 [07:28<00:49,  9.84it/s] 91%|█████████ | 4880/5362 [07:28<00:47, 10.09it/s] 91%|█████████ | 4882/5362 [07:28<00:44, 10.91it/s] 91%|█████████ | 4884/5362 [07:28<00:44, 10.82it/s] 91%|█████████ | 4886/5362 [07:28<00:42, 11.14it/s] 91%|█████████ | 4888/5362 [07:29<00:42, 11.04it/s] 91%|█████████ | 4890/5362 [07:29<00:43, 10.92it/s] 91%|█████████ | 4892/5362 [07:29<00:45, 10.31it/s] 91%|█████████▏| 4894/5362 [07:29<00:41, 11.18it/s] 91%|█████████▏| 4896/5362 [07:29<00:43, 10.82it/s] 91%|█████████▏| 4898/5362 [07:30<00:44, 10.46it/s] 91%|█████████▏| 4900/5362 [07:30<00:44, 10.33it/s] 91%|█████████▏| 4902/5362 [07:30<00:44, 10.31it/s] 91%|█████████▏| 4904/5362 [07:30<00:42, 10.76it/s] 91%|█████████▏| 4906/5362 [07:30<00:43, 10.51it/s] 92%|█████████▏| 4908/5362 [07:30<00:41, 10.98it/s] 92%|█████████▏| 4910/5362 [07:31<00:41, 10.97it/s] 92%|█████████▏| 4912/5362 [07:31<00:42, 10.69it/s] 92%|█████████▏| 4914/5362 [07:31<00:39, 11.26it/s] 92%|█████████▏| 4916/5362 [07:31<00:41, 10.73it/s] 92%|█████████▏| 4918/5362 [07:31<00:40, 10.92it/s] 92%|█████████▏| 4920/5362 [07:32<00:37, 11.72it/s] 92%|█████████▏| 4922/5362 [07:32<00:38, 11.36it/s] 92%|█████████▏| 4924/5362 [07:32<00:39, 10.98it/s] 92%|█████████▏| 4926/5362 [07:32<00:40, 10.70it/s] 92%|█████████▏| 4928/5362 [07:32<00:41, 10.48it/s] 92%|█████████▏| 4930/5362 [07:32<00:41, 10.36it/s] 92%|█████████▏| 4932/5362 [07:33<00:41, 10.26it/s] 92%|█████████▏| 4934/5362 [07:33<00:43,  9.79it/s] 92%|█████████▏| 4935/5362 [07:33<00:44,  9.55it/s] 92%|█████████▏| 4936/5362 [07:33<00:44,  9.47it/s] 92%|█████████▏| 4937/5362 [07:33<00:46,  9.05it/s] 92%|█████████▏| 4938/5362 [07:33<00:47,  8.93it/s] 92%|█████████▏| 4939/5362 [07:33<00:47,  8.88it/s] 92%|█████████▏| 4941/5362 [07:34<00:45,  9.24it/s] 92%|█████████▏| 4942/5362 [07:34<00:45,  9.32it/s] 92%|█████████▏| 4943/5362 [07:34<00:44,  9.44it/s] 92%|█████████▏| 4944/5362 [07:34<00:43,  9.58it/s] 92%|█████████▏| 4946/5362 [07:34<00:39, 10.64it/s] 92%|█████████▏| 4948/5362 [07:34<00:41, 10.06it/s] 92%|█████████▏| 4950/5362 [07:35<00:43,  9.54it/s] 92%|█████████▏| 4951/5362 [07:35<00:42,  9.59it/s] 92%|█████████▏| 4953/5362 [07:35<00:41,  9.81it/s] 92%|█████████▏| 4955/5362 [07:35<00:37, 10.91it/s] 92%|█████████▏| 4957/5362 [07:35<00:38, 10.48it/s] 92%|█████████▏| 4959/5362 [07:35<00:37, 10.66it/s] 93%|█████████▎| 4961/5362 [07:36<00:36, 10.96it/s] 93%|█████████▎| 4963/5362 [07:36<00:35, 11.31it/s] 93%|█████████▎| 4965/5362 [07:36<00:34, 11.43it/s] 93%|█████████▎| 4967/5362 [07:36<00:37, 10.55it/s] 93%|█████████▎| 4969/5362 [07:36<00:38, 10.08it/s] 93%|█████████▎| 4971/5362 [07:37<00:36, 10.63it/s] 93%|█████████▎| 4973/5362 [07:37<00:37, 10.40it/s] 93%|█████████▎| 4975/5362 [07:37<00:37, 10.37it/s] 93%|█████████▎| 4977/5362 [07:37<00:37, 10.33it/s] 93%|█████████▎| 4979/5362 [07:37<00:34, 11.20it/s] 93%|█████████▎| 4981/5362 [07:38<00:36, 10.39it/s] 93%|█████████▎| 4983/5362 [07:38<00:33, 11.17it/s] 93%|█████████▎| 4985/5362 [07:38<00:36, 10.44it/s] 93%|█████████▎| 4987/5362 [07:38<00:34, 11.02it/s] 93%|█████████▎| 4989/5362 [07:38<00:33, 11.14it/s] 93%|█████████▎| 4991/5362 [07:38<00:32, 11.34it/s] 93%|█████████▎| 4993/5362 [07:39<00:31, 11.88it/s] 93%|█████████▎| 4995/5362 [07:39<00:31, 11.66it/s] 93%|█████████▎| 4997/5362 [07:39<00:31, 11.51it/s] 93%|█████████▎| 4999/5362 [07:39<00:31, 11.45it/s] 93%|█████████▎| 5001/5362 [07:39<00:31, 11.60it/s] 93%|█████████▎| 5003/5362 [07:39<00:32, 11.00it/s] 93%|█████████▎| 5005/5362 [07:40<00:32, 11.15it/s] 93%|█████████▎| 5007/5362 [07:40<00:35, 10.04it/s] 93%|█████████▎| 5009/5362 [07:40<00:35,  9.81it/s] 93%|█████████▎| 5011/5362 [07:40<00:35,  9.77it/s] 93%|█████████▎| 5012/5362 [07:40<00:35,  9.80it/s] 94%|█████████▎| 5014/5362 [07:41<00:32, 10.68it/s] 94%|█████████▎| 5016/5362 [07:41<00:33, 10.44it/s] 94%|█████████▎| 5018/5362 [07:41<00:32, 10.44it/s] 94%|█████████▎| 5020/5362 [07:41<00:29, 11.54it/s] 94%|█████████▎| 5022/5362 [07:41<00:29, 11.38it/s] 94%|█████████▎| 5024/5362 [07:41<00:30, 10.93it/s] 94%|█████████▎| 5026/5362 [07:42<00:29, 11.58it/s] 94%|█████████▍| 5028/5362 [07:42<00:30, 11.11it/s] 94%|█████████▍| 5030/5362 [07:42<00:31, 10.39it/s] 94%|█████████▍| 5032/5362 [07:42<00:33,  9.90it/s] 94%|█████████▍| 5034/5362 [07:42<00:32, 10.03it/s] 94%|█████████▍| 5036/5362 [07:43<00:29, 11.16it/s] 94%|█████████▍| 5038/5362 [07:43<00:30, 10.78it/s] 94%|█████████▍| 5040/5362 [07:43<00:28, 11.48it/s] 94%|█████████▍| 5042/5362 [07:43<00:28, 11.12it/s] 94%|█████████▍| 5044/5362 [07:43<00:26, 11.84it/s] 94%|█████████▍| 5046/5362 [07:43<00:28, 11.17it/s] 94%|█████████▍| 5048/5362 [07:44<00:29, 10.80it/s] 94%|█████████▍| 5050/5362 [07:44<00:26, 11.63it/s] 94%|█████████▍| 5052/5362 [07:44<00:27, 11.40it/s] 94%|█████████▍| 5054/5362 [07:44<00:27, 11.40it/s] 94%|█████████▍| 5056/5362 [07:44<00:24, 12.46it/s] 94%|█████████▍| 5058/5362 [07:44<00:25, 11.72it/s] 94%|█████████▍| 5060/5362 [07:45<00:25, 11.75it/s] 94%|█████████▍| 5062/5362 [07:45<00:26, 11.38it/s] 94%|█████████▍| 5064/5362 [07:45<00:25, 11.81it/s] 94%|█████████▍| 5066/5362 [07:45<00:24, 12.00it/s] 95%|█████████▍| 5068/5362 [07:45<00:26, 10.97it/s] 95%|█████████▍| 5070/5362 [07:45<00:24, 11.81it/s] 95%|█████████▍| 5072/5362 [07:46<00:24, 11.61it/s] 95%|█████████▍| 5074/5362 [07:46<00:23, 12.42it/s] 95%|█████████▍| 5076/5362 [07:46<00:23, 12.42it/s] 95%|█████████▍| 5078/5362 [07:46<00:22, 12.90it/s] 95%|█████████▍| 5080/5362 [07:46<00:22, 12.50it/s] 95%|█████████▍| 5082/5362 [07:46<00:23, 11.81it/s] 95%|█████████▍| 5084/5362 [07:47<00:22, 12.23it/s] 95%|█████████▍| 5086/5362 [07:47<00:23, 11.74it/s] 95%|█████████▍| 5088/5362 [07:47<00:23, 11.73it/s] 95%|█████████▍| 5090/5362 [07:47<00:25, 10.85it/s] 95%|█████████▍| 5092/5362 [07:47<00:26, 10.07it/s] 95%|█████████▌| 5094/5362 [07:48<00:27,  9.89it/s] 95%|█████████▌| 5096/5362 [07:48<00:25, 10.60it/s] 95%|█████████▌| 5098/5362 [07:48<00:24, 10.81it/s] 95%|█████████▌| 5100/5362 [07:48<00:24, 10.75it/s] 95%|█████████▌| 5102/5362 [07:48<00:24, 10.65it/s] 95%|█████████▌| 5104/5362 [07:49<00:24, 10.44it/s] 95%|█████████▌| 5106/5362 [07:49<00:24, 10.31it/s] 95%|█████████▌| 5108/5362 [07:49<00:23, 10.60it/s] 95%|█████████▌| 5110/5362 [07:49<00:24, 10.20it/s] 95%|█████████▌| 5112/5362 [07:49<00:24, 10.17it/s] 95%|█████████▌| 5114/5362 [07:49<00:22, 11.04it/s] 95%|█████████▌| 5116/5362 [07:50<00:23, 10.54it/s] 95%|█████████▌| 5118/5362 [07:50<00:21, 11.30it/s] 95%|█████████▌| 5120/5362 [07:50<00:21, 11.06it/s] 96%|█████████▌| 5122/5362 [07:50<00:20, 11.70it/s] 96%|█████████▌| 5124/5362 [07:50<00:22, 10.50it/s] 96%|█████████▌| 5126/5362 [07:51<00:21, 10.91it/s] 96%|█████████▌| 5128/5362 [07:51<00:21, 10.74it/s] 96%|█████████▌| 5130/5362 [07:51<00:20, 11.31it/s] 96%|█████████▌| 5132/5362 [07:51<00:21, 10.69it/s] 96%|█████████▌| 5134/5362 [07:51<00:20, 11.30it/s] 96%|█████████▌| 5136/5362 [07:52<00:20, 10.78it/s] 96%|█████████▌| 5138/5362 [07:52<00:20, 10.83it/s] 96%|█████████▌| 5140/5362 [07:52<00:20, 10.70it/s] 96%|█████████▌| 5142/5362 [07:52<00:21, 10.37it/s] 96%|█████████▌| 5144/5362 [07:52<00:21,  9.95it/s] 96%|█████████▌| 5146/5362 [07:52<00:19, 10.92it/s] 96%|█████████▌| 5148/5362 [07:53<00:21, 10.09it/s] 96%|█████████▌| 5150/5362 [07:53<00:19, 11.01it/s] 96%|█████████▌| 5152/5362 [07:53<00:17, 12.07it/s] 96%|█████████▌| 5154/5362 [07:53<00:18, 11.55it/s] 96%|█████████▌| 5156/5362 [07:53<00:17, 11.87it/s] 96%|█████████▌| 5158/5362 [07:53<00:17, 11.63it/s] 96%|█████████▌| 5160/5362 [07:54<00:18, 11.03it/s] 96%|█████████▋| 5162/5362 [07:54<00:18, 10.98it/s] 96%|█████████▋| 5164/5362 [07:54<00:18, 10.99it/s] 96%|█████████▋| 5166/5362 [07:54<00:17, 11.46it/s] 96%|█████████▋| 5168/5362 [07:54<00:18, 10.77it/s] 96%|█████████▋| 5170/5362 [07:55<00:19,  9.91it/s] 96%|█████████▋| 5172/5362 [07:55<00:21,  9.02it/s] 96%|█████████▋| 5173/5362 [07:55<00:20,  9.01it/s] 97%|█████████▋| 5175/5362 [07:55<00:18, 10.07it/s] 97%|█████████▋| 5177/5362 [07:55<00:18,  9.85it/s] 97%|█████████▋| 5179/5362 [07:56<00:18,  9.85it/s] 97%|█████████▋| 5181/5362 [07:56<00:17, 10.43it/s] 97%|█████████▋| 5183/5362 [07:56<00:18,  9.90it/s] 97%|█████████▋| 5185/5362 [07:56<00:16, 10.49it/s] 97%|█████████▋| 5187/5362 [07:56<00:16, 10.34it/s] 97%|█████████▋| 5189/5362 [07:57<00:16, 10.24it/s] 97%|█████████▋| 5191/5362 [07:57<00:16, 10.54it/s] 97%|█████████▋| 5193/5362 [07:57<00:16, 10.40it/s] 97%|█████████▋| 5195/5362 [07:57<00:16, 10.27it/s] 97%|█████████▋| 5197/5362 [07:57<00:15, 10.78it/s] 97%|█████████▋| 5199/5362 [07:57<00:15, 10.67it/s] 97%|█████████▋| 5201/5362 [07:58<00:14, 11.20it/s] 97%|█████████▋| 5203/5362 [07:58<00:14, 10.88it/s] 97%|█████████▋| 5205/5362 [07:58<00:14, 10.97it/s] 97%|█████████▋| 5207/5362 [07:58<00:14, 10.80it/s] 97%|█████████▋| 5209/5362 [07:58<00:13, 11.06it/s] 97%|█████████▋| 5211/5362 [07:59<00:13, 10.80it/s] 97%|█████████▋| 5213/5362 [07:59<00:13, 10.91it/s] 97%|█████████▋| 5215/5362 [07:59<00:13, 11.22it/s] 97%|█████████▋| 5217/5362 [07:59<00:13, 10.75it/s] 97%|█████████▋| 5219/5362 [07:59<00:13, 10.48it/s] 97%|█████████▋| 5221/5362 [08:00<00:13, 10.23it/s] 97%|█████████▋| 5223/5362 [08:00<00:12, 10.80it/s] 97%|█████████▋| 5225/5362 [08:00<00:12, 10.70it/s] 97%|█████████▋| 5227/5362 [08:00<00:12, 10.82it/s] 98%|█████████▊| 5229/5362 [08:00<00:11, 11.12it/s] 98%|█████████▊| 5231/5362 [08:00<00:11, 11.05it/s] 98%|█████████▊| 5233/5362 [08:01<00:11, 11.44it/s] 98%|█████████▊| 5235/5362 [08:01<00:10, 11.95it/s] 98%|█████████▊| 5237/5362 [08:01<00:10, 12.49it/s] 98%|█████████▊| 5239/5362 [08:01<00:10, 11.94it/s] 98%|█████████▊| 5241/5362 [08:01<00:09, 12.47it/s] 98%|█████████▊| 5243/5362 [08:01<00:10, 11.22it/s] 98%|█████████▊| 5245/5362 [08:02<00:11, 10.50it/s] 98%|█████████▊| 5247/5362 [08:02<00:11, 10.14it/s] 98%|█████████▊| 5249/5362 [08:02<00:11,  9.62it/s] 98%|█████████▊| 5250/5362 [08:02<00:11,  9.51it/s] 98%|█████████▊| 5252/5362 [08:02<00:11,  9.61it/s] 98%|█████████▊| 5253/5362 [08:03<00:11,  9.47it/s] 98%|█████████▊| 5254/5362 [08:03<00:11,  9.27it/s] 98%|█████████▊| 5255/5362 [08:03<00:11,  9.41it/s] 98%|█████████▊| 5257/5362 [08:03<00:09, 10.51it/s] 98%|█████████▊| 5259/5362 [08:03<00:09, 11.14it/s] 98%|█████████▊| 5261/5362 [08:03<00:08, 11.70it/s] 98%|█████████▊| 5263/5362 [08:03<00:08, 11.37it/s] 98%|█████████▊| 5265/5362 [08:04<00:08, 11.69it/s] 98%|█████████▊| 5267/5362 [08:04<00:07, 12.24it/s] 98%|█████████▊| 5269/5362 [08:04<00:07, 12.75it/s] 98%|█████████▊| 5271/5362 [08:04<00:07, 12.26it/s] 98%|█████████▊| 5273/5362 [08:04<00:07, 11.31it/s] 98%|█████████▊| 5275/5362 [08:04<00:07, 11.85it/s] 98%|█████████▊| 5277/5362 [08:05<00:06, 12.20it/s] 98%|█████████▊| 5279/5362 [08:05<00:07, 11.76it/s] 98%|█████████▊| 5281/5362 [08:05<00:06, 12.17it/s] 99%|█████████▊| 5283/5362 [08:05<00:06, 11.42it/s] 99%|█████████▊| 5285/5362 [08:05<00:06, 11.37it/s] 99%|█████████▊| 5287/5362 [08:05<00:06, 11.72it/s] 99%|█████████▊| 5289/5362 [08:06<00:05, 12.22it/s] 99%|█████████▊| 5291/5362 [08:06<00:06, 11.62it/s] 99%|█████████▊| 5293/5362 [08:06<00:05, 11.90it/s] 99%|█████████▉| 5295/5362 [08:06<00:05, 12.21it/s] 99%|█████████▉| 5297/5362 [08:06<00:05, 11.61it/s] 99%|█████████▉| 5299/5362 [08:06<00:05, 11.60it/s] 99%|█████████▉| 5301/5362 [08:07<00:05, 11.19it/s] 99%|█████████▉| 5303/5362 [08:07<00:05, 11.14it/s] 99%|█████████▉| 5305/5362 [08:07<00:04, 11.97it/s] 99%|█████████▉| 5307/5362 [08:07<00:04, 11.95it/s] 99%|█████████▉| 5309/5362 [08:07<00:04, 11.90it/s] 99%|█████████▉| 5311/5362 [08:07<00:03, 12.81it/s] 99%|█████████▉| 5313/5362 [08:08<00:03, 12.30it/s] 99%|█████████▉| 5315/5362 [08:08<00:03, 12.71it/s] 99%|█████████▉| 5317/5362 [08:08<00:03, 12.77it/s] 99%|█████████▉| 5319/5362 [08:08<00:03, 11.90it/s] 99%|█████████▉| 5321/5362 [08:08<00:03, 12.09it/s] 99%|█████████▉| 5323/5362 [08:08<00:03, 11.64it/s] 99%|█████████▉| 5325/5362 [08:09<00:03, 11.43it/s] 99%|█████████▉| 5327/5362 [08:09<00:03, 11.43it/s] 99%|█████████▉| 5329/5362 [08:09<00:03, 10.89it/s] 99%|█████████▉| 5331/5362 [08:09<00:02, 10.67it/s] 99%|█████████▉| 5333/5362 [08:09<00:02, 10.33it/s] 99%|█████████▉| 5335/5362 [08:10<00:02,  9.89it/s]100%|█████████▉| 5336/5362 [08:10<00:02,  9.48it/s]100%|█████████▉| 5337/5362 [08:10<00:02,  9.22it/s]100%|█████████▉| 5338/5362 [08:10<00:02,  9.29it/s]100%|█████████▉| 5339/5362 [08:10<00:02,  9.05it/s]100%|█████████▉| 5341/5362 [08:10<00:02,  9.57it/s]100%|█████████▉| 5342/5362 [08:10<00:02,  9.58it/s]100%|█████████▉| 5344/5362 [08:11<00:01,  9.75it/s]100%|█████████▉| 5345/5362 [08:11<00:01,  9.78it/s]100%|█████████▉| 5347/5362 [08:11<00:01, 10.13it/s]100%|█████████▉| 5349/5362 [08:11<00:01, 10.96it/s]100%|█████████▉| 5351/5362 [08:11<00:01, 10.28it/s]100%|█████████▉| 5353/5362 [08:11<00:00, 10.16it/s]100%|█████████▉| 5355/5362 [08:12<00:00, 10.74it/s]100%|█████████▉| 5357/5362 [08:12<00:00, 10.89it/s]100%|█████████▉| 5359/5362 [08:12<00:00, 10.39it/s]100%|█████████▉| 5361/5362 [08:12<00:00, 10.54it/s]100%|██████████| 5362/5362 [08:12<00:00, 10.88it/s]
FAD: {'frechet_audio_distance': np.float64(3.4604253501983564)}
Extracting features from /mnt/workspace/home/zhangjunan/audioldm_eval/audioldm_eval/test_musiccaps/audio.
  0%|          | 0/5362 [00:00<?, ?it/s]  0%|          | 1/5362 [00:00<48:43,  1.83it/s]  0%|          | 11/5362 [00:00<04:02, 22.07it/s]  0%|          | 18/5362 [00:00<02:42, 32.97it/s]  1%|          | 32/5362 [00:00<01:30, 58.93it/s]  1%|          | 47/5362 [00:00<01:04, 81.90it/s]  1%|          | 60/5362 [00:01<00:56, 93.41it/s]  1%|▏         | 73/5362 [00:01<00:51, 102.52it/s]  2%|▏         | 87/5362 [00:01<00:46, 112.99it/s]  2%|▏         | 103/5362 [00:01<00:42, 124.33it/s]  2%|▏         | 117/5362 [00:01<00:43, 120.62it/s]  2%|▏         | 133/5362 [00:01<00:40, 129.15it/s]  3%|▎         | 148/5362 [00:01<00:38, 133.80it/s]  3%|▎         | 162/5362 [00:01<00:38, 133.50it/s]  3%|▎         | 177/5362 [00:01<00:37, 137.75it/s]  4%|▎         | 194/5362 [00:02<00:35, 145.45it/s]  4%|▍         | 209/5362 [00:02<00:35, 144.82it/s]  4%|▍         | 224/5362 [00:02<00:36, 138.95it/s]  5%|▍         | 253/5362 [00:02<00:29, 175.85it/s]  5%|▌         | 276/5362 [00:02<00:26, 190.89it/s]  6%|▌         | 301/5362 [00:02<00:24, 207.40it/s]  6%|▌         | 327/5362 [00:02<00:22, 222.36it/s]  7%|▋         | 354/5362 [00:02<00:21, 234.81it/s]  7%|▋         | 378/5362 [00:02<00:22, 222.55it/s]  7%|▋         | 401/5362 [00:02<00:22, 216.74it/s]  8%|▊         | 423/5362 [00:03<00:22, 217.63it/s]  8%|▊         | 445/5362 [00:03<00:23, 213.24it/s]  9%|▊         | 467/5362 [00:03<00:23, 212.59it/s]  9%|▉         | 489/5362 [00:03<00:30, 160.09it/s]  9%|▉         | 507/5362 [00:03<00:32, 150.35it/s] 10%|▉         | 524/5362 [00:03<00:32, 147.44it/s] 10%|█         | 540/5362 [00:03<00:33, 144.69it/s] 10%|█         | 556/5362 [00:04<00:34, 139.15it/s] 11%|█         | 571/5362 [00:04<00:34, 139.34it/s] 11%|█         | 586/5362 [00:04<00:34, 138.75it/s] 11%|█         | 601/5362 [00:04<00:34, 139.03it/s] 11%|█▏        | 616/5362 [00:04<00:34, 139.24it/s] 12%|█▏        | 631/5362 [00:04<00:39, 119.88it/s] 12%|█▏        | 645/5362 [00:04<00:38, 123.61it/s] 12%|█▏        | 659/5362 [00:04<00:36, 127.16it/s] 13%|█▎        | 673/5362 [00:04<00:36, 128.39it/s] 13%|█▎        | 687/5362 [00:05<00:35, 131.54it/s] 13%|█▎        | 701/5362 [00:05<00:34, 133.88it/s] 13%|█▎        | 715/5362 [00:05<00:34, 134.78it/s] 14%|█▎        | 729/5362 [00:05<00:34, 134.48it/s] 14%|█▍        | 743/5362 [00:05<00:34, 132.81it/s] 14%|█▍        | 758/5362 [00:05<00:34, 135.01it/s] 14%|█▍        | 772/5362 [00:05<00:33, 136.38it/s] 15%|█▍        | 786/5362 [00:05<00:33, 137.36it/s] 15%|█▍        | 800/5362 [00:05<00:33, 137.21it/s] 15%|█▌        | 814/5362 [00:05<00:33, 136.28it/s] 15%|█▌        | 828/5362 [00:06<00:33, 137.32it/s] 16%|█▌        | 842/5362 [00:06<00:32, 137.21it/s] 16%|█▌        | 856/5362 [00:06<00:32, 137.98it/s] 16%|█▌        | 870/5362 [00:06<00:32, 138.53it/s] 16%|█▋        | 884/5362 [00:06<00:32, 138.90it/s] 17%|█▋        | 898/5362 [00:06<00:32, 138.33it/s] 17%|█▋        | 912/5362 [00:06<00:32, 138.74it/s] 17%|█▋        | 926/5362 [00:06<00:31, 139.02it/s] 18%|█▊        | 940/5362 [00:06<00:32, 136.77it/s] 18%|█▊        | 954/5362 [00:06<00:33, 133.55it/s] 18%|█▊        | 968/5362 [00:07<00:34, 126.09it/s] 18%|█▊        | 982/5362 [00:07<00:33, 129.26it/s] 19%|█▊        | 996/5362 [00:07<00:35, 124.24it/s] 19%|█▉        | 1011/5362 [00:07<00:33, 128.80it/s] 19%|█▉        | 1026/5362 [00:07<00:32, 132.09it/s] 19%|█▉        | 1040/5362 [00:07<00:32, 134.27it/s] 20%|█▉        | 1054/5362 [00:07<00:31, 135.13it/s] 20%|█▉        | 1069/5362 [00:07<00:31, 136.61it/s] 20%|██        | 1083/5362 [00:07<00:31, 137.58it/s] 20%|██        | 1097/5362 [00:08<00:31, 135.79it/s] 21%|██        | 1111/5362 [00:08<00:31, 136.96it/s] 21%|██        | 1126/5362 [00:08<00:30, 137.91it/s] 21%|██▏       | 1140/5362 [00:08<00:30, 136.81it/s] 22%|██▏       | 1154/5362 [00:08<00:30, 137.73it/s] 22%|██▏       | 1168/5362 [00:08<00:30, 138.38it/s] 22%|██▏       | 1182/5362 [00:08<00:30, 137.19it/s] 22%|██▏       | 1196/5362 [00:08<00:30, 138.01it/s] 23%|██▎       | 1210/5362 [00:08<00:29, 138.58it/s] 23%|██▎       | 1225/5362 [00:08<00:29, 139.04it/s] 23%|██▎       | 1239/5362 [00:09<00:29, 139.29it/s] 23%|██▎       | 1254/5362 [00:09<00:29, 139.54it/s] 24%|██▎       | 1269/5362 [00:09<00:29, 139.72it/s] 24%|██▍       | 1283/5362 [00:09<00:29, 139.02it/s] 24%|██▍       | 1297/5362 [00:09<00:29, 137.65it/s] 24%|██▍       | 1312/5362 [00:09<00:29, 138.39it/s] 25%|██▍       | 1327/5362 [00:09<00:29, 138.92it/s] 25%|██▌       | 1342/5362 [00:09<00:28, 139.26it/s] 25%|██▌       | 1356/5362 [00:09<00:28, 138.62it/s] 26%|██▌       | 1371/5362 [00:10<00:28, 139.04it/s] 26%|██▌       | 1386/5362 [00:10<00:28, 139.35it/s] 26%|██▌       | 1401/5362 [00:10<00:28, 139.59it/s] 26%|██▋       | 1415/5362 [00:10<00:28, 139.70it/s] 27%|██▋       | 1430/5362 [00:10<00:28, 139.82it/s] 27%|██▋       | 1444/5362 [00:10<00:29, 134.98it/s] 27%|██▋       | 1458/5362 [00:10<00:29, 132.42it/s] 27%|██▋       | 1472/5362 [00:10<00:29, 132.99it/s] 28%|██▊       | 1486/5362 [00:10<00:31, 122.54it/s] 28%|██▊       | 1500/5362 [00:11<00:30, 125.14it/s] 28%|██▊       | 1515/5362 [00:11<00:29, 129.45it/s] 29%|██▊       | 1529/5362 [00:11<00:28, 132.37it/s] 29%|██▉       | 1544/5362 [00:11<00:28, 134.68it/s] 29%|██▉       | 1559/5362 [00:11<00:27, 136.29it/s] 29%|██▉       | 1574/5362 [00:11<00:27, 137.42it/s] 30%|██▉       | 1588/5362 [00:11<00:27, 138.16it/s] 30%|██▉       | 1603/5362 [00:11<00:27, 138.75it/s] 30%|███       | 1618/5362 [00:11<00:26, 139.13it/s] 30%|███       | 1633/5362 [00:11<00:26, 139.39it/s] 31%|███       | 1648/5362 [00:12<00:26, 139.59it/s] 31%|███       | 1663/5362 [00:12<00:26, 139.73it/s] 31%|███▏      | 1678/5362 [00:12<00:26, 139.86it/s] 32%|███▏      | 1692/5362 [00:12<00:26, 139.06it/s] 32%|███▏      | 1707/5362 [00:12<00:26, 139.37it/s] 32%|███▏      | 1722/5362 [00:12<00:26, 139.60it/s] 32%|███▏      | 1737/5362 [00:12<00:25, 139.73it/s] 33%|███▎      | 1751/5362 [00:12<00:26, 138.14it/s] 33%|███▎      | 1766/5362 [00:12<00:25, 138.71it/s] 33%|███▎      | 1780/5362 [00:13<00:27, 129.37it/s] 33%|███▎      | 1795/5362 [00:13<00:26, 132.53it/s] 34%|███▍      | 1810/5362 [00:13<00:26, 135.29it/s] 34%|███▍      | 1825/5362 [00:13<00:25, 137.35it/s] 34%|███▍      | 1840/5362 [00:13<00:25, 140.47it/s] 35%|███▍      | 1856/5362 [00:13<00:24, 143.61it/s] 35%|███▍      | 1872/5362 [00:13<00:23, 146.52it/s] 35%|███▌      | 1888/5362 [00:13<00:23, 149.17it/s] 36%|███▌      | 1904/5362 [00:13<00:23, 149.45it/s] 36%|███▌      | 1919/5362 [00:14<00:23, 148.50it/s] 36%|███▌      | 1934/5362 [00:14<00:27, 122.91it/s] 36%|███▋      | 1949/5362 [00:14<00:26, 128.30it/s] 37%|███▋      | 1964/5362 [00:14<00:25, 132.73it/s] 37%|███▋      | 1981/5362 [00:14<00:24, 140.66it/s] 37%|███▋      | 1998/5362 [00:14<00:23, 145.64it/s] 38%|███▊      | 2014/5362 [00:14<00:22, 146.52it/s] 38%|███▊      | 2029/5362 [00:14<00:26, 125.03it/s] 38%|███▊      | 2043/5362 [00:14<00:26, 125.75it/s] 38%|███▊      | 2058/5362 [00:15<00:25, 130.52it/s] 39%|███▊      | 2075/5362 [00:15<00:23, 140.67it/s] 39%|███▉      | 2091/5362 [00:15<00:22, 145.63it/s] 39%|███▉      | 2108/5362 [00:15<00:21, 149.99it/s] 40%|███▉      | 2125/5362 [00:15<00:21, 153.86it/s] 40%|███▉      | 2141/5362 [00:15<00:28, 114.99it/s] 40%|████      | 2156/5362 [00:15<00:26, 122.73it/s] 40%|████      | 2170/5362 [00:15<00:25, 125.53it/s] 41%|████      | 2186/5362 [00:16<00:23, 134.10it/s] 41%|████      | 2202/5362 [00:16<00:22, 140.47it/s] 41%|████▏     | 2218/5362 [00:16<00:21, 145.35it/s] 42%|████▏     | 2233/5362 [00:16<00:21, 146.19it/s] 42%|████▏     | 2248/5362 [00:16<00:21, 146.13it/s] 42%|████▏     | 2263/5362 [00:16<00:21, 146.28it/s] 42%|████▏     | 2278/5362 [00:16<00:21, 144.26it/s] 43%|████▎     | 2293/5362 [00:16<00:21, 145.06it/s] 43%|████▎     | 2309/5362 [00:16<00:20, 148.70it/s] 43%|████▎     | 2325/5362 [00:16<00:21, 143.56it/s] 44%|████▎     | 2341/5362 [00:17<00:20, 147.55it/s] 44%|████▍     | 2356/5362 [00:17<00:21, 142.46it/s] 44%|████▍     | 2371/5362 [00:17<00:21, 142.09it/s] 45%|████▍     | 2387/5362 [00:17<00:20, 146.23it/s] 45%|████▍     | 2403/5362 [00:17<00:19, 148.93it/s] 45%|████▌     | 2418/5362 [00:17<00:19, 147.69it/s] 45%|████▌     | 2433/5362 [00:17<00:20, 144.89it/s] 46%|████▌     | 2450/5362 [00:17<00:19, 149.19it/s] 46%|████▌     | 2465/5362 [00:17<00:19, 145.33it/s] 46%|████▋     | 2480/5362 [00:18<00:21, 132.80it/s] 47%|████▋     | 2497/5362 [00:18<00:21, 136.03it/s] 47%|████▋     | 2512/5362 [00:18<00:20, 137.53it/s] 47%|████▋     | 2526/5362 [00:18<00:20, 136.39it/s] 47%|████▋     | 2542/5362 [00:18<00:19, 142.34it/s] 48%|████▊     | 2557/5362 [00:18<00:19, 142.60it/s] 48%|████▊     | 2572/5362 [00:18<00:19, 144.54it/s] 48%|████▊     | 2587/5362 [00:18<00:19, 142.53it/s] 49%|████▊     | 2603/5362 [00:18<00:18, 146.55it/s] 49%|████▉     | 2619/5362 [00:19<00:18, 149.39it/s] 49%|████▉     | 2636/5362 [00:19<00:17, 154.77it/s] 49%|████▉     | 2652/5362 [00:19<00:17, 151.76it/s] 50%|████▉     | 2668/5362 [00:19<00:17, 153.67it/s] 50%|█████     | 2684/5362 [00:19<00:17, 154.75it/s] 50%|█████     | 2700/5362 [00:19<00:17, 151.41it/s] 51%|█████     | 2716/5362 [00:19<00:17, 147.96it/s] 51%|█████     | 2732/5362 [00:19<00:17, 149.03it/s] 51%|█████     | 2747/5362 [00:19<00:17, 148.43it/s] 52%|█████▏    | 2763/5362 [00:19<00:17, 150.69it/s] 52%|█████▏    | 2779/5362 [00:20<00:17, 151.55it/s] 52%|█████▏    | 2795/5362 [00:20<00:17, 143.21it/s] 52%|█████▏    | 2811/5362 [00:20<00:17, 143.68it/s] 53%|█████▎    | 2827/5362 [00:20<00:17, 145.46it/s] 53%|█████▎    | 2842/5362 [00:20<00:17, 144.93it/s] 53%|█████▎    | 2857/5362 [00:20<00:17, 142.28it/s] 54%|█████▎    | 2872/5362 [00:20<00:17, 141.36it/s] 54%|█████▍    | 2887/5362 [00:20<00:17, 137.88it/s] 54%|█████▍    | 2901/5362 [00:20<00:17, 137.49it/s] 54%|█████▍    | 2916/5362 [00:21<00:17, 138.06it/s] 55%|█████▍    | 2931/5362 [00:21<00:17, 140.76it/s] 55%|█████▍    | 2946/5362 [00:21<00:17, 140.51it/s] 55%|█████▌    | 2961/5362 [00:21<00:17, 137.62it/s] 56%|█████▌    | 2976/5362 [00:21<00:16, 140.47it/s] 56%|█████▌    | 2991/5362 [00:21<00:18, 127.26it/s] 56%|█████▌    | 3008/5362 [00:21<00:17, 133.36it/s] 56%|█████▋    | 3022/5362 [00:21<00:17, 134.41it/s] 57%|█████▋    | 3036/5362 [00:21<00:18, 125.99it/s] 57%|█████▋    | 3050/5362 [00:22<00:17, 128.79it/s] 57%|█████▋    | 3064/5362 [00:22<00:17, 129.75it/s] 57%|█████▋    | 3080/5362 [00:22<00:16, 136.88it/s] 58%|█████▊    | 3095/5362 [00:22<00:16, 136.91it/s] 58%|█████▊    | 3109/5362 [00:22<00:16, 136.65it/s] 58%|█████▊    | 3123/5362 [00:22<00:17, 131.04it/s] 59%|█████▊    | 3137/5362 [00:22<00:17, 124.36it/s] 59%|█████▉    | 3153/5362 [00:22<00:16, 131.89it/s] 59%|█████▉    | 3167/5362 [00:22<00:16, 133.89it/s] 59%|█████▉    | 3181/5362 [00:23<00:16, 134.31it/s] 60%|█████▉    | 3195/5362 [00:23<00:15, 135.60it/s] 60%|█████▉    | 3211/5362 [00:23<00:15, 140.18it/s] 60%|██████    | 3226/5362 [00:23<00:16, 127.93it/s] 60%|██████    | 3240/5362 [00:23<00:16, 126.26it/s] 61%|██████    | 3255/5362 [00:23<00:15, 132.56it/s] 61%|██████    | 3269/5362 [00:23<00:15, 132.33it/s] 61%|██████    | 3283/5362 [00:23<00:15, 132.92it/s] 62%|██████▏   | 3298/5362 [00:23<00:15, 136.78it/s] 62%|██████▏   | 3315/5362 [00:24<00:14, 143.45it/s] 62%|██████▏   | 3333/5362 [00:24<00:13, 152.34it/s] 62%|██████▏   | 3349/5362 [00:24<00:13, 149.52it/s] 63%|██████▎   | 3365/5362 [00:24<00:13, 149.44it/s] 63%|██████▎   | 3380/5362 [00:24<00:14, 135.19it/s] 63%|██████▎   | 3394/5362 [00:24<00:17, 112.03it/s] 64%|██████▎   | 3406/5362 [00:24<00:17, 109.92it/s] 64%|██████▍   | 3421/5362 [00:24<00:16, 119.42it/s] 64%|██████▍   | 3435/5362 [00:24<00:15, 123.92it/s] 64%|██████▍   | 3452/5362 [00:25<00:14, 135.85it/s] 65%|██████▍   | 3467/5362 [00:25<00:13, 136.82it/s] 65%|██████▍   | 3481/5362 [00:25<00:13, 137.30it/s] 65%|██████▌   | 3496/5362 [00:25<00:13, 140.19it/s] 65%|██████▌   | 3511/5362 [00:25<00:13, 141.50it/s] 66%|██████▌   | 3526/5362 [00:25<00:13, 139.65it/s] 66%|██████▌   | 3541/5362 [00:25<00:13, 135.42it/s] 66%|██████▋   | 3557/5362 [00:25<00:12, 141.97it/s] 67%|██████▋   | 3572/5362 [00:25<00:12, 143.68it/s] 67%|██████▋   | 3589/5362 [00:26<00:11, 150.13it/s] 67%|██████▋   | 3605/5362 [00:26<00:11, 152.84it/s] 68%|██████▊   | 3621/5362 [00:26<00:11, 151.38it/s] 68%|██████▊   | 3637/5362 [00:26<00:13, 132.44it/s] 68%|██████▊   | 3652/5362 [00:26<00:12, 136.80it/s] 68%|██████▊   | 3668/5362 [00:26<00:11, 141.60it/s] 69%|██████▊   | 3683/5362 [00:26<00:12, 133.56it/s] 69%|██████▉   | 3697/5362 [00:26<00:13, 125.14it/s] 69%|██████▉   | 3714/5362 [00:26<00:12, 135.83it/s] 70%|██████▉   | 3729/5362 [00:27<00:11, 139.10it/s] 70%|██████▉   | 3744/5362 [00:27<00:11, 139.25it/s] 70%|███████   | 3761/5362 [00:27<00:11, 145.05it/s] 70%|███████   | 3777/5362 [00:27<00:10, 147.85it/s] 71%|███████   | 3793/5362 [00:27<00:10, 149.20it/s] 71%|███████   | 3808/5362 [00:27<00:10, 145.96it/s] 71%|███████▏  | 3823/5362 [00:27<00:10, 144.39it/s] 72%|███████▏  | 3838/5362 [00:27<00:10, 143.83it/s] 72%|███████▏  | 3854/5362 [00:27<00:10, 147.66it/s] 72%|███████▏  | 3870/5362 [00:28<00:10, 148.07it/s] 72%|███████▏  | 3887/5362 [00:28<00:09, 152.66it/s] 73%|███████▎  | 3903/5362 [00:28<00:09, 147.41it/s] 73%|███████▎  | 3918/5362 [00:28<00:10, 138.56it/s] 73%|███████▎  | 3935/5362 [00:28<00:09, 144.44it/s] 74%|███████▎  | 3950/5362 [00:28<00:09, 145.87it/s] 74%|███████▍  | 3965/5362 [00:28<00:09, 144.89it/s] 74%|███████▍  | 3981/5362 [00:28<00:09, 148.32it/s] 75%|███████▍  | 4006/5362 [00:28<00:07, 177.08it/s] 75%|███████▌  | 4031/5362 [00:28<00:06, 194.36it/s] 76%|███████▌  | 4051/5362 [00:29<00:08, 157.03it/s] 76%|███████▌  | 4079/5362 [00:29<00:06, 185.98it/s] 77%|███████▋  | 4109/5362 [00:29<00:05, 213.82it/s] 77%|███████▋  | 4134/5362 [00:29<00:05, 219.99it/s] 78%|███████▊  | 4159/5362 [00:29<00:05, 226.43it/s] 78%|███████▊  | 4186/5362 [00:29<00:04, 237.50it/s] 79%|███████▊  | 4211/5362 [00:29<00:04, 234.18it/s] 79%|███████▉  | 4237/5362 [00:29<00:04, 237.39it/s] 79%|███████▉  | 4262/5362 [00:30<00:05, 204.87it/s] 80%|███████▉  | 4284/5362 [00:30<00:06, 172.57it/s] 80%|████████  | 4303/5362 [00:30<00:06, 163.00it/s] 81%|████████  | 4321/5362 [00:30<00:06, 156.41it/s] 81%|████████  | 4338/5362 [00:30<00:07, 130.14it/s] 81%|████████  | 4353/5362 [00:30<00:07, 132.31it/s] 81%|████████▏ | 4367/5362 [00:30<00:07, 134.10it/s] 82%|████████▏ | 4381/5362 [00:31<00:07, 135.53it/s] 82%|████████▏ | 4395/5362 [00:31<00:07, 136.67it/s] 82%|████████▏ | 4409/5362 [00:31<00:06, 137.53it/s] 82%|████████▏ | 4423/5362 [00:31<00:06, 138.15it/s] 83%|████████▎ | 4437/5362 [00:31<00:06, 137.80it/s] 83%|████████▎ | 4451/5362 [00:31<00:06, 138.38it/s] 83%|████████▎ | 4465/5362 [00:31<00:06, 137.12it/s] 84%|████████▎ | 4479/5362 [00:31<00:06, 137.89it/s] 84%|████████▍ | 4493/5362 [00:31<00:06, 136.82it/s] 84%|████████▍ | 4507/5362 [00:31<00:06, 137.73it/s] 84%|████████▍ | 4521/5362 [00:32<00:06, 138.33it/s] 85%|████████▍ | 4535/5362 [00:32<00:05, 138.75it/s] 85%|████████▍ | 4549/5362 [00:32<00:05, 139.07it/s] 85%|████████▌ | 4563/5362 [00:32<00:05, 136.69it/s] 85%|████████▌ | 4577/5362 [00:32<00:05, 137.62it/s] 86%|████████▌ | 4591/5362 [00:32<00:05, 132.07it/s] 86%|████████▌ | 4605/5362 [00:32<00:05, 134.26it/s] 86%|████████▌ | 4619/5362 [00:32<00:05, 135.87it/s] 86%|████████▋ | 4633/5362 [00:32<00:05, 137.05it/s] 87%|████████▋ | 4647/5362 [00:32<00:05, 137.02it/s] 87%|████████▋ | 4661/5362 [00:33<00:05, 137.81it/s] 87%|████████▋ | 4675/5362 [00:33<00:04, 138.42it/s] 87%|████████▋ | 4689/5362 [00:33<00:04, 137.80it/s] 88%|████████▊ | 4703/5362 [00:33<00:04, 138.40it/s] 88%|████████▊ | 4717/5362 [00:33<00:04, 138.81it/s] 88%|████████▊ | 4731/5362 [00:33<00:04, 139.09it/s] 88%|████████▊ | 4745/5362 [00:33<00:04, 139.33it/s] 89%|████████▉ | 4760/5362 [00:33<00:04, 141.40it/s] 89%|████████▉ | 4775/5362 [00:33<00:04, 139.82it/s] 89%|████████▉ | 4789/5362 [00:33<00:04, 132.03it/s] 90%|████████▉ | 4803/5362 [00:34<00:04, 133.48it/s] 90%|████████▉ | 4818/5362 [00:34<00:04, 135.53it/s] 90%|█████████ | 4833/5362 [00:34<00:03, 136.89it/s] 90%|█████████ | 4848/5362 [00:34<00:03, 137.86it/s] 91%|█████████ | 4862/5362 [00:34<00:03, 138.47it/s] 91%|█████████ | 4876/5362 [00:34<00:03, 136.50it/s] 91%|█████████ | 4890/5362 [00:34<00:03, 136.69it/s] 91%|█████████▏| 4905/5362 [00:34<00:03, 137.69it/s] 92%|█████████▏| 4920/5362 [00:34<00:03, 138.42it/s] 92%|█████████▏| 4934/5362 [00:35<00:03, 138.86it/s] 92%|█████████▏| 4949/5362 [00:35<00:02, 139.23it/s] 93%|█████████▎| 4964/5362 [00:35<00:02, 139.46it/s] 93%|█████████▎| 4979/5362 [00:35<00:02, 139.64it/s] 93%|█████████▎| 4993/5362 [00:35<00:02, 138.92it/s] 93%|█████████▎| 5008/5362 [00:35<00:02, 139.28it/s] 94%|█████████▎| 5022/5362 [00:35<00:02, 139.47it/s] 94%|█████████▍| 5037/5362 [00:35<00:02, 138.76it/s] 94%|█████████▍| 5052/5362 [00:35<00:02, 139.21it/s] 94%|█████████▍| 5067/5362 [00:35<00:02, 139.48it/s] 95%|█████████▍| 5081/5362 [00:36<00:02, 137.96it/s] 95%|█████████▌| 5096/5362 [00:36<00:01, 138.57it/s] 95%|█████████▌| 5111/5362 [00:36<00:01, 139.02it/s] 96%|█████████▌| 5126/5362 [00:36<00:01, 139.32it/s] 96%|█████████▌| 5141/5362 [00:36<00:01, 139.51it/s] 96%|█████████▌| 5156/5362 [00:36<00:01, 139.67it/s] 96%|█████████▋| 5171/5362 [00:36<00:01, 139.80it/s] 97%|█████████▋| 5185/5362 [00:36<00:01, 139.85it/s] 97%|█████████▋| 5199/5362 [00:36<00:01, 133.37it/s] 97%|█████████▋| 5213/5362 [00:37<00:01, 135.22it/s] 98%|█████████▊| 5228/5362 [00:37<00:00, 136.69it/s] 98%|█████████▊| 5242/5362 [00:37<00:00, 137.63it/s] 98%|█████████▊| 5256/5362 [00:37<00:00, 137.52it/s] 98%|█████████▊| 5271/5362 [00:37<00:00, 138.27it/s] 99%|█████████▊| 5285/5362 [00:37<00:00, 136.33it/s] 99%|█████████▉| 5300/5362 [00:37<00:00, 137.42it/s] 99%|█████████▉| 5314/5362 [00:37<00:00, 137.29it/s] 99%|█████████▉| 5329/5362 [00:37<00:00, 138.18it/s]100%|█████████▉| 5343/5362 [00:37<00:00, 138.68it/s]100%|█████████▉| 5357/5362 [00:38<00:00, 135.21it/s]3388 Failed to open the input "/mnt/workspace/home/zhangjunan/audioldm_eval/audioldm_eval/test_musiccaps/audio/_fad_feature_cache.npy" (Invalid data found when processing input).
Exception raised from get_input_format_context at /__w/audio/audio/pytorch/audio/src/libtorio/ffmpeg/stream_reader/stream_reader.cpp:42 (most recent call first):
frame #0: c10::Error::Error(c10::SourceLocation, std::string) + 0x57 (0x7fc9f8acf897 in /mnt/workspace/home/zhangjunan/.env/vevo2/lib/python3.10/site-packages/torch/lib/libc10.so)
frame #1: c10::detail::torchCheckFail(char const*, char const*, unsigned int, std::string const&) + 0x64 (0x7fc9f8a7fb25 in /mnt/workspace/home/zhangjunan/.env/vevo2/lib/python3.10/site-packages/torch/lib/libc10.so)
frame #2: <unknown function> + 0x42334 (0x7fc8052a6334 in /mnt/workspace/home/zhangjunan/.env/vevo2/lib/python3.10/site-packages/torio/lib/libtorio_ffmpeg4.so)
frame #3: torio::io::StreamingMediaDecoder::StreamingMediaDecoder(std::string const&, std::optional<std::string> const&, std::optional<std::map<std::string, std::string, std::less<std::string>, std::allocator<std::pair<std::string const, std::string> > > > const&) + 0x14 (0x7fc8052a8d34 in /mnt/workspace/home/zhangjunan/.env/vevo2/lib/python3.10/site-packages/torio/lib/libtorio_ffmpeg4.so)
frame #4: <unknown function> + 0x3aa4e (0x7fc7f92e0a4e in /mnt/workspace/home/zhangjunan/.env/vevo2/lib/python3.10/site-packages/torio/lib/_torio_ffmpeg4.so)
frame #5: <unknown function> + 0x32617 (0x7fc7f92d8617 in /mnt/workspace/home/zhangjunan/.env/vevo2/lib/python3.10/site-packages/torio/lib/_torio_ffmpeg4.so)
frame #6: python() [0x4fdcf7]
<omitting python frames>
frame #8: python() [0x509eda]
frame #9: python() [0x507a4c]
frame #10: python() [0x4f77e6]
frame #11: <unknown function> + 0xf6cb (0x7fc98e7b76cb in /mnt/workspace/home/zhangjunan/.env/vevo2/lib/python3.10/site-packages/torchaudio/lib/_torchaudio.so)
frame #15: python() [0x5075b8]
frame #26: python() [0x543973]
frame #27: python() [0x5437d8]
frame #37: python() [0x509a7e]
frame #42: python() [0x5075b8]
frame #52: python() [0x5075b8]
frame #57: python() [0x532997]
frame #58: python() [0x5d01e9]
frame #61: python() [0x5117cf]

100%|██████████| 5362/5362 [00:38<00:00, 140.47it/s]
Save pickle at /mnt/workspace/home/zhangjunan/audioldm_eval/audioldm_eval/test_musiccaps/audioclassifier_logits_feature_cache.pkl
Extracting features from /mnt/workspace/home/zhangjunan/audioldm_eval/audioldm_eval/test_musiccaps/infer/epoch-0008_step-0541000_loss-0.316784.
  0%|          | 0/5360 [00:00<?, ?it/s]  0%|          | 1/5360 [00:00<18:03,  4.95it/s]  0%|          | 12/5360 [00:00<01:53, 47.25it/s]  1%|          | 27/5360 [00:00<01:04, 82.67it/s]  1%|          | 42/5360 [00:00<00:51, 102.92it/s]  1%|          | 56/5360 [00:00<00:46, 114.77it/s]  1%|▏         | 71/5360 [00:00<00:42, 123.09it/s]  2%|▏         | 86/5360 [00:00<00:41, 128.51it/s]  2%|▏         | 100/5360 [00:00<00:40, 130.35it/s]  2%|▏         | 114/5360 [00:01<00:39, 131.57it/s]  2%|▏         | 129/5360 [00:01<00:38, 134.20it/s]  3%|▎         | 144/5360 [00:01<00:38, 136.00it/s]  3%|▎         | 159/5360 [00:01<00:37, 137.24it/s]  3%|▎         | 175/5360 [00:01<00:36, 142.77it/s]  4%|▎         | 190/5360 [00:01<00:40, 127.74it/s]  4%|▍         | 206/5360 [00:01<00:38, 134.99it/s]  4%|▍         | 220/5360 [00:01<00:41, 124.11it/s]  4%|▍         | 235/5360 [00:01<00:39, 128.67it/s]  5%|▍         | 249/5360 [00:02<00:38, 131.53it/s]  5%|▍         | 263/5360 [00:02<00:38, 133.07it/s]  5%|▌         | 279/5360 [00:02<00:36, 139.33it/s]  5%|▌         | 294/5360 [00:02<00:38, 132.72it/s]  6%|▌         | 311/5360 [00:02<00:35, 141.46it/s]  6%|▌         | 326/5360 [00:02<00:35, 142.99it/s]  6%|▋         | 342/5360 [00:02<00:34, 146.50it/s]  7%|▋         | 358/5360 [00:02<00:33, 150.09it/s]  7%|▋         | 374/5360 [00:02<00:34, 143.17it/s]  7%|▋         | 390/5360 [00:03<00:34, 145.92it/s]  8%|▊         | 406/5360 [00:03<00:33, 147.32it/s]  8%|▊         | 421/5360 [00:03<00:33, 147.68it/s]  8%|▊         | 436/5360 [00:03<00:33, 146.71it/s]  8%|▊         | 451/5360 [00:03<00:36, 135.09it/s]  9%|▊         | 465/5360 [00:03<00:37, 131.77it/s]  9%|▉         | 479/5360 [00:03<00:38, 127.24it/s]  9%|▉         | 494/5360 [00:03<00:36, 131.67it/s] 10%|▉         | 511/5360 [00:03<00:34, 140.01it/s] 10%|▉         | 526/5360 [00:04<01:24, 57.21it/s]  10%|█         | 537/5360 [00:04<01:19, 60.65it/s] 10%|█         | 553/5360 [00:04<01:03, 75.45it/s] 11%|█         | 565/5360 [00:05<01:30, 53.27it/s] 11%|█         | 577/5360 [00:05<01:44, 45.65it/s] 11%|█         | 593/5360 [00:05<01:19, 60.21it/s] 11%|█▏        | 608/5360 [00:05<01:04, 73.79it/s] 12%|█▏        | 620/5360 [00:05<00:57, 81.98it/s] 12%|█▏        | 634/5360 [00:05<00:50, 93.78it/s] 12%|█▏        | 648/5360 [00:06<00:45, 103.86it/s] 12%|█▏        | 663/5360 [00:06<00:41, 114.08it/s] 13%|█▎        | 679/5360 [00:06<00:38, 121.29it/s] 13%|█▎        | 695/5360 [00:06<00:36, 129.50it/s] 13%|█▎        | 712/5360 [00:06<00:33, 138.30it/s] 14%|█▎        | 729/5360 [00:06<00:31, 145.90it/s] 14%|█▍        | 746/5360 [00:06<00:30, 150.62it/s] 14%|█▍        | 762/5360 [00:06<00:30, 153.10it/s] 15%|█▍        | 778/5360 [00:06<00:30, 151.14it/s] 15%|█▍        | 794/5360 [00:07<00:30, 150.09it/s] 15%|█▌        | 810/5360 [00:07<00:30, 149.82it/s] 15%|█▌        | 826/5360 [00:07<00:31, 145.08it/s] 16%|█▌        | 841/5360 [00:07<00:31, 141.47it/s] 16%|█▌        | 857/5360 [00:07<00:31, 144.94it/s] 16%|█▋        | 872/5360 [00:07<00:31, 144.71it/s] 17%|█▋        | 887/5360 [00:07<00:30, 145.39it/s] 17%|█▋        | 903/5360 [00:07<00:30, 148.23it/s] 17%|█▋        | 918/5360 [00:07<00:29, 148.17it/s] 17%|█▋        | 933/5360 [00:08<00:30, 144.51it/s] 18%|█▊        | 949/5360 [00:08<00:29, 147.26it/s] 18%|█▊        | 965/5360 [00:08<00:29, 149.25it/s] 18%|█▊        | 980/5360 [00:08<00:29, 147.78it/s] 19%|█▊        | 995/5360 [00:08<00:29, 147.50it/s] 19%|█▉        | 1010/5360 [00:08<00:29, 148.10it/s] 19%|█▉        | 1026/5360 [00:08<00:28, 150.30it/s] 19%|█▉        | 1042/5360 [00:08<00:28, 151.64it/s] 20%|█▉        | 1058/5360 [00:08<00:28, 152.07it/s] 20%|██        | 1075/5360 [00:08<00:27, 155.87it/s] 20%|██        | 1091/5360 [00:09<00:27, 156.69it/s] 21%|██        | 1107/5360 [00:09<00:27, 155.90it/s] 21%|██        | 1123/5360 [00:09<00:28, 150.10it/s] 21%|██▏       | 1139/5360 [00:09<00:33, 126.04it/s] 22%|██▏       | 1154/5360 [00:09<00:32, 129.86it/s] 22%|██▏       | 1169/5360 [00:09<00:31, 133.10it/s] 22%|██▏       | 1183/5360 [00:09<00:31, 134.72it/s] 22%|██▏       | 1197/5360 [00:09<00:30, 135.92it/s] 23%|██▎       | 1213/5360 [00:09<00:29, 141.91it/s] 23%|██▎       | 1228/5360 [00:10<00:29, 139.19it/s] 23%|██▎       | 1246/5360 [00:10<00:27, 148.60it/s] 24%|██▎       | 1261/5360 [00:10<00:27, 147.01it/s] 24%|██▍       | 1277/5360 [00:10<00:27, 147.89it/s] 24%|██▍       | 1292/5360 [00:10<00:28, 143.77it/s] 24%|██▍       | 1309/5360 [00:10<00:27, 148.35it/s] 25%|██▍       | 1324/5360 [00:10<00:27, 148.15it/s] 25%|██▍       | 1339/5360 [00:10<00:27, 147.19it/s] 25%|██▌       | 1355/5360 [00:10<00:26, 149.83it/s] 26%|██▌       | 1371/5360 [00:11<00:27, 146.95it/s] 26%|██▌       | 1386/5360 [00:11<00:27, 145.58it/s] 26%|██▌       | 1401/5360 [00:11<00:27, 144.85it/s] 26%|██▋       | 1416/5360 [00:11<00:28, 139.97it/s] 27%|██▋       | 1432/5360 [00:11<00:27, 145.37it/s] 27%|██▋       | 1447/5360 [00:11<00:28, 137.39it/s] 27%|██▋       | 1463/5360 [00:11<00:27, 141.39it/s] 28%|██▊       | 1478/5360 [00:11<00:27, 140.49it/s] 28%|██▊       | 1494/5360 [00:11<00:26, 144.52it/s] 28%|██▊       | 1510/5360 [00:11<00:26, 147.70it/s] 28%|██▊       | 1525/5360 [00:12<00:26, 143.83it/s] 29%|██▊       | 1540/5360 [00:12<00:27, 137.55it/s] 29%|██▉       | 1555/5360 [00:12<00:26, 140.94it/s] 29%|██▉       | 1570/5360 [00:12<00:26, 143.50it/s] 30%|██▉       | 1587/5360 [00:12<00:25, 148.80it/s] 30%|██▉       | 1602/5360 [00:12<00:25, 147.20it/s] 30%|███       | 1619/5360 [00:12<00:24, 152.12it/s] 31%|███       | 1635/5360 [00:12<00:24, 154.39it/s] 31%|███       | 1652/5360 [00:12<00:23, 156.60it/s] 31%|███       | 1669/5360 [00:13<00:23, 160.01it/s] 31%|███▏      | 1686/5360 [00:13<00:23, 157.46it/s] 32%|███▏      | 1702/5360 [00:13<00:23, 152.78it/s] 32%|███▏      | 1718/5360 [00:13<00:23, 153.59it/s] 32%|███▏      | 1734/5360 [00:13<00:23, 154.61it/s] 33%|███▎      | 1751/5360 [00:13<00:22, 157.59it/s] 33%|███▎      | 1767/5360 [00:13<00:26, 135.65it/s] 33%|███▎      | 1782/5360 [00:14<00:41, 86.90it/s]  34%|███▎      | 1799/5360 [00:14<00:35, 101.69it/s] 34%|███▍      | 1815/5360 [00:14<00:31, 113.60it/s] 34%|███▍      | 1832/5360 [00:14<00:27, 126.12it/s] 34%|███▍      | 1847/5360 [00:14<00:26, 130.26it/s] 35%|███▍      | 1862/5360 [00:14<00:26, 132.35it/s] 35%|███▌      | 1879/5360 [00:14<00:24, 141.75it/s] 35%|███▌      | 1895/5360 [00:14<00:23, 145.15it/s] 36%|███▌      | 1911/5360 [00:14<00:23, 146.16it/s] 36%|███▌      | 1927/5360 [00:14<00:23, 147.79it/s] 36%|███▋      | 1943/5360 [00:15<00:22, 148.84it/s] 37%|███▋      | 1959/5360 [00:15<00:23, 147.00it/s] 37%|███▋      | 1974/5360 [00:15<00:23, 143.88it/s] 37%|███▋      | 1991/5360 [00:15<00:22, 149.31it/s] 37%|███▋      | 2007/5360 [00:15<00:22, 146.04it/s] 38%|███▊      | 2022/5360 [00:15<00:23, 144.51it/s] 38%|███▊      | 2038/5360 [00:15<00:22, 147.78it/s] 38%|███▊      | 2054/5360 [00:15<00:21, 150.67it/s] 39%|███▊      | 2070/5360 [00:15<00:22, 147.08it/s] 39%|███▉      | 2085/5360 [00:16<00:22, 146.11it/s] 39%|███▉      | 2101/5360 [00:16<00:21, 148.93it/s] 39%|███▉      | 2117/5360 [00:16<00:21, 151.31it/s] 40%|███▉      | 2133/5360 [00:16<00:22, 142.60it/s] 40%|████      | 2150/5360 [00:16<00:21, 147.62it/s] 40%|████      | 2165/5360 [00:16<00:21, 146.28it/s] 41%|████      | 2182/5360 [00:16<00:20, 151.33it/s] 41%|████      | 2198/5360 [00:16<00:21, 146.96it/s] 41%|████▏     | 2213/5360 [00:16<00:21, 145.49it/s] 42%|████▏     | 2237/5360 [00:17<00:18, 171.13it/s] 42%|████▏     | 2263/5360 [00:17<00:15, 196.53it/s] 43%|████▎     | 2283/5360 [00:17<00:15, 193.85it/s] 43%|████▎     | 2303/5360 [00:17<00:15, 194.01it/s] 43%|████▎     | 2325/5360 [00:17<00:15, 199.78it/s] 44%|████▍     | 2350/5360 [00:17<00:14, 213.73it/s] 44%|████▍     | 2373/5360 [00:17<00:13, 217.96it/s] 45%|████▍     | 2400/5360 [00:17<00:12, 231.08it/s] 45%|████▌     | 2428/5360 [00:17<00:12, 243.00it/s] 46%|████▌     | 2456/5360 [00:17<00:11, 251.32it/s] 46%|████▋     | 2482/5360 [00:18<00:14, 196.08it/s] 47%|████▋     | 2504/5360 [00:18<00:16, 176.45it/s] 47%|████▋     | 2524/5360 [00:18<00:17, 165.31it/s] 47%|████▋     | 2542/5360 [00:18<00:17, 158.15it/s] 48%|████▊     | 2559/5360 [00:18<00:18, 153.12it/s] 48%|████▊     | 2575/5360 [00:18<00:18, 149.53it/s] 48%|████▊     | 2591/5360 [00:18<00:19, 145.36it/s] 49%|████▊     | 2606/5360 [00:19<00:19, 143.85it/s] 49%|████▉     | 2621/5360 [00:19<00:19, 142.78it/s] 49%|████▉     | 2636/5360 [00:19<00:19, 141.90it/s] 49%|████▉     | 2651/5360 [00:19<00:19, 141.31it/s] 50%|████▉     | 2666/5360 [00:19<00:19, 140.85it/s] 50%|█████     | 2681/5360 [00:19<00:20, 129.45it/s] 50%|█████     | 2695/5360 [00:19<00:21, 125.27it/s] 51%|█████     | 2709/5360 [00:19<00:20, 129.12it/s] 51%|█████     | 2723/5360 [00:19<00:19, 132.02it/s] 51%|█████     | 2737/5360 [00:20<00:19, 134.22it/s] 51%|█████▏    | 2751/5360 [00:20<00:19, 135.79it/s] 52%|█████▏    | 2765/5360 [00:20<00:18, 137.00it/s] 52%|█████▏    | 2779/5360 [00:20<00:18, 137.80it/s] 52%|█████▏    | 2793/5360 [00:20<00:18, 138.39it/s] 52%|█████▏    | 2807/5360 [00:20<00:18, 138.83it/s] 53%|█████▎    | 2821/5360 [00:20<00:18, 137.41it/s] 53%|█████▎    | 2835/5360 [00:20<00:18, 138.13it/s] 53%|█████▎    | 2849/5360 [00:20<00:18, 138.61it/s] 53%|█████▎    | 2863/5360 [00:20<00:17, 138.97it/s] 54%|█████▎    | 2877/5360 [00:21<00:17, 139.26it/s] 54%|█████▍    | 2891/5360 [00:21<00:17, 139.41it/s] 54%|█████▍    | 2905/5360 [00:21<00:17, 139.55it/s] 54%|█████▍    | 2919/5360 [00:21<00:17, 139.65it/s] 55%|█████▍    | 2933/5360 [00:21<00:17, 139.70it/s] 55%|█████▍    | 2947/5360 [00:21<00:17, 139.73it/s] 55%|█████▌    | 2961/5360 [00:21<00:17, 139.74it/s] 56%|█████▌    | 2975/5360 [00:21<00:17, 139.77it/s] 56%|█████▌    | 2990/5360 [00:21<00:16, 140.39it/s] 56%|█████▌    | 3005/5360 [00:21<00:16, 140.32it/s] 56%|█████▋    | 3020/5360 [00:22<00:16, 140.26it/s] 57%|█████▋    | 3035/5360 [00:22<00:16, 140.21it/s] 57%|█████▋    | 3050/5360 [00:22<00:16, 138.46it/s] 57%|█████▋    | 3064/5360 [00:22<00:16, 137.33it/s] 57%|█████▋    | 3079/5360 [00:22<00:16, 138.12it/s] 58%|█████▊    | 3093/5360 [00:22<00:16, 137.87it/s] 58%|█████▊    | 3108/5360 [00:22<00:16, 138.56it/s] 58%|█████▊    | 3123/5360 [00:22<00:16, 139.05it/s] 59%|█████▊    | 3138/5360 [00:22<00:15, 139.38it/s] 59%|█████▉    | 3153/5360 [00:23<00:15, 139.68it/s] 59%|█████▉    | 3167/5360 [00:23<00:15, 138.08it/s] 59%|█████▉    | 3181/5360 [00:23<00:15, 136.95it/s] 60%|█████▉    | 3196/5360 [00:23<00:15, 137.93it/s] 60%|█████▉    | 3211/5360 [00:23<00:15, 138.57it/s] 60%|██████    | 3225/5360 [00:23<00:15, 138.98it/s] 60%|██████    | 3239/5360 [00:23<00:15, 139.27it/s] 61%|██████    | 3254/5360 [00:23<00:15, 139.54it/s] 61%|██████    | 3268/5360 [00:23<00:15, 136.32it/s] 61%|██████▏   | 3283/5360 [00:23<00:15, 137.47it/s] 62%|██████▏   | 3298/5360 [00:24<00:14, 138.23it/s] 62%|██████▏   | 3312/5360 [00:24<00:16, 127.18it/s] 62%|██████▏   | 3326/5360 [00:24<00:15, 128.45it/s] 62%|██████▏   | 3340/5360 [00:24<00:15, 130.95it/s] 63%|██████▎   | 3355/5360 [00:24<00:15, 133.64it/s] 63%|██████▎   | 3369/5360 [00:24<00:14, 133.11it/s] 63%|██████▎   | 3383/5360 [00:24<00:14, 133.46it/s] 63%|██████▎   | 3398/5360 [00:24<00:14, 135.41it/s] 64%|██████▎   | 3413/5360 [00:24<00:14, 136.83it/s] 64%|██████▍   | 3428/5360 [00:25<00:14, 137.83it/s] 64%|██████▍   | 3443/5360 [00:25<00:13, 138.49it/s] 65%|██████▍   | 3458/5360 [00:25<00:13, 138.98it/s] 65%|██████▍   | 3473/5360 [00:25<00:13, 139.30it/s] 65%|██████▌   | 3488/5360 [00:25<00:13, 139.53it/s] 65%|██████▌   | 3503/5360 [00:25<00:13, 139.70it/s] 66%|██████▌   | 3518/5360 [00:25<00:13, 139.81it/s] 66%|██████▌   | 3532/5360 [00:25<00:13, 135.04it/s] 66%|██████▌   | 3546/5360 [00:25<00:14, 121.24it/s] 66%|██████▋   | 3560/5360 [00:26<00:14, 124.35it/s] 67%|██████▋   | 3574/5360 [00:26<00:14, 127.15it/s] 67%|██████▋   | 3589/5360 [00:26<00:13, 130.94it/s] 67%|██████▋   | 3603/5360 [00:26<00:13, 132.69it/s] 67%|██████▋   | 3617/5360 [00:26<00:13, 134.03it/s] 68%|██████▊   | 3631/5360 [00:26<00:13, 132.60it/s] 68%|██████▊   | 3646/5360 [00:26<00:12, 134.87it/s] 68%|██████▊   | 3661/5360 [00:26<00:12, 136.44it/s] 69%|██████▊   | 3676/5360 [00:26<00:12, 137.54it/s] 69%|██████▉   | 3690/5360 [00:27<00:12, 137.43it/s] 69%|██████▉   | 3705/5360 [00:27<00:11, 138.27it/s] 69%|██████▉   | 3720/5360 [00:27<00:11, 138.79it/s] 70%|██████▉   | 3734/5360 [00:27<00:11, 137.48it/s] 70%|██████▉   | 3749/5360 [00:27<00:11, 138.28it/s] 70%|███████   | 3764/5360 [00:27<00:11, 138.80it/s] 70%|███████   | 3778/5360 [00:27<00:11, 135.91it/s] 71%|███████   | 3793/5360 [00:27<00:11, 137.18it/s] 71%|███████   | 3808/5360 [00:27<00:11, 138.06it/s] 71%|███████▏  | 3822/5360 [00:27<00:11, 137.78it/s] 72%|███████▏  | 3838/5360 [00:28<00:10, 141.73it/s] 72%|███████▏  | 3854/5360 [00:28<00:10, 143.62it/s] 72%|███████▏  | 3869/5360 [00:28<00:10, 142.87it/s] 72%|███████▏  | 3884/5360 [00:28<00:10, 139.23it/s] 73%|███████▎  | 3899/5360 [00:28<00:10, 140.41it/s] 73%|███████▎  | 3917/5360 [00:28<00:09, 150.37it/s] 73%|███████▎  | 3933/5360 [00:28<00:09, 149.42it/s] 74%|███████▎  | 3948/5360 [00:28<00:09, 145.39it/s] 74%|███████▍  | 3964/5360 [00:28<00:09, 149.44it/s] 74%|███████▍  | 3980/5360 [00:29<00:09, 150.19it/s] 75%|███████▍  | 3997/5360 [00:29<00:08, 153.28it/s] 75%|███████▍  | 4013/5360 [00:29<00:08, 150.39it/s] 75%|███████▌  | 4029/5360 [00:29<00:08, 152.93it/s] 75%|███████▌  | 4045/5360 [00:29<00:08, 152.26it/s] 76%|███████▌  | 4061/5360 [00:29<00:08, 151.58it/s] 76%|███████▌  | 4077/5360 [00:29<00:08, 150.66it/s] 76%|███████▋  | 4093/5360 [00:29<00:08, 149.29it/s] 77%|███████▋  | 4110/5360 [00:29<00:08, 152.46it/s] 77%|███████▋  | 4126/5360 [00:30<00:08, 151.85it/s] 77%|███████▋  | 4142/5360 [00:30<00:08, 150.93it/s] 78%|███████▊  | 4158/5360 [00:30<00:08, 149.79it/s] 78%|███████▊  | 4175/5360 [00:30<00:07, 153.45it/s] 78%|███████▊  | 4191/5360 [00:30<00:07, 153.94it/s] 79%|███████▊  | 4209/5360 [00:30<00:07, 158.37it/s] 79%|███████▉  | 4225/5360 [00:30<00:07, 156.59it/s] 79%|███████▉  | 4241/5360 [00:30<00:07, 152.56it/s] 79%|███████▉  | 4257/5360 [00:30<00:07, 150.63it/s] 80%|███████▉  | 4273/5360 [00:30<00:07, 148.73it/s] 80%|████████  | 4288/5360 [00:31<00:07, 148.11it/s] 80%|████████  | 4305/5360 [00:31<00:06, 153.77it/s] 81%|████████  | 4321/5360 [00:31<00:06, 154.81it/s] 81%|████████  | 4337/5360 [00:32<00:27, 36.88it/s]  81%|████████  | 4349/5360 [00:32<00:30, 33.64it/s] 81%|████████▏ | 4366/5360 [00:33<00:21, 45.30it/s] 82%|████████▏ | 4377/5360 [00:33<00:31, 31.20it/s] 82%|████████▏ | 4388/5360 [00:33<00:26, 36.37it/s] 82%|████████▏ | 4396/5360 [00:34<00:28, 34.32it/s] 82%|████████▏ | 4403/5360 [00:34<00:32, 29.55it/s] 82%|████████▏ | 4415/5360 [00:34<00:24, 39.28it/s] 83%|████████▎ | 4430/5360 [00:34<00:17, 53.84it/s] 83%|████████▎ | 4447/5360 [00:34<00:12, 72.24it/s] 83%|████████▎ | 4462/5360 [00:34<00:10, 85.68it/s] 84%|████████▎ | 4477/5360 [00:35<00:08, 98.89it/s] 84%|████████▍ | 4492/5360 [00:35<00:07, 109.31it/s] 84%|████████▍ | 4507/5360 [00:35<00:07, 118.06it/s] 84%|████████▍ | 4522/5360 [00:35<00:06, 125.23it/s] 85%|████████▍ | 4538/5360 [00:35<00:06, 132.66it/s] 85%|████████▍ | 4554/5360 [00:35<00:05, 138.70it/s] 85%|████████▌ | 4569/5360 [00:35<00:06, 114.87it/s] 86%|████████▌ | 4584/5360 [00:35<00:06, 122.02it/s] 86%|████████▌ | 4600/5360 [00:36<00:05, 130.46it/s] 86%|████████▌ | 4616/5360 [00:36<00:05, 138.01it/s] 86%|████████▋ | 4631/5360 [00:36<00:05, 141.24it/s] 87%|████████▋ | 4646/5360 [00:36<00:05, 140.89it/s] 87%|████████▋ | 4663/5360 [00:36<00:04, 146.82it/s] 87%|████████▋ | 4679/5360 [00:36<00:04, 148.27it/s] 88%|████████▊ | 4695/5360 [00:36<00:04, 148.73it/s] 88%|████████▊ | 4711/5360 [00:36<00:04, 150.71it/s] 88%|████████▊ | 4727/5360 [00:36<00:04, 149.97it/s] 88%|████████▊ | 4743/5360 [00:37<00:04, 125.94it/s] 89%|████████▉ | 4757/5360 [00:37<00:04, 123.58it/s] 89%|████████▉ | 4772/5360 [00:37<00:04, 130.22it/s] 89%|████████▉ | 4788/5360 [00:37<00:04, 136.18it/s] 90%|████████▉ | 4803/5360 [00:37<00:04, 137.80it/s] 90%|████████▉ | 4818/5360 [00:37<00:03, 138.58it/s] 90%|█████████ | 4833/5360 [00:37<00:03, 140.52it/s] 90%|█████████ | 4848/5360 [00:37<00:03, 140.29it/s] 91%|█████████ | 4863/5360 [00:37<00:03, 139.01it/s] 91%|█████████ | 4880/5360 [00:37<00:03, 142.47it/s] 91%|█████████▏| 4895/5360 [00:38<00:03, 142.90it/s] 92%|█████████▏| 4910/5360 [00:38<00:03, 139.45it/s] 92%|█████████▏| 4926/5360 [00:38<00:02, 145.14it/s] 92%|█████████▏| 4942/5360 [00:38<00:02, 147.42it/s] 92%|█████████▏| 4957/5360 [00:38<00:02, 142.79it/s] 93%|█████████▎| 4973/5360 [00:38<00:02, 147.12it/s] 93%|█████████▎| 4988/5360 [00:38<00:02, 147.39it/s] 93%|█████████▎| 5003/5360 [00:38<00:02, 142.28it/s] 94%|█████████▎| 5018/5360 [00:38<00:02, 142.98it/s] 94%|█████████▍| 5034/5360 [00:39<00:02, 143.91it/s] 94%|█████████▍| 5051/5360 [00:39<00:02, 149.73it/s] 95%|█████████▍| 5067/5360 [00:39<00:01, 148.91it/s] 95%|█████████▍| 5082/5360 [00:39<00:01, 146.78it/s] 95%|█████████▌| 5097/5360 [00:40<00:05, 51.82it/s]  95%|█████████▌| 5109/5360 [00:40<00:04, 59.96it/s] 96%|█████████▌| 5125/5360 [00:40<00:03, 74.47it/s] 96%|█████████▌| 5141/5360 [00:40<00:02, 88.75it/s] 96%|█████████▌| 5158/5360 [00:40<00:01, 103.80it/s] 97%|█████████▋| 5174/5360 [00:40<00:01, 115.90it/s] 97%|█████████▋| 5189/5360 [00:40<00:01, 120.74it/s] 97%|█████████▋| 5205/5360 [00:40<00:01, 129.29it/s] 97%|█████████▋| 5220/5360 [00:40<00:01, 131.07it/s] 98%|█████████▊| 5235/5360 [00:41<00:00, 133.78it/s] 98%|█████████▊| 5251/5360 [00:41<00:00, 139.28it/s] 98%|█████████▊| 5266/5360 [00:41<00:00, 141.56it/s] 99%|█████████▊| 5282/5360 [00:41<00:00, 144.28it/s] 99%|█████████▉| 5298/5360 [00:41<00:00, 140.40it/s] 99%|█████████▉| 5313/5360 [00:41<00:00, 137.26it/s] 99%|█████████▉| 5327/5360 [00:41<00:00, 135.24it/s]100%|█████████▉| 5341/5360 [00:41<00:00, 136.40it/s]100%|█████████▉| 5356/5360 [00:41<00:00, 137.71it/s]100%|██████████| 5360/5360 [00:41<00:00, 127.63it/s]
Save pickle at /mnt/workspace/home/zhangjunan/audioldm_eval/audioldm_eval/test_musiccaps/infer/epoch-0008_step-0541000_loss-0.316784classifier_logits_feature_cache.pkl
KL: Assuming that `input2` is "pseudo" target and `input1` is prediction. KL(input2_i||input1_i)
-oP-XX28B0s.wav is not in the generation result
Computing Inception Score
Computing Frechet Distance
frechet_audio_distance: 3.4604254
kullback_leibler_divergence_sigmoid: 6.1718998
kullback_leibler_divergence_softmax: 1.8832074
inception_score_mean: 2.2873820
inception_score_std: 0.0454043
frechet_distance: 28.0418524


None
KL_Sigmoid:  6.17190; KL:  1.88321; PSNR: nan SSIM: nan ISc:  2.28738 (0.045404); KID: nan (nan) FD: 28.04185; FAD: 3.46043 LSD: nan
Save json file at /mnt/workspace/home/zhangjunan/audioldm_eval/audioldm_eval/test_musiccaps/infer/2025-02-26-16:06:23_epoch-0008_step-0541000_loss-0.316784.json
Using cache found in /mnt/workspace/home/.cache/torch/hub/harritaylor_torchvggish_master
WARNING: feature_extractor_cqt requires the libray 'nnAudio'
Generted files /mnt/workspace/home/zhangjunan/audioldm_eval/audioldm_eval/test_musiccaps/infer/epoch-0008_step-0541000_loss-0.316784
Target files /mnt/workspace/home/zhangjunan/audioldm_eval/audioldm_eval/test_musiccaps/audio
+Two path have 5360 intersection files out of total 5360 & 5362 files. Processing two folder with same_name=True
Reload fad_generated_folder_cache /mnt/workspace/home/zhangjunan/audioldm_eval/audioldm_eval/test_musiccaps/infer/epoch-0008_step-0541000_loss-0.316784_fad_feature_cache.npy
Reload fad_target_folder_cache /mnt/workspace/home/zhangjunan/audioldm_eval/audioldm_eval/test_musiccaps/audio_fad_feature_cache.npy
FAD: {'frechet_audio_distance': np.float64(3.4604253501983564)}
reload /mnt/workspace/home/zhangjunan/audioldm_eval/audioldm_eval/test_musiccaps/audioclassifier_logits_feature_cache.pkl
Load pickle at /mnt/workspace/home/zhangjunan/audioldm_eval/audioldm_eval/test_musiccaps/audioclassifier_logits_feature_cache.pkl
reload /mnt/workspace/home/zhangjunan/audioldm_eval/audioldm_eval/test_musiccaps/infer/epoch-0008_step-0541000_loss-0.316784classifier_logits_feature_cache.pkl
Load pickle at /mnt/workspace/home/zhangjunan/audioldm_eval/audioldm_eval/test_musiccaps/infer/epoch-0008_step-0541000_loss-0.316784classifier_logits_feature_cache.pkl
KL: Assuming that `input2` is "pseudo" target and `input1` is prediction. KL(input2_i||input1_i)
-oP-XX28B0s.wav is not in the generation result
Computing Inception Score
Computing Frechet Distance
frechet_audio_distance: 3.4604254
kullback_leibler_divergence_sigmoid: 6.1718998
kullback_leibler_divergence_softmax: 1.8832074
inception_score_mean: 2.2873820
inception_score_std: 0.0454043
frechet_distance: 28.0418524


None
KL_Sigmoid:  6.17190; KL:  1.88321; PSNR: nan SSIM: nan ISc:  2.28738 (0.045404); KID: nan (nan) FD: 28.04185; FAD: 3.46043 LSD: nan
Save json file at /mnt/workspace/home/zhangjunan/audioldm_eval/audioldm_eval/test_musiccaps/infer/2025-02-26-16:52:07_epoch-0008_step-0541000_loss-0.316784.json
Using cache found in /mnt/workspace/home/.cache/torch/hub/harritaylor_torchvggish_master
WARNING: feature_extractor_cqt requires the libray 'nnAudio'
Generted files /mnt/workspace/home/zhangjunan/audioldm_eval/audioldm_eval/test_musiccaps/infer/epoch-0008_step-0541000_loss-0.316784
Target files /mnt/workspace/home/zhangjunan/audioldm_eval/audioldm_eval/test_musiccaps/audio
+Two path have 5360 intersection files out of total 5360 & 5362 files. Processing two folder with same_name=True
Loading data to RAM
  0%|          | 0/5360 [00:00<?, ?it/s]  0%|          | 1/5360 [00:00<21:20,  4.18it/s]  0%|          | 26/5360 [00:00<00:57, 92.78it/s]  1%|          | 66/5360 [00:00<00:27, 189.88it/s]  2%|▏         | 114/5360 [00:00<00:19, 269.43it/s]  3%|▎         | 154/5360 [00:00<00:17, 300.46it/s]  4%|▎         | 188/5360 [00:00<00:16, 311.30it/s]  4%|▍         | 231/5360 [00:00<00:18, 270.09it/s]  5%|▌         | 274/5360 [00:01<00:16, 306.83it/s]  6%|▌         | 327/5360 [00:01<00:14, 355.18it/s]  7%|▋         | 371/5360 [00:01<00:13, 369.43it/s]  8%|▊         | 410/5360 [00:01<00:13, 374.38it/s]  8%|▊         | 449/5360 [00:01<00:13, 374.91it/s]  9%|▉         | 488/5360 [00:01<00:13, 366.89it/s] 10%|▉         | 526/5360 [00:01<00:15, 309.98it/s] 11%|█         | 571/5360 [00:01<00:14, 322.40it/s] 11%|█▏        | 605/5360 [00:02<00:16, 288.33it/s] 12%|█▏        | 643/5360 [00:02<00:15, 306.84it/s] 13%|█▎        | 683/5360 [00:02<00:14, 325.92it/s] 13%|█▎        | 723/5360 [00:02<00:13, 341.56it/s] 14%|█▍        | 772/5360 [00:02<00:12, 363.48it/s] 15%|█▌        | 812/5360 [00:02<00:12, 360.27it/s] 16%|█▌        | 859/5360 [00:02<00:11, 389.72it/s] 17%|█▋        | 903/5360 [00:02<00:11, 403.57it/s] 18%|█▊        | 946/5360 [00:02<00:10, 404.37it/s] 19%|█▊        | 994/5360 [00:03<00:10, 420.28it/s] 19%|█▉        | 1037/5360 [00:03<00:12, 357.06it/s] 20%|██        | 1084/5360 [00:03<00:11, 385.42it/s] 21%|██        | 1125/5360 [00:03<00:11, 382.07it/s] 22%|██▏       | 1175/5360 [00:03<00:10, 409.69it/s] 23%|██▎       | 1219/5360 [00:03<00:09, 416.92it/s] 24%|██▎       | 1268/5360 [00:03<00:09, 425.05it/s] 24%|██▍       | 1312/5360 [00:03<00:09, 411.05it/s] 25%|██▌       | 1365/5360 [00:03<00:09, 440.37it/s] 26%|██▋       | 1410/5360 [00:04<00:10, 377.54it/s] 27%|██▋       | 1452/5360 [00:04<00:10, 387.99it/s] 28%|██▊       | 1497/5360 [00:04<00:09, 399.42it/s] 29%|██▉       | 1546/5360 [00:04<00:09, 423.33it/s] 30%|██▉       | 1594/5360 [00:04<00:08, 419.53it/s] 31%|███       | 1638/5360 [00:04<00:09, 408.45it/s] 31%|███▏      | 1680/5360 [00:04<00:09, 400.90it/s] 32%|███▏      | 1728/5360 [00:04<00:08, 410.35it/s] 33%|███▎      | 1772/5360 [00:04<00:08, 409.25it/s] 34%|███▍      | 1815/5360 [00:05<00:08, 398.02it/s] 35%|███▍      | 1855/5360 [00:05<00:09, 384.59it/s] 35%|███▌      | 1894/5360 [00:05<00:09, 351.57it/s] 36%|███▌      | 1933/5360 [00:05<00:09, 347.60it/s] 37%|███▋      | 1969/5360 [00:05<00:09, 350.15it/s] 37%|███▋      | 2005/5360 [00:05<00:10, 312.90it/s] 38%|███▊      | 2046/5360 [00:05<00:10, 324.80it/s] 39%|███▉      | 2086/5360 [00:05<00:09, 338.27it/s] 40%|███▉      | 2122/5360 [00:06<00:10, 323.34it/s] 40%|████      | 2155/5360 [00:06<00:10, 310.10it/s] 41%|████      | 2187/5360 [00:06<00:10, 307.42it/s] 41%|████▏     | 2222/5360 [00:06<00:10, 297.77it/s] 42%|████▏     | 2262/5360 [00:06<00:09, 313.11it/s] 43%|████▎     | 2295/5360 [00:06<00:09, 313.76it/s] 43%|████▎     | 2328/5360 [00:06<00:09, 312.83it/s] 44%|████▍     | 2362/5360 [00:06<00:09, 317.47it/s] 45%|████▍     | 2394/5360 [00:06<00:10, 288.88it/s] 45%|████▌     | 2429/5360 [00:07<00:09, 296.44it/s] 46%|████▌     | 2470/5360 [00:07<00:08, 324.00it/s] 47%|████▋     | 2503/5360 [00:07<00:08, 323.81it/s] 47%|████▋     | 2540/5360 [00:07<00:08, 336.05it/s] 48%|████▊     | 2575/5360 [00:07<00:08, 332.78it/s] 49%|████▊     | 2609/5360 [00:07<00:08, 320.74it/s] 49%|████▉     | 2642/5360 [00:07<00:09, 296.01it/s] 50%|████▉     | 2673/5360 [00:07<00:11, 229.45it/s] 50%|█████     | 2699/5360 [00:08<00:13, 204.11it/s] 51%|█████     | 2722/5360 [00:08<00:13, 189.14it/s] 51%|█████▏    | 2750/5360 [00:08<00:12, 206.12it/s] 52%|█████▏    | 2776/5360 [00:08<00:12, 205.50it/s] 52%|█████▏    | 2798/5360 [00:08<00:12, 208.00it/s] 53%|█████▎    | 2824/5360 [00:08<00:11, 214.49it/s] 53%|█████▎    | 2857/5360 [00:08<00:10, 244.40it/s] 54%|█████▍    | 2887/5360 [00:08<00:09, 251.60it/s] 54%|█████▍    | 2919/5360 [00:09<00:09, 266.89it/s] 55%|█████▌    | 2951/5360 [00:09<00:08, 277.17it/s] 56%|█████▌    | 2983/5360 [00:09<00:08, 278.62it/s] 56%|█████▌    | 3012/5360 [00:09<00:08, 266.62it/s] 57%|█████▋    | 3041/5360 [00:09<00:08, 267.69it/s] 57%|█████▋    | 3073/5360 [00:09<00:08, 272.73it/s] 58%|█████▊    | 3101/5360 [00:09<00:08, 270.57it/s] 58%|█████▊    | 3129/5360 [00:09<00:08, 252.20it/s] 59%|█████▉    | 3155/5360 [00:09<00:09, 244.86it/s] 59%|█████▉    | 3184/5360 [00:10<00:08, 247.71it/s] 60%|██████    | 3216/5360 [00:10<00:08, 243.38it/s] 61%|██████    | 3244/5360 [00:10<00:08, 245.84it/s] 61%|██████    | 3269/5360 [00:10<00:09, 215.74it/s] 61%|██████▏   | 3293/5360 [00:10<00:09, 220.36it/s] 62%|██████▏   | 3319/5360 [00:10<00:09, 219.22it/s] 63%|██████▎   | 3358/5360 [00:10<00:08, 247.80it/s] 63%|██████▎   | 3383/5360 [00:10<00:08, 225.86it/s] 64%|██████▎   | 3406/5360 [00:11<00:09, 212.56it/s] 64%|██████▍   | 3428/5360 [00:11<00:09, 213.51it/s] 64%|██████▍   | 3450/5360 [00:11<00:09, 203.81it/s] 65%|██████▍   | 3473/5360 [00:11<00:09, 209.52it/s] 65%|██████▌   | 3495/5360 [00:11<00:08, 209.70it/s] 66%|██████▌   | 3517/5360 [00:11<00:08, 211.08it/s] 66%|██████▌   | 3549/5360 [00:11<00:07, 234.66it/s] 67%|██████▋   | 3581/5360 [00:11<00:06, 254.23it/s] 67%|██████▋   | 3607/5360 [00:11<00:07, 224.95it/s] 68%|██████▊   | 3631/5360 [00:12<00:07, 227.52it/s] 68%|██████▊   | 3656/5360 [00:12<00:07, 221.62it/s] 69%|██████▊   | 3680/5360 [00:12<00:07, 222.90it/s] 69%|██████▉   | 3712/5360 [00:12<00:07, 231.78it/s] 70%|██████▉   | 3744/5360 [00:12<00:06, 252.31it/s] 70%|███████   | 3776/5360 [00:12<00:06, 261.73it/s] 71%|███████   | 3803/5360 [00:12<00:06, 239.34it/s] 71%|███████▏  | 3830/5360 [00:12<00:06, 243.54it/s] 72%|███████▏  | 3856/5360 [00:13<00:06, 233.61it/s] 72%|███████▏  | 3880/5360 [00:13<00:06, 233.85it/s] 73%|███████▎  | 3908/5360 [00:13<00:06, 236.66it/s] 74%|███████▎  | 3940/5360 [00:13<00:05, 255.83it/s] 74%|███████▍  | 3966/5360 [00:13<00:05, 256.03it/s] 75%|███████▍  | 3994/5360 [00:13<00:05, 245.44it/s] 75%|███████▌  | 4028/5360 [00:13<00:05, 251.32it/s] 76%|███████▌  | 4060/5360 [00:13<00:04, 260.29it/s] 76%|███████▋  | 4089/5360 [00:13<00:04, 259.91it/s] 77%|███████▋  | 4116/5360 [00:14<00:04, 256.82it/s] 77%|███████▋  | 4144/5360 [00:14<00:05, 231.54it/s] 78%|███████▊  | 4176/5360 [00:14<00:04, 249.26it/s] 79%|███████▊  | 4208/5360 [00:14<00:04, 265.76it/s] 79%|███████▉  | 4238/5360 [00:14<00:04, 251.62it/s] 80%|███████▉  | 4264/5360 [00:14<00:04, 238.59it/s] 80%|████████  | 4289/5360 [00:14<00:04, 236.55it/s] 81%|████████  | 4317/5360 [00:14<00:04, 245.54it/s] 81%|████████  | 4342/5360 [00:14<00:04, 235.99it/s] 81%|████████▏ | 4366/5360 [00:15<00:12, 78.17it/s]  82%|████████▏ | 4389/5360 [00:15<00:10, 93.75it/s] 83%|████████▎ | 4424/5360 [00:16<00:07, 126.11it/s] 83%|████████▎ | 4456/5360 [00:16<00:05, 156.48it/s] 84%|████████▎ | 4488/5360 [00:16<00:04, 181.28it/s] 84%|████████▍ | 4520/5360 [00:16<00:04, 208.11it/s] 85%|████████▌ | 4559/5360 [00:16<00:03, 249.08it/s] 86%|████████▌ | 4593/5360 [00:16<00:02, 267.43it/s] 86%|████████▋ | 4635/5360 [00:16<00:02, 290.49it/s] 87%|████████▋ | 4668/5360 [00:16<00:02, 283.58it/s] 88%|████████▊ | 4699/5360 [00:16<00:02, 283.63it/s] 88%|████████▊ | 4742/5360 [00:17<00:01, 313.76it/s] 89%|████████▉ | 4775/5360 [00:17<00:02, 292.02it/s] 90%|████████▉ | 4812/5360 [00:17<00:01, 312.01it/s] 90%|█████████ | 4845/5360 [00:17<00:01, 313.14it/s] 91%|█████████ | 4878/5360 [00:17<00:01, 292.21it/s] 92%|█████████▏| 4908/5360 [00:17<00:01, 250.92it/s] 92%|█████████▏| 4939/5360 [00:17<00:01, 262.64it/s] 93%|█████████▎| 4979/5360 [00:17<00:01, 293.72it/s] 94%|█████████▎| 5016/5360 [00:17<00:01, 310.94it/s] 94%|█████████▍| 5061/5360 [00:18<00:00, 346.46it/s] 95%|█████████▌| 5106/5360 [00:18<00:00, 374.96it/s] 96%|█████████▌| 5145/5360 [00:18<00:00, 364.11it/s] 97%|█████████▋| 5183/5360 [00:18<00:00, 363.98it/s] 97%|█████████▋| 5220/5360 [00:18<00:00, 305.57it/s] 98%|█████████▊| 5253/5360 [00:18<00:00, 299.95it/s] 99%|█████████▉| 5300/5360 [00:18<00:00, 335.39it/s]100%|█████████▉| 5337/5360 [00:18<00:00, 333.82it/s]100%|██████████| 5360/5360 [00:18<00:00, 282.69it/s]
  0%|          | 0/5360 [00:00<?, ?it/s]  0%|          | 1/5360 [00:00<1:24:47,  1.05it/s]  0%|          | 3/5360 [00:01<26:54,  3.32it/s]    0%|          | 5/5360 [00:01<16:03,  5.56it/s]  0%|          | 7/5360 [00:01<11:49,  7.54it/s]  0%|          | 9/5360 [00:01<10:41,  8.34it/s]  0%|          | 11/5360 [00:01<08:43, 10.21it/s]  0%|          | 13/5360 [00:01<07:36, 11.72it/s]  0%|          | 15/5360 [00:01<07:28, 11.91it/s]  0%|          | 17/5360 [00:02<07:14, 12.31it/s]  0%|          | 19/5360 [00:02<07:24, 12.01it/s]  0%|          | 21/5360 [00:02<07:18, 12.19it/s]  0%|          | 23/5360 [00:02<07:06, 12.52it/s]  0%|          | 25/5360 [00:02<07:25, 11.98it/s]  1%|          | 27/5360 [00:02<07:09, 12.42it/s]  1%|          | 29/5360 [00:03<07:10, 12.38it/s]  1%|          | 31/5360 [00:03<07:05, 12.53it/s]  1%|          | 33/5360 [00:03<07:20, 12.10it/s]  1%|          | 35/5360 [00:03<06:56, 12.77it/s]  1%|          | 37/5360 [00:03<07:11, 12.34it/s]  1%|          | 39/5360 [00:03<07:02, 12.61it/s]  1%|          | 41/5360 [00:04<06:54, 12.84it/s]  1%|          | 43/5360 [00:04<06:35, 13.43it/s]  1%|          | 45/5360 [00:04<06:32, 13.55it/s]  1%|          | 47/5360 [00:04<06:51, 12.93it/s]  1%|          | 49/5360 [00:04<07:12, 12.27it/s]  1%|          | 51/5360 [00:04<06:53, 12.85it/s]  1%|          | 53/5360 [00:04<06:58, 12.69it/s]  1%|          | 55/5360 [00:05<07:09, 12.36it/s]  1%|          | 57/5360 [00:05<07:25, 11.89it/s]  1%|          | 59/5360 [00:05<07:49, 11.29it/s]  1%|          | 61/5360 [00:05<07:56, 11.13it/s]  1%|          | 63/5360 [00:05<07:20, 12.02it/s]  1%|          | 65/5360 [00:06<07:54, 11.17it/s]  1%|▏         | 67/5360 [00:06<08:07, 10.86it/s]  1%|▏         | 69/5360 [00:06<08:25, 10.46it/s]  1%|▏         | 71/5360 [00:06<08:32, 10.32it/s]  1%|▏         | 73/5360 [00:06<08:58,  9.82it/s]  1%|▏         | 74/5360 [00:06<09:06,  9.67it/s]  1%|▏         | 75/5360 [00:07<09:04,  9.71it/s]  1%|▏         | 77/5360 [00:07<09:12,  9.55it/s]  1%|▏         | 78/5360 [00:07<09:13,  9.54it/s]  1%|▏         | 80/5360 [00:07<08:35, 10.25it/s]  2%|▏         | 82/5360 [00:07<08:46, 10.02it/s]  2%|▏         | 84/5360 [00:07<08:52,  9.91it/s]  2%|▏         | 85/5360 [00:08<09:07,  9.64it/s]  2%|▏         | 87/5360 [00:08<08:55,  9.84it/s]  2%|▏         | 89/5360 [00:08<08:49,  9.96it/s]  2%|▏         | 91/5360 [00:08<07:57, 11.03it/s]  2%|▏         | 93/5360 [00:08<08:09, 10.76it/s]  2%|▏         | 95/5360 [00:09<08:25, 10.42it/s]  2%|▏         | 97/5360 [00:09<08:05, 10.85it/s]  2%|▏         | 99/5360 [00:09<07:51, 11.15it/s]  2%|▏         | 101/5360 [00:09<08:08, 10.77it/s]  2%|▏         | 103/5360 [00:09<08:55,  9.81it/s]  2%|▏         | 105/5360 [00:10<08:59,  9.74it/s]  2%|▏         | 107/5360 [00:10<09:00,  9.73it/s]  2%|▏         | 108/5360 [00:10<09:12,  9.51it/s]  2%|▏         | 109/5360 [00:10<09:38,  9.08it/s]  2%|▏         | 111/5360 [00:10<09:10,  9.54it/s]  2%|▏         | 112/5360 [00:10<09:04,  9.63it/s]  2%|▏         | 114/5360 [00:10<08:28, 10.32it/s]  2%|▏         | 116/5360 [00:11<08:18, 10.51it/s]  2%|▏         | 118/5360 [00:11<08:01, 10.89it/s]  2%|▏         | 120/5360 [00:11<08:27, 10.33it/s]  2%|▏         | 122/5360 [00:11<08:34, 10.19it/s]  2%|▏         | 124/5360 [00:11<08:19, 10.48it/s]  2%|▏         | 126/5360 [00:12<08:38, 10.09it/s]  2%|▏         | 128/5360 [00:12<07:54, 11.02it/s]  2%|▏         | 130/5360 [00:12<08:25, 10.34it/s]  2%|▏         | 132/5360 [00:12<08:25, 10.34it/s]  2%|▎         | 134/5360 [00:12<08:34, 10.16it/s]  3%|▎         | 136/5360 [00:13<08:31, 10.21it/s]  3%|▎         | 138/5360 [00:13<08:11, 10.62it/s]  3%|▎         | 140/5360 [00:13<08:23, 10.36it/s]  3%|▎         | 142/5360 [00:13<08:45,  9.93it/s]  3%|▎         | 144/5360 [00:13<07:59, 10.87it/s]  3%|▎         | 146/5360 [00:14<08:20, 10.42it/s]  3%|▎         | 148/5360 [00:14<08:09, 10.64it/s]  3%|▎         | 150/5360 [00:14<08:23, 10.34it/s]  3%|▎         | 152/5360 [00:14<07:59, 10.87it/s]  3%|▎         | 154/5360 [00:14<08:03, 10.78it/s]  3%|▎         | 156/5360 [00:14<08:04, 10.75it/s]  3%|▎         | 158/5360 [00:15<08:09, 10.62it/s]  3%|▎         | 160/5360 [00:15<07:57, 10.89it/s]  3%|▎         | 162/5360 [00:15<07:50, 11.06it/s]  3%|▎         | 164/5360 [00:15<07:59, 10.83it/s]  3%|▎         | 166/5360 [00:15<08:16, 10.46it/s]  3%|▎         | 168/5360 [00:16<08:01, 10.77it/s]  3%|▎         | 170/5360 [00:16<08:22, 10.33it/s]  3%|▎         | 172/5360 [00:16<08:35, 10.07it/s]  3%|▎         | 174/5360 [00:16<08:06, 10.66it/s]  3%|▎         | 176/5360 [00:16<08:40,  9.96it/s]  3%|▎         | 178/5360 [00:17<08:08, 10.60it/s]  3%|▎         | 180/5360 [00:17<08:03, 10.71it/s]  3%|▎         | 182/5360 [00:17<07:47, 11.09it/s]  3%|▎         | 184/5360 [00:17<07:44, 11.14it/s]  3%|▎         | 186/5360 [00:17<07:55, 10.88it/s]  4%|▎         | 188/5360 [00:17<08:01, 10.75it/s]  4%|▎         | 190/5360 [00:18<07:53, 10.93it/s]  4%|▎         | 192/5360 [00:18<07:43, 11.14it/s]  4%|▎         | 194/5360 [00:18<08:13, 10.46it/s]  4%|▎         | 196/5360 [00:18<08:24, 10.24it/s]  4%|▎         | 198/5360 [00:18<09:18,  9.25it/s]  4%|▎         | 199/5360 [00:19<09:12,  9.34it/s]  4%|▍         | 201/5360 [00:19<09:26,  9.10it/s]  4%|▍         | 202/5360 [00:19<09:18,  9.23it/s]  4%|▍         | 203/5360 [00:19<09:18,  9.23it/s]  4%|▍         | 205/5360 [00:19<08:05, 10.61it/s]  4%|▍         | 207/5360 [00:19<07:51, 10.94it/s]  4%|▍         | 209/5360 [00:19<07:31, 11.41it/s]  4%|▍         | 211/5360 [00:20<07:13, 11.88it/s]  4%|▍         | 213/5360 [00:20<07:40, 11.18it/s]  4%|▍         | 215/5360 [00:20<07:24, 11.57it/s]  4%|▍         | 217/5360 [00:20<07:35, 11.29it/s]  4%|▍         | 219/5360 [00:20<07:55, 10.81it/s]  4%|▍         | 221/5360 [00:21<07:49, 10.95it/s]  4%|▍         | 223/5360 [00:21<07:22, 11.62it/s]  4%|▍         | 225/5360 [00:21<07:37, 11.22it/s]  4%|▍         | 227/5360 [00:21<07:07, 12.00it/s]  4%|▍         | 229/5360 [00:21<07:03, 12.11it/s]  4%|▍         | 231/5360 [00:21<06:57, 12.29it/s]  4%|▍         | 233/5360 [00:22<07:12, 11.87it/s]  4%|▍         | 235/5360 [00:22<06:34, 12.98it/s]  4%|▍         | 237/5360 [00:22<06:00, 14.20it/s]  4%|▍         | 239/5360 [00:22<05:43, 14.91it/s]  4%|▍         | 241/5360 [00:22<05:47, 14.75it/s]  5%|▍         | 243/5360 [00:22<06:24, 13.30it/s]  5%|▍         | 245/5360 [00:22<06:54, 12.34it/s]  5%|▍         | 247/5360 [00:23<07:35, 11.23it/s]  5%|▍         | 249/5360 [00:23<07:33, 11.26it/s]  5%|▍         | 251/5360 [00:23<06:59, 12.17it/s]  5%|▍         | 253/5360 [00:23<07:26, 11.43it/s]  5%|▍         | 255/5360 [00:23<07:41, 11.07it/s]  5%|▍         | 257/5360 [00:24<07:59, 10.65it/s]  5%|▍         | 259/5360 [00:24<08:06, 10.48it/s]  5%|▍         | 261/5360 [00:24<07:12, 11.79it/s]  5%|▍         | 263/5360 [00:24<07:12, 11.80it/s]  5%|▍         | 265/5360 [00:24<06:53, 12.33it/s]  5%|▍         | 267/5360 [00:24<07:03, 12.02it/s]  5%|▌         | 269/5360 [00:25<07:09, 11.85it/s]  5%|▌         | 271/5360 [00:25<06:51, 12.38it/s]  5%|▌         | 273/5360 [00:25<06:34, 12.88it/s]  5%|▌         | 275/5360 [00:25<06:55, 12.24it/s]  5%|▌         | 277/5360 [00:25<06:54, 12.26it/s]  5%|▌         | 279/5360 [00:25<07:09, 11.83it/s]  5%|▌         | 281/5360 [00:25<06:48, 12.44it/s]  5%|▌         | 283/5360 [00:26<07:06, 11.92it/s]  5%|▌         | 285/5360 [00:26<07:13, 11.71it/s]  5%|▌         | 287/5360 [00:26<07:20, 11.53it/s]  5%|▌         | 289/5360 [00:26<07:06, 11.90it/s]  5%|▌         | 291/5360 [00:26<07:36, 11.11it/s]  5%|▌         | 293/5360 [00:27<06:56, 12.16it/s]  6%|▌         | 295/5360 [00:27<07:12, 11.71it/s]  6%|▌         | 297/5360 [00:27<06:50, 12.34it/s]  6%|▌         | 299/5360 [00:27<07:13, 11.66it/s]  6%|▌         | 301/5360 [00:27<07:16, 11.59it/s]  6%|▌         | 303/5360 [00:27<06:49, 12.34it/s]  6%|▌         | 305/5360 [00:28<07:15, 11.61it/s]  6%|▌         | 307/5360 [00:28<06:48, 12.37it/s]  6%|▌         | 309/5360 [00:28<06:54, 12.17it/s]  6%|▌         | 311/5360 [00:28<06:59, 12.03it/s]  6%|▌         | 313/5360 [00:28<07:24, 11.36it/s]  6%|▌         | 315/5360 [00:28<07:05, 11.85it/s]  6%|▌         | 317/5360 [00:29<07:22, 11.40it/s]  6%|▌         | 319/5360 [00:29<07:40, 10.95it/s]  6%|▌         | 321/5360 [00:29<07:22, 11.40it/s]  6%|▌         | 323/5360 [00:29<07:30, 11.18it/s]  6%|▌         | 325/5360 [00:29<07:06, 11.79it/s]  6%|▌         | 327/5360 [00:29<07:44, 10.84it/s]  6%|▌         | 329/5360 [00:30<07:32, 11.13it/s]  6%|▌         | 331/5360 [00:30<08:17, 10.10it/s]  6%|▌         | 333/5360 [00:30<08:04, 10.38it/s]  6%|▋         | 335/5360 [00:30<08:25,  9.93it/s]  6%|▋         | 337/5360 [00:30<08:24,  9.95it/s]  6%|▋         | 339/5360 [00:31<08:32,  9.80it/s]  6%|▋         | 340/5360 [00:31<08:30,  9.83it/s]  6%|▋         | 342/5360 [00:31<08:05, 10.33it/s]  6%|▋         | 344/5360 [00:31<08:40,  9.63it/s]  6%|▋         | 345/5360 [00:31<08:45,  9.55it/s]  6%|▋         | 347/5360 [00:32<08:22,  9.98it/s]  7%|▋         | 349/5360 [00:32<08:30,  9.81it/s]  7%|▋         | 350/5360 [00:32<08:40,  9.62it/s]  7%|▋         | 351/5360 [00:32<08:44,  9.55it/s]  7%|▋         | 353/5360 [00:32<08:42,  9.59it/s]  7%|▋         | 354/5360 [00:32<08:45,  9.52it/s]  7%|▋         | 355/5360 [00:32<09:56,  8.39it/s]  7%|▋         | 357/5360 [00:33<08:14, 10.12it/s]  7%|▋         | 359/5360 [00:33<08:10, 10.20it/s]  7%|▋         | 361/5360 [00:33<07:52, 10.58it/s]  7%|▋         | 363/5360 [00:33<08:21,  9.96it/s]  7%|▋         | 365/5360 [00:33<07:25, 11.21it/s]  7%|▋         | 367/5360 [00:33<06:56, 11.98it/s]  7%|▋         | 369/5360 [00:34<07:20, 11.34it/s]  7%|▋         | 371/5360 [00:34<07:22, 11.28it/s]  7%|▋         | 373/5360 [00:34<07:29, 11.09it/s]  7%|▋         | 375/5360 [00:34<06:57, 11.94it/s]  7%|▋         | 377/5360 [00:34<07:14, 11.47it/s]  7%|▋         | 379/5360 [00:34<07:03, 11.75it/s]  7%|▋         | 381/5360 [00:35<07:56, 10.45it/s]  7%|▋         | 383/5360 [00:35<08:25,  9.85it/s]  7%|▋         | 385/5360 [00:35<08:39,  9.57it/s]  7%|▋         | 386/5360 [00:35<08:43,  9.50it/s]  7%|▋         | 388/5360 [00:35<08:32,  9.69it/s]  7%|▋         | 389/5360 [00:36<08:31,  9.71it/s]  7%|▋         | 391/5360 [00:36<07:50, 10.55it/s]  7%|▋         | 393/5360 [00:36<07:27, 11.09it/s]  7%|▋         | 395/5360 [00:36<07:33, 10.96it/s]  7%|▋         | 397/5360 [00:36<07:39, 10.79it/s]  7%|▋         | 399/5360 [00:36<08:07, 10.18it/s]  7%|▋         | 401/5360 [00:37<07:47, 10.61it/s]  8%|▊         | 403/5360 [00:37<07:46, 10.63it/s]  8%|▊         | 405/5360 [00:37<07:26, 11.10it/s]  8%|▊         | 407/5360 [00:37<07:47, 10.60it/s]  8%|▊         | 409/5360 [00:37<06:58, 11.82it/s]  8%|▊         | 411/5360 [00:37<06:44, 12.22it/s]  8%|▊         | 413/5360 [00:38<06:59, 11.80it/s]  8%|▊         | 415/5360 [00:38<06:31, 12.63it/s]  8%|▊         | 417/5360 [00:38<06:32, 12.59it/s]  8%|▊         | 419/5360 [00:38<06:48, 12.09it/s]  8%|▊         | 421/5360 [00:38<06:41, 12.30it/s]  8%|▊         | 423/5360 [00:38<07:01, 11.72it/s]  8%|▊         | 425/5360 [00:39<06:44, 12.21it/s]  8%|▊         | 427/5360 [00:39<07:06, 11.58it/s]  8%|▊         | 429/5360 [00:39<07:30, 10.94it/s]  8%|▊         | 431/5360 [00:39<07:50, 10.47it/s]  8%|▊         | 433/5360 [00:39<07:58, 10.29it/s]  8%|▊         | 435/5360 [00:40<08:09, 10.07it/s]  8%|▊         | 437/5360 [00:40<07:20, 11.17it/s]  8%|▊         | 439/5360 [00:40<06:58, 11.75it/s]  8%|▊         | 441/5360 [00:40<07:13, 11.35it/s]  8%|▊         | 443/5360 [00:40<06:45, 12.12it/s]  8%|▊         | 445/5360 [00:40<06:32, 12.52it/s]  8%|▊         | 447/5360 [00:41<06:47, 12.04it/s]  8%|▊         | 449/5360 [00:41<07:06, 11.52it/s]  8%|▊         | 451/5360 [00:41<06:31, 12.54it/s]  8%|▊         | 453/5360 [00:41<06:57, 11.75it/s]  8%|▊         | 455/5360 [00:41<06:59, 11.70it/s]  9%|▊         | 457/5360 [00:41<07:12, 11.33it/s]  9%|▊         | 459/5360 [00:42<07:30, 10.89it/s]  9%|▊         | 461/5360 [00:42<07:35, 10.75it/s]  9%|▊         | 463/5360 [00:42<07:27, 10.93it/s]  9%|▊         | 465/5360 [00:42<07:41, 10.60it/s]  9%|▊         | 467/5360 [00:42<07:02, 11.58it/s]  9%|▉         | 469/5360 [00:43<07:17, 11.17it/s]  9%|▉         | 471/5360 [00:43<07:13, 11.28it/s]  9%|▉         | 473/5360 [00:43<07:32, 10.80it/s]  9%|▉         | 475/5360 [00:43<07:18, 11.13it/s]  9%|▉         | 477/5360 [00:43<06:59, 11.64it/s]  9%|▉         | 479/5360 [00:43<06:50, 11.88it/s]  9%|▉         | 481/5360 [00:44<07:01, 11.58it/s]  9%|▉         | 483/5360 [00:44<06:35, 12.32it/s]  9%|▉         | 485/5360 [00:44<06:18, 12.87it/s]  9%|▉         | 487/5360 [00:44<06:17, 12.92it/s]  9%|▉         | 489/5360 [00:44<06:23, 12.69it/s]  9%|▉         | 491/5360 [00:44<06:34, 12.35it/s]  9%|▉         | 493/5360 [00:45<06:52, 11.79it/s]  9%|▉         | 495/5360 [00:45<07:08, 11.35it/s]  9%|▉         | 497/5360 [00:45<07:27, 10.86it/s]  9%|▉         | 499/5360 [00:45<07:45, 10.45it/s]  9%|▉         | 501/5360 [00:45<07:30, 10.78it/s]  9%|▉         | 503/5360 [00:46<07:39, 10.58it/s]  9%|▉         | 505/5360 [00:46<07:23, 10.94it/s]  9%|▉         | 507/5360 [00:46<06:53, 11.74it/s]  9%|▉         | 509/5360 [00:46<07:16, 11.11it/s] 10%|▉         | 511/5360 [00:46<07:05, 11.40it/s] 10%|▉         | 513/5360 [00:46<07:30, 10.77it/s] 10%|▉         | 515/5360 [00:47<06:48, 11.87it/s] 10%|▉         | 517/5360 [00:47<06:41, 12.07it/s] 10%|▉         | 519/5360 [00:47<06:43, 12.01it/s] 10%|▉         | 521/5360 [00:47<06:34, 12.28it/s] 10%|▉         | 523/5360 [00:47<06:40, 12.07it/s] 10%|▉         | 525/5360 [00:47<06:35, 12.24it/s] 10%|▉         | 527/5360 [00:48<06:40, 12.05it/s] 10%|▉         | 529/5360 [00:48<06:51, 11.74it/s] 10%|▉         | 531/5360 [00:48<06:41, 12.02it/s] 10%|▉         | 533/5360 [00:48<06:12, 12.95it/s] 10%|▉         | 535/5360 [00:48<06:28, 12.43it/s] 10%|█         | 537/5360 [00:48<06:35, 12.21it/s] 10%|█         | 539/5360 [00:49<07:00, 11.47it/s] 10%|█         | 541/5360 [00:49<07:05, 11.32it/s] 10%|█         | 543/5360 [00:49<07:29, 10.73it/s] 10%|█         | 545/5360 [00:49<07:12, 11.12it/s] 10%|█         | 547/5360 [00:49<06:35, 12.18it/s] 10%|█         | 549/5360 [00:49<07:01, 11.40it/s] 10%|█         | 551/5360 [00:50<06:43, 11.91it/s] 10%|█         | 553/5360 [00:50<06:49, 11.75it/s] 10%|█         | 555/5360 [00:50<06:29, 12.35it/s] 10%|█         | 557/5360 [00:50<06:00, 13.34it/s] 10%|█         | 559/5360 [00:50<06:06, 13.10it/s] 10%|█         | 561/5360 [00:50<06:11, 12.93it/s] 11%|█         | 563/5360 [00:51<06:27, 12.37it/s] 11%|█         | 565/5360 [00:51<06:50, 11.68it/s] 11%|█         | 567/5360 [00:51<06:26, 12.41it/s] 11%|█         | 569/5360 [00:51<06:50, 11.67it/s] 11%|█         | 571/5360 [00:51<07:10, 11.12it/s] 11%|█         | 573/5360 [00:51<06:52, 11.61it/s] 11%|█         | 575/5360 [00:52<07:02, 11.32it/s] 11%|█         | 577/5360 [00:52<07:58, 10.00it/s] 11%|█         | 579/5360 [00:52<07:06, 11.20it/s] 11%|█         | 581/5360 [00:52<07:03, 11.30it/s] 11%|█         | 583/5360 [00:52<06:51, 11.62it/s] 11%|█         | 585/5360 [00:52<06:47, 11.71it/s] 11%|█         | 587/5360 [00:53<06:34, 12.09it/s] 11%|█         | 589/5360 [00:53<06:22, 12.46it/s] 11%|█         | 591/5360 [00:53<06:40, 11.92it/s] 11%|█         | 593/5360 [00:53<06:23, 12.44it/s] 11%|█         | 595/5360 [00:53<06:42, 11.84it/s] 11%|█         | 597/5360 [00:53<06:50, 11.61it/s] 11%|█         | 599/5360 [00:54<06:34, 12.08it/s] 11%|█         | 601/5360 [00:54<06:38, 11.93it/s] 11%|█▏        | 603/5360 [00:54<07:02, 11.25it/s] 11%|█▏        | 605/5360 [00:54<06:54, 11.48it/s] 11%|█▏        | 607/5360 [00:54<06:31, 12.16it/s] 11%|█▏        | 609/5360 [00:55<06:56, 11.39it/s] 11%|█▏        | 611/5360 [00:55<06:24, 12.34it/s] 11%|█▏        | 613/5360 [00:55<06:57, 11.36it/s] 11%|█▏        | 615/5360 [00:55<07:12, 10.98it/s] 12%|█▏        | 617/5360 [00:55<06:43, 11.75it/s] 12%|█▏        | 619/5360 [00:55<06:33, 12.05it/s] 12%|█▏        | 621/5360 [00:56<06:43, 11.73it/s] 12%|█▏        | 623/5360 [00:56<06:57, 11.34it/s] 12%|█▏        | 625/5360 [00:56<07:03, 11.17it/s] 12%|█▏        | 627/5360 [00:56<07:35, 10.40it/s] 12%|█▏        | 629/5360 [00:56<07:50, 10.07it/s] 12%|█▏        | 631/5360 [00:57<08:29,  9.29it/s] 12%|█▏        | 633/5360 [00:57<07:46, 10.12it/s] 12%|█▏        | 635/5360 [00:57<07:23, 10.66it/s] 12%|█▏        | 637/5360 [00:57<07:24, 10.63it/s] 12%|█▏        | 639/5360 [00:57<06:57, 11.31it/s] 12%|█▏        | 641/5360 [00:57<06:58, 11.28it/s] 12%|█▏        | 643/5360 [00:58<07:06, 11.05it/s] 12%|█▏        | 645/5360 [00:58<07:17, 10.79it/s] 12%|█▏        | 647/5360 [00:58<07:28, 10.51it/s] 12%|█▏        | 649/5360 [00:58<06:56, 11.30it/s] 12%|█▏        | 651/5360 [00:58<07:10, 10.94it/s] 12%|█▏        | 653/5360 [00:59<07:22, 10.65it/s] 12%|█▏        | 655/5360 [00:59<07:14, 10.83it/s] 12%|█▏        | 657/5360 [00:59<06:57, 11.26it/s] 12%|█▏        | 659/5360 [00:59<06:52, 11.39it/s] 12%|█▏        | 661/5360 [00:59<06:51, 11.41it/s] 12%|█▏        | 663/5360 [00:59<06:29, 12.07it/s] 12%|█▏        | 665/5360 [01:00<06:25, 12.19it/s] 12%|█▏        | 667/5360 [01:00<06:11, 12.62it/s] 12%|█▏        | 669/5360 [01:00<06:27, 12.10it/s] 13%|█▎        | 671/5360 [01:00<06:34, 11.90it/s] 13%|█▎        | 673/5360 [01:00<07:08, 10.94it/s] 13%|█▎        | 675/5360 [01:00<07:05, 11.01it/s] 13%|█▎        | 677/5360 [01:01<07:09, 10.91it/s] 13%|█▎        | 679/5360 [01:01<07:02, 11.08it/s] 13%|█▎        | 681/5360 [01:01<06:30, 11.97it/s] 13%|█▎        | 683/5360 [01:01<06:34, 11.85it/s] 13%|█▎        | 685/5360 [01:01<06:44, 11.56it/s] 13%|█▎        | 687/5360 [01:01<06:23, 12.19it/s] 13%|█▎        | 689/5360 [01:02<06:33, 11.86it/s] 13%|█▎        | 691/5360 [01:02<06:16, 12.41it/s] 13%|█▎        | 693/5360 [01:02<06:36, 11.78it/s] 13%|█▎        | 695/5360 [01:02<06:07, 12.71it/s] 13%|█▎        | 697/5360 [01:02<06:16, 12.39it/s] 13%|█▎        | 699/5360 [01:02<05:56, 13.09it/s] 13%|█▎        | 701/5360 [01:03<06:05, 12.75it/s] 13%|█▎        | 703/5360 [01:03<06:25, 12.09it/s] 13%|█▎        | 705/5360 [01:03<06:49, 11.37it/s] 13%|█▎        | 707/5360 [01:03<06:26, 12.05it/s] 13%|█▎        | 709/5360 [01:03<06:39, 11.63it/s] 13%|█▎        | 711/5360 [01:03<06:11, 12.50it/s] 13%|█▎        | 713/5360 [01:04<06:33, 11.82it/s] 13%|█▎        | 715/5360 [01:04<06:29, 11.93it/s] 13%|█▎        | 717/5360 [01:04<06:16, 12.34it/s] 13%|█▎        | 719/5360 [01:04<06:22, 12.14it/s] 13%|█▎        | 721/5360 [01:04<06:29, 11.91it/s] 13%|█▎        | 723/5360 [01:04<05:58, 12.92it/s] 14%|█▎        | 725/5360 [01:05<06:18, 12.26it/s] 14%|█▎        | 727/5360 [01:05<06:09, 12.53it/s] 14%|█▎        | 729/5360 [01:05<06:07, 12.61it/s] 14%|█▎        | 731/5360 [01:05<06:32, 11.79it/s] 14%|█▎        | 733/5360 [01:05<06:05, 12.65it/s] 14%|█▎        | 735/5360 [01:05<05:58, 12.90it/s] 14%|█▍        | 737/5360 [01:06<06:02, 12.75it/s] 14%|█▍        | 739/5360 [01:06<06:15, 12.31it/s] 14%|█▍        | 741/5360 [01:06<06:30, 11.84it/s] 14%|█▍        | 743/5360 [01:06<06:54, 11.13it/s] 14%|█▍        | 745/5360 [01:06<07:11, 10.69it/s] 14%|█▍        | 747/5360 [01:06<07:01, 10.95it/s] 14%|█▍        | 749/5360 [01:07<07:10, 10.72it/s] 14%|█▍        | 751/5360 [01:07<07:15, 10.59it/s] 14%|█▍        | 753/5360 [01:07<06:45, 11.36it/s] 14%|█▍        | 755/5360 [01:07<06:41, 11.47it/s] 14%|█▍        | 757/5360 [01:07<06:34, 11.67it/s] 14%|█▍        | 759/5360 [01:07<06:39, 11.52it/s] 14%|█▍        | 761/5360 [01:08<07:07, 10.75it/s] 14%|█▍        | 763/5360 [01:08<06:46, 11.32it/s] 14%|█▍        | 765/5360 [01:08<07:18, 10.47it/s] 14%|█▍        | 767/5360 [01:08<06:42, 11.40it/s] 14%|█▍        | 769/5360 [01:08<06:52, 11.14it/s] 14%|█▍        | 771/5360 [01:09<06:47, 11.27it/s] 14%|█▍        | 773/5360 [01:09<06:55, 11.04it/s] 14%|█▍        | 775/5360 [01:09<06:57, 10.97it/s] 14%|█▍        | 777/5360 [01:09<06:43, 11.35it/s] 15%|█▍        | 779/5360 [01:09<06:36, 11.55it/s] 15%|█▍        | 781/5360 [01:09<06:39, 11.47it/s] 15%|█▍        | 783/5360 [01:10<06:46, 11.26it/s] 15%|█▍        | 785/5360 [01:10<06:50, 11.14it/s] 15%|█▍        | 787/5360 [01:10<06:24, 11.88it/s] 15%|█▍        | 789/5360 [01:10<06:04, 12.54it/s] 15%|█▍        | 791/5360 [01:10<06:15, 12.16it/s] 15%|█▍        | 793/5360 [01:10<06:10, 12.33it/s] 15%|█▍        | 795/5360 [01:11<06:15, 12.16it/s] 15%|█▍        | 797/5360 [01:11<06:36, 11.51it/s] 15%|█▍        | 799/5360 [01:11<06:40, 11.39it/s] 15%|█▍        | 801/5360 [01:11<06:24, 11.87it/s] 15%|█▍        | 803/5360 [01:11<06:02, 12.56it/s] 15%|█▌        | 805/5360 [01:11<06:07, 12.40it/s] 15%|█▌        | 807/5360 [01:12<06:31, 11.63it/s] 15%|█▌        | 809/5360 [01:12<06:49, 11.12it/s] 15%|█▌        | 811/5360 [01:12<07:04, 10.72it/s] 15%|█▌        | 813/5360 [01:12<06:22, 11.87it/s] 15%|█▌        | 815/5360 [01:12<06:21, 11.91it/s] 15%|█▌        | 817/5360 [01:13<06:50, 11.06it/s] 15%|█▌        | 819/5360 [01:13<07:07, 10.63it/s] 15%|█▌        | 821/5360 [01:13<06:38, 11.39it/s] 15%|█▌        | 823/5360 [01:13<06:30, 11.61it/s] 15%|█▌        | 825/5360 [01:13<06:31, 11.59it/s] 15%|█▌        | 827/5360 [01:13<06:40, 11.32it/s] 15%|█▌        | 829/5360 [01:14<06:29, 11.64it/s] 16%|█▌        | 831/5360 [01:14<06:32, 11.53it/s] 16%|█▌        | 833/5360 [01:14<06:47, 11.11it/s] 16%|█▌        | 835/5360 [01:14<06:23, 11.80it/s] 16%|█▌        | 837/5360 [01:14<06:39, 11.33it/s] 16%|█▌        | 839/5360 [01:14<06:34, 11.45it/s] 16%|█▌        | 841/5360 [01:15<06:27, 11.67it/s] 16%|█▌        | 843/5360 [01:15<06:45, 11.15it/s] 16%|█▌        | 845/5360 [01:15<06:53, 10.92it/s] 16%|█▌        | 847/5360 [01:15<06:56, 10.83it/s] 16%|█▌        | 849/5360 [01:15<06:40, 11.25it/s] 16%|█▌        | 851/5360 [01:16<06:27, 11.64it/s] 16%|█▌        | 853/5360 [01:16<06:15, 12.00it/s] 16%|█▌        | 855/5360 [01:16<06:28, 11.59it/s] 16%|█▌        | 857/5360 [01:16<06:17, 11.91it/s] 16%|█▌        | 859/5360 [01:16<06:27, 11.62it/s] 16%|█▌        | 861/5360 [01:16<06:43, 11.15it/s] 16%|█▌        | 863/5360 [01:17<06:32, 11.47it/s] 16%|█▌        | 865/5360 [01:17<06:34, 11.40it/s] 16%|█▌        | 867/5360 [01:17<06:55, 10.81it/s] 16%|█▌        | 869/5360 [01:17<06:55, 10.80it/s] 16%|█▋        | 871/5360 [01:17<06:27, 11.57it/s] 16%|█▋        | 873/5360 [01:17<06:37, 11.30it/s] 16%|█▋        | 875/5360 [01:18<06:14, 11.99it/s] 16%|█▋        | 877/5360 [01:18<06:09, 12.13it/s] 16%|█▋        | 879/5360 [01:18<05:51, 12.75it/s] 16%|█▋        | 881/5360 [01:18<06:10, 12.10it/s] 16%|█▋        | 883/5360 [01:18<07:02, 10.59it/s] 17%|█▋        | 885/5360 [01:19<07:21, 10.14it/s] 17%|█▋        | 887/5360 [01:19<07:52,  9.47it/s] 17%|█▋        | 889/5360 [01:19<07:03, 10.55it/s] 17%|█▋        | 891/5360 [01:19<06:53, 10.80it/s] 17%|█▋        | 893/5360 [01:19<07:03, 10.55it/s] 17%|█▋        | 895/5360 [01:20<07:12, 10.31it/s] 17%|█▋        | 897/5360 [01:20<06:39, 11.18it/s] 17%|█▋        | 899/5360 [01:20<06:30, 11.41it/s] 17%|█▋        | 901/5360 [01:20<06:30, 11.42it/s] 17%|█▋        | 903/5360 [01:20<06:17, 11.81it/s] 17%|█▋        | 905/5360 [01:20<06:26, 11.53it/s] 17%|█▋        | 907/5360 [01:21<06:17, 11.80it/s] 17%|█▋        | 909/5360 [01:21<06:39, 11.15it/s] 17%|█▋        | 911/5360 [01:21<06:12, 11.96it/s] 17%|█▋        | 913/5360 [01:21<06:32, 11.34it/s] 17%|█▋        | 915/5360 [01:21<06:26, 11.50it/s] 17%|█▋        | 917/5360 [01:21<06:19, 11.70it/s] 17%|█▋        | 919/5360 [01:22<06:23, 11.58it/s] 17%|█▋        | 921/5360 [01:22<05:58, 12.40it/s] 17%|█▋        | 923/5360 [01:22<05:37, 13.15it/s] 17%|█▋        | 925/5360 [01:22<05:56, 12.44it/s] 17%|█▋        | 927/5360 [01:22<05:55, 12.46it/s] 17%|█▋        | 929/5360 [01:22<05:48, 12.72it/s] 17%|█▋        | 931/5360 [01:22<06:08, 12.01it/s] 17%|█▋        | 933/5360 [01:23<06:02, 12.21it/s] 17%|█▋        | 935/5360 [01:23<06:15, 11.79it/s] 17%|█▋        | 937/5360 [01:23<06:25, 11.47it/s] 18%|█▊        | 939/5360 [01:23<06:31, 11.30it/s] 18%|█▊        | 941/5360 [01:23<06:51, 10.73it/s] 18%|█▊        | 943/5360 [01:24<07:09, 10.30it/s] 18%|█▊        | 945/5360 [01:24<06:24, 11.49it/s] 18%|█▊        | 947/5360 [01:24<06:02, 12.19it/s] 18%|█▊        | 949/5360 [01:24<05:42, 12.88it/s] 18%|█▊        | 951/5360 [01:24<05:27, 13.47it/s] 18%|█▊        | 953/5360 [01:24<05:57, 12.34it/s] 18%|█▊        | 955/5360 [01:25<05:53, 12.45it/s] 18%|█▊        | 957/5360 [01:25<05:54, 12.44it/s] 18%|█▊        | 959/5360 [01:25<06:10, 11.86it/s] 18%|█▊        | 961/5360 [01:25<06:18, 11.63it/s] 18%|█▊        | 963/5360 [01:25<06:39, 11.01it/s] 18%|█▊        | 965/5360 [01:25<06:29, 11.29it/s] 18%|█▊        | 967/5360 [01:26<06:45, 10.82it/s] 18%|█▊        | 969/5360 [01:26<06:48, 10.75it/s] 18%|█▊        | 971/5360 [01:26<06:10, 11.84it/s] 18%|█▊        | 973/5360 [01:26<05:48, 12.60it/s] 18%|█▊        | 975/5360 [01:26<06:02, 12.10it/s] 18%|█▊        | 977/5360 [01:26<05:54, 12.36it/s] 18%|█▊        | 979/5360 [01:27<06:02, 12.09it/s] 18%|█▊        | 981/5360 [01:27<05:53, 12.38it/s] 18%|█▊        | 983/5360 [01:27<06:06, 11.93it/s] 18%|█▊        | 985/5360 [01:27<06:15, 11.64it/s] 18%|█▊        | 987/5360 [01:27<06:21, 11.46it/s] 18%|█▊        | 989/5360 [01:27<06:09, 11.82it/s] 18%|█▊        | 991/5360 [01:28<06:27, 11.26it/s] 19%|█▊        | 993/5360 [01:28<06:07, 11.89it/s] 19%|█▊        | 995/5360 [01:28<06:31, 11.15it/s] 19%|█▊        | 997/5360 [01:28<06:11, 11.75it/s] 19%|█▊        | 999/5360 [01:28<06:12, 11.71it/s] 19%|█▊        | 1001/5360 [01:29<06:37, 10.97it/s] 19%|█▊        | 1003/5360 [01:29<06:21, 11.41it/s] 19%|█▉        | 1005/5360 [01:29<06:08, 11.81it/s] 19%|█▉        | 1007/5360 [01:29<06:06, 11.87it/s] 19%|█▉        | 1009/5360 [01:29<06:19, 11.46it/s] 19%|█▉        | 1011/5360 [01:29<06:24, 11.30it/s] 19%|█▉        | 1013/5360 [01:30<06:28, 11.20it/s] 19%|█▉        | 1015/5360 [01:30<06:12, 11.65it/s] 19%|█▉        | 1017/5360 [01:30<06:17, 11.49it/s] 19%|█▉        | 1019/5360 [01:30<06:12, 11.66it/s] 19%|█▉        | 1021/5360 [01:30<06:45, 10.71it/s] 19%|█▉        | 1023/5360 [01:30<06:59, 10.34it/s] 19%|█▉        | 1025/5360 [01:31<07:12, 10.03it/s] 19%|█▉        | 1027/5360 [01:31<07:00, 10.31it/s] 19%|█▉        | 1029/5360 [01:31<06:49, 10.57it/s] 19%|█▉        | 1031/5360 [01:31<06:31, 11.07it/s] 19%|█▉        | 1033/5360 [01:31<06:23, 11.27it/s] 19%|█▉        | 1035/5360 [01:32<06:31, 11.06it/s] 19%|█▉        | 1037/5360 [01:32<06:30, 11.07it/s] 19%|█▉        | 1039/5360 [01:32<06:27, 11.16it/s] 19%|█▉        | 1041/5360 [01:32<06:16, 11.47it/s] 19%|█▉        | 1043/5360 [01:32<06:24, 11.22it/s] 19%|█▉        | 1045/5360 [01:32<06:22, 11.28it/s] 20%|█▉        | 1047/5360 [01:33<06:31, 11.01it/s] 20%|█▉        | 1049/5360 [01:33<05:57, 12.07it/s] 20%|█▉        | 1051/5360 [01:33<06:14, 11.50it/s] 20%|█▉        | 1053/5360 [01:33<06:14, 11.51it/s] 20%|█▉        | 1055/5360 [01:33<06:03, 11.84it/s] 20%|█▉        | 1057/5360 [01:33<05:43, 12.53it/s] 20%|█▉        | 1059/5360 [01:34<06:09, 11.65it/s] 20%|█▉        | 1061/5360 [01:34<05:35, 12.83it/s] 20%|█▉        | 1063/5360 [01:34<05:25, 13.21it/s] 20%|█▉        | 1065/5360 [01:34<05:02, 14.22it/s] 20%|█▉        | 1067/5360 [01:34<04:54, 14.58it/s] 20%|█▉        | 1069/5360 [01:34<04:53, 14.61it/s] 20%|█▉        | 1071/5360 [01:34<05:02, 14.16it/s] 20%|██        | 1073/5360 [01:35<04:59, 14.31it/s] 20%|██        | 1075/5360 [01:35<05:04, 14.07it/s] 20%|██        | 1077/5360 [01:35<05:50, 12.23it/s] 20%|██        | 1079/5360 [01:35<06:09, 11.58it/s] 20%|██        | 1081/5360 [01:35<06:30, 10.95it/s] 20%|██        | 1083/5360 [01:35<06:15, 11.39it/s] 20%|██        | 1085/5360 [01:36<06:01, 11.81it/s] 20%|██        | 1087/5360 [01:36<06:10, 11.52it/s] 20%|██        | 1089/5360 [01:36<05:50, 12.17it/s] 20%|██        | 1091/5360 [01:36<06:07, 11.62it/s] 20%|██        | 1093/5360 [01:36<05:58, 11.90it/s] 20%|██        | 1095/5360 [01:37<06:38, 10.69it/s] 20%|██        | 1097/5360 [01:37<06:34, 10.81it/s] 21%|██        | 1099/5360 [01:37<06:05, 11.65it/s] 21%|██        | 1101/5360 [01:37<06:06, 11.60it/s] 21%|██        | 1103/5360 [01:37<06:08, 11.55it/s] 21%|██        | 1105/5360 [01:37<06:15, 11.33it/s] 21%|██        | 1107/5360 [01:38<06:12, 11.42it/s] 21%|██        | 1109/5360 [01:38<06:18, 11.23it/s] 21%|██        | 1111/5360 [01:38<06:17, 11.24it/s] 21%|██        | 1113/5360 [01:38<06:06, 11.60it/s] 21%|██        | 1115/5360 [01:38<06:08, 11.53it/s] 21%|██        | 1117/5360 [01:38<06:08, 11.52it/s] 21%|██        | 1119/5360 [01:39<05:42, 12.38it/s] 21%|██        | 1121/5360 [01:39<05:27, 12.93it/s] 21%|██        | 1123/5360 [01:39<05:24, 13.05it/s] 21%|██        | 1125/5360 [01:39<05:23, 13.11it/s] 21%|██        | 1127/5360 [01:39<05:49, 12.10it/s] 21%|██        | 1129/5360 [01:39<05:40, 12.44it/s] 21%|██        | 1131/5360 [01:39<05:25, 13.01it/s] 21%|██        | 1133/5360 [01:40<05:24, 13.02it/s] 21%|██        | 1135/5360 [01:40<05:27, 12.90it/s] 21%|██        | 1137/5360 [01:40<05:17, 13.30it/s] 21%|██▏       | 1139/5360 [01:40<05:26, 12.94it/s] 21%|██▏       | 1141/5360 [01:40<05:32, 12.70it/s] 21%|██▏       | 1143/5360 [01:40<05:51, 12.01it/s] 21%|██▏       | 1145/5360 [01:41<06:02, 11.61it/s] 21%|██▏       | 1147/5360 [01:41<05:34, 12.59it/s] 21%|██▏       | 1149/5360 [01:41<05:31, 12.72it/s] 21%|██▏       | 1151/5360 [01:41<05:38, 12.44it/s] 22%|██▏       | 1153/5360 [01:41<05:36, 12.50it/s] 22%|██▏       | 1155/5360 [01:41<05:54, 11.85it/s] 22%|██▏       | 1157/5360 [01:42<06:13, 11.26it/s] 22%|██▏       | 1159/5360 [01:42<06:00, 11.65it/s] 22%|██▏       | 1161/5360 [01:42<06:08, 11.38it/s] 22%|██▏       | 1163/5360 [01:42<06:00, 11.65it/s] 22%|██▏       | 1165/5360 [01:42<06:11, 11.30it/s] 22%|██▏       | 1167/5360 [01:42<05:53, 11.86it/s] 22%|██▏       | 1169/5360 [01:43<06:05, 11.47it/s] 22%|██▏       | 1171/5360 [01:43<06:21, 10.99it/s] 22%|██▏       | 1173/5360 [01:43<05:54, 11.82it/s] 22%|██▏       | 1175/5360 [01:43<06:14, 11.17it/s] 22%|██▏       | 1177/5360 [01:43<05:36, 12.42it/s] 22%|██▏       | 1179/5360 [01:44<05:48, 11.98it/s] 22%|██▏       | 1181/5360 [01:44<05:58, 11.67it/s] 22%|██▏       | 1183/5360 [01:44<06:07, 11.36it/s] 22%|██▏       | 1185/5360 [01:44<06:12, 11.22it/s] 22%|██▏       | 1187/5360 [01:44<06:09, 11.30it/s] 22%|██▏       | 1189/5360 [01:44<05:54, 11.75it/s] 22%|██▏       | 1191/5360 [01:45<05:37, 12.34it/s] 22%|██▏       | 1193/5360 [01:45<05:22, 12.93it/s] 22%|██▏       | 1195/5360 [01:45<05:48, 11.94it/s] 22%|██▏       | 1197/5360 [01:45<06:09, 11.27it/s] 22%|██▏       | 1199/5360 [01:45<06:18, 10.98it/s] 22%|██▏       | 1201/5360 [01:45<06:15, 11.08it/s] 22%|██▏       | 1203/5360 [01:46<05:47, 11.95it/s] 22%|██▏       | 1205/5360 [01:46<05:57, 11.62it/s] 23%|██▎       | 1207/5360 [01:46<05:40, 12.19it/s] 23%|██▎       | 1209/5360 [01:46<05:39, 12.24it/s] 23%|██▎       | 1211/5360 [01:46<05:39, 12.21it/s] 23%|██▎       | 1213/5360 [01:46<05:25, 12.74it/s] 23%|██▎       | 1215/5360 [01:47<05:13, 13.23it/s] 23%|██▎       | 1217/5360 [01:47<04:58, 13.89it/s] 23%|██▎       | 1219/5360 [01:47<05:33, 12.42it/s] 23%|██▎       | 1221/5360 [01:47<05:36, 12.29it/s] 23%|██▎       | 1223/5360 [01:47<05:34, 12.37it/s] 23%|██▎       | 1225/5360 [01:47<05:30, 12.51it/s] 23%|██▎       | 1227/5360 [01:48<05:46, 11.92it/s] 23%|██▎       | 1229/5360 [01:48<05:57, 11.56it/s] 23%|██▎       | 1231/5360 [01:48<05:38, 12.20it/s] 23%|██▎       | 1233/5360 [01:48<05:57, 11.53it/s] 23%|██▎       | 1235/5360 [01:48<05:44, 11.97it/s] 23%|██▎       | 1237/5360 [01:48<05:54, 11.62it/s] 23%|██▎       | 1239/5360 [01:49<05:30, 12.48it/s] 23%|██▎       | 1241/5360 [01:49<05:35, 12.28it/s] 23%|██▎       | 1243/5360 [01:49<05:53, 11.65it/s] 23%|██▎       | 1245/5360 [01:49<05:37, 12.19it/s] 23%|██▎       | 1247/5360 [01:49<06:14, 10.98it/s] 23%|██▎       | 1249/5360 [01:49<06:24, 10.69it/s] 23%|██▎       | 1251/5360 [01:50<06:22, 10.75it/s] 23%|██▎       | 1253/5360 [01:50<05:58, 11.45it/s] 23%|██▎       | 1255/5360 [01:50<06:06, 11.21it/s] 23%|██▎       | 1257/5360 [01:50<06:15, 10.91it/s] 23%|██▎       | 1259/5360 [01:50<06:22, 10.71it/s] 24%|██▎       | 1261/5360 [01:50<05:54, 11.57it/s] 24%|██▎       | 1263/5360 [01:51<05:57, 11.45it/s] 24%|██▎       | 1265/5360 [01:51<06:06, 11.16it/s] 24%|██▎       | 1267/5360 [01:51<05:54, 11.55it/s] 24%|██▎       | 1269/5360 [01:51<06:04, 11.21it/s] 24%|██▎       | 1271/5360 [01:51<06:05, 11.19it/s] 24%|██▍       | 1273/5360 [01:52<06:55,  9.85it/s] 24%|██▍       | 1275/5360 [01:52<07:48,  8.72it/s] 24%|██▍       | 1277/5360 [01:52<07:21,  9.25it/s] 24%|██▍       | 1279/5360 [01:52<06:35, 10.33it/s] 24%|██▍       | 1281/5360 [01:52<06:36, 10.29it/s] 24%|██▍       | 1283/5360 [01:53<06:39, 10.21it/s] 24%|██▍       | 1285/5360 [01:53<06:17, 10.80it/s] 24%|██▍       | 1287/5360 [01:53<06:08, 11.04it/s] 24%|██▍       | 1289/5360 [01:53<06:17, 10.79it/s] 24%|██▍       | 1291/5360 [01:53<06:18, 10.76it/s] 24%|██▍       | 1293/5360 [01:54<06:04, 11.17it/s] 24%|██▍       | 1295/5360 [01:54<05:42, 11.86it/s] 24%|██▍       | 1297/5360 [01:54<05:55, 11.42it/s] 24%|██▍       | 1299/5360 [01:54<06:03, 11.16it/s] 24%|██▍       | 1301/5360 [01:54<05:48, 11.66it/s] 24%|██▍       | 1303/5360 [01:54<06:08, 11.01it/s] 24%|██▍       | 1305/5360 [01:55<05:40, 11.91it/s] 24%|██▍       | 1307/5360 [01:55<05:31, 12.22it/s] 24%|██▍       | 1309/5360 [01:55<05:19, 12.67it/s] 24%|██▍       | 1311/5360 [01:55<05:27, 12.36it/s] 24%|██▍       | 1313/5360 [01:55<05:09, 13.08it/s] 25%|██▍       | 1315/5360 [01:55<05:19, 12.68it/s] 25%|██▍       | 1317/5360 [01:55<05:16, 12.79it/s] 25%|██▍       | 1319/5360 [01:56<05:29, 12.25it/s] 25%|██▍       | 1321/5360 [01:56<05:37, 11.97it/s] 25%|██▍       | 1323/5360 [01:56<05:23, 12.49it/s] 25%|██▍       | 1325/5360 [01:56<06:03, 11.10it/s] 25%|██▍       | 1327/5360 [01:56<06:12, 10.83it/s] 25%|██▍       | 1329/5360 [01:57<06:25, 10.46it/s] 25%|██▍       | 1331/5360 [01:57<05:38, 11.91it/s] 25%|██▍       | 1333/5360 [01:57<05:15, 12.76it/s] 25%|██▍       | 1335/5360 [01:57<05:05, 13.16it/s] 25%|██▍       | 1337/5360 [01:57<05:20, 12.57it/s] 25%|██▍       | 1339/5360 [01:57<05:18, 12.61it/s] 25%|██▌       | 1341/5360 [01:57<05:28, 12.24it/s] 25%|██▌       | 1343/5360 [01:58<05:34, 11.99it/s] 25%|██▌       | 1345/5360 [01:58<05:32, 12.06it/s] 25%|██▌       | 1347/5360 [01:58<05:59, 11.16it/s] 25%|██▌       | 1349/5360 [01:58<05:51, 11.40it/s] 25%|██▌       | 1351/5360 [01:58<06:07, 10.91it/s] 25%|██▌       | 1353/5360 [01:59<05:40, 11.77it/s] 25%|██▌       | 1355/5360 [01:59<06:23, 10.45it/s] 25%|██▌       | 1357/5360 [01:59<05:50, 11.43it/s] 25%|██▌       | 1359/5360 [01:59<05:53, 11.33it/s] 25%|██▌       | 1361/5360 [01:59<05:39, 11.77it/s] 25%|██▌       | 1363/5360 [01:59<06:02, 11.03it/s] 25%|██▌       | 1365/5360 [02:00<05:37, 11.83it/s] 26%|██▌       | 1367/5360 [02:00<05:44, 11.61it/s] 26%|██▌       | 1369/5360 [02:00<05:37, 11.82it/s] 26%|██▌       | 1371/5360 [02:00<05:43, 11.61it/s] 26%|██▌       | 1373/5360 [02:00<05:25, 12.24it/s] 26%|██▌       | 1375/5360 [02:00<05:18, 12.50it/s] 26%|██▌       | 1377/5360 [02:01<05:29, 12.08it/s] 26%|██▌       | 1379/5360 [02:01<05:41, 11.66it/s] 26%|██▌       | 1381/5360 [02:01<05:16, 12.58it/s] 26%|██▌       | 1383/5360 [02:01<05:27, 12.13it/s] 26%|██▌       | 1385/5360 [02:01<05:31, 12.00it/s] 26%|██▌       | 1387/5360 [02:02<06:20, 10.45it/s] 26%|██▌       | 1389/5360 [02:02<05:58, 11.09it/s] 26%|██▌       | 1391/5360 [02:02<06:19, 10.45it/s] 26%|██▌       | 1393/5360 [02:02<05:47, 11.41it/s] 26%|██▌       | 1395/5360 [02:02<05:31, 11.98it/s] 26%|██▌       | 1397/5360 [02:02<05:43, 11.53it/s] 26%|██▌       | 1399/5360 [02:03<05:31, 11.96it/s] 26%|██▌       | 1401/5360 [02:03<05:50, 11.29it/s] 26%|██▌       | 1403/5360 [02:03<05:56, 11.10it/s] 26%|██▌       | 1405/5360 [02:03<05:49, 11.32it/s] 26%|██▋       | 1407/5360 [02:03<05:47, 11.36it/s] 26%|██▋       | 1409/5360 [02:03<06:00, 10.96it/s] 26%|██▋       | 1411/5360 [02:04<05:50, 11.26it/s] 26%|██▋       | 1413/5360 [02:04<06:03, 10.85it/s] 26%|██▋       | 1415/5360 [02:04<05:38, 11.67it/s] 26%|██▋       | 1417/5360 [02:04<05:57, 11.03it/s] 26%|██▋       | 1419/5360 [02:04<05:58, 11.00it/s] 27%|██▋       | 1421/5360 [02:05<06:02, 10.87it/s] 27%|██▋       | 1423/5360 [02:05<05:43, 11.47it/s] 27%|██▋       | 1425/5360 [02:05<05:35, 11.72it/s] 27%|██▋       | 1427/5360 [02:05<05:57, 10.99it/s] 27%|██▋       | 1429/5360 [02:05<05:24, 12.10it/s] 27%|██▋       | 1431/5360 [02:05<05:33, 11.77it/s] 27%|██▋       | 1433/5360 [02:06<05:51, 11.18it/s] 27%|██▋       | 1435/5360 [02:06<05:47, 11.30it/s] 27%|██▋       | 1437/5360 [02:06<05:27, 11.99it/s] 27%|██▋       | 1439/5360 [02:06<05:49, 11.22it/s] 27%|██▋       | 1441/5360 [02:06<06:06, 10.68it/s] 27%|██▋       | 1443/5360 [02:06<05:30, 11.84it/s] 27%|██▋       | 1445/5360 [02:07<05:05, 12.80it/s] 27%|██▋       | 1447/5360 [02:07<05:13, 12.46it/s] 27%|██▋       | 1449/5360 [02:07<04:58, 13.09it/s] 27%|██▋       | 1451/5360 [02:07<04:58, 13.11it/s] 27%|██▋       | 1453/5360 [02:07<04:55, 13.24it/s] 27%|██▋       | 1455/5360 [02:07<04:43, 13.79it/s] 27%|██▋       | 1457/5360 [02:07<04:54, 13.27it/s] 27%|██▋       | 1459/5360 [02:08<04:49, 13.47it/s] 27%|██▋       | 1461/5360 [02:08<05:36, 11.59it/s] 27%|██▋       | 1463/5360 [02:08<06:10, 10.52it/s] 27%|██▋       | 1465/5360 [02:08<06:23, 10.16it/s] 27%|██▋       | 1467/5360 [02:08<06:15, 10.37it/s] 27%|██▋       | 1469/5360 [02:09<06:03, 10.71it/s] 27%|██▋       | 1471/5360 [02:09<05:58, 10.84it/s] 27%|██▋       | 1473/5360 [02:09<06:03, 10.68it/s] 28%|██▊       | 1475/5360 [02:09<05:50, 11.09it/s] 28%|██▊       | 1477/5360 [02:09<05:39, 11.45it/s] 28%|██▊       | 1479/5360 [02:09<05:41, 11.38it/s] 28%|██▊       | 1481/5360 [02:10<05:50, 11.07it/s] 28%|██▊       | 1483/5360 [02:10<05:55, 10.89it/s] 28%|██▊       | 1485/5360 [02:10<05:45, 11.22it/s] 28%|██▊       | 1487/5360 [02:10<05:59, 10.78it/s] 28%|██▊       | 1489/5360 [02:10<05:48, 11.11it/s] 28%|██▊       | 1491/5360 [02:11<05:59, 10.75it/s] 28%|██▊       | 1493/5360 [02:11<05:47, 11.13it/s] 28%|██▊       | 1495/5360 [02:11<05:28, 11.78it/s] 28%|██▊       | 1497/5360 [02:11<05:27, 11.79it/s] 28%|██▊       | 1499/5360 [02:11<05:17, 12.15it/s] 28%|██▊       | 1501/5360 [02:11<05:27, 11.79it/s] 28%|██▊       | 1503/5360 [02:12<05:05, 12.63it/s] 28%|██▊       | 1505/5360 [02:12<04:53, 13.14it/s] 28%|██▊       | 1507/5360 [02:12<05:19, 12.04it/s] 28%|██▊       | 1509/5360 [02:12<05:18, 12.10it/s] 28%|██▊       | 1511/5360 [02:12<05:02, 12.74it/s] 28%|██▊       | 1513/5360 [02:12<05:32, 11.56it/s] 28%|██▊       | 1515/5360 [02:13<05:56, 10.80it/s] 28%|██▊       | 1517/5360 [02:13<06:17, 10.17it/s] 28%|██▊       | 1519/5360 [02:13<05:55, 10.81it/s] 28%|██▊       | 1521/5360 [02:13<05:41, 11.25it/s] 28%|██▊       | 1523/5360 [02:13<05:33, 11.49it/s] 28%|██▊       | 1525/5360 [02:13<05:21, 11.93it/s] 28%|██▊       | 1527/5360 [02:14<05:27, 11.70it/s] 29%|██▊       | 1529/5360 [02:14<05:38, 11.31it/s] 29%|██▊       | 1531/5360 [02:14<05:44, 11.11it/s] 29%|██▊       | 1533/5360 [02:14<05:30, 11.58it/s] 29%|██▊       | 1535/5360 [02:14<05:28, 11.64it/s] 29%|██▊       | 1537/5360 [02:15<05:43, 11.13it/s] 29%|██▊       | 1539/5360 [02:15<05:41, 11.19it/s] 29%|██▉       | 1541/5360 [02:15<05:27, 11.67it/s] 29%|██▉       | 1543/5360 [02:15<05:28, 11.61it/s] 29%|██▉       | 1545/5360 [02:15<05:17, 12.03it/s] 29%|██▉       | 1547/5360 [02:15<05:23, 11.78it/s] 29%|██▉       | 1549/5360 [02:16<05:28, 11.60it/s] 29%|██▉       | 1551/5360 [02:16<05:29, 11.56it/s] 29%|██▉       | 1553/5360 [02:16<05:13, 12.16it/s] 29%|██▉       | 1555/5360 [02:16<05:05, 12.44it/s] 29%|██▉       | 1557/5360 [02:16<05:05, 12.47it/s] 29%|██▉       | 1559/5360 [02:16<05:15, 12.03it/s] 29%|██▉       | 1561/5360 [02:17<05:02, 12.57it/s] 29%|██▉       | 1563/5360 [02:17<04:52, 12.98it/s] 29%|██▉       | 1565/5360 [02:17<05:07, 12.32it/s] 29%|██▉       | 1567/5360 [02:17<05:22, 11.78it/s] 29%|██▉       | 1569/5360 [02:17<05:12, 12.15it/s] 29%|██▉       | 1571/5360 [02:17<05:07, 12.33it/s] 29%|██▉       | 1573/5360 [02:18<05:43, 11.01it/s] 29%|██▉       | 1575/5360 [02:18<06:02, 10.44it/s] 29%|██▉       | 1577/5360 [02:18<06:09, 10.24it/s] 29%|██▉       | 1579/5360 [02:18<05:35, 11.27it/s] 29%|██▉       | 1581/5360 [02:18<05:32, 11.37it/s] 30%|██▉       | 1583/5360 [02:18<05:16, 11.93it/s] 30%|██▉       | 1585/5360 [02:19<05:05, 12.37it/s] 30%|██▉       | 1587/5360 [02:19<05:21, 11.75it/s] 30%|██▉       | 1589/5360 [02:19<05:02, 12.47it/s] 30%|██▉       | 1591/5360 [02:19<04:58, 12.64it/s] 30%|██▉       | 1593/5360 [02:19<05:06, 12.28it/s] 30%|██▉       | 1595/5360 [02:19<04:55, 12.73it/s] 30%|██▉       | 1597/5360 [02:20<05:29, 11.43it/s] 30%|██▉       | 1599/5360 [02:20<05:21, 11.70it/s] 30%|██▉       | 1601/5360 [02:20<05:20, 11.74it/s] 30%|██▉       | 1603/5360 [02:20<05:25, 11.56it/s] 30%|██▉       | 1605/5360 [02:20<05:13, 11.96it/s] 30%|██▉       | 1607/5360 [02:20<05:17, 11.81it/s] 30%|███       | 1609/5360 [02:21<04:59, 12.53it/s] 30%|███       | 1611/5360 [02:21<04:53, 12.79it/s] 30%|███       | 1613/5360 [02:21<05:01, 12.44it/s] 30%|███       | 1615/5360 [02:21<04:52, 12.82it/s] 30%|███       | 1617/5360 [02:21<05:08, 12.14it/s] 30%|███       | 1619/5360 [02:21<04:43, 13.18it/s] 30%|███       | 1621/5360 [02:22<04:54, 12.69it/s] 30%|███       | 1623/5360 [02:22<05:08, 12.13it/s] 30%|███       | 1625/5360 [02:22<04:58, 12.50it/s] 30%|███       | 1627/5360 [02:22<05:15, 11.84it/s] 30%|███       | 1629/5360 [02:22<05:35, 11.13it/s] 30%|███       | 1631/5360 [02:22<05:46, 10.76it/s] 30%|███       | 1633/5360 [02:23<05:58, 10.40it/s] 31%|███       | 1635/5360 [02:23<05:20, 11.62it/s] 31%|███       | 1637/5360 [02:23<05:13, 11.87it/s] 31%|███       | 1639/5360 [02:23<05:05, 12.19it/s] 31%|███       | 1641/5360 [02:23<05:28, 11.31it/s] 31%|███       | 1643/5360 [02:23<05:08, 12.04it/s] 31%|███       | 1645/5360 [02:24<05:18, 11.68it/s] 31%|███       | 1647/5360 [02:24<05:33, 11.12it/s] 31%|███       | 1649/5360 [02:24<05:19, 11.63it/s] 31%|███       | 1651/5360 [02:24<05:14, 11.79it/s] 31%|███       | 1653/5360 [02:24<05:27, 11.31it/s] 31%|███       | 1655/5360 [02:24<05:04, 12.18it/s] 31%|███       | 1657/5360 [02:25<05:18, 11.64it/s] 31%|███       | 1659/5360 [02:25<05:29, 11.24it/s] 31%|███       | 1661/5360 [02:25<05:19, 11.59it/s] 31%|███       | 1663/5360 [02:25<05:20, 11.55it/s] 31%|███       | 1665/5360 [02:25<05:40, 10.85it/s] 31%|███       | 1667/5360 [02:26<05:36, 10.97it/s] 31%|███       | 1669/5360 [02:26<05:42, 10.77it/s] 31%|███       | 1671/5360 [02:26<05:37, 10.93it/s] 31%|███       | 1673/5360 [02:26<05:30, 11.16it/s] 31%|███▏      | 1675/5360 [02:26<05:12, 11.79it/s] 31%|███▏      | 1677/5360 [02:26<05:19, 11.51it/s] 31%|███▏      | 1679/5360 [02:27<05:15, 11.67it/s] 31%|███▏      | 1681/5360 [02:27<05:19, 11.50it/s] 31%|███▏      | 1683/5360 [02:27<05:36, 10.93it/s] 31%|███▏      | 1685/5360 [02:27<05:21, 11.44it/s] 31%|███▏      | 1687/5360 [02:27<04:50, 12.63it/s] 32%|███▏      | 1689/5360 [02:27<04:50, 12.64it/s] 32%|███▏      | 1691/5360 [02:28<04:38, 13.17it/s] 32%|███▏      | 1693/5360 [02:28<04:44, 12.91it/s] 32%|███▏      | 1695/5360 [02:28<04:29, 13.60it/s] 32%|███▏      | 1697/5360 [02:28<04:24, 13.83it/s] 32%|███▏      | 1699/5360 [02:28<04:49, 12.65it/s] 32%|███▏      | 1701/5360 [02:28<05:12, 11.72it/s] 32%|███▏      | 1703/5360 [02:29<05:33, 10.97it/s] 32%|███▏      | 1705/5360 [02:29<05:51, 10.39it/s] 32%|███▏      | 1707/5360 [02:29<05:59, 10.15it/s] 32%|███▏      | 1709/5360 [02:29<06:06,  9.95it/s] 32%|███▏      | 1711/5360 [02:29<06:06,  9.94it/s] 32%|███▏      | 1713/5360 [02:30<05:58, 10.17it/s] 32%|███▏      | 1715/5360 [02:30<05:48, 10.45it/s] 32%|███▏      | 1717/5360 [02:30<05:39, 10.72it/s] 32%|███▏      | 1719/5360 [02:30<05:48, 10.44it/s] 32%|███▏      | 1721/5360 [02:30<05:27, 11.11it/s] 32%|███▏      | 1723/5360 [02:31<05:29, 11.04it/s] 32%|███▏      | 1725/5360 [02:31<05:28, 11.06it/s] 32%|███▏      | 1727/5360 [02:31<05:30, 11.01it/s] 32%|███▏      | 1729/5360 [02:31<05:21, 11.30it/s] 32%|███▏      | 1731/5360 [02:31<05:07, 11.81it/s] 32%|███▏      | 1733/5360 [02:31<05:11, 11.66it/s] 32%|███▏      | 1735/5360 [02:32<04:58, 12.14it/s] 32%|███▏      | 1737/5360 [02:32<05:02, 11.97it/s] 32%|███▏      | 1739/5360 [02:32<04:56, 12.21it/s] 32%|███▏      | 1741/5360 [02:32<04:55, 12.26it/s] 33%|███▎      | 1743/5360 [02:32<04:42, 12.81it/s] 33%|███▎      | 1745/5360 [02:32<04:46, 12.60it/s] 33%|███▎      | 1747/5360 [02:32<04:38, 12.97it/s] 33%|███▎      | 1749/5360 [02:33<04:29, 13.39it/s] 33%|███▎      | 1751/5360 [02:33<04:47, 12.53it/s] 33%|███▎      | 1753/5360 [02:33<05:02, 11.91it/s] 33%|███▎      | 1755/5360 [02:33<05:33, 10.81it/s] 33%|███▎      | 1757/5360 [02:34<08:09,  7.36it/s] 33%|███▎      | 1759/5360 [02:34<06:50,  8.77it/s] 33%|███▎      | 1761/5360 [02:34<06:20,  9.46it/s] 33%|███▎      | 1763/5360 [02:34<05:51, 10.22it/s] 33%|███▎      | 1765/5360 [02:34<05:23, 11.12it/s] 33%|███▎      | 1767/5360 [02:34<05:27, 10.98it/s] 33%|███▎      | 1769/5360 [02:35<05:26, 11.00it/s] 33%|███▎      | 1771/5360 [02:35<05:12, 11.47it/s] 33%|███▎      | 1773/5360 [02:35<05:08, 11.61it/s] 33%|███▎      | 1775/5360 [02:35<05:23, 11.09it/s] 33%|███▎      | 1777/5360 [02:35<05:31, 10.79it/s] 33%|███▎      | 1779/5360 [02:36<05:35, 10.67it/s] 33%|███▎      | 1781/5360 [02:36<05:43, 10.42it/s] 33%|███▎      | 1783/5360 [02:36<05:22, 11.09it/s] 33%|███▎      | 1785/5360 [02:36<04:49, 12.37it/s] 33%|███▎      | 1787/5360 [02:36<04:21, 13.68it/s] 33%|███▎      | 1789/5360 [02:36<04:32, 13.11it/s] 33%|███▎      | 1791/5360 [02:36<04:32, 13.10it/s] 33%|███▎      | 1793/5360 [02:37<05:08, 11.55it/s] 33%|███▎      | 1795/5360 [02:37<04:44, 12.54it/s] 34%|███▎      | 1797/5360 [02:37<04:50, 12.27it/s] 34%|███▎      | 1799/5360 [02:37<04:51, 12.20it/s] 34%|███▎      | 1801/5360 [02:37<05:17, 11.22it/s] 34%|███▎      | 1803/5360 [02:38<05:33, 10.67it/s] 34%|███▎      | 1805/5360 [02:38<05:42, 10.37it/s] 34%|███▎      | 1807/5360 [02:38<05:44, 10.31it/s] 34%|███▍      | 1809/5360 [02:38<05:08, 11.53it/s] 34%|███▍      | 1811/5360 [02:38<05:02, 11.72it/s] 34%|███▍      | 1813/5360 [02:38<04:49, 12.26it/s] 34%|███▍      | 1815/5360 [02:39<04:50, 12.19it/s] 34%|███▍      | 1817/5360 [02:39<04:43, 12.52it/s] 34%|███▍      | 1819/5360 [02:39<04:42, 12.52it/s] 34%|███▍      | 1821/5360 [02:39<04:41, 12.55it/s] 34%|███▍      | 1823/5360 [02:39<04:37, 12.74it/s] 34%|███▍      | 1825/5360 [02:39<04:52, 12.09it/s] 34%|███▍      | 1827/5360 [02:40<05:07, 11.47it/s] 34%|███▍      | 1829/5360 [02:40<05:24, 10.87it/s] 34%|███▍      | 1831/5360 [02:40<05:16, 11.16it/s] 34%|███▍      | 1833/5360 [02:40<05:06, 11.50it/s] 34%|███▍      | 1835/5360 [02:40<05:16, 11.13it/s] 34%|███▍      | 1837/5360 [02:40<05:21, 10.94it/s] 34%|███▍      | 1839/5360 [02:41<05:08, 11.43it/s] 34%|███▍      | 1841/5360 [02:41<05:13, 11.24it/s] 34%|███▍      | 1843/5360 [02:41<05:26, 10.76it/s] 34%|███▍      | 1845/5360 [02:41<05:30, 10.63it/s] 34%|███▍      | 1847/5360 [02:41<05:31, 10.58it/s] 34%|███▍      | 1849/5360 [02:42<05:29, 10.65it/s] 35%|███▍      | 1851/5360 [02:42<05:10, 11.31it/s] 35%|███▍      | 1853/5360 [02:42<05:22, 10.88it/s] 35%|███▍      | 1855/5360 [02:42<05:16, 11.08it/s] 35%|███▍      | 1857/5360 [02:42<05:17, 11.02it/s] 35%|███▍      | 1859/5360 [02:42<05:06, 11.44it/s] 35%|███▍      | 1861/5360 [02:43<05:38, 10.35it/s] 35%|███▍      | 1863/5360 [02:43<05:03, 11.51it/s] 35%|███▍      | 1865/5360 [02:43<04:52, 11.95it/s] 35%|███▍      | 1867/5360 [02:43<04:44, 12.27it/s] 35%|███▍      | 1869/5360 [02:43<04:37, 12.60it/s] 35%|███▍      | 1871/5360 [02:43<04:42, 12.35it/s] 35%|███▍      | 1873/5360 [02:44<04:28, 13.00it/s] 35%|███▍      | 1875/5360 [02:44<04:53, 11.86it/s] 35%|███▌      | 1877/5360 [02:44<05:04, 11.45it/s] 35%|███▌      | 1879/5360 [02:44<05:01, 11.53it/s] 35%|███▌      | 1881/5360 [02:44<05:38, 10.27it/s] 35%|███▌      | 1883/5360 [02:45<06:05,  9.50it/s] 35%|███▌      | 1884/5360 [02:45<06:05,  9.52it/s] 35%|███▌      | 1885/5360 [02:45<06:03,  9.57it/s] 35%|███▌      | 1886/5360 [02:45<06:05,  9.51it/s] 35%|███▌      | 1888/5360 [02:45<05:31, 10.47it/s] 35%|███▌      | 1890/5360 [02:45<05:09, 11.21it/s] 35%|███▌      | 1892/5360 [02:45<05:30, 10.51it/s] 35%|███▌      | 1894/5360 [02:46<05:07, 11.28it/s] 35%|███▌      | 1896/5360 [02:46<05:24, 10.68it/s] 35%|███▌      | 1898/5360 [02:46<05:27, 10.56it/s] 35%|███▌      | 1900/5360 [02:46<05:08, 11.21it/s] 35%|███▌      | 1902/5360 [02:46<05:17, 10.88it/s] 36%|███▌      | 1904/5360 [02:47<05:07, 11.24it/s] 36%|███▌      | 1906/5360 [02:47<05:29, 10.47it/s] 36%|███▌      | 1908/5360 [02:47<05:09, 11.17it/s] 36%|███▌      | 1910/5360 [02:47<05:20, 10.76it/s] 36%|███▌      | 1912/5360 [02:47<05:17, 10.85it/s] 36%|███▌      | 1914/5360 [02:47<05:01, 11.42it/s] 36%|███▌      | 1916/5360 [02:48<05:14, 10.96it/s] 36%|███▌      | 1918/5360 [02:48<05:22, 10.68it/s] 36%|███▌      | 1920/5360 [02:48<05:02, 11.37it/s] 36%|███▌      | 1922/5360 [02:48<04:51, 11.81it/s] 36%|███▌      | 1924/5360 [02:48<04:56, 11.57it/s] 36%|███▌      | 1926/5360 [02:49<05:09, 11.09it/s] 36%|███▌      | 1928/5360 [02:49<04:50, 11.82it/s] 36%|███▌      | 1930/5360 [02:49<05:07, 11.17it/s] 36%|███▌      | 1932/5360 [02:49<04:47, 11.93it/s] 36%|███▌      | 1934/5360 [02:49<04:52, 11.70it/s] 36%|███▌      | 1936/5360 [02:49<05:15, 10.86it/s] 36%|███▌      | 1938/5360 [02:50<05:21, 10.66it/s] 36%|███▌      | 1940/5360 [02:50<05:18, 10.74it/s] 36%|███▌      | 1942/5360 [02:50<05:24, 10.54it/s] 36%|███▋      | 1944/5360 [02:50<05:06, 11.14it/s] 36%|███▋      | 1946/5360 [02:50<04:56, 11.51it/s] 36%|███▋      | 1948/5360 [02:50<04:42, 12.06it/s] 36%|███▋      | 1950/5360 [02:51<05:03, 11.24it/s] 36%|███▋      | 1952/5360 [02:51<05:04, 11.21it/s] 36%|███▋      | 1954/5360 [02:51<05:08, 11.03it/s] 36%|███▋      | 1956/5360 [02:51<05:14, 10.82it/s] 37%|███▋      | 1958/5360 [02:51<05:08, 11.02it/s] 37%|███▋      | 1960/5360 [02:52<05:09, 11.00it/s] 37%|███▋      | 1962/5360 [02:52<05:10, 10.95it/s] 37%|███▋      | 1964/5360 [02:52<05:13, 10.82it/s] 37%|███▋      | 1966/5360 [02:52<05:00, 11.29it/s] 37%|███▋      | 1968/5360 [02:52<05:05, 11.11it/s] 37%|███▋      | 1970/5360 [02:52<05:01, 11.25it/s] 37%|███▋      | 1972/5360 [02:53<05:23, 10.47it/s] 37%|███▋      | 1974/5360 [02:53<04:53, 11.55it/s] 37%|███▋      | 1976/5360 [02:53<04:36, 12.26it/s] 37%|███▋      | 1978/5360 [02:53<04:36, 12.22it/s] 37%|███▋      | 1980/5360 [02:53<04:21, 12.94it/s] 37%|███▋      | 1982/5360 [02:53<04:41, 12.00it/s] 37%|███▋      | 1984/5360 [02:54<05:02, 11.15it/s] 37%|███▋      | 1986/5360 [02:54<05:07, 10.96it/s] 37%|███▋      | 1988/5360 [02:54<05:25, 10.35it/s] 37%|███▋      | 1990/5360 [02:54<05:03, 11.12it/s] 37%|███▋      | 1992/5360 [02:54<04:31, 12.42it/s] 37%|███▋      | 1994/5360 [02:55<04:46, 11.76it/s] 37%|███▋      | 1996/5360 [02:55<04:50, 11.57it/s] 37%|███▋      | 1998/5360 [02:55<04:54, 11.43it/s] 37%|███▋      | 2000/5360 [02:55<05:47,  9.67it/s] 37%|███▋      | 2002/5360 [02:55<05:23, 10.38it/s] 37%|███▋      | 2004/5360 [02:55<04:54, 11.38it/s] 37%|███▋      | 2006/5360 [02:56<05:02, 11.09it/s] 37%|███▋      | 2008/5360 [02:56<04:49, 11.57it/s] 38%|███▊      | 2010/5360 [02:56<04:54, 11.38it/s] 38%|███▊      | 2012/5360 [02:56<05:08, 10.85it/s] 38%|███▊      | 2014/5360 [02:56<04:47, 11.64it/s] 38%|███▊      | 2016/5360 [02:57<05:18, 10.49it/s] 38%|███▊      | 2018/5360 [02:57<05:14, 10.62it/s] 38%|███▊      | 2020/5360 [02:57<05:17, 10.53it/s] 38%|███▊      | 2022/5360 [02:57<05:16, 10.54it/s] 38%|███▊      | 2024/5360 [02:57<05:10, 10.76it/s] 38%|███▊      | 2026/5360 [02:58<05:15, 10.58it/s] 38%|███▊      | 2028/5360 [02:58<04:57, 11.20it/s] 38%|███▊      | 2030/5360 [02:58<04:44, 11.70it/s] 38%|███▊      | 2032/5360 [02:58<04:42, 11.80it/s] 38%|███▊      | 2034/5360 [02:58<04:43, 11.74it/s] 38%|███▊      | 2036/5360 [02:58<05:01, 11.01it/s] 38%|███▊      | 2038/5360 [02:59<05:02, 10.99it/s] 38%|███▊      | 2040/5360 [02:59<04:42, 11.76it/s] 38%|███▊      | 2042/5360 [02:59<05:00, 11.06it/s] 38%|███▊      | 2044/5360 [02:59<04:41, 11.77it/s] 38%|███▊      | 2046/5360 [02:59<04:39, 11.87it/s] 38%|███▊      | 2048/5360 [02:59<04:59, 11.06it/s] 38%|███▊      | 2050/5360 [03:00<05:12, 10.60it/s] 38%|███▊      | 2052/5360 [03:00<05:11, 10.62it/s] 38%|███▊      | 2054/5360 [03:00<05:23, 10.23it/s] 38%|███▊      | 2056/5360 [03:00<05:19, 10.35it/s] 38%|███▊      | 2058/5360 [03:00<05:15, 10.46it/s] 38%|███▊      | 2060/5360 [03:01<05:11, 10.60it/s] 38%|███▊      | 2062/5360 [03:01<04:47, 11.48it/s] 39%|███▊      | 2064/5360 [03:01<05:01, 10.94it/s] 39%|███▊      | 2066/5360 [03:01<05:11, 10.59it/s] 39%|███▊      | 2068/5360 [03:01<04:56, 11.12it/s] 39%|███▊      | 2070/5360 [03:01<05:01, 10.93it/s] 39%|███▊      | 2072/5360 [03:02<04:37, 11.84it/s] 39%|███▊      | 2074/5360 [03:02<04:57, 11.05it/s] 39%|███▊      | 2076/5360 [03:02<05:09, 10.60it/s] 39%|███▉      | 2078/5360 [03:02<04:45, 11.48it/s] 39%|███▉      | 2080/5360 [03:02<05:12, 10.49it/s] 39%|███▉      | 2082/5360 [03:03<04:51, 11.24it/s] 39%|███▉      | 2084/5360 [03:03<04:58, 10.97it/s] 39%|███▉      | 2086/5360 [03:03<05:05, 10.71it/s] 39%|███▉      | 2088/5360 [03:03<04:45, 11.45it/s] 39%|███▉      | 2090/5360 [03:03<04:58, 10.96it/s] 39%|███▉      | 2092/5360 [03:03<04:56, 11.04it/s] 39%|███▉      | 2094/5360 [03:04<04:49, 11.27it/s] 39%|███▉      | 2096/5360 [03:04<04:39, 11.67it/s] 39%|███▉      | 2098/5360 [03:04<04:36, 11.80it/s] 39%|███▉      | 2100/5360 [03:04<04:35, 11.84it/s] 39%|███▉      | 2102/5360 [03:04<04:30, 12.02it/s] 39%|███▉      | 2104/5360 [03:04<04:41, 11.57it/s] 39%|███▉      | 2106/5360 [03:05<05:05, 10.63it/s] 39%|███▉      | 2108/5360 [03:05<05:09, 10.51it/s] 39%|███▉      | 2110/5360 [03:05<05:15, 10.29it/s] 39%|███▉      | 2112/5360 [03:05<04:56, 10.95it/s] 39%|███▉      | 2114/5360 [03:05<04:44, 11.40it/s] 39%|███▉      | 2116/5360 [03:06<04:47, 11.29it/s] 40%|███▉      | 2118/5360 [03:06<04:51, 11.14it/s] 40%|███▉      | 2120/5360 [03:06<04:55, 10.96it/s] 40%|███▉      | 2122/5360 [03:06<05:08, 10.48it/s] 40%|███▉      | 2124/5360 [03:06<05:10, 10.43it/s] 40%|███▉      | 2126/5360 [03:07<04:56, 10.90it/s] 40%|███▉      | 2128/5360 [03:07<05:03, 10.65it/s] 40%|███▉      | 2130/5360 [03:07<05:18, 10.14it/s] 40%|███▉      | 2132/5360 [03:07<05:21, 10.04it/s] 40%|███▉      | 2134/5360 [03:07<05:19, 10.10it/s] 40%|███▉      | 2136/5360 [03:08<05:11, 10.33it/s] 40%|███▉      | 2138/5360 [03:08<05:18, 10.10it/s] 40%|███▉      | 2140/5360 [03:08<05:13, 10.26it/s] 40%|███▉      | 2142/5360 [03:08<05:18, 10.09it/s] 40%|████      | 2144/5360 [03:08<05:20, 10.03it/s] 40%|████      | 2146/5360 [03:08<04:58, 10.78it/s] 40%|████      | 2148/5360 [03:09<05:01, 10.64it/s] 40%|████      | 2150/5360 [03:09<05:07, 10.44it/s] 40%|████      | 2152/5360 [03:09<05:05, 10.51it/s] 40%|████      | 2154/5360 [03:09<05:00, 10.66it/s] 40%|████      | 2156/5360 [03:09<05:11, 10.30it/s] 40%|████      | 2158/5360 [03:10<05:03, 10.54it/s] 40%|████      | 2160/5360 [03:10<04:53, 10.90it/s] 40%|████      | 2162/5360 [03:10<04:39, 11.46it/s] 40%|████      | 2164/5360 [03:10<04:50, 11.02it/s] 40%|████      | 2166/5360 [03:10<04:53, 10.88it/s] 40%|████      | 2168/5360 [03:11<04:57, 10.75it/s] 40%|████      | 2170/5360 [03:11<04:51, 10.95it/s] 41%|████      | 2172/5360 [03:11<04:30, 11.79it/s] 41%|████      | 2174/5360 [03:11<04:49, 10.99it/s] 41%|████      | 2176/5360 [03:11<05:26,  9.74it/s] 41%|████      | 2178/5360 [03:12<06:02,  8.78it/s] 41%|████      | 2179/5360 [03:12<06:05,  8.72it/s] 41%|████      | 2181/5360 [03:12<05:30,  9.63it/s] 41%|████      | 2182/5360 [03:12<05:33,  9.53it/s] 41%|████      | 2184/5360 [03:12<05:21,  9.88it/s] 41%|████      | 2186/5360 [03:12<05:22,  9.84it/s] 41%|████      | 2187/5360 [03:13<05:32,  9.53it/s] 41%|████      | 2188/5360 [03:13<05:31,  9.58it/s] 41%|████      | 2190/5360 [03:13<05:20,  9.89it/s] 41%|████      | 2191/5360 [03:13<05:20,  9.89it/s] 41%|████      | 2193/5360 [03:13<04:50, 10.91it/s] 41%|████      | 2195/5360 [03:13<05:04, 10.39it/s] 41%|████      | 2197/5360 [03:13<05:02, 10.45it/s] 41%|████      | 2199/5360 [03:14<04:36, 11.42it/s] 41%|████      | 2201/5360 [03:14<04:50, 10.89it/s] 41%|████      | 2203/5360 [03:14<05:00, 10.51it/s] 41%|████      | 2205/5360 [03:14<04:33, 11.54it/s] 41%|████      | 2207/5360 [03:14<04:44, 11.08it/s] 41%|████      | 2209/5360 [03:15<04:47, 10.94it/s] 41%|████▏     | 2211/5360 [03:15<04:28, 11.71it/s] 41%|████▏     | 2213/5360 [03:15<04:32, 11.56it/s] 41%|████▏     | 2215/5360 [03:15<04:33, 11.52it/s] 41%|████▏     | 2217/5360 [03:15<04:46, 10.99it/s] 41%|████▏     | 2219/5360 [03:15<04:41, 11.14it/s] 41%|████▏     | 2221/5360 [03:16<04:34, 11.42it/s] 41%|████▏     | 2223/5360 [03:16<04:50, 10.79it/s] 42%|████▏     | 2225/5360 [03:16<04:58, 10.49it/s] 42%|████▏     | 2227/5360 [03:16<05:07, 10.18it/s] 42%|████▏     | 2229/5360 [03:16<05:11, 10.06it/s] 42%|████▏     | 2231/5360 [03:17<05:04, 10.27it/s] 42%|████▏     | 2233/5360 [03:17<04:42, 11.05it/s] 42%|████▏     | 2235/5360 [03:17<04:58, 10.46it/s] 42%|████▏     | 2237/5360 [03:17<04:54, 10.62it/s] 42%|████▏     | 2239/5360 [03:17<04:47, 10.85it/s] 42%|████▏     | 2241/5360 [03:17<04:43, 10.99it/s] 42%|████▏     | 2243/5360 [03:18<04:50, 10.71it/s] 42%|████▏     | 2245/5360 [03:18<04:58, 10.45it/s] 42%|████▏     | 2247/5360 [03:18<04:52, 10.65it/s] 42%|████▏     | 2249/5360 [03:18<04:56, 10.49it/s] 42%|████▏     | 2251/5360 [03:18<05:02, 10.28it/s] 42%|████▏     | 2253/5360 [03:19<04:47, 10.82it/s] 42%|████▏     | 2255/5360 [03:19<04:46, 10.85it/s] 42%|████▏     | 2257/5360 [03:19<04:49, 10.72it/s] 42%|████▏     | 2259/5360 [03:19<05:01, 10.29it/s] 42%|████▏     | 2261/5360 [03:19<04:40, 11.07it/s] 42%|████▏     | 2263/5360 [03:20<04:53, 10.54it/s] 42%|████▏     | 2265/5360 [03:20<04:58, 10.38it/s] 42%|████▏     | 2267/5360 [03:20<05:00, 10.30it/s] 42%|████▏     | 2269/5360 [03:20<04:54, 10.49it/s] 42%|████▏     | 2271/5360 [03:20<04:43, 10.89it/s] 42%|████▏     | 2273/5360 [03:21<04:53, 10.53it/s] 42%|████▏     | 2275/5360 [03:21<04:52, 10.55it/s] 42%|████▏     | 2277/5360 [03:21<04:44, 10.85it/s] 43%|████▎     | 2279/5360 [03:21<04:24, 11.64it/s] 43%|████▎     | 2281/5360 [03:21<04:36, 11.14it/s] 43%|████▎     | 2283/5360 [03:21<04:45, 10.79it/s] 43%|████▎     | 2285/5360 [03:22<04:29, 11.39it/s] 43%|████▎     | 2287/5360 [03:22<04:37, 11.07it/s] 43%|████▎     | 2289/5360 [03:22<04:20, 11.79it/s] 43%|████▎     | 2291/5360 [03:22<04:39, 10.96it/s] 43%|████▎     | 2293/5360 [03:22<04:50, 10.57it/s] 43%|████▎     | 2295/5360 [03:23<05:10,  9.89it/s] 43%|████▎     | 2297/5360 [03:23<05:46,  8.83it/s] 43%|████▎     | 2299/5360 [03:23<05:34,  9.16it/s] 43%|████▎     | 2301/5360 [03:23<05:27,  9.35it/s] 43%|████▎     | 2302/5360 [03:23<05:26,  9.37it/s] 43%|████▎     | 2304/5360 [03:24<04:56, 10.31it/s] 43%|████▎     | 2306/5360 [03:24<05:03, 10.06it/s] 43%|████▎     | 2308/5360 [03:24<05:05, 10.00it/s] 43%|████▎     | 2310/5360 [03:24<04:52, 10.41it/s] 43%|████▎     | 2312/5360 [03:24<04:46, 10.64it/s] 43%|████▎     | 2314/5360 [03:24<04:55, 10.32it/s] 43%|████▎     | 2316/5360 [03:25<05:00, 10.12it/s] 43%|████▎     | 2318/5360 [03:25<04:52, 10.39it/s] 43%|████▎     | 2320/5360 [03:25<04:47, 10.59it/s] 43%|████▎     | 2322/5360 [03:25<04:47, 10.57it/s] 43%|████▎     | 2324/5360 [03:25<04:36, 10.98it/s] 43%|████▎     | 2326/5360 [03:26<04:42, 10.76it/s] 43%|████▎     | 2328/5360 [03:26<04:46, 10.60it/s] 43%|████▎     | 2330/5360 [03:26<04:45, 10.60it/s] 44%|████▎     | 2332/5360 [03:26<04:38, 10.89it/s] 44%|████▎     | 2334/5360 [03:26<04:33, 11.08it/s] 44%|████▎     | 2336/5360 [03:26<04:29, 11.21it/s] 44%|████▎     | 2338/5360 [03:27<04:48, 10.46it/s] 44%|████▎     | 2340/5360 [03:27<05:01, 10.01it/s] 44%|████▎     | 2342/5360 [03:27<05:04,  9.93it/s] 44%|████▎     | 2344/5360 [03:27<05:17,  9.51it/s] 44%|████▍     | 2346/5360 [03:28<04:42, 10.69it/s] 44%|████▍     | 2348/5360 [03:28<04:41, 10.68it/s] 44%|████▍     | 2350/5360 [03:28<04:26, 11.28it/s] 44%|████▍     | 2352/5360 [03:28<04:32, 11.05it/s] 44%|████▍     | 2354/5360 [03:28<04:36, 10.86it/s] 44%|████▍     | 2356/5360 [03:28<04:12, 11.90it/s] 44%|████▍     | 2358/5360 [03:29<04:33, 10.98it/s] 44%|████▍     | 2360/5360 [03:29<04:38, 10.77it/s] 44%|████▍     | 2362/5360 [03:29<04:45, 10.50it/s] 44%|████▍     | 2364/5360 [03:29<04:50, 10.31it/s] 44%|████▍     | 2366/5360 [03:29<04:26, 11.23it/s] 44%|████▍     | 2368/5360 [03:30<04:37, 10.80it/s] 44%|████▍     | 2370/5360 [03:30<04:38, 10.72it/s] 44%|████▍     | 2372/5360 [03:30<04:42, 10.59it/s] 44%|████▍     | 2374/5360 [03:30<04:47, 10.39it/s] 44%|████▍     | 2376/5360 [03:30<04:51, 10.23it/s] 44%|████▍     | 2378/5360 [03:30<04:43, 10.50it/s] 44%|████▍     | 2380/5360 [03:31<04:36, 10.76it/s] 44%|████▍     | 2382/5360 [03:31<04:34, 10.85it/s] 44%|████▍     | 2384/5360 [03:31<04:18, 11.50it/s] 45%|████▍     | 2386/5360 [03:31<04:24, 11.24it/s] 45%|████▍     | 2388/5360 [03:31<04:08, 11.98it/s] 45%|████▍     | 2390/5360 [03:32<04:21, 11.35it/s] 45%|████▍     | 2392/5360 [03:32<04:11, 11.80it/s] 45%|████▍     | 2394/5360 [03:32<04:08, 11.92it/s] 45%|████▍     | 2396/5360 [03:32<04:20, 11.39it/s] 45%|████▍     | 2398/5360 [03:32<04:30, 10.94it/s] 45%|████▍     | 2400/5360 [03:32<04:42, 10.47it/s] 45%|████▍     | 2402/5360 [03:33<04:51, 10.15it/s] 45%|████▍     | 2404/5360 [03:33<05:06,  9.65it/s] 45%|████▍     | 2406/5360 [03:33<04:43, 10.42it/s] 45%|████▍     | 2408/5360 [03:33<04:49, 10.19it/s] 45%|████▍     | 2410/5360 [03:33<05:00,  9.82it/s] 45%|████▌     | 2412/5360 [03:34<04:43, 10.40it/s] 45%|████▌     | 2414/5360 [03:34<04:38, 10.58it/s] 45%|████▌     | 2416/5360 [03:34<04:51, 10.08it/s] 45%|████▌     | 2418/5360 [03:34<04:52, 10.06it/s] 45%|████▌     | 2420/5360 [03:34<04:48, 10.20it/s] 45%|████▌     | 2422/5360 [03:35<04:27, 10.99it/s] 45%|████▌     | 2424/5360 [03:35<04:53, 10.01it/s] 45%|████▌     | 2426/5360 [03:35<04:47, 10.20it/s] 45%|████▌     | 2428/5360 [03:35<04:52, 10.02it/s] 45%|████▌     | 2430/5360 [03:35<04:48, 10.17it/s] 45%|████▌     | 2432/5360 [03:36<04:42, 10.38it/s] 45%|████▌     | 2434/5360 [03:36<04:48, 10.13it/s] 45%|████▌     | 2436/5360 [03:36<04:51, 10.02it/s] 45%|████▌     | 2438/5360 [03:36<04:57,  9.84it/s] 46%|████▌     | 2440/5360 [03:36<04:34, 10.65it/s] 46%|████▌     | 2442/5360 [03:37<04:34, 10.61it/s] 46%|████▌     | 2444/5360 [03:37<04:33, 10.68it/s] 46%|████▌     | 2446/5360 [03:37<04:39, 10.41it/s] 46%|████▌     | 2448/5360 [03:37<04:27, 10.89it/s] 46%|████▌     | 2450/5360 [03:37<04:13, 11.49it/s] 46%|████▌     | 2452/5360 [03:37<04:11, 11.58it/s] 46%|████▌     | 2454/5360 [03:38<04:16, 11.33it/s] 46%|████▌     | 2456/5360 [03:38<04:14, 11.42it/s] 46%|████▌     | 2458/5360 [03:38<04:13, 11.43it/s] 46%|████▌     | 2460/5360 [03:38<04:13, 11.45it/s] 46%|████▌     | 2462/5360 [03:38<04:14, 11.38it/s] 46%|████▌     | 2464/5360 [03:38<04:21, 11.08it/s] 46%|████▌     | 2466/5360 [03:39<04:44, 10.16it/s] 46%|████▌     | 2468/5360 [03:39<04:52,  9.89it/s] 46%|████▌     | 2470/5360 [03:39<04:59,  9.64it/s] 46%|████▌     | 2471/5360 [03:39<04:58,  9.67it/s] 46%|████▌     | 2472/5360 [03:39<04:59,  9.63it/s] 46%|████▌     | 2473/5360 [03:39<05:00,  9.60it/s] 46%|████▌     | 2475/5360 [03:40<04:52,  9.85it/s] 46%|████▌     | 2477/5360 [03:40<04:53,  9.84it/s] 46%|████▋     | 2479/5360 [03:40<04:51,  9.89it/s] 46%|████▋     | 2481/5360 [03:40<04:41, 10.22it/s] 46%|████▋     | 2483/5360 [03:40<04:27, 10.76it/s] 46%|████▋     | 2485/5360 [03:41<04:30, 10.64it/s] 46%|████▋     | 2487/5360 [03:41<04:35, 10.42it/s] 46%|████▋     | 2489/5360 [03:41<04:30, 10.61it/s] 46%|████▋     | 2491/5360 [03:41<04:14, 11.26it/s] 47%|████▋     | 2493/5360 [03:41<04:18, 11.09it/s] 47%|████▋     | 2495/5360 [03:42<04:25, 10.79it/s] 47%|████▋     | 2497/5360 [03:42<04:28, 10.67it/s] 47%|████▋     | 2499/5360 [03:42<04:19, 11.04it/s] 47%|████▋     | 2501/5360 [03:42<04:24, 10.82it/s] 47%|████▋     | 2503/5360 [03:42<04:09, 11.45it/s] 47%|████▋     | 2505/5360 [03:42<04:04, 11.66it/s] 47%|████▋     | 2507/5360 [03:43<04:02, 11.78it/s] 47%|████▋     | 2509/5360 [03:43<03:52, 12.29it/s] 47%|████▋     | 2511/5360 [03:43<04:09, 11.42it/s] 47%|████▋     | 2513/5360 [03:43<03:51, 12.29it/s] 47%|████▋     | 2515/5360 [03:43<03:55, 12.06it/s] 47%|████▋     | 2517/5360 [03:43<03:48, 12.43it/s] 47%|████▋     | 2519/5360 [03:44<03:45, 12.60it/s] 47%|████▋     | 2521/5360 [03:44<04:28, 10.59it/s] 47%|████▋     | 2523/5360 [03:44<04:18, 10.96it/s] 47%|████▋     | 2525/5360 [03:44<04:34, 10.34it/s] 47%|████▋     | 2527/5360 [03:44<04:08, 11.39it/s] 47%|████▋     | 2529/5360 [03:45<04:18, 10.95it/s] 47%|████▋     | 2531/5360 [03:45<04:10, 11.31it/s] 47%|████▋     | 2533/5360 [03:45<04:21, 10.79it/s] 47%|████▋     | 2535/5360 [03:45<04:28, 10.52it/s] 47%|████▋     | 2537/5360 [03:45<04:02, 11.65it/s] 47%|████▋     | 2539/5360 [03:45<04:16, 11.02it/s] 47%|████▋     | 2541/5360 [03:46<04:20, 10.83it/s] 47%|████▋     | 2543/5360 [03:46<04:10, 11.25it/s] 47%|████▋     | 2545/5360 [03:46<04:22, 10.71it/s] 48%|████▊     | 2547/5360 [03:46<04:24, 10.64it/s] 48%|████▊     | 2549/5360 [03:46<04:12, 11.12it/s] 48%|████▊     | 2551/5360 [03:47<04:14, 11.02it/s] 48%|████▊     | 2553/5360 [03:47<04:25, 10.55it/s] 48%|████▊     | 2555/5360 [03:47<04:28, 10.46it/s] 48%|████▊     | 2557/5360 [03:47<04:25, 10.55it/s] 48%|████▊     | 2559/5360 [03:47<04:05, 11.39it/s] 48%|████▊     | 2561/5360 [03:47<04:11, 11.14it/s] 48%|████▊     | 2563/5360 [03:48<04:22, 10.64it/s] 48%|████▊     | 2565/5360 [03:48<04:08, 11.23it/s] 48%|████▊     | 2567/5360 [03:48<04:05, 11.36it/s] 48%|████▊     | 2569/5360 [03:48<04:08, 11.24it/s] 48%|████▊     | 2571/5360 [03:48<03:52, 12.01it/s] 48%|████▊     | 2573/5360 [03:48<03:55, 11.85it/s] 48%|████▊     | 2575/5360 [03:49<04:11, 11.09it/s] 48%|████▊     | 2577/5360 [03:49<04:32, 10.21it/s] 48%|████▊     | 2579/5360 [03:49<04:56,  9.39it/s] 48%|████▊     | 2580/5360 [03:49<04:57,  9.36it/s] 48%|████▊     | 2581/5360 [03:49<04:56,  9.38it/s] 48%|████▊     | 2582/5360 [03:49<04:58,  9.30it/s] 48%|████▊     | 2584/5360 [03:50<04:35, 10.07it/s] 48%|████▊     | 2586/5360 [03:50<04:59,  9.27it/s] 48%|████▊     | 2587/5360 [03:50<04:55,  9.38it/s] 48%|████▊     | 2588/5360 [03:50<04:59,  9.26it/s] 48%|████▊     | 2590/5360 [03:50<04:42,  9.81it/s] 48%|████▊     | 2591/5360 [03:50<04:46,  9.68it/s] 48%|████▊     | 2592/5360 [03:51<04:59,  9.25it/s] 48%|████▊     | 2593/5360 [03:51<05:03,  9.11it/s] 48%|████▊     | 2594/5360 [03:51<05:02,  9.14it/s] 48%|████▊     | 2595/5360 [03:51<05:13,  8.81it/s] 48%|████▊     | 2597/5360 [03:51<04:55,  9.37it/s] 48%|████▊     | 2598/5360 [03:51<05:08,  8.96it/s] 48%|████▊     | 2599/5360 [03:51<05:11,  8.85it/s] 49%|████▊     | 2600/5360 [03:51<05:17,  8.69it/s] 49%|████▊     | 2601/5360 [03:52<05:29,  8.36it/s] 49%|████▊     | 2602/5360 [03:52<05:16,  8.73it/s] 49%|████▊     | 2603/5360 [03:52<05:09,  8.91it/s] 49%|████▊     | 2605/5360 [03:52<04:48,  9.55it/s] 49%|████▊     | 2606/5360 [03:52<04:59,  9.20it/s] 49%|████▊     | 2608/5360 [03:52<05:03,  9.06it/s] 49%|████▊     | 2609/5360 [03:52<05:08,  8.91it/s] 49%|████▊     | 2610/5360 [03:53<05:07,  8.95it/s] 49%|████▊     | 2612/5360 [03:53<05:09,  8.89it/s] 49%|████▉     | 2614/5360 [03:53<05:06,  8.95it/s] 49%|████▉     | 2615/5360 [03:53<05:08,  8.90it/s] 49%|████▉     | 2616/5360 [03:53<05:18,  8.60it/s] 49%|████▉     | 2617/5360 [03:53<05:14,  8.71it/s] 49%|████▉     | 2618/5360 [03:53<05:08,  8.88it/s] 49%|████▉     | 2619/5360 [03:54<05:00,  9.11it/s] 49%|████▉     | 2621/5360 [03:54<05:00,  9.12it/s] 49%|████▉     | 2622/5360 [03:54<05:08,  8.86it/s] 49%|████▉     | 2623/5360 [03:54<05:19,  8.58it/s] 49%|████▉     | 2624/5360 [03:54<05:14,  8.70it/s] 49%|████▉     | 2625/5360 [03:54<05:15,  8.66it/s] 49%|████▉     | 2626/5360 [03:54<05:11,  8.77it/s] 49%|████▉     | 2628/5360 [03:55<04:58,  9.16it/s] 49%|████▉     | 2629/5360 [03:55<04:58,  9.14it/s] 49%|████▉     | 2630/5360 [03:55<05:00,  9.07it/s] 49%|████▉     | 2631/5360 [03:55<05:08,  8.84it/s] 49%|████▉     | 2632/5360 [03:55<05:04,  8.95it/s] 49%|████▉     | 2633/5360 [03:55<05:03,  8.98it/s] 49%|████▉     | 2634/5360 [03:55<05:10,  8.79it/s] 49%|████▉     | 2635/5360 [03:55<05:05,  8.92it/s] 49%|████▉     | 2637/5360 [03:56<04:52,  9.30it/s] 49%|████▉     | 2638/5360 [03:56<05:36,  8.10it/s] 49%|████▉     | 2639/5360 [03:56<05:29,  8.25it/s] 49%|████▉     | 2641/5360 [03:56<05:11,  8.72it/s] 49%|████▉     | 2643/5360 [03:56<04:57,  9.14it/s] 49%|████▉     | 2645/5360 [03:56<04:41,  9.65it/s] 49%|████▉     | 2646/5360 [03:57<05:02,  8.97it/s] 49%|████▉     | 2647/5360 [03:57<05:06,  8.86it/s] 49%|████▉     | 2649/5360 [03:57<04:38,  9.73it/s] 49%|████▉     | 2650/5360 [03:57<04:51,  9.29it/s] 49%|████▉     | 2651/5360 [03:57<04:56,  9.13it/s] 49%|████▉     | 2652/5360 [03:57<04:51,  9.28it/s] 49%|████▉     | 2653/5360 [03:57<05:02,  8.95it/s] 50%|████▉     | 2654/5360 [03:57<05:34,  8.10it/s] 50%|████▉     | 2655/5360 [03:58<06:03,  7.45it/s] 50%|████▉     | 2656/5360 [03:58<06:05,  7.39it/s] 50%|████▉     | 2657/5360 [03:58<06:04,  7.41it/s] 50%|████▉     | 2658/5360 [03:58<05:55,  7.60it/s] 50%|████▉     | 2659/5360 [03:58<05:42,  7.89it/s] 50%|████▉     | 2661/5360 [03:58<05:39,  7.95it/s] 50%|████▉     | 2662/5360 [03:59<05:28,  8.22it/s] 50%|████▉     | 2663/5360 [03:59<06:03,  7.42it/s] 50%|████▉     | 2665/5360 [03:59<05:23,  8.32it/s] 50%|████▉     | 2666/5360 [03:59<05:42,  7.87it/s] 50%|████▉     | 2667/5360 [03:59<05:25,  8.28it/s] 50%|████▉     | 2668/5360 [03:59<05:14,  8.56it/s] 50%|████▉     | 2669/5360 [03:59<05:05,  8.81it/s] 50%|████▉     | 2670/5360 [03:59<04:57,  9.03it/s] 50%|████▉     | 2671/5360 [04:00<04:50,  9.25it/s] 50%|████▉     | 2672/5360 [04:00<04:55,  9.09it/s] 50%|████▉     | 2673/5360 [04:00<04:54,  9.11it/s] 50%|████▉     | 2675/5360 [04:00<04:34,  9.79it/s] 50%|████▉     | 2676/5360 [04:00<04:45,  9.41it/s] 50%|████▉     | 2677/5360 [04:00<04:55,  9.08it/s] 50%|████▉     | 2678/5360 [04:00<05:04,  8.80it/s] 50%|█████     | 2680/5360 [04:01<04:38,  9.62it/s] 50%|█████     | 2681/5360 [04:01<04:49,  9.25it/s] 50%|█████     | 2682/5360 [04:01<04:50,  9.22it/s] 50%|█████     | 2684/5360 [04:01<04:39,  9.58it/s] 50%|█████     | 2686/5360 [04:01<04:36,  9.66it/s] 50%|█████     | 2688/5360 [04:01<04:33,  9.78it/s] 50%|█████     | 2689/5360 [04:01<04:35,  9.71it/s] 50%|█████     | 2690/5360 [04:02<04:35,  9.70it/s] 50%|█████     | 2692/5360 [04:02<04:28,  9.92it/s] 50%|█████     | 2694/5360 [04:02<04:20, 10.25it/s] 50%|█████     | 2696/5360 [04:02<04:51,  9.13it/s] 50%|█████     | 2697/5360 [04:02<04:54,  9.05it/s] 50%|█████     | 2698/5360 [04:02<05:01,  8.82it/s] 50%|█████     | 2699/5360 [04:03<05:04,  8.73it/s] 50%|█████     | 2700/5360 [04:03<05:03,  8.75it/s] 50%|█████     | 2701/5360 [04:03<04:56,  8.95it/s] 50%|█████     | 2702/5360 [04:03<04:58,  8.91it/s] 50%|█████     | 2704/5360 [04:03<04:44,  9.35it/s] 50%|█████     | 2705/5360 [04:03<04:39,  9.49it/s] 50%|█████     | 2706/5360 [04:03<04:37,  9.57it/s] 51%|█████     | 2708/5360 [04:03<04:21, 10.15it/s] 51%|█████     | 2710/5360 [04:04<04:08, 10.67it/s] 51%|█████     | 2712/5360 [04:04<04:13, 10.45it/s] 51%|█████     | 2714/5360 [04:04<04:19, 10.18it/s] 51%|█████     | 2716/5360 [04:04<04:22, 10.09it/s] 51%|█████     | 2718/5360 [04:04<04:23, 10.02it/s] 51%|█████     | 2720/5360 [04:05<04:21, 10.08it/s] 51%|█████     | 2722/5360 [04:05<04:25,  9.93it/s] 51%|█████     | 2724/5360 [04:05<04:07, 10.66it/s] 51%|█████     | 2726/5360 [04:05<04:19, 10.13it/s] 51%|█████     | 2728/5360 [04:05<04:28,  9.79it/s] 51%|█████     | 2729/5360 [04:06<04:34,  9.57it/s] 51%|█████     | 2730/5360 [04:06<04:40,  9.37it/s] 51%|█████     | 2731/5360 [04:06<04:44,  9.24it/s] 51%|█████     | 2732/5360 [04:06<04:45,  9.20it/s] 51%|█████     | 2733/5360 [04:06<04:48,  9.12it/s] 51%|█████     | 2734/5360 [04:06<05:29,  7.97it/s] 51%|█████     | 2735/5360 [04:06<05:15,  8.32it/s] 51%|█████     | 2737/5360 [04:06<04:28,  9.75it/s] 51%|█████     | 2738/5360 [04:07<04:29,  9.72it/s] 51%|█████     | 2739/5360 [04:07<04:31,  9.67it/s] 51%|█████     | 2740/5360 [04:07<04:30,  9.68it/s] 51%|█████     | 2742/5360 [04:07<04:21, 10.03it/s] 51%|█████     | 2744/5360 [04:07<04:10, 10.45it/s] 51%|█████     | 2746/5360 [04:07<04:12, 10.36it/s] 51%|█████▏    | 2748/5360 [04:08<04:16, 10.18it/s] 51%|█████▏    | 2750/5360 [04:08<04:21,  9.98it/s] 51%|█████▏    | 2752/5360 [04:08<04:08, 10.49it/s] 51%|█████▏    | 2754/5360 [04:08<04:10, 10.40it/s] 51%|█████▏    | 2756/5360 [04:08<04:23,  9.87it/s] 51%|█████▏    | 2758/5360 [04:09<04:14, 10.22it/s] 51%|█████▏    | 2760/5360 [04:09<04:33,  9.51it/s] 52%|█████▏    | 2761/5360 [04:09<04:37,  9.37it/s] 52%|█████▏    | 2762/5360 [04:09<04:38,  9.33it/s] 52%|█████▏    | 2764/5360 [04:09<04:26,  9.74it/s] 52%|█████▏    | 2765/5360 [04:09<04:40,  9.24it/s] 52%|█████▏    | 2766/5360 [04:09<04:41,  9.20it/s] 52%|█████▏    | 2767/5360 [04:10<04:40,  9.26it/s] 52%|█████▏    | 2768/5360 [04:10<04:36,  9.36it/s] 52%|█████▏    | 2769/5360 [04:10<04:36,  9.38it/s] 52%|█████▏    | 2771/5360 [04:10<04:34,  9.43it/s] 52%|█████▏    | 2772/5360 [04:10<04:36,  9.35it/s] 52%|█████▏    | 2773/5360 [04:10<04:34,  9.44it/s] 52%|█████▏    | 2774/5360 [04:10<04:31,  9.53it/s] 52%|█████▏    | 2775/5360 [04:10<04:34,  9.41it/s] 52%|█████▏    | 2777/5360 [04:11<04:34,  9.41it/s] 52%|█████▏    | 2778/5360 [04:11<04:33,  9.44it/s] 52%|█████▏    | 2779/5360 [04:11<04:32,  9.47it/s] 52%|█████▏    | 2780/5360 [04:11<04:30,  9.54it/s] 52%|█████▏    | 2781/5360 [04:11<04:27,  9.63it/s] 52%|█████▏    | 2782/5360 [04:11<04:30,  9.52it/s] 52%|█████▏    | 2784/5360 [04:11<04:08, 10.38it/s] 52%|█████▏    | 2786/5360 [04:11<04:19,  9.91it/s] 52%|█████▏    | 2787/5360 [04:12<04:22,  9.79it/s] 52%|█████▏    | 2789/5360 [04:12<04:21,  9.83it/s] 52%|█████▏    | 2791/5360 [04:12<04:21,  9.83it/s] 52%|█████▏    | 2792/5360 [04:12<04:21,  9.83it/s] 52%|█████▏    | 2794/5360 [04:12<04:21,  9.82it/s] 52%|█████▏    | 2795/5360 [04:12<04:38,  9.21it/s] 52%|█████▏    | 2796/5360 [04:13<04:34,  9.33it/s] 52%|█████▏    | 2797/5360 [04:13<04:40,  9.13it/s] 52%|█████▏    | 2798/5360 [04:13<04:45,  8.97it/s] 52%|█████▏    | 2799/5360 [04:13<05:00,  8.54it/s] 52%|█████▏    | 2800/5360 [04:13<05:10,  8.25it/s] 52%|█████▏    | 2801/5360 [04:13<05:21,  7.96it/s] 52%|█████▏    | 2802/5360 [04:13<05:27,  7.80it/s] 52%|█████▏    | 2803/5360 [04:13<05:19,  8.01it/s] 52%|█████▏    | 2804/5360 [04:14<05:02,  8.46it/s] 52%|█████▏    | 2805/5360 [04:14<04:50,  8.81it/s] 52%|█████▏    | 2806/5360 [04:14<04:50,  8.78it/s] 52%|█████▏    | 2808/5360 [04:14<04:28,  9.52it/s] 52%|█████▏    | 2810/5360 [04:14<04:32,  9.37it/s] 52%|█████▏    | 2811/5360 [04:14<04:35,  9.26it/s] 52%|█████▏    | 2812/5360 [04:14<04:35,  9.25it/s] 52%|█████▏    | 2813/5360 [04:15<04:41,  9.06it/s] 52%|█████▎    | 2814/5360 [04:15<04:36,  9.20it/s] 53%|█████▎    | 2816/5360 [04:15<04:22,  9.70it/s] 53%|█████▎    | 2817/5360 [04:15<04:26,  9.54it/s] 53%|█████▎    | 2818/5360 [04:15<04:34,  9.27it/s] 53%|█████▎    | 2819/5360 [04:15<04:41,  9.03it/s] 53%|█████▎    | 2820/5360 [04:15<04:41,  9.04it/s] 53%|█████▎    | 2821/5360 [04:15<04:43,  8.95it/s] 53%|█████▎    | 2822/5360 [04:15<04:39,  9.08it/s] 53%|█████▎    | 2823/5360 [04:16<04:34,  9.25it/s] 53%|█████▎    | 2824/5360 [04:16<04:31,  9.36it/s] 53%|█████▎    | 2825/5360 [04:16<04:36,  9.16it/s] 53%|█████▎    | 2826/5360 [04:16<04:31,  9.34it/s] 53%|█████▎    | 2828/5360 [04:16<04:15,  9.90it/s] 53%|█████▎    | 2830/5360 [04:16<04:15,  9.90it/s] 53%|█████▎    | 2832/5360 [04:16<04:09, 10.13it/s] 53%|█████▎    | 2834/5360 [04:17<04:10, 10.08it/s] 53%|█████▎    | 2836/5360 [04:17<04:06, 10.24it/s] 53%|█████▎    | 2838/5360 [04:17<04:12,  9.99it/s] 53%|█████▎    | 2839/5360 [04:17<04:13,  9.96it/s] 53%|█████▎    | 2840/5360 [04:17<04:13,  9.92it/s] 53%|█████▎    | 2842/5360 [04:17<04:20,  9.65it/s] 53%|█████▎    | 2843/5360 [04:18<04:41,  8.95it/s] 53%|█████▎    | 2844/5360 [04:18<04:45,  8.82it/s] 53%|█████▎    | 2845/5360 [04:18<04:55,  8.50it/s] 53%|█████▎    | 2846/5360 [04:18<04:55,  8.50it/s] 53%|█████▎    | 2847/5360 [04:18<05:05,  8.24it/s] 53%|█████▎    | 2849/5360 [04:18<04:40,  8.97it/s] 53%|█████▎    | 2850/5360 [04:18<04:36,  9.07it/s] 53%|█████▎    | 2851/5360 [04:19<04:31,  9.24it/s] 53%|█████▎    | 2853/5360 [04:19<04:21,  9.58it/s] 53%|█████▎    | 2854/5360 [04:19<04:21,  9.59it/s] 53%|█████▎    | 2856/5360 [04:19<04:12,  9.91it/s] 53%|█████▎    | 2857/5360 [04:19<04:15,  9.80it/s] 53%|█████▎    | 2859/5360 [04:19<04:07, 10.09it/s] 53%|█████▎    | 2860/5360 [04:19<04:17,  9.72it/s] 53%|█████▎    | 2862/5360 [04:20<04:21,  9.57it/s] 53%|█████▎    | 2863/5360 [04:20<04:22,  9.52it/s] 53%|█████▎    | 2864/5360 [04:20<04:20,  9.57it/s] 53%|█████▎    | 2865/5360 [04:20<04:39,  8.92it/s] 53%|█████▎    | 2866/5360 [04:20<04:38,  8.95it/s] 53%|█████▎    | 2867/5360 [04:20<04:34,  9.09it/s] 54%|█████▎    | 2868/5360 [04:20<04:32,  9.13it/s] 54%|█████▎    | 2869/5360 [04:20<04:28,  9.29it/s] 54%|█████▎    | 2871/5360 [04:21<04:16,  9.71it/s] 54%|█████▎    | 2872/5360 [04:21<04:21,  9.53it/s] 54%|█████▎    | 2874/5360 [04:21<04:09,  9.96it/s] 54%|█████▎    | 2875/5360 [04:21<04:16,  9.70it/s] 54%|█████▎    | 2876/5360 [04:21<04:19,  9.58it/s] 54%|█████▎    | 2877/5360 [04:21<04:21,  9.51it/s] 54%|█████▎    | 2878/5360 [04:21<04:20,  9.54it/s] 54%|█████▎    | 2879/5360 [04:21<04:21,  9.50it/s] 54%|█████▎    | 2880/5360 [04:22<04:24,  9.39it/s] 54%|█████▍    | 2881/5360 [04:22<04:20,  9.51it/s] 54%|█████▍    | 2882/5360 [04:22<04:23,  9.39it/s] 54%|█████▍    | 2884/5360 [04:22<04:15,  9.68it/s] 54%|█████▍    | 2885/5360 [04:22<04:19,  9.54it/s] 54%|█████▍    | 2886/5360 [04:22<04:23,  9.39it/s] 54%|█████▍    | 2888/5360 [04:22<04:10,  9.85it/s] 54%|█████▍    | 2889/5360 [04:23<04:19,  9.52it/s] 54%|█████▍    | 2890/5360 [04:23<04:17,  9.60it/s] 54%|█████▍    | 2892/5360 [04:23<04:10,  9.86it/s] 54%|█████▍    | 2894/5360 [04:23<04:14,  9.68it/s] 54%|█████▍    | 2895/5360 [04:23<04:17,  9.57it/s] 54%|█████▍    | 2896/5360 [04:23<04:21,  9.43it/s] 54%|█████▍    | 2898/5360 [04:23<04:26,  9.25it/s] 54%|█████▍    | 2899/5360 [04:24<04:24,  9.32it/s] 54%|█████▍    | 2901/5360 [04:24<04:09,  9.84it/s] 54%|█████▍    | 2903/5360 [04:24<04:11,  9.75it/s] 54%|█████▍    | 2904/5360 [04:24<04:18,  9.50it/s] 54%|█████▍    | 2905/5360 [04:24<04:22,  9.34it/s] 54%|█████▍    | 2906/5360 [04:24<04:32,  9.01it/s] 54%|█████▍    | 2907/5360 [04:24<04:29,  9.11it/s] 54%|█████▍    | 2908/5360 [04:25<04:41,  8.70it/s] 54%|█████▍    | 2909/5360 [04:25<04:39,  8.77it/s] 54%|█████▍    | 2910/5360 [04:25<04:41,  8.71it/s] 54%|█████▍    | 2911/5360 [04:25<04:36,  8.86it/s] 54%|█████▍    | 2912/5360 [04:25<04:36,  8.86it/s] 54%|█████▍    | 2913/5360 [04:25<04:33,  8.94it/s] 54%|█████▍    | 2914/5360 [04:25<04:39,  8.76it/s] 54%|█████▍    | 2915/5360 [04:25<04:39,  8.74it/s] 54%|█████▍    | 2916/5360 [04:25<04:42,  8.66it/s] 54%|█████▍    | 2917/5360 [04:26<04:37,  8.80it/s] 54%|█████▍    | 2918/5360 [04:26<04:45,  8.57it/s] 54%|█████▍    | 2919/5360 [04:26<04:47,  8.48it/s] 54%|█████▍    | 2920/5360 [04:26<04:35,  8.86it/s] 54%|█████▍    | 2921/5360 [04:26<05:06,  7.96it/s] 55%|█████▍    | 2922/5360 [04:26<05:09,  7.88it/s] 55%|█████▍    | 2923/5360 [04:26<04:56,  8.21it/s] 55%|█████▍    | 2924/5360 [04:26<04:46,  8.52it/s] 55%|█████▍    | 2926/5360 [04:27<04:39,  8.70it/s] 55%|█████▍    | 2927/5360 [04:27<04:37,  8.78it/s] 55%|█████▍    | 2928/5360 [04:27<04:39,  8.72it/s] 55%|█████▍    | 2930/5360 [04:27<04:30,  8.97it/s] 55%|█████▍    | 2931/5360 [04:27<04:25,  9.16it/s] 55%|█████▍    | 2932/5360 [04:27<04:23,  9.20it/s] 55%|█████▍    | 2934/5360 [04:27<04:08,  9.75it/s] 55%|█████▍    | 2936/5360 [04:28<04:02, 10.00it/s] 55%|█████▍    | 2937/5360 [04:28<04:28,  9.02it/s] 55%|█████▍    | 2939/5360 [04:28<04:22,  9.21it/s] 55%|█████▍    | 2940/5360 [04:28<04:22,  9.21it/s] 55%|█████▍    | 2941/5360 [04:28<04:19,  9.32it/s] 55%|█████▍    | 2942/5360 [04:28<04:29,  8.96it/s] 55%|█████▍    | 2943/5360 [04:29<04:48,  8.37it/s] 55%|█████▍    | 2944/5360 [04:29<04:42,  8.54it/s] 55%|█████▍    | 2945/5360 [04:29<05:40,  7.09it/s] 55%|█████▍    | 2946/5360 [04:29<05:14,  7.67it/s] 55%|█████▌    | 2948/5360 [04:29<04:37,  8.70it/s] 55%|█████▌    | 2950/5360 [04:29<04:26,  9.03it/s] 55%|█████▌    | 2951/5360 [04:29<04:22,  9.18it/s] 55%|█████▌    | 2953/5360 [04:30<04:09,  9.66it/s] 55%|█████▌    | 2955/5360 [04:30<04:03,  9.89it/s] 55%|█████▌    | 2956/5360 [04:30<04:10,  9.59it/s] 55%|█████▌    | 2958/5360 [04:30<04:09,  9.62it/s] 55%|█████▌    | 2959/5360 [04:30<04:17,  9.32it/s] 55%|█████▌    | 2960/5360 [04:30<04:33,  8.76it/s] 55%|█████▌    | 2961/5360 [04:31<04:33,  8.78it/s] 55%|█████▌    | 2962/5360 [04:31<04:42,  8.48it/s] 55%|█████▌    | 2963/5360 [04:31<04:50,  8.25it/s] 55%|█████▌    | 2964/5360 [04:31<04:39,  8.56it/s] 55%|█████▌    | 2966/5360 [04:31<04:10,  9.57it/s] 55%|█████▌    | 2967/5360 [04:31<04:14,  9.41it/s] 55%|█████▌    | 2969/5360 [04:31<04:04,  9.79it/s] 55%|█████▌    | 2971/5360 [04:32<04:04,  9.77it/s] 55%|█████▌    | 2973/5360 [04:32<04:07,  9.64it/s] 56%|█████▌    | 2975/5360 [04:32<03:50, 10.33it/s] 56%|█████▌    | 2977/5360 [04:32<03:54, 10.16it/s] 56%|█████▌    | 2979/5360 [04:32<03:50, 10.32it/s] 56%|█████▌    | 2981/5360 [04:33<03:52, 10.23it/s] 56%|█████▌    | 2983/5360 [04:33<03:52, 10.24it/s] 56%|█████▌    | 2985/5360 [04:33<04:05,  9.69it/s] 56%|█████▌    | 2987/5360 [04:33<04:03,  9.75it/s] 56%|█████▌    | 2988/5360 [04:33<04:04,  9.69it/s] 56%|█████▌    | 2990/5360 [04:33<03:56, 10.02it/s] 56%|█████▌    | 2992/5360 [04:34<03:58,  9.92it/s] 56%|█████▌    | 2994/5360 [04:34<03:44, 10.53it/s] 56%|█████▌    | 2996/5360 [04:34<03:35, 10.97it/s] 56%|█████▌    | 2998/5360 [04:34<03:37, 10.84it/s] 56%|█████▌    | 3000/5360 [04:34<03:42, 10.63it/s] 56%|█████▌    | 3002/5360 [04:35<03:42, 10.59it/s] 56%|█████▌    | 3004/5360 [04:35<03:45, 10.44it/s] 56%|█████▌    | 3006/5360 [04:35<03:35, 10.91it/s] 56%|█████▌    | 3008/5360 [04:35<03:51, 10.14it/s] 56%|█████▌    | 3010/5360 [04:35<03:50, 10.19it/s] 56%|█████▌    | 3012/5360 [04:36<03:42, 10.55it/s] 56%|█████▌    | 3014/5360 [04:36<04:03,  9.62it/s] 56%|█████▋    | 3015/5360 [04:36<04:09,  9.42it/s] 56%|█████▋    | 3016/5360 [04:36<04:10,  9.36it/s] 56%|█████▋    | 3017/5360 [04:36<04:24,  8.86it/s] 56%|█████▋    | 3018/5360 [04:36<04:32,  8.60it/s] 56%|█████▋    | 3019/5360 [04:36<04:27,  8.74it/s] 56%|█████▋    | 3020/5360 [04:36<04:19,  9.00it/s] 56%|█████▋    | 3022/5360 [04:37<04:02,  9.66it/s] 56%|█████▋    | 3023/5360 [04:37<04:01,  9.69it/s] 56%|█████▋    | 3024/5360 [04:37<04:05,  9.52it/s] 56%|█████▋    | 3025/5360 [04:37<04:08,  9.39it/s] 56%|█████▋    | 3026/5360 [04:37<04:17,  9.06it/s] 56%|█████▋    | 3027/5360 [04:37<04:20,  8.96it/s] 56%|█████▋    | 3028/5360 [04:37<04:16,  9.09it/s] 57%|█████▋    | 3030/5360 [04:38<03:54,  9.92it/s] 57%|█████▋    | 3032/5360 [04:38<04:09,  9.34it/s] 57%|█████▋    | 3034/5360 [04:38<03:58,  9.74it/s] 57%|█████▋    | 3035/5360 [04:38<04:06,  9.43it/s] 57%|█████▋    | 3036/5360 [04:38<04:04,  9.51it/s] 57%|█████▋    | 3038/5360 [04:38<04:02,  9.59it/s] 57%|█████▋    | 3039/5360 [04:38<04:04,  9.50it/s] 57%|█████▋    | 3041/5360 [04:39<03:52,  9.97it/s] 57%|█████▋    | 3043/5360 [04:39<03:52,  9.98it/s] 57%|█████▋    | 3044/5360 [04:39<03:55,  9.82it/s] 57%|█████▋    | 3046/5360 [04:39<03:45, 10.28it/s] 57%|█████▋    | 3048/5360 [04:39<03:56,  9.79it/s] 57%|█████▋    | 3049/5360 [04:39<03:57,  9.71it/s] 57%|█████▋    | 3051/5360 [04:40<03:48, 10.12it/s] 57%|█████▋    | 3053/5360 [04:40<03:45, 10.23it/s] 57%|█████▋    | 3055/5360 [04:40<03:35, 10.68it/s] 57%|█████▋    | 3057/5360 [04:40<04:04,  9.44it/s] 57%|█████▋    | 3058/5360 [04:40<04:13,  9.06it/s] 57%|█████▋    | 3059/5360 [04:41<04:11,  9.14it/s] 57%|█████▋    | 3060/5360 [04:41<04:14,  9.03it/s] 57%|█████▋    | 3061/5360 [04:41<04:32,  8.44it/s] 57%|█████▋    | 3063/5360 [04:41<03:59,  9.59it/s] 57%|█████▋    | 3065/5360 [04:41<03:52,  9.85it/s] 57%|█████▋    | 3066/5360 [04:41<03:59,  9.59it/s] 57%|█████▋    | 3067/5360 [04:41<03:58,  9.63it/s] 57%|█████▋    | 3069/5360 [04:42<03:47, 10.07it/s] 57%|█████▋    | 3071/5360 [04:42<03:38, 10.49it/s] 57%|█████▋    | 3073/5360 [04:42<03:42, 10.28it/s] 57%|█████▋    | 3075/5360 [04:42<03:37, 10.52it/s] 57%|█████▋    | 3077/5360 [04:42<03:48,  9.98it/s] 57%|█████▋    | 3079/5360 [04:43<03:54,  9.73it/s] 57%|█████▋    | 3080/5360 [04:43<03:56,  9.62it/s] 57%|█████▋    | 3081/5360 [04:43<03:58,  9.57it/s] 58%|█████▊    | 3083/5360 [04:43<03:56,  9.64it/s] 58%|█████▊    | 3084/5360 [04:43<04:00,  9.46it/s] 58%|█████▊    | 3085/5360 [04:43<04:00,  9.46it/s] 58%|█████▊    | 3087/5360 [04:43<03:43, 10.16it/s] 58%|█████▊    | 3089/5360 [04:44<04:03,  9.31it/s] 58%|█████▊    | 3091/5360 [04:44<03:37, 10.44it/s] 58%|█████▊    | 3093/5360 [04:44<03:54,  9.68it/s] 58%|█████▊    | 3095/5360 [04:44<03:59,  9.47it/s] 58%|█████▊    | 3096/5360 [04:44<04:00,  9.42it/s] 58%|█████▊    | 3097/5360 [04:44<04:04,  9.26it/s] 58%|█████▊    | 3099/5360 [04:45<03:54,  9.64it/s] 58%|█████▊    | 3100/5360 [04:45<04:02,  9.31it/s] 58%|█████▊    | 3101/5360 [04:45<04:00,  9.40it/s] 58%|█████▊    | 3102/5360 [04:45<04:00,  9.37it/s] 58%|█████▊    | 3103/5360 [04:45<03:58,  9.44it/s] 58%|█████▊    | 3104/5360 [04:45<04:01,  9.33it/s] 58%|█████▊    | 3105/5360 [04:45<03:57,  9.50it/s] 58%|█████▊    | 3106/5360 [04:45<03:58,  9.46it/s] 58%|█████▊    | 3107/5360 [04:45<03:55,  9.55it/s] 58%|█████▊    | 3108/5360 [04:46<03:57,  9.49it/s] 58%|█████▊    | 3109/5360 [04:46<04:05,  9.18it/s] 58%|█████▊    | 3111/5360 [04:46<04:07,  9.07it/s] 58%|█████▊    | 3113/5360 [04:46<03:57,  9.46it/s] 58%|█████▊    | 3114/5360 [04:46<03:59,  9.38it/s] 58%|█████▊    | 3115/5360 [04:46<03:58,  9.40it/s] 58%|█████▊    | 3116/5360 [04:46<04:01,  9.30it/s] 58%|█████▊    | 3117/5360 [04:47<04:10,  8.96it/s] 58%|█████▊    | 3118/5360 [04:47<04:09,  8.98it/s] 58%|█████▊    | 3119/5360 [04:47<04:14,  8.82it/s] 58%|█████▊    | 3120/5360 [04:47<04:06,  9.08it/s] 58%|█████▊    | 3121/5360 [04:47<04:10,  8.93it/s] 58%|█████▊    | 3122/5360 [04:47<04:05,  9.12it/s] 58%|█████▊    | 3123/5360 [04:47<04:23,  8.50it/s] 58%|█████▊    | 3124/5360 [04:47<04:28,  8.32it/s] 58%|█████▊    | 3125/5360 [04:48<04:47,  7.78it/s] 58%|█████▊    | 3127/5360 [04:48<04:15,  8.73it/s] 58%|█████▊    | 3129/5360 [04:48<04:13,  8.82it/s] 58%|█████▊    | 3130/5360 [04:48<04:06,  9.03it/s] 58%|█████▊    | 3132/5360 [04:48<03:58,  9.36it/s] 58%|█████▊    | 3133/5360 [04:48<03:58,  9.34it/s] 58%|█████▊    | 3134/5360 [04:48<03:54,  9.48it/s] 58%|█████▊    | 3135/5360 [04:49<03:51,  9.59it/s] 59%|█████▊    | 3136/5360 [04:49<03:53,  9.54it/s] 59%|█████▊    | 3137/5360 [04:49<03:51,  9.62it/s] 59%|█████▊    | 3138/5360 [04:49<03:49,  9.70it/s] 59%|█████▊    | 3139/5360 [04:49<03:54,  9.48it/s] 59%|█████▊    | 3140/5360 [04:49<04:15,  8.70it/s] 59%|█████▊    | 3141/5360 [04:49<04:57,  7.46it/s] 59%|█████▊    | 3142/5360 [04:49<04:49,  7.67it/s] 59%|█████▊    | 3143/5360 [04:50<04:36,  8.01it/s] 59%|█████▊    | 3144/5360 [04:50<04:50,  7.64it/s] 59%|█████▊    | 3145/5360 [04:50<04:41,  7.86it/s] 59%|█████▊    | 3147/5360 [04:50<04:17,  8.60it/s] 59%|█████▊    | 3148/5360 [04:50<04:12,  8.75it/s] 59%|█████▉    | 3150/5360 [04:50<03:42,  9.93it/s] 59%|█████▉    | 3151/5360 [04:50<03:55,  9.39it/s] 59%|█████▉    | 3152/5360 [04:51<04:01,  9.15it/s] 59%|█████▉    | 3153/5360 [04:51<03:58,  9.26it/s] 59%|█████▉    | 3154/5360 [04:51<04:03,  9.08it/s] 59%|█████▉    | 3155/5360 [04:51<03:58,  9.25it/s] 59%|█████▉    | 3156/5360 [04:51<03:59,  9.19it/s] 59%|█████▉    | 3157/5360 [04:51<03:54,  9.41it/s] 59%|█████▉    | 3159/5360 [04:51<03:31, 10.40it/s] 59%|█████▉    | 3161/5360 [04:51<03:36, 10.15it/s] 59%|█████▉    | 3163/5360 [04:52<03:36, 10.15it/s] 59%|█████▉    | 3165/5360 [04:52<03:37, 10.09it/s] 59%|█████▉    | 3167/5360 [04:52<03:38, 10.05it/s] 59%|█████▉    | 3169/5360 [04:52<03:30, 10.40it/s] 59%|█████▉    | 3171/5360 [04:52<03:29, 10.45it/s] 59%|█████▉    | 3173/5360 [04:53<03:27, 10.52it/s] 59%|█████▉    | 3175/5360 [04:53<03:47,  9.62it/s] 59%|█████▉    | 3176/5360 [04:53<03:51,  9.44it/s] 59%|█████▉    | 3177/5360 [04:53<03:51,  9.44it/s] 59%|█████▉    | 3179/5360 [04:53<04:01,  9.04it/s] 59%|█████▉    | 3180/5360 [04:53<03:58,  9.14it/s] 59%|█████▉    | 3181/5360 [04:53<03:57,  9.19it/s] 59%|█████▉    | 3183/5360 [04:54<03:33, 10.19it/s] 59%|█████▉    | 3185/5360 [04:54<03:40,  9.88it/s] 59%|█████▉    | 3187/5360 [04:54<03:30, 10.32it/s] 59%|█████▉    | 3189/5360 [04:54<03:26, 10.53it/s] 60%|█████▉    | 3191/5360 [04:54<03:34, 10.12it/s] 60%|█████▉    | 3193/5360 [04:55<03:33, 10.17it/s] 60%|█████▉    | 3195/5360 [04:55<03:29, 10.32it/s] 60%|█████▉    | 3197/5360 [04:55<03:28, 10.38it/s] 60%|█████▉    | 3199/5360 [04:55<03:35, 10.02it/s] 60%|█████▉    | 3201/5360 [04:55<03:33, 10.10it/s] 60%|█████▉    | 3203/5360 [04:56<03:37,  9.92it/s] 60%|█████▉    | 3205/5360 [04:56<03:39,  9.83it/s] 60%|█████▉    | 3206/5360 [04:56<03:45,  9.55it/s] 60%|█████▉    | 3208/5360 [04:56<03:42,  9.67it/s] 60%|█████▉    | 3210/5360 [04:56<03:30, 10.20it/s] 60%|█████▉    | 3212/5360 [04:57<03:28, 10.29it/s] 60%|█████▉    | 3214/5360 [04:57<03:27, 10.32it/s] 60%|██████    | 3216/5360 [04:57<03:31, 10.15it/s] 60%|██████    | 3218/5360 [04:57<03:29, 10.21it/s] 60%|██████    | 3220/5360 [04:57<03:31, 10.12it/s] 60%|██████    | 3222/5360 [04:58<03:30, 10.17it/s] 60%|██████    | 3224/5360 [04:58<03:33, 10.01it/s] 60%|██████    | 3226/5360 [04:58<03:40,  9.68it/s] 60%|██████    | 3227/5360 [04:58<03:43,  9.55it/s] 60%|██████    | 3228/5360 [04:58<03:45,  9.43it/s] 60%|██████    | 3229/5360 [04:58<04:01,  8.82it/s] 60%|██████    | 3230/5360 [04:58<03:55,  9.06it/s] 60%|██████    | 3231/5360 [04:59<04:13,  8.40it/s] 60%|██████    | 3233/5360 [04:59<03:38,  9.74it/s] 60%|██████    | 3234/5360 [04:59<03:41,  9.62it/s] 60%|██████    | 3236/5360 [04:59<03:39,  9.69it/s] 60%|██████    | 3238/5360 [04:59<03:46,  9.38it/s] 60%|██████    | 3239/5360 [04:59<03:44,  9.47it/s] 60%|██████    | 3240/5360 [04:59<03:46,  9.36it/s] 60%|██████    | 3241/5360 [05:00<03:44,  9.42it/s] 60%|██████    | 3242/5360 [05:00<03:42,  9.52it/s] 61%|██████    | 3244/5360 [05:00<03:24, 10.35it/s] 61%|██████    | 3246/5360 [05:00<03:48,  9.27it/s] 61%|██████    | 3248/5360 [05:00<03:38,  9.69it/s] 61%|██████    | 3249/5360 [05:00<03:39,  9.63it/s] 61%|██████    | 3250/5360 [05:00<03:40,  9.57it/s] 61%|██████    | 3251/5360 [05:01<03:40,  9.58it/s] 61%|██████    | 3252/5360 [05:01<03:39,  9.58it/s] 61%|██████    | 3254/5360 [05:01<03:37,  9.67it/s] 61%|██████    | 3256/5360 [05:01<03:30,  9.98it/s] 61%|██████    | 3257/5360 [05:01<03:30,  9.98it/s] 61%|██████    | 3258/5360 [05:01<03:33,  9.85it/s] 61%|██████    | 3259/5360 [05:01<03:35,  9.73it/s] 61%|██████    | 3260/5360 [05:02<03:35,  9.75it/s] 61%|██████    | 3261/5360 [05:02<03:34,  9.77it/s] 61%|██████    | 3262/5360 [05:02<03:37,  9.66it/s] 61%|██████    | 3264/5360 [05:02<03:35,  9.73it/s] 61%|██████    | 3266/5360 [05:02<03:09, 11.08it/s] 61%|██████    | 3268/5360 [05:02<03:16, 10.62it/s] 61%|██████    | 3270/5360 [05:03<03:41,  9.43it/s] 61%|██████    | 3271/5360 [05:03<03:50,  9.05it/s] 61%|██████    | 3272/5360 [05:03<03:59,  8.73it/s] 61%|██████    | 3273/5360 [05:03<03:57,  8.80it/s] 61%|██████    | 3274/5360 [05:03<04:03,  8.58it/s] 61%|██████    | 3275/5360 [05:03<03:54,  8.88it/s] 61%|██████    | 3277/5360 [05:03<03:20, 10.38it/s] 61%|██████    | 3279/5360 [05:03<03:28,  9.99it/s] 61%|██████    | 3281/5360 [05:04<03:24, 10.19it/s] 61%|██████▏   | 3283/5360 [05:04<03:15, 10.60it/s] 61%|██████▏   | 3285/5360 [05:04<03:19, 10.40it/s] 61%|██████▏   | 3287/5360 [05:04<03:21, 10.28it/s] 61%|██████▏   | 3289/5360 [05:04<03:19, 10.39it/s] 61%|██████▏   | 3291/5360 [05:05<03:21, 10.27it/s] 61%|██████▏   | 3293/5360 [05:05<03:26,  9.99it/s] 61%|██████▏   | 3295/5360 [05:05<03:30,  9.81it/s] 61%|██████▏   | 3296/5360 [05:05<03:34,  9.64it/s] 62%|██████▏   | 3297/5360 [05:05<03:34,  9.60it/s] 62%|██████▏   | 3299/5360 [05:06<03:44,  9.19it/s] 62%|██████▏   | 3300/5360 [05:06<03:42,  9.28it/s] 62%|██████▏   | 3301/5360 [05:06<03:38,  9.43it/s] 62%|██████▏   | 3303/5360 [05:06<03:38,  9.40it/s] 62%|██████▏   | 3305/5360 [05:06<03:19, 10.33it/s] 62%|██████▏   | 3307/5360 [05:06<03:33,  9.62it/s] 62%|██████▏   | 3309/5360 [05:07<03:31,  9.70it/s] 62%|██████▏   | 3310/5360 [05:07<03:32,  9.63it/s] 62%|██████▏   | 3311/5360 [05:07<03:33,  9.60it/s] 62%|██████▏   | 3312/5360 [05:07<03:34,  9.57it/s] 62%|██████▏   | 3313/5360 [05:07<03:36,  9.47it/s] 62%|██████▏   | 3314/5360 [05:07<03:38,  9.37it/s] 62%|██████▏   | 3316/5360 [05:07<03:24, 10.00it/s] 62%|██████▏   | 3317/5360 [05:07<03:43,  9.14it/s] 62%|██████▏   | 3319/5360 [05:08<03:32,  9.59it/s] 62%|██████▏   | 3320/5360 [05:08<03:34,  9.50it/s] 62%|██████▏   | 3322/5360 [05:08<03:20, 10.16it/s] 62%|██████▏   | 3323/5360 [05:08<03:25,  9.89it/s] 62%|██████▏   | 3324/5360 [05:08<03:32,  9.58it/s] 62%|██████▏   | 3325/5360 [05:08<03:39,  9.26it/s] 62%|██████▏   | 3326/5360 [05:08<03:36,  9.39it/s] 62%|██████▏   | 3327/5360 [05:08<03:37,  9.36it/s] 62%|██████▏   | 3328/5360 [05:09<03:36,  9.37it/s] 62%|██████▏   | 3330/5360 [05:09<03:18, 10.20it/s] 62%|██████▏   | 3331/5360 [05:09<03:36,  9.37it/s] 62%|██████▏   | 3332/5360 [05:09<03:40,  9.19it/s] 62%|██████▏   | 3333/5360 [05:09<03:44,  9.04it/s] 62%|██████▏   | 3334/5360 [05:09<03:43,  9.08it/s] 62%|██████▏   | 3335/5360 [05:09<03:49,  8.82it/s] 62%|██████▏   | 3336/5360 [05:09<03:45,  8.96it/s] 62%|██████▏   | 3337/5360 [05:09<03:40,  9.19it/s] 62%|██████▏   | 3338/5360 [05:10<03:47,  8.90it/s] 62%|██████▏   | 3339/5360 [05:10<03:48,  8.84it/s] 62%|██████▏   | 3340/5360 [05:10<03:47,  8.87it/s] 62%|██████▏   | 3341/5360 [05:10<03:45,  8.96it/s] 62%|██████▏   | 3342/5360 [05:10<03:45,  8.97it/s] 62%|██████▏   | 3343/5360 [05:10<03:46,  8.89it/s] 62%|██████▏   | 3345/5360 [05:10<03:42,  9.06it/s] 62%|██████▏   | 3346/5360 [05:11<03:46,  8.89it/s] 62%|██████▏   | 3347/5360 [05:11<03:43,  9.01it/s] 62%|██████▏   | 3348/5360 [05:11<03:45,  8.94it/s] 62%|██████▏   | 3349/5360 [05:11<03:45,  8.93it/s] 62%|██████▎   | 3350/5360 [05:11<03:52,  8.63it/s] 63%|██████▎   | 3351/5360 [05:11<03:55,  8.54it/s] 63%|██████▎   | 3352/5360 [05:11<03:56,  8.49it/s] 63%|██████▎   | 3353/5360 [05:11<03:49,  8.73it/s] 63%|██████▎   | 3355/5360 [05:12<03:43,  8.98it/s] 63%|██████▎   | 3356/5360 [05:12<03:45,  8.89it/s] 63%|██████▎   | 3358/5360 [05:12<03:34,  9.32it/s] 63%|██████▎   | 3359/5360 [05:12<03:37,  9.19it/s] 63%|██████▎   | 3361/5360 [05:12<03:35,  9.27it/s] 63%|██████▎   | 3362/5360 [05:12<03:44,  8.88it/s] 63%|██████▎   | 3363/5360 [05:12<03:49,  8.70it/s] 63%|██████▎   | 3364/5360 [05:13<03:57,  8.39it/s] 63%|██████▎   | 3365/5360 [05:13<04:18,  7.70it/s] 63%|██████▎   | 3366/5360 [05:13<04:04,  8.15it/s] 63%|██████▎   | 3368/5360 [05:13<03:21,  9.89it/s] 63%|██████▎   | 3369/5360 [05:13<03:36,  9.19it/s] 63%|██████▎   | 3370/5360 [05:13<03:35,  9.23it/s] 63%|██████▎   | 3372/5360 [05:13<03:30,  9.44it/s] 63%|██████▎   | 3374/5360 [05:14<03:24,  9.70it/s] 63%|██████▎   | 3375/5360 [05:14<03:28,  9.53it/s] 63%|██████▎   | 3377/5360 [05:14<03:21,  9.83it/s] 63%|██████▎   | 3378/5360 [05:14<03:22,  9.80it/s] 63%|██████▎   | 3379/5360 [05:14<03:24,  9.67it/s] 63%|██████▎   | 3380/5360 [05:14<03:27,  9.56it/s] 63%|██████▎   | 3381/5360 [05:14<03:39,  9.02it/s] 63%|██████▎   | 3382/5360 [05:14<03:48,  8.66it/s] 63%|██████▎   | 3383/5360 [05:15<03:59,  8.26it/s] 63%|██████▎   | 3384/5360 [05:15<03:54,  8.42it/s] 63%|██████▎   | 3385/5360 [05:15<03:55,  8.39it/s] 63%|██████▎   | 3387/5360 [05:15<03:44,  8.80it/s] 63%|██████▎   | 3388/5360 [05:15<03:39,  8.98it/s] 63%|██████▎   | 3390/5360 [05:15<03:17,  9.97it/s] 63%|██████▎   | 3391/5360 [05:15<03:29,  9.39it/s] 63%|██████▎   | 3392/5360 [05:16<03:38,  8.99it/s] 63%|██████▎   | 3394/5360 [05:16<03:08, 10.43it/s] 63%|██████▎   | 3396/5360 [05:16<03:11, 10.26it/s] 63%|██████▎   | 3398/5360 [05:16<03:21,  9.76it/s] 63%|██████▎   | 3399/5360 [05:16<03:21,  9.74it/s] 63%|██████▎   | 3400/5360 [05:16<03:30,  9.31it/s] 63%|██████▎   | 3401/5360 [05:17<03:52,  8.42it/s] 63%|██████▎   | 3402/5360 [05:17<03:47,  8.59it/s] 63%|██████▎   | 3403/5360 [05:17<03:57,  8.23it/s] 64%|██████▎   | 3404/5360 [05:17<03:51,  8.44it/s] 64%|██████▎   | 3406/5360 [05:17<03:20,  9.76it/s] 64%|██████▎   | 3407/5360 [05:17<03:19,  9.79it/s] 64%|██████▎   | 3409/5360 [05:17<03:16,  9.91it/s] 64%|██████▎   | 3411/5360 [05:18<03:02, 10.70it/s] 64%|██████▎   | 3413/5360 [05:18<03:06, 10.41it/s] 64%|██████▎   | 3415/5360 [05:18<03:04, 10.52it/s] 64%|██████▍   | 3417/5360 [05:18<02:54, 11.15it/s] 64%|██████▍   | 3419/5360 [05:18<02:58, 10.86it/s] 64%|██████▍   | 3421/5360 [05:18<02:56, 10.97it/s] 64%|██████▍   | 3423/5360 [05:19<02:58, 10.86it/s] 64%|██████▍   | 3425/5360 [05:19<02:52, 11.20it/s] 64%|██████▍   | 3427/5360 [05:19<02:55, 11.00it/s] 64%|██████▍   | 3429/5360 [05:19<03:00, 10.71it/s] 64%|██████▍   | 3431/5360 [05:19<03:03, 10.53it/s] 64%|██████▍   | 3433/5360 [05:20<02:45, 11.66it/s] 64%|██████▍   | 3435/5360 [05:20<02:44, 11.68it/s] 64%|██████▍   | 3437/5360 [05:20<02:57, 10.83it/s] 64%|██████▍   | 3439/5360 [05:20<02:58, 10.79it/s] 64%|██████▍   | 3441/5360 [05:20<03:04, 10.39it/s] 64%|██████▍   | 3443/5360 [05:20<03:03, 10.45it/s] 64%|██████▍   | 3445/5360 [05:21<02:52, 11.13it/s] 64%|██████▍   | 3447/5360 [05:21<02:57, 10.80it/s] 64%|██████▍   | 3449/5360 [05:21<03:00, 10.58it/s] 64%|██████▍   | 3451/5360 [05:21<02:59, 10.64it/s] 64%|██████▍   | 3453/5360 [05:21<02:51, 11.14it/s] 64%|██████▍   | 3455/5360 [05:22<02:53, 10.95it/s] 64%|██████▍   | 3457/5360 [05:22<02:56, 10.79it/s] 65%|██████▍   | 3459/5360 [05:22<02:53, 10.94it/s] 65%|██████▍   | 3461/5360 [05:22<02:55, 10.82it/s] 65%|██████▍   | 3463/5360 [05:22<02:49, 11.18it/s] 65%|██████▍   | 3465/5360 [05:22<02:53, 10.93it/s] 65%|██████▍   | 3467/5360 [05:23<02:53, 10.91it/s] 65%|██████▍   | 3469/5360 [05:23<03:03, 10.28it/s] 65%|██████▍   | 3471/5360 [05:23<03:07, 10.10it/s] 65%|██████▍   | 3473/5360 [05:23<03:00, 10.47it/s] 65%|██████▍   | 3475/5360 [05:23<03:05, 10.19it/s] 65%|██████▍   | 3477/5360 [05:24<03:07, 10.04it/s] 65%|██████▍   | 3479/5360 [05:24<02:52, 10.89it/s] 65%|██████▍   | 3481/5360 [05:24<02:55, 10.68it/s] 65%|██████▍   | 3483/5360 [05:24<02:57, 10.57it/s] 65%|██████▌   | 3485/5360 [05:24<02:49, 11.05it/s] 65%|██████▌   | 3487/5360 [05:25<02:53, 10.82it/s] 65%|██████▌   | 3489/5360 [05:25<02:48, 11.08it/s] 65%|██████▌   | 3491/5360 [05:25<02:58, 10.48it/s] 65%|██████▌   | 3493/5360 [05:25<03:03, 10.17it/s] 65%|██████▌   | 3495/5360 [05:25<03:08,  9.87it/s] 65%|██████▌   | 3497/5360 [05:26<02:50, 10.93it/s] 65%|██████▌   | 3499/5360 [05:26<02:55, 10.60it/s] 65%|██████▌   | 3501/5360 [05:26<02:55, 10.59it/s] 65%|██████▌   | 3503/5360 [05:26<02:44, 11.29it/s] 65%|██████▌   | 3505/5360 [05:26<02:45, 11.20it/s] 65%|██████▌   | 3507/5360 [05:26<02:45, 11.18it/s] 65%|██████▌   | 3509/5360 [05:27<02:43, 11.33it/s] 66%|██████▌   | 3511/5360 [05:27<02:51, 10.78it/s] 66%|██████▌   | 3513/5360 [05:27<02:46, 11.12it/s] 66%|██████▌   | 3515/5360 [05:27<02:49, 10.91it/s] 66%|██████▌   | 3517/5360 [05:27<02:45, 11.17it/s] 66%|██████▌   | 3519/5360 [05:28<03:02, 10.07it/s] 66%|██████▌   | 3521/5360 [05:28<03:15,  9.39it/s] 66%|██████▌   | 3522/5360 [05:28<03:16,  9.36it/s] 66%|██████▌   | 3524/5360 [05:28<02:58, 10.30it/s] 66%|██████▌   | 3526/5360 [05:28<02:55, 10.45it/s] 66%|██████▌   | 3528/5360 [05:28<02:53, 10.57it/s] 66%|██████▌   | 3530/5360 [05:29<02:57, 10.33it/s] 66%|██████▌   | 3532/5360 [05:29<02:52, 10.61it/s] 66%|██████▌   | 3534/5360 [05:29<02:51, 10.62it/s] 66%|██████▌   | 3536/5360 [05:29<02:43, 11.17it/s] 66%|██████▌   | 3538/5360 [05:29<02:47, 10.87it/s] 66%|██████▌   | 3540/5360 [05:30<02:40, 11.37it/s] 66%|██████▌   | 3542/5360 [05:30<02:42, 11.20it/s] 66%|██████▌   | 3544/5360 [05:30<02:37, 11.50it/s] 66%|██████▌   | 3546/5360 [05:30<02:45, 10.96it/s] 66%|██████▌   | 3548/5360 [05:30<03:04,  9.81it/s] 66%|██████▌   | 3550/5360 [05:30<02:44, 11.00it/s] 66%|██████▋   | 3552/5360 [05:31<02:33, 11.76it/s] 66%|██████▋   | 3554/5360 [05:31<02:37, 11.44it/s] 66%|██████▋   | 3556/5360 [05:31<02:32, 11.84it/s] 66%|██████▋   | 3558/5360 [05:31<02:40, 11.25it/s] 66%|██████▋   | 3560/5360 [05:31<02:41, 11.17it/s] 66%|██████▋   | 3562/5360 [05:32<02:47, 10.75it/s] 66%|██████▋   | 3564/5360 [05:32<02:45, 10.88it/s] 67%|██████▋   | 3566/5360 [05:32<02:32, 11.80it/s] 67%|██████▋   | 3568/5360 [05:32<02:40, 11.13it/s] 67%|██████▋   | 3570/5360 [05:32<02:47, 10.69it/s] 67%|██████▋   | 3572/5360 [05:32<02:35, 11.48it/s] 67%|██████▋   | 3574/5360 [05:33<02:40, 11.12it/s] 67%|██████▋   | 3576/5360 [05:33<02:35, 11.45it/s] 67%|██████▋   | 3578/5360 [05:33<02:38, 11.21it/s] 67%|██████▋   | 3580/5360 [05:33<02:34, 11.50it/s] 67%|██████▋   | 3582/5360 [05:33<02:22, 12.46it/s] 67%|██████▋   | 3584/5360 [05:33<02:14, 13.16it/s] 67%|██████▋   | 3586/5360 [05:34<02:23, 12.32it/s] 67%|██████▋   | 3588/5360 [05:34<02:26, 12.07it/s] 67%|██████▋   | 3590/5360 [05:34<02:26, 12.10it/s] 67%|██████▋   | 3592/5360 [05:34<02:32, 11.60it/s] 67%|██████▋   | 3594/5360 [05:34<02:22, 12.38it/s] 67%|██████▋   | 3596/5360 [05:34<02:31, 11.62it/s] 67%|██████▋   | 3598/5360 [05:35<02:32, 11.53it/s] 67%|██████▋   | 3600/5360 [05:35<02:50, 10.34it/s] 67%|██████▋   | 3602/5360 [05:35<02:53, 10.11it/s] 67%|██████▋   | 3604/5360 [05:35<03:01,  9.67it/s] 67%|██████▋   | 3606/5360 [05:35<02:47, 10.44it/s] 67%|██████▋   | 3608/5360 [05:36<02:46, 10.50it/s] 67%|██████▋   | 3610/5360 [05:36<02:37, 11.14it/s] 67%|██████▋   | 3612/5360 [05:36<02:42, 10.74it/s] 67%|██████▋   | 3614/5360 [05:36<02:38, 11.00it/s] 67%|██████▋   | 3616/5360 [05:36<02:39, 10.93it/s] 68%|██████▊   | 3618/5360 [05:36<02:33, 11.37it/s] 68%|██████▊   | 3620/5360 [05:37<02:30, 11.53it/s] 68%|██████▊   | 3622/5360 [05:37<02:37, 11.05it/s] 68%|██████▊   | 3624/5360 [05:37<02:33, 11.30it/s] 68%|██████▊   | 3626/5360 [05:37<02:26, 11.84it/s] 68%|██████▊   | 3628/5360 [05:37<02:31, 11.42it/s] 68%|██████▊   | 3630/5360 [05:38<02:31, 11.39it/s] 68%|██████▊   | 3632/5360 [05:38<02:23, 12.05it/s] 68%|██████▊   | 3634/5360 [05:38<02:26, 11.80it/s] 68%|██████▊   | 3636/5360 [05:38<02:13, 12.87it/s] 68%|██████▊   | 3638/5360 [05:38<02:23, 12.04it/s] 68%|██████▊   | 3640/5360 [05:38<02:19, 12.36it/s] 68%|██████▊   | 3642/5360 [05:39<02:26, 11.71it/s] 68%|██████▊   | 3644/5360 [05:39<02:34, 11.10it/s] 68%|██████▊   | 3646/5360 [05:39<02:42, 10.54it/s] 68%|██████▊   | 3648/5360 [05:39<02:52,  9.92it/s] 68%|██████▊   | 3650/5360 [05:39<02:31, 11.26it/s] 68%|██████▊   | 3652/5360 [05:39<02:30, 11.35it/s] 68%|██████▊   | 3654/5360 [05:40<02:36, 10.92it/s] 68%|██████▊   | 3656/5360 [05:40<02:29, 11.38it/s] 68%|██████▊   | 3658/5360 [05:40<02:19, 12.18it/s] 68%|██████▊   | 3660/5360 [05:40<02:20, 12.12it/s] 68%|██████▊   | 3662/5360 [05:40<02:23, 11.84it/s] 68%|██████▊   | 3664/5360 [05:40<02:16, 12.46it/s] 68%|██████▊   | 3666/5360 [05:41<02:19, 12.13it/s] 68%|██████▊   | 3668/5360 [05:41<02:22, 11.87it/s] 68%|██████▊   | 3670/5360 [05:41<02:21, 11.96it/s] 69%|██████▊   | 3672/5360 [05:41<02:21, 11.90it/s] 69%|██████▊   | 3674/5360 [05:41<02:24, 11.66it/s] 69%|██████▊   | 3676/5360 [05:41<02:14, 12.50it/s] 69%|██████▊   | 3678/5360 [05:42<02:12, 12.70it/s] 69%|██████▊   | 3680/5360 [05:42<02:11, 12.81it/s] 69%|██████▊   | 3682/5360 [05:42<02:08, 13.02it/s] 69%|██████▊   | 3684/5360 [05:42<02:06, 13.20it/s] 69%|██████▉   | 3686/5360 [05:42<02:13, 12.52it/s] 69%|██████▉   | 3688/5360 [05:42<02:21, 11.82it/s] 69%|██████▉   | 3690/5360 [05:43<02:24, 11.55it/s] 69%|██████▉   | 3692/5360 [05:43<02:12, 12.60it/s] 69%|██████▉   | 3694/5360 [05:43<02:11, 12.69it/s] 69%|██████▉   | 3696/5360 [05:43<02:20, 11.84it/s] 69%|██████▉   | 3698/5360 [05:43<02:29, 11.13it/s] 69%|██████▉   | 3700/5360 [05:43<02:33, 10.85it/s] 69%|██████▉   | 3702/5360 [05:44<02:35, 10.67it/s] 69%|██████▉   | 3704/5360 [05:44<02:30, 11.00it/s] 69%|██████▉   | 3706/5360 [05:44<02:20, 11.79it/s] 69%|██████▉   | 3708/5360 [05:44<02:18, 11.95it/s] 69%|██████▉   | 3710/5360 [05:44<02:15, 12.20it/s] 69%|██████▉   | 3712/5360 [05:44<02:07, 12.89it/s] 69%|██████▉   | 3714/5360 [05:45<02:11, 12.50it/s] 69%|██████▉   | 3716/5360 [05:45<02:06, 12.96it/s] 69%|██████▉   | 3718/5360 [05:45<02:13, 12.28it/s] 69%|██████▉   | 3720/5360 [05:45<02:10, 12.59it/s] 69%|██████▉   | 3722/5360 [05:45<02:25, 11.27it/s] 69%|██████▉   | 3724/5360 [05:45<02:18, 11.84it/s] 70%|██████▉   | 3726/5360 [05:46<02:23, 11.37it/s] 70%|██████▉   | 3728/5360 [05:46<02:17, 11.91it/s] 70%|██████▉   | 3730/5360 [05:46<02:20, 11.64it/s] 70%|██████▉   | 3732/5360 [05:46<02:34, 10.51it/s] 70%|██████▉   | 3734/5360 [05:46<02:20, 11.56it/s] 70%|██████▉   | 3736/5360 [05:47<02:25, 11.16it/s] 70%|██████▉   | 3738/5360 [05:47<02:23, 11.28it/s] 70%|██████▉   | 3740/5360 [05:47<02:31, 10.68it/s] 70%|██████▉   | 3742/5360 [05:47<02:36, 10.37it/s] 70%|██████▉   | 3744/5360 [05:47<02:25, 11.07it/s] 70%|██████▉   | 3746/5360 [05:47<02:26, 10.99it/s] 70%|██████▉   | 3748/5360 [05:48<02:23, 11.20it/s] 70%|██████▉   | 3750/5360 [05:48<02:24, 11.12it/s] 70%|███████   | 3752/5360 [05:48<02:28, 10.79it/s] 70%|███████   | 3754/5360 [05:48<02:22, 11.25it/s] 70%|███████   | 3756/5360 [05:48<02:15, 11.86it/s] 70%|███████   | 3758/5360 [05:48<02:19, 11.47it/s] 70%|███████   | 3760/5360 [05:49<02:25, 10.99it/s] 70%|███████   | 3762/5360 [05:49<02:26, 10.93it/s] 70%|███████   | 3764/5360 [05:49<02:25, 11.00it/s] 70%|███████   | 3766/5360 [05:49<02:24, 11.02it/s] 70%|███████   | 3768/5360 [05:49<02:24, 11.03it/s] 70%|███████   | 3770/5360 [05:50<02:41,  9.85it/s] 70%|███████   | 3772/5360 [05:50<02:51,  9.26it/s] 70%|███████   | 3773/5360 [05:50<02:53,  9.15it/s] 70%|███████   | 3775/5360 [05:50<02:34, 10.26it/s] 70%|███████   | 3777/5360 [05:50<02:31, 10.47it/s] 71%|███████   | 3779/5360 [05:51<02:24, 10.95it/s] 71%|███████   | 3781/5360 [05:51<02:24, 10.90it/s] 71%|███████   | 3783/5360 [05:51<02:17, 11.49it/s] 71%|███████   | 3785/5360 [05:51<02:20, 11.22it/s] 71%|███████   | 3787/5360 [05:51<02:24, 10.91it/s] 71%|███████   | 3789/5360 [05:51<02:24, 10.87it/s] 71%|███████   | 3791/5360 [05:52<02:26, 10.72it/s] 71%|███████   | 3793/5360 [05:52<02:23, 10.91it/s] 71%|███████   | 3795/5360 [05:52<02:22, 11.00it/s] 71%|███████   | 3797/5360 [05:52<02:28, 10.55it/s] 71%|███████   | 3799/5360 [05:52<02:27, 10.59it/s] 71%|███████   | 3801/5360 [05:53<02:21, 11.03it/s] 71%|███████   | 3803/5360 [05:53<02:16, 11.44it/s] 71%|███████   | 3805/5360 [05:53<02:12, 11.75it/s] 71%|███████   | 3807/5360 [05:53<02:18, 11.22it/s] 71%|███████   | 3809/5360 [05:53<02:24, 10.76it/s] 71%|███████   | 3811/5360 [05:53<02:25, 10.62it/s] 71%|███████   | 3813/5360 [05:54<02:26, 10.55it/s] 71%|███████   | 3815/5360 [05:54<02:26, 10.51it/s] 71%|███████   | 3817/5360 [05:54<02:14, 11.44it/s] 71%|███████▏  | 3819/5360 [05:54<02:28, 10.39it/s] 71%|███████▏  | 3821/5360 [05:54<02:33, 10.02it/s] 71%|███████▏  | 3823/5360 [05:55<02:44,  9.35it/s] 71%|███████▏  | 3825/5360 [05:55<02:34,  9.94it/s] 71%|███████▏  | 3827/5360 [05:55<02:25, 10.56it/s] 71%|███████▏  | 3829/5360 [05:55<02:24, 10.57it/s] 71%|███████▏  | 3831/5360 [05:55<02:25, 10.54it/s] 72%|███████▏  | 3833/5360 [05:56<02:15, 11.26it/s] 72%|███████▏  | 3835/5360 [05:56<02:15, 11.26it/s] 72%|███████▏  | 3837/5360 [05:56<02:12, 11.49it/s] 72%|███████▏  | 3839/5360 [05:56<02:18, 11.02it/s] 72%|███████▏  | 3841/5360 [05:56<02:10, 11.66it/s] 72%|███████▏  | 3843/5360 [05:56<02:08, 11.85it/s] 72%|███████▏  | 3845/5360 [05:57<02:12, 11.47it/s] 72%|███████▏  | 3847/5360 [05:57<02:14, 11.22it/s] 72%|███████▏  | 3849/5360 [05:57<02:12, 11.44it/s] 72%|███████▏  | 3851/5360 [05:57<02:12, 11.35it/s] 72%|███████▏  | 3853/5360 [05:57<02:03, 12.23it/s] 72%|███████▏  | 3855/5360 [05:57<02:08, 11.67it/s] 72%|███████▏  | 3857/5360 [05:58<02:14, 11.17it/s] 72%|███████▏  | 3859/5360 [05:58<02:03, 12.11it/s] 72%|███████▏  | 3861/5360 [05:58<02:12, 11.35it/s] 72%|███████▏  | 3863/5360 [05:58<02:08, 11.65it/s] 72%|███████▏  | 3865/5360 [05:58<02:13, 11.24it/s] 72%|███████▏  | 3867/5360 [05:58<02:10, 11.43it/s] 72%|███████▏  | 3869/5360 [05:59<02:16, 10.89it/s] 72%|███████▏  | 3871/5360 [05:59<02:10, 11.44it/s] 72%|███████▏  | 3873/5360 [05:59<02:06, 11.80it/s] 72%|███████▏  | 3875/5360 [05:59<02:12, 11.24it/s] 72%|███████▏  | 3877/5360 [05:59<02:13, 11.09it/s] 72%|███████▏  | 3879/5360 [06:00<02:08, 11.55it/s] 72%|███████▏  | 3881/5360 [06:00<02:11, 11.21it/s] 72%|███████▏  | 3883/5360 [06:00<02:15, 10.91it/s] 72%|███████▏  | 3885/5360 [06:00<02:18, 10.68it/s] 73%|███████▎  | 3887/5360 [06:00<02:19, 10.57it/s] 73%|███████▎  | 3889/5360 [06:00<02:12, 11.12it/s] 73%|███████▎  | 3891/5360 [06:01<02:17, 10.71it/s] 73%|███████▎  | 3893/5360 [06:01<02:20, 10.45it/s] 73%|███████▎  | 3895/5360 [06:01<02:11, 11.16it/s] 73%|███████▎  | 3897/5360 [06:01<02:19, 10.49it/s] 73%|███████▎  | 3899/5360 [06:01<02:23, 10.21it/s] 73%|███████▎  | 3901/5360 [06:02<02:19, 10.48it/s] 73%|███████▎  | 3903/5360 [06:02<02:22, 10.19it/s] 73%|███████▎  | 3905/5360 [06:02<02:24, 10.10it/s] 73%|███████▎  | 3907/5360 [06:02<02:21, 10.29it/s] 73%|███████▎  | 3909/5360 [06:02<02:28,  9.75it/s] 73%|███████▎  | 3911/5360 [06:03<02:27,  9.79it/s] 73%|███████▎  | 3913/5360 [06:03<02:20, 10.28it/s] 73%|███████▎  | 3915/5360 [06:03<02:10, 11.05it/s] 73%|███████▎  | 3917/5360 [06:03<02:14, 10.74it/s] 73%|███████▎  | 3919/5360 [06:03<02:13, 10.77it/s] 73%|███████▎  | 3921/5360 [06:04<02:13, 10.79it/s] 73%|███████▎  | 3923/5360 [06:04<02:12, 10.82it/s] 73%|███████▎  | 3925/5360 [06:04<02:18, 10.33it/s] 73%|███████▎  | 3927/5360 [06:04<02:15, 10.59it/s] 73%|███████▎  | 3929/5360 [06:04<02:14, 10.61it/s] 73%|███████▎  | 3931/5360 [06:05<02:20, 10.15it/s] 73%|███████▎  | 3933/5360 [06:05<02:23,  9.93it/s] 73%|███████▎  | 3935/5360 [06:05<02:17, 10.36it/s] 73%|███████▎  | 3937/5360 [06:05<02:05, 11.34it/s] 73%|███████▎  | 3939/5360 [06:05<02:07, 11.15it/s] 74%|███████▎  | 3941/5360 [06:05<02:08, 11.06it/s] 74%|███████▎  | 3943/5360 [06:06<01:59, 11.81it/s] 74%|███████▎  | 3945/5360 [06:06<01:57, 12.02it/s] 74%|███████▎  | 3947/5360 [06:06<01:57, 12.01it/s] 74%|███████▎  | 3949/5360 [06:06<02:08, 10.94it/s] 74%|███████▎  | 3951/5360 [06:06<02:11, 10.69it/s] 74%|███████▍  | 3953/5360 [06:07<02:18, 10.17it/s] 74%|███████▍  | 3955/5360 [06:07<02:04, 11.25it/s] 74%|███████▍  | 3957/5360 [06:07<02:00, 11.60it/s] 74%|███████▍  | 3959/5360 [06:07<01:54, 12.22it/s] 74%|███████▍  | 3961/5360 [06:07<01:58, 11.80it/s] 74%|███████▍  | 3963/5360 [06:07<01:53, 12.32it/s] 74%|███████▍  | 3965/5360 [06:08<02:00, 11.60it/s] 74%|███████▍  | 3967/5360 [06:08<02:01, 11.43it/s] 74%|███████▍  | 3969/5360 [06:08<02:07, 10.91it/s] 74%|███████▍  | 3971/5360 [06:08<01:57, 11.85it/s] 74%|███████▍  | 3973/5360 [06:08<01:56, 11.95it/s] 74%|███████▍  | 3975/5360 [06:08<01:54, 12.06it/s] 74%|███████▍  | 3977/5360 [06:09<02:01, 11.40it/s] 74%|███████▍  | 3979/5360 [06:09<01:58, 11.63it/s] 74%|███████▍  | 3981/5360 [06:09<02:03, 11.16it/s] 74%|███████▍  | 3983/5360 [06:09<01:52, 12.20it/s] 74%|███████▍  | 3985/5360 [06:09<01:58, 11.63it/s] 74%|███████▍  | 3987/5360 [06:09<02:04, 11.06it/s] 74%|███████▍  | 3989/5360 [06:10<01:53, 12.10it/s] 74%|███████▍  | 3991/5360 [06:10<01:50, 12.41it/s] 74%|███████▍  | 3993/5360 [06:10<01:52, 12.11it/s] 75%|███████▍  | 3995/5360 [06:10<01:55, 11.81it/s] 75%|███████▍  | 3997/5360 [06:10<01:51, 12.20it/s] 75%|███████▍  | 3999/5360 [06:10<01:53, 12.01it/s] 75%|███████▍  | 4001/5360 [06:11<01:48, 12.48it/s] 75%|███████▍  | 4003/5360 [06:11<01:55, 11.78it/s] 75%|███████▍  | 4005/5360 [06:11<01:47, 12.56it/s] 75%|███████▍  | 4007/5360 [06:11<01:55, 11.71it/s] 75%|███████▍  | 4009/5360 [06:11<01:49, 12.35it/s] 75%|███████▍  | 4011/5360 [06:11<01:43, 13.01it/s] 75%|███████▍  | 4013/5360 [06:11<01:45, 12.75it/s] 75%|███████▍  | 4015/5360 [06:12<01:52, 11.96it/s] 75%|███████▍  | 4017/5360 [06:12<01:58, 11.37it/s] 75%|███████▍  | 4019/5360 [06:12<02:06, 10.56it/s] 75%|███████▌  | 4021/5360 [06:12<02:01, 11.00it/s] 75%|███████▌  | 4023/5360 [06:12<02:01, 11.00it/s] 75%|███████▌  | 4025/5360 [06:13<01:58, 11.26it/s] 75%|███████▌  | 4027/5360 [06:13<01:50, 12.12it/s] 75%|███████▌  | 4029/5360 [06:13<01:53, 11.72it/s] 75%|███████▌  | 4031/5360 [06:13<01:44, 12.68it/s] 75%|███████▌  | 4033/5360 [06:13<01:43, 12.86it/s] 75%|███████▌  | 4035/5360 [06:13<01:48, 12.17it/s] 75%|███████▌  | 4037/5360 [06:14<01:43, 12.73it/s] 75%|███████▌  | 4039/5360 [06:14<01:54, 11.50it/s] 75%|███████▌  | 4041/5360 [06:14<01:51, 11.84it/s] 75%|███████▌  | 4043/5360 [06:14<02:03, 10.68it/s] 75%|███████▌  | 4045/5360 [06:14<02:03, 10.68it/s] 76%|███████▌  | 4047/5360 [06:15<02:11,  9.95it/s] 76%|███████▌  | 4049/5360 [06:15<01:55, 11.31it/s] 76%|███████▌  | 4051/5360 [06:15<01:57, 11.18it/s] 76%|███████▌  | 4053/5360 [06:15<01:57, 11.16it/s] 76%|███████▌  | 4055/5360 [06:15<01:50, 11.82it/s] 76%|███████▌  | 4057/5360 [06:15<01:50, 11.80it/s] 76%|███████▌  | 4059/5360 [06:16<01:55, 11.27it/s] 76%|███████▌  | 4061/5360 [06:16<01:51, 11.64it/s] 76%|███████▌  | 4063/5360 [06:16<01:52, 11.48it/s] 76%|███████▌  | 4065/5360 [06:16<01:50, 11.75it/s] 76%|███████▌  | 4067/5360 [06:16<01:53, 11.35it/s] 76%|███████▌  | 4069/5360 [06:16<01:50, 11.72it/s] 76%|███████▌  | 4071/5360 [06:17<01:47, 11.96it/s] 76%|███████▌  | 4073/5360 [06:17<01:39, 12.94it/s] 76%|███████▌  | 4075/5360 [06:17<01:39, 12.96it/s] 76%|███████▌  | 4077/5360 [06:17<01:40, 12.75it/s] 76%|███████▌  | 4079/5360 [06:17<01:42, 12.52it/s] 76%|███████▌  | 4081/5360 [06:17<01:45, 12.11it/s] 76%|███████▌  | 4083/5360 [06:18<01:48, 11.75it/s] 76%|███████▌  | 4085/5360 [06:18<01:53, 11.22it/s] 76%|███████▋  | 4087/5360 [06:18<01:47, 11.85it/s] 76%|███████▋  | 4089/5360 [06:18<01:47, 11.86it/s] 76%|███████▋  | 4091/5360 [06:18<01:52, 11.30it/s] 76%|███████▋  | 4093/5360 [06:18<01:45, 12.03it/s] 76%|███████▋  | 4095/5360 [06:19<01:41, 12.52it/s] 76%|███████▋  | 4097/5360 [06:19<01:45, 11.93it/s] 76%|███████▋  | 4099/5360 [06:19<01:45, 12.01it/s] 77%|███████▋  | 4101/5360 [06:19<01:45, 11.94it/s] 77%|███████▋  | 4103/5360 [06:19<01:50, 11.40it/s] 77%|███████▋  | 4105/5360 [06:19<01:47, 11.67it/s] 77%|███████▋  | 4107/5360 [06:20<01:58, 10.56it/s] 77%|███████▋  | 4109/5360 [06:20<01:57, 10.68it/s] 77%|███████▋  | 4111/5360 [06:20<01:59, 10.46it/s] 77%|███████▋  | 4113/5360 [06:20<01:56, 10.74it/s] 77%|███████▋  | 4115/5360 [06:20<01:52, 11.05it/s] 77%|███████▋  | 4117/5360 [06:21<01:58, 10.48it/s] 77%|███████▋  | 4119/5360 [06:21<02:03, 10.04it/s] 77%|███████▋  | 4121/5360 [06:21<02:03, 10.05it/s] 77%|███████▋  | 4123/5360 [06:21<02:04,  9.97it/s] 77%|███████▋  | 4125/5360 [06:21<01:55, 10.67it/s] 77%|███████▋  | 4127/5360 [06:22<02:01, 10.18it/s] 77%|███████▋  | 4129/5360 [06:22<02:01, 10.10it/s] 77%|███████▋  | 4131/5360 [06:22<02:05,  9.79it/s] 77%|███████▋  | 4132/5360 [06:22<02:08,  9.58it/s] 77%|███████▋  | 4134/5360 [06:22<02:06,  9.72it/s] 77%|███████▋  | 4136/5360 [06:22<01:56, 10.47it/s] 77%|███████▋  | 4138/5360 [06:23<02:01, 10.09it/s] 77%|███████▋  | 4140/5360 [06:23<01:59, 10.20it/s] 77%|███████▋  | 4142/5360 [06:23<01:55, 10.53it/s] 77%|███████▋  | 4144/5360 [06:23<02:01, 10.00it/s] 77%|███████▋  | 4146/5360 [06:23<02:03,  9.85it/s] 77%|███████▋  | 4147/5360 [06:24<02:04,  9.78it/s] 77%|███████▋  | 4148/5360 [06:24<02:05,  9.63it/s] 77%|███████▋  | 4150/5360 [06:24<02:03,  9.80it/s] 77%|███████▋  | 4152/5360 [06:24<01:52, 10.70it/s] 78%|███████▊  | 4154/5360 [06:24<02:05,  9.61it/s] 78%|███████▊  | 4155/5360 [06:24<02:12,  9.07it/s] 78%|███████▊  | 4157/5360 [06:25<02:03,  9.76it/s] 78%|███████▊  | 4159/5360 [06:25<01:59, 10.01it/s] 78%|███████▊  | 4161/5360 [06:25<02:01,  9.89it/s] 78%|███████▊  | 4162/5360 [06:25<02:05,  9.57it/s] 78%|███████▊  | 4163/5360 [06:25<02:11,  9.11it/s] 78%|███████▊  | 4164/5360 [06:25<02:17,  8.67it/s] 78%|███████▊  | 4165/5360 [06:25<02:15,  8.85it/s] 78%|███████▊  | 4166/5360 [06:26<02:13,  8.93it/s] 78%|███████▊  | 4168/5360 [06:26<02:02,  9.72it/s] 78%|███████▊  | 4169/5360 [06:26<02:03,  9.63it/s] 78%|███████▊  | 4170/5360 [06:26<02:16,  8.74it/s] 78%|███████▊  | 4171/5360 [06:26<02:12,  8.96it/s] 78%|███████▊  | 4173/5360 [06:26<02:06,  9.41it/s] 78%|███████▊  | 4175/5360 [06:27<02:01,  9.74it/s] 78%|███████▊  | 4176/5360 [06:27<02:04,  9.49it/s] 78%|███████▊  | 4177/5360 [06:27<02:04,  9.50it/s] 78%|███████▊  | 4178/5360 [06:27<02:07,  9.25it/s] 78%|███████▊  | 4179/5360 [06:27<02:11,  9.00it/s] 78%|███████▊  | 4181/5360 [06:27<02:04,  9.45it/s] 78%|███████▊  | 4183/5360 [06:27<02:01,  9.71it/s] 78%|███████▊  | 4185/5360 [06:28<01:55, 10.14it/s] 78%|███████▊  | 4186/5360 [06:28<02:07,  9.24it/s] 78%|███████▊  | 4187/5360 [06:28<02:06,  9.25it/s] 78%|███████▊  | 4188/5360 [06:28<02:15,  8.62it/s] 78%|███████▊  | 4189/5360 [06:28<02:17,  8.53it/s] 78%|███████▊  | 4190/5360 [06:28<02:22,  8.23it/s] 78%|███████▊  | 4192/5360 [06:28<02:10,  8.93it/s] 78%|███████▊  | 4194/5360 [06:29<02:02,  9.52it/s] 78%|███████▊  | 4195/5360 [06:29<02:03,  9.43it/s] 78%|███████▊  | 4197/5360 [06:29<01:49, 10.58it/s] 78%|███████▊  | 4199/5360 [06:29<01:55, 10.06it/s] 78%|███████▊  | 4201/5360 [06:29<02:05,  9.21it/s] 78%|███████▊  | 4202/5360 [06:29<02:10,  8.91it/s] 78%|███████▊  | 4203/5360 [06:30<02:18,  8.35it/s] 78%|███████▊  | 4204/5360 [06:30<02:16,  8.47it/s] 78%|███████▊  | 4205/5360 [06:30<02:22,  8.09it/s] 78%|███████▊  | 4207/5360 [06:30<02:12,  8.70it/s] 79%|███████▊  | 4209/5360 [06:30<02:00,  9.51it/s] 79%|███████▊  | 4211/5360 [06:30<01:53, 10.10it/s] 79%|███████▊  | 4213/5360 [06:31<01:49, 10.48it/s] 79%|███████▊  | 4215/5360 [06:31<01:50, 10.36it/s] 79%|███████▊  | 4217/5360 [06:31<01:43, 11.04it/s] 79%|███████▊  | 4219/5360 [06:31<01:43, 11.03it/s] 79%|███████▉  | 4221/5360 [06:31<01:41, 11.24it/s] 79%|███████▉  | 4223/5360 [06:31<01:43, 10.98it/s] 79%|███████▉  | 4225/5360 [06:32<01:46, 10.70it/s] 79%|███████▉  | 4227/5360 [06:32<01:57,  9.64it/s] 79%|███████▉  | 4228/5360 [06:32<01:58,  9.59it/s] 79%|███████▉  | 4230/5360 [06:32<01:59,  9.44it/s] 79%|███████▉  | 4232/5360 [06:32<01:59,  9.45it/s] 79%|███████▉  | 4233/5360 [06:33<01:59,  9.45it/s] 79%|███████▉  | 4234/5360 [06:33<01:58,  9.52it/s] 79%|███████▉  | 4236/5360 [06:33<01:54,  9.85it/s] 79%|███████▉  | 4237/5360 [06:33<01:54,  9.80it/s] 79%|███████▉  | 4239/5360 [06:33<01:44, 10.71it/s] 79%|███████▉  | 4241/5360 [06:33<01:44, 10.70it/s] 79%|███████▉  | 4243/5360 [06:33<01:41, 11.03it/s] 79%|███████▉  | 4245/5360 [06:34<01:43, 10.79it/s] 79%|███████▉  | 4247/5360 [06:34<01:33, 11.86it/s] 79%|███████▉  | 4249/5360 [06:34<01:34, 11.77it/s] 79%|███████▉  | 4251/5360 [06:34<01:38, 11.25it/s] 79%|███████▉  | 4253/5360 [06:34<01:42, 10.82it/s] 79%|███████▉  | 4255/5360 [06:35<01:39, 11.08it/s] 79%|███████▉  | 4257/5360 [06:35<01:39, 11.03it/s] 79%|███████▉  | 4259/5360 [06:35<01:39, 11.07it/s] 79%|███████▉  | 4261/5360 [06:35<01:43, 10.66it/s] 80%|███████▉  | 4263/5360 [06:35<01:42, 10.74it/s] 80%|███████▉  | 4265/5360 [06:36<01:55,  9.49it/s] 80%|███████▉  | 4266/5360 [06:36<01:59,  9.18it/s] 80%|███████▉  | 4267/5360 [06:36<02:05,  8.71it/s] 80%|███████▉  | 4268/5360 [06:36<02:07,  8.59it/s] 80%|███████▉  | 4269/5360 [06:36<02:18,  7.85it/s] 80%|███████▉  | 4270/5360 [06:36<02:13,  8.19it/s] 80%|███████▉  | 4272/5360 [06:36<01:58,  9.14it/s] 80%|███████▉  | 4274/5360 [06:37<01:49,  9.90it/s] 80%|███████▉  | 4275/5360 [06:37<01:50,  9.86it/s] 80%|███████▉  | 4276/5360 [06:37<01:50,  9.84it/s] 80%|███████▉  | 4278/5360 [06:37<01:49,  9.86it/s] 80%|███████▉  | 4280/5360 [06:37<01:43, 10.46it/s] 80%|███████▉  | 4282/5360 [06:37<01:48,  9.91it/s] 80%|███████▉  | 4283/5360 [06:38<01:51,  9.68it/s] 80%|███████▉  | 4285/5360 [06:38<01:45, 10.18it/s] 80%|███████▉  | 4287/5360 [06:38<01:48,  9.90it/s] 80%|████████  | 4289/5360 [06:38<01:42, 10.45it/s] 80%|████████  | 4291/5360 [06:38<01:48,  9.81it/s] 80%|████████  | 4292/5360 [06:38<01:51,  9.60it/s] 80%|████████  | 4293/5360 [06:39<01:52,  9.51it/s] 80%|████████  | 4294/5360 [06:39<01:51,  9.53it/s] 80%|████████  | 4296/5360 [06:39<01:50,  9.62it/s] 80%|████████  | 4297/5360 [06:39<01:52,  9.47it/s] 80%|████████  | 4298/5360 [06:39<01:51,  9.56it/s] 80%|████████  | 4300/5360 [06:39<01:51,  9.52it/s] 80%|████████  | 4301/5360 [06:39<01:52,  9.41it/s] 80%|████████  | 4302/5360 [06:39<01:51,  9.48it/s] 80%|████████  | 4303/5360 [06:40<01:56,  9.11it/s] 80%|████████  | 4304/5360 [06:40<01:54,  9.22it/s] 80%|████████  | 4305/5360 [06:40<01:52,  9.38it/s] 80%|████████  | 4306/5360 [06:40<01:50,  9.50it/s] 80%|████████  | 4308/5360 [06:40<01:48,  9.73it/s] 80%|████████  | 4309/5360 [06:40<01:52,  9.37it/s] 80%|████████  | 4310/5360 [06:40<01:52,  9.34it/s] 80%|████████  | 4311/5360 [06:40<01:50,  9.49it/s] 80%|████████  | 4312/5360 [06:41<01:49,  9.58it/s] 80%|████████  | 4313/5360 [06:41<01:48,  9.64it/s] 80%|████████  | 4314/5360 [06:41<01:48,  9.67it/s] 81%|████████  | 4315/5360 [06:41<01:55,  9.08it/s] 81%|████████  | 4316/5360 [06:41<01:56,  8.99it/s] 81%|████████  | 4317/5360 [06:41<01:53,  9.17it/s] 81%|████████  | 4318/5360 [06:41<01:55,  9.06it/s] 81%|████████  | 4319/5360 [06:41<01:55,  9.05it/s] 81%|████████  | 4321/5360 [06:42<01:52,  9.21it/s] 81%|████████  | 4322/5360 [06:42<01:52,  9.26it/s] 81%|████████  | 4324/5360 [06:42<01:45,  9.80it/s] 81%|████████  | 4325/5360 [06:42<01:47,  9.59it/s] 81%|████████  | 4327/5360 [06:42<01:47,  9.63it/s] 81%|████████  | 4328/5360 [06:42<01:50,  9.38it/s] 81%|████████  | 4329/5360 [06:42<01:55,  8.92it/s] 81%|████████  | 4331/5360 [06:43<01:53,  9.08it/s] 81%|████████  | 4332/5360 [06:43<01:52,  9.18it/s] 81%|████████  | 4333/5360 [06:43<02:05,  8.16it/s] 81%|████████  | 4334/5360 [06:43<02:02,  8.40it/s] 81%|████████  | 4335/5360 [06:43<02:01,  8.42it/s] 81%|████████  | 4336/5360 [06:43<01:58,  8.62it/s] 81%|████████  | 4337/5360 [06:43<01:56,  8.77it/s] 81%|████████  | 4338/5360 [06:43<01:55,  8.88it/s] 81%|████████  | 4339/5360 [06:44<01:56,  8.77it/s] 81%|████████  | 4340/5360 [06:44<02:00,  8.46it/s] 81%|████████  | 4341/5360 [06:44<01:58,  8.59it/s] 81%|████████  | 4342/5360 [06:44<01:57,  8.69it/s] 81%|████████  | 4343/5360 [06:44<01:54,  8.88it/s] 81%|████████  | 4344/5360 [06:44<01:54,  8.84it/s] 81%|████████  | 4345/5360 [06:44<01:54,  8.84it/s] 81%|████████  | 4346/5360 [06:44<01:54,  8.89it/s] 81%|████████  | 4347/5360 [06:44<01:53,  8.91it/s] 81%|████████  | 4348/5360 [06:45<01:52,  9.01it/s] 81%|████████  | 4349/5360 [06:45<01:55,  8.79it/s] 81%|████████  | 4351/5360 [06:45<01:53,  8.92it/s] 81%|████████  | 4352/5360 [06:45<01:59,  8.42it/s] 81%|████████  | 4353/5360 [06:45<02:01,  8.30it/s] 81%|████████▏ | 4355/5360 [06:45<01:48,  9.22it/s] 81%|████████▏ | 4356/5360 [06:45<02:00,  8.36it/s] 81%|████████▏ | 4357/5360 [06:46<01:56,  8.58it/s] 81%|████████▏ | 4358/5360 [06:46<01:54,  8.78it/s] 81%|████████▏ | 4360/5360 [06:46<01:54,  8.70it/s] 81%|████████▏ | 4361/5360 [06:46<01:53,  8.81it/s] 81%|████████▏ | 4362/5360 [06:46<01:50,  9.00it/s] 81%|████████▏ | 4363/5360 [06:46<01:47,  9.23it/s] 81%|████████▏ | 4364/5360 [06:46<01:47,  9.22it/s] 81%|████████▏ | 4365/5360 [06:47<01:57,  8.44it/s] 81%|████████▏ | 4366/5360 [06:47<01:55,  8.58it/s] 81%|████████▏ | 4368/5360 [06:47<02:01,  8.16it/s] 82%|████████▏ | 4369/5360 [06:47<01:57,  8.46it/s] 82%|████████▏ | 4370/5360 [06:47<01:54,  8.67it/s] 82%|████████▏ | 4371/5360 [06:47<01:57,  8.40it/s] 82%|████████▏ | 4372/5360 [06:47<01:59,  8.24it/s] 82%|████████▏ | 4373/5360 [06:47<01:58,  8.35it/s] 82%|████████▏ | 4374/5360 [06:48<02:05,  7.83it/s] 82%|████████▏ | 4375/5360 [06:48<02:02,  8.06it/s] 82%|████████▏ | 4376/5360 [06:48<01:57,  8.38it/s] 82%|████████▏ | 4378/5360 [06:48<01:52,  8.74it/s] 82%|████████▏ | 4379/5360 [06:48<01:58,  8.28it/s] 82%|████████▏ | 4380/5360 [06:48<01:57,  8.33it/s] 82%|████████▏ | 4381/5360 [06:48<01:54,  8.58it/s] 82%|████████▏ | 4382/5360 [06:49<01:52,  8.67it/s] 82%|████████▏ | 4383/5360 [06:49<01:53,  8.64it/s] 82%|████████▏ | 4385/5360 [06:49<01:52,  8.64it/s] 82%|████████▏ | 4386/5360 [06:49<01:53,  8.56it/s] 82%|████████▏ | 4387/5360 [06:49<01:52,  8.61it/s] 82%|████████▏ | 4388/5360 [06:49<01:49,  8.86it/s] 82%|████████▏ | 4389/5360 [06:49<01:47,  9.04it/s] 82%|████████▏ | 4391/5360 [06:50<01:40,  9.67it/s] 82%|████████▏ | 4392/5360 [06:50<01:50,  8.79it/s] 82%|████████▏ | 4393/5360 [06:50<01:54,  8.45it/s] 82%|████████▏ | 4394/5360 [06:50<01:54,  8.43it/s] 82%|████████▏ | 4395/5360 [06:50<01:57,  8.22it/s] 82%|████████▏ | 4396/5360 [06:50<01:55,  8.34it/s] 82%|████████▏ | 4397/5360 [06:50<01:55,  8.35it/s] 82%|████████▏ | 4398/5360 [06:50<01:53,  8.48it/s] 82%|████████▏ | 4400/5360 [06:51<01:43,  9.28it/s] 82%|████████▏ | 4401/5360 [06:51<01:50,  8.65it/s] 82%|████████▏ | 4403/5360 [06:51<01:41,  9.41it/s] 82%|████████▏ | 4404/5360 [06:51<01:44,  9.17it/s] 82%|████████▏ | 4406/5360 [06:51<01:44,  9.11it/s] 82%|████████▏ | 4407/5360 [06:51<01:43,  9.17it/s] 82%|████████▏ | 4408/5360 [06:51<01:42,  9.25it/s] 82%|████████▏ | 4409/5360 [06:52<01:42,  9.32it/s] 82%|████████▏ | 4410/5360 [06:52<01:41,  9.40it/s] 82%|████████▏ | 4412/5360 [06:52<01:30, 10.44it/s] 82%|████████▏ | 4414/5360 [06:52<01:31, 10.30it/s] 82%|████████▏ | 4416/5360 [06:52<01:33, 10.08it/s] 82%|████████▏ | 4418/5360 [06:52<01:41,  9.28it/s] 82%|████████▏ | 4419/5360 [06:53<01:42,  9.17it/s] 82%|████████▏ | 4420/5360 [06:53<01:44,  9.02it/s] 82%|████████▏ | 4421/5360 [06:53<01:46,  8.84it/s] 82%|████████▎ | 4422/5360 [06:53<01:47,  8.75it/s] 83%|████████▎ | 4424/5360 [06:53<01:34,  9.94it/s] 83%|████████▎ | 4425/5360 [06:53<01:41,  9.22it/s] 83%|████████▎ | 4427/5360 [06:53<01:38,  9.46it/s] 83%|████████▎ | 4428/5360 [06:54<01:47,  8.63it/s] 83%|████████▎ | 4429/5360 [06:54<01:44,  8.89it/s] 83%|████████▎ | 4430/5360 [06:54<01:42,  9.04it/s] 83%|████████▎ | 4431/5360 [06:54<01:42,  9.07it/s] 83%|████████▎ | 4432/5360 [06:54<01:50,  8.40it/s] 83%|████████▎ | 4434/5360 [06:54<01:37,  9.51it/s] 83%|████████▎ | 4435/5360 [06:54<01:36,  9.58it/s] 83%|████████▎ | 4436/5360 [06:54<01:35,  9.63it/s] 83%|████████▎ | 4438/5360 [06:55<01:31, 10.05it/s] 83%|████████▎ | 4439/5360 [06:55<01:32,  9.99it/s] 83%|████████▎ | 4441/5360 [06:55<01:21, 11.27it/s] 83%|████████▎ | 4443/5360 [06:55<01:30, 10.18it/s] 83%|████████▎ | 4445/5360 [06:55<01:40,  9.10it/s] 83%|████████▎ | 4446/5360 [06:55<01:40,  9.06it/s] 83%|████████▎ | 4447/5360 [06:56<01:42,  8.91it/s] 83%|████████▎ | 4449/5360 [06:56<01:29, 10.14it/s] 83%|████████▎ | 4451/5360 [06:56<01:28, 10.25it/s] 83%|████████▎ | 4453/5360 [06:56<01:32,  9.77it/s] 83%|████████▎ | 4455/5360 [06:56<01:28, 10.23it/s] 83%|████████▎ | 4457/5360 [06:57<01:24, 10.69it/s] 83%|████████▎ | 4459/5360 [06:57<01:23, 10.85it/s] 83%|████████▎ | 4461/5360 [06:57<01:23, 10.76it/s] 83%|████████▎ | 4463/5360 [06:57<01:23, 10.77it/s] 83%|████████▎ | 4465/5360 [06:57<01:25, 10.53it/s] 83%|████████▎ | 4467/5360 [06:57<01:19, 11.17it/s] 83%|████████▎ | 4469/5360 [06:58<01:20, 11.02it/s] 83%|████████▎ | 4471/5360 [06:58<01:21, 10.91it/s] 83%|████████▎ | 4473/5360 [06:58<01:19, 11.14it/s] 83%|████████▎ | 4475/5360 [06:58<01:20, 11.00it/s] 84%|████████▎ | 4477/5360 [06:58<01:20, 10.93it/s] 84%|████████▎ | 4479/5360 [06:59<01:20, 10.89it/s] 84%|████████▎ | 4481/5360 [06:59<01:33,  9.44it/s] 84%|████████▎ | 4482/5360 [06:59<01:37,  8.97it/s] 84%|████████▎ | 4484/5360 [06:59<01:29,  9.83it/s] 84%|████████▎ | 4485/5360 [06:59<01:29,  9.73it/s] 84%|████████▎ | 4487/5360 [06:59<01:22, 10.55it/s] 84%|████████▍ | 4489/5360 [07:00<01:26, 10.10it/s] 84%|████████▍ | 4491/5360 [07:00<01:30,  9.60it/s] 84%|████████▍ | 4492/5360 [07:00<01:32,  9.35it/s] 84%|████████▍ | 4493/5360 [07:00<01:32,  9.37it/s] 84%|████████▍ | 4494/5360 [07:00<01:35,  9.10it/s] 84%|████████▍ | 4495/5360 [07:00<01:33,  9.24it/s] 84%|████████▍ | 4496/5360 [07:00<01:32,  9.32it/s] 84%|████████▍ | 4498/5360 [07:01<01:30,  9.58it/s] 84%|████████▍ | 4499/5360 [07:01<01:29,  9.58it/s] 84%|████████▍ | 4501/5360 [07:01<01:25, 10.00it/s] 84%|████████▍ | 4503/5360 [07:01<01:27,  9.75it/s] 84%|████████▍ | 4505/5360 [07:01<01:24, 10.08it/s] 84%|████████▍ | 4507/5360 [07:01<01:25,  9.92it/s] 84%|████████▍ | 4508/5360 [07:02<01:27,  9.75it/s] 84%|████████▍ | 4509/5360 [07:02<01:26,  9.79it/s] 84%|████████▍ | 4510/5360 [07:02<01:28,  9.64it/s] 84%|████████▍ | 4511/5360 [07:02<01:27,  9.70it/s] 84%|████████▍ | 4513/5360 [07:02<01:22, 10.31it/s] 84%|████████▍ | 4515/5360 [07:02<01:31,  9.26it/s] 84%|████████▍ | 4516/5360 [07:02<01:30,  9.31it/s] 84%|████████▍ | 4517/5360 [07:03<01:30,  9.27it/s] 84%|████████▍ | 4518/5360 [07:03<01:30,  9.32it/s] 84%|████████▍ | 4519/5360 [07:03<01:31,  9.15it/s] 84%|████████▍ | 4520/5360 [07:03<01:30,  9.33it/s] 84%|████████▍ | 4521/5360 [07:03<01:32,  9.10it/s] 84%|████████▍ | 4522/5360 [07:03<01:30,  9.22it/s] 84%|████████▍ | 4524/5360 [07:03<01:23,  9.98it/s] 84%|████████▍ | 4525/5360 [07:03<01:23,  9.97it/s] 84%|████████▍ | 4526/5360 [07:03<01:29,  9.36it/s] 84%|████████▍ | 4527/5360 [07:04<01:28,  9.37it/s] 84%|████████▍ | 4528/5360 [07:04<01:29,  9.32it/s] 84%|████████▍ | 4529/5360 [07:04<01:29,  9.32it/s] 85%|████████▍ | 4531/5360 [07:04<01:24,  9.84it/s] 85%|████████▍ | 4532/5360 [07:04<01:28,  9.40it/s] 85%|████████▍ | 4533/5360 [07:04<01:27,  9.44it/s] 85%|████████▍ | 4534/5360 [07:04<01:27,  9.41it/s] 85%|████████▍ | 4535/5360 [07:04<01:28,  9.31it/s] 85%|████████▍ | 4536/5360 [07:05<01:27,  9.40it/s] 85%|████████▍ | 4537/5360 [07:05<01:28,  9.35it/s] 85%|████████▍ | 4538/5360 [07:05<01:27,  9.38it/s] 85%|████████▍ | 4540/5360 [07:05<01:28,  9.30it/s] 85%|████████▍ | 4541/5360 [07:05<01:27,  9.35it/s] 85%|████████▍ | 4543/5360 [07:05<01:25,  9.57it/s] 85%|████████▍ | 4544/5360 [07:05<01:24,  9.66it/s] 85%|████████▍ | 4545/5360 [07:05<01:24,  9.64it/s] 85%|████████▍ | 4546/5360 [07:06<01:26,  9.45it/s] 85%|████████▍ | 4548/5360 [07:06<01:25,  9.45it/s] 85%|████████▍ | 4549/5360 [07:06<01:28,  9.21it/s] 85%|████████▍ | 4550/5360 [07:06<01:27,  9.21it/s] 85%|████████▍ | 4551/5360 [07:06<01:29,  9.04it/s] 85%|████████▍ | 4552/5360 [07:06<01:28,  9.17it/s] 85%|████████▍ | 4553/5360 [07:06<01:27,  9.21it/s] 85%|████████▍ | 4554/5360 [07:07<01:36,  8.39it/s] 85%|████████▍ | 4555/5360 [07:07<01:35,  8.43it/s] 85%|████████▌ | 4556/5360 [07:07<01:37,  8.27it/s] 85%|████████▌ | 4557/5360 [07:07<01:35,  8.42it/s] 85%|████████▌ | 4558/5360 [07:07<01:39,  8.05it/s] 85%|████████▌ | 4559/5360 [07:07<01:36,  8.29it/s] 85%|████████▌ | 4561/5360 [07:07<01:30,  8.82it/s] 85%|████████▌ | 4562/5360 [07:07<01:32,  8.59it/s] 85%|████████▌ | 4563/5360 [07:08<01:32,  8.60it/s] 85%|████████▌ | 4564/5360 [07:08<01:35,  8.36it/s] 85%|████████▌ | 4565/5360 [07:08<01:38,  8.04it/s] 85%|████████▌ | 4567/5360 [07:08<01:34,  8.43it/s] 85%|████████▌ | 4568/5360 [07:08<01:34,  8.40it/s] 85%|████████▌ | 4569/5360 [07:08<01:33,  8.44it/s] 85%|████████▌ | 4570/5360 [07:08<01:33,  8.49it/s] 85%|████████▌ | 4571/5360 [07:09<01:32,  8.53it/s] 85%|████████▌ | 4572/5360 [07:09<01:31,  8.66it/s] 85%|████████▌ | 4573/5360 [07:09<01:29,  8.79it/s] 85%|████████▌ | 4574/5360 [07:09<01:34,  8.29it/s] 85%|████████▌ | 4575/5360 [07:09<01:32,  8.51it/s] 85%|████████▌ | 4576/5360 [07:09<01:33,  8.43it/s] 85%|████████▌ | 4577/5360 [07:09<01:32,  8.51it/s] 85%|████████▌ | 4578/5360 [07:09<01:31,  8.56it/s] 85%|████████▌ | 4579/5360 [07:09<01:32,  8.45it/s] 85%|████████▌ | 4580/5360 [07:10<01:29,  8.74it/s] 85%|████████▌ | 4582/5360 [07:10<01:24,  9.26it/s] 86%|████████▌ | 4583/5360 [07:10<01:28,  8.79it/s] 86%|████████▌ | 4584/5360 [07:10<01:26,  8.98it/s] 86%|████████▌ | 4585/5360 [07:10<01:27,  8.88it/s] 86%|████████▌ | 4586/5360 [07:10<01:29,  8.63it/s] 86%|████████▌ | 4587/5360 [07:10<01:28,  8.74it/s] 86%|████████▌ | 4588/5360 [07:10<01:25,  9.01it/s] 86%|████████▌ | 4590/5360 [07:11<01:21,  9.43it/s] 86%|████████▌ | 4591/5360 [07:11<01:21,  9.49it/s] 86%|████████▌ | 4592/5360 [07:11<01:21,  9.41it/s] 86%|████████▌ | 4593/5360 [07:11<01:25,  8.92it/s] 86%|████████▌ | 4594/5360 [07:11<01:26,  8.85it/s] 86%|████████▌ | 4595/5360 [07:11<01:26,  8.89it/s] 86%|████████▌ | 4596/5360 [07:11<01:25,  8.93it/s] 86%|████████▌ | 4597/5360 [07:11<01:27,  8.72it/s] 86%|████████▌ | 4598/5360 [07:12<01:25,  8.92it/s] 86%|████████▌ | 4599/5360 [07:12<01:28,  8.59it/s] 86%|████████▌ | 4600/5360 [07:12<01:28,  8.60it/s] 86%|████████▌ | 4601/5360 [07:12<01:30,  8.35it/s] 86%|████████▌ | 4602/5360 [07:12<01:34,  8.05it/s] 86%|████████▌ | 4603/5360 [07:12<01:31,  8.28it/s] 86%|████████▌ | 4604/5360 [07:12<01:27,  8.61it/s] 86%|████████▌ | 4605/5360 [07:12<01:27,  8.63it/s] 86%|████████▌ | 4606/5360 [07:13<01:30,  8.35it/s] 86%|████████▌ | 4607/5360 [07:13<01:26,  8.66it/s] 86%|████████▌ | 4609/5360 [07:13<01:24,  8.90it/s] 86%|████████▌ | 4610/5360 [07:13<01:22,  9.11it/s] 86%|████████▌ | 4612/5360 [07:13<01:17,  9.65it/s] 86%|████████▌ | 4613/5360 [07:13<01:16,  9.73it/s] 86%|████████▌ | 4614/5360 [07:13<01:24,  8.83it/s] 86%|████████▌ | 4615/5360 [07:13<01:22,  8.99it/s] 86%|████████▌ | 4616/5360 [07:14<01:22,  9.05it/s] 86%|████████▌ | 4618/5360 [07:14<01:14,  9.96it/s] 86%|████████▌ | 4619/5360 [07:14<01:17,  9.62it/s] 86%|████████▌ | 4620/5360 [07:14<01:23,  8.86it/s] 86%|████████▌ | 4622/5360 [07:14<01:22,  9.00it/s] 86%|████████▋ | 4623/5360 [07:14<01:24,  8.72it/s] 86%|████████▋ | 4624/5360 [07:14<01:24,  8.75it/s] 86%|████████▋ | 4625/5360 [07:15<01:27,  8.39it/s] 86%|████████▋ | 4626/5360 [07:15<01:32,  7.95it/s] 86%|████████▋ | 4628/5360 [07:15<01:23,  8.75it/s] 86%|████████▋ | 4629/5360 [07:15<01:27,  8.36it/s] 86%|████████▋ | 4630/5360 [07:15<01:24,  8.59it/s] 86%|████████▋ | 4631/5360 [07:15<01:24,  8.62it/s] 86%|████████▋ | 4632/5360 [07:15<01:22,  8.86it/s] 86%|████████▋ | 4633/5360 [07:16<01:19,  9.14it/s] 86%|████████▋ | 4634/5360 [07:16<01:18,  9.28it/s] 86%|████████▋ | 4636/5360 [07:16<01:16,  9.52it/s] 87%|████████▋ | 4637/5360 [07:16<01:15,  9.53it/s] 87%|████████▋ | 4638/5360 [07:16<01:15,  9.51it/s] 87%|████████▋ | 4639/5360 [07:16<01:20,  8.93it/s] 87%|████████▋ | 4641/5360 [07:16<01:20,  8.92it/s] 87%|████████▋ | 4643/5360 [07:17<01:13,  9.77it/s] 87%|████████▋ | 4645/5360 [07:17<01:09, 10.32it/s] 87%|████████▋ | 4647/5360 [07:17<01:10, 10.06it/s] 87%|████████▋ | 4649/5360 [07:17<01:10, 10.14it/s] 87%|████████▋ | 4651/5360 [07:17<01:11,  9.98it/s] 87%|████████▋ | 4652/5360 [07:17<01:11,  9.96it/s] 87%|████████▋ | 4654/5360 [07:18<01:10,  9.99it/s] 87%|████████▋ | 4656/5360 [07:18<01:08, 10.22it/s] 87%|████████▋ | 4658/5360 [07:18<01:10,  9.91it/s] 87%|████████▋ | 4659/5360 [07:18<01:13,  9.56it/s] 87%|████████▋ | 4660/5360 [07:18<01:13,  9.48it/s] 87%|████████▋ | 4661/5360 [07:18<01:15,  9.28it/s] 87%|████████▋ | 4662/5360 [07:19<01:16,  9.16it/s] 87%|████████▋ | 4663/5360 [07:19<01:17,  9.02it/s] 87%|████████▋ | 4664/5360 [07:19<01:15,  9.21it/s] 87%|████████▋ | 4666/5360 [07:19<01:08, 10.06it/s] 87%|████████▋ | 4667/5360 [07:19<01:09,  9.95it/s] 87%|████████▋ | 4669/5360 [07:19<01:07, 10.23it/s] 87%|████████▋ | 4671/5360 [07:19<01:03, 10.91it/s] 87%|████████▋ | 4673/5360 [07:20<01:04, 10.70it/s] 87%|████████▋ | 4675/5360 [07:20<01:00, 11.25it/s] 87%|████████▋ | 4677/5360 [07:20<01:02, 10.97it/s] 87%|████████▋ | 4679/5360 [07:20<01:01, 11.03it/s] 87%|████████▋ | 4681/5360 [07:20<01:02, 10.91it/s] 87%|████████▋ | 4683/5360 [07:20<01:00, 11.23it/s] 87%|████████▋ | 4685/5360 [07:21<01:01, 11.02it/s] 87%|████████▋ | 4687/5360 [07:21<01:04, 10.51it/s] 87%|████████▋ | 4689/5360 [07:21<01:06, 10.15it/s] 88%|████████▊ | 4691/5360 [07:21<01:08,  9.70it/s] 88%|████████▊ | 4692/5360 [07:21<01:09,  9.67it/s] 88%|████████▊ | 4693/5360 [07:21<01:09,  9.66it/s] 88%|████████▊ | 4695/5360 [07:22<01:09,  9.56it/s] 88%|████████▊ | 4696/5360 [07:22<01:09,  9.49it/s] 88%|████████▊ | 4697/5360 [07:22<01:11,  9.22it/s] 88%|████████▊ | 4698/5360 [07:22<01:13,  9.05it/s] 88%|████████▊ | 4699/5360 [07:22<01:12,  9.12it/s] 88%|████████▊ | 4700/5360 [07:22<01:11,  9.22it/s] 88%|████████▊ | 4702/5360 [07:22<01:03, 10.41it/s] 88%|████████▊ | 4704/5360 [07:23<01:03, 10.30it/s] 88%|████████▊ | 4706/5360 [07:23<00:59, 10.94it/s] 88%|████████▊ | 4708/5360 [07:23<00:59, 10.89it/s] 88%|████████▊ | 4710/5360 [07:23<00:59, 10.90it/s] 88%|████████▊ | 4712/5360 [07:23<00:58, 10.99it/s] 88%|████████▊ | 4714/5360 [07:24<00:58, 10.97it/s] 88%|████████▊ | 4716/5360 [07:24<00:59, 10.90it/s] 88%|████████▊ | 4718/5360 [07:24<00:56, 11.32it/s] 88%|████████▊ | 4720/5360 [07:24<00:58, 10.85it/s] 88%|████████▊ | 4722/5360 [07:24<00:58, 10.91it/s] 88%|████████▊ | 4724/5360 [07:24<00:57, 11.03it/s] 88%|████████▊ | 4726/5360 [07:25<00:57, 11.07it/s] 88%|████████▊ | 4728/5360 [07:25<01:01, 10.20it/s] 88%|████████▊ | 4730/5360 [07:25<01:01, 10.23it/s] 88%|████████▊ | 4732/5360 [07:25<01:02, 10.09it/s] 88%|████████▊ | 4734/5360 [07:25<01:03,  9.94it/s] 88%|████████▊ | 4735/5360 [07:26<01:03,  9.92it/s] 88%|████████▊ | 4737/5360 [07:26<01:01, 10.11it/s] 88%|████████▊ | 4739/5360 [07:26<01:01, 10.03it/s] 88%|████████▊ | 4741/5360 [07:26<00:57, 10.69it/s] 88%|████████▊ | 4743/5360 [07:26<00:59, 10.44it/s] 89%|████████▊ | 4745/5360 [07:27<01:01,  9.98it/s] 89%|████████▊ | 4747/5360 [07:27<01:02,  9.79it/s] 89%|████████▊ | 4748/5360 [07:27<01:02,  9.81it/s] 89%|████████▊ | 4750/5360 [07:27<01:01,  9.90it/s] 89%|████████▊ | 4752/5360 [07:27<01:00,  9.97it/s] 89%|████████▊ | 4753/5360 [07:27<01:01,  9.81it/s] 89%|████████▊ | 4754/5360 [07:27<01:02,  9.63it/s] 89%|████████▊ | 4755/5360 [07:28<01:03,  9.51it/s] 89%|████████▊ | 4756/5360 [07:28<01:02,  9.61it/s] 89%|████████▉ | 4757/5360 [07:28<01:02,  9.64it/s] 89%|████████▉ | 4758/5360 [07:28<01:04,  9.32it/s] 89%|████████▉ | 4759/5360 [07:28<01:06,  8.99it/s] 89%|████████▉ | 4760/5360 [07:28<01:07,  8.94it/s] 89%|████████▉ | 4761/5360 [07:28<01:05,  9.19it/s] 89%|████████▉ | 4762/5360 [07:28<01:03,  9.36it/s] 89%|████████▉ | 4764/5360 [07:28<01:00,  9.90it/s] 89%|████████▉ | 4765/5360 [07:29<01:08,  8.72it/s] 89%|████████▉ | 4766/5360 [07:29<01:08,  8.64it/s] 89%|████████▉ | 4767/5360 [07:29<01:07,  8.75it/s] 89%|████████▉ | 4768/5360 [07:29<01:07,  8.78it/s] 89%|████████▉ | 4769/5360 [07:29<01:09,  8.50it/s] 89%|████████▉ | 4770/5360 [07:29<01:07,  8.68it/s] 89%|████████▉ | 4771/5360 [07:29<01:10,  8.34it/s] 89%|████████▉ | 4772/5360 [07:29<01:11,  8.28it/s] 89%|████████▉ | 4773/5360 [07:30<01:09,  8.45it/s] 89%|████████▉ | 4774/5360 [07:30<01:12,  8.09it/s] 89%|████████▉ | 4775/5360 [07:30<01:09,  8.44it/s] 89%|████████▉ | 4776/5360 [07:30<01:09,  8.43it/s] 89%|████████▉ | 4777/5360 [07:30<01:08,  8.50it/s] 89%|████████▉ | 4778/5360 [07:30<01:08,  8.46it/s] 89%|████████▉ | 4779/5360 [07:30<01:10,  8.23it/s] 89%|████████▉ | 4780/5360 [07:30<01:07,  8.56it/s] 89%|████████▉ | 4782/5360 [07:31<01:05,  8.79it/s] 89%|████████▉ | 4783/5360 [07:31<01:05,  8.79it/s] 89%|████████▉ | 4784/5360 [07:31<01:05,  8.81it/s] 89%|████████▉ | 4785/5360 [07:31<01:04,  8.95it/s] 89%|████████▉ | 4786/5360 [07:31<01:04,  8.88it/s] 89%|████████▉ | 4788/5360 [07:31<01:02,  9.16it/s] 89%|████████▉ | 4789/5360 [07:31<01:04,  8.92it/s] 89%|████████▉ | 4790/5360 [07:32<01:04,  8.88it/s] 89%|████████▉ | 4791/5360 [07:32<01:10,  8.06it/s] 89%|████████▉ | 4792/5360 [07:32<01:09,  8.19it/s] 89%|████████▉ | 4793/5360 [07:32<01:07,  8.39it/s] 89%|████████▉ | 4795/5360 [07:32<01:02,  9.03it/s] 89%|████████▉ | 4796/5360 [07:32<01:06,  8.45it/s] 89%|████████▉ | 4797/5360 [07:32<01:06,  8.53it/s] 90%|████████▉ | 4798/5360 [07:32<01:05,  8.61it/s] 90%|████████▉ | 4799/5360 [07:33<01:04,  8.75it/s] 90%|████████▉ | 4800/5360 [07:33<01:02,  8.98it/s] 90%|████████▉ | 4801/5360 [07:33<01:02,  8.92it/s] 90%|████████▉ | 4802/5360 [07:33<01:04,  8.60it/s] 90%|████████▉ | 4803/5360 [07:33<01:06,  8.36it/s] 90%|████████▉ | 4804/5360 [07:33<01:06,  8.33it/s] 90%|████████▉ | 4805/5360 [07:33<01:04,  8.54it/s] 90%|████████▉ | 4806/5360 [07:33<01:05,  8.51it/s] 90%|████████▉ | 4807/5360 [07:34<01:06,  8.33it/s] 90%|████████▉ | 4809/5360 [07:34<01:00,  9.05it/s] 90%|████████▉ | 4811/5360 [07:34<00:58,  9.34it/s] 90%|████████▉ | 4812/5360 [07:34<01:01,  8.97it/s] 90%|████████▉ | 4813/5360 [07:34<01:02,  8.81it/s] 90%|████████▉ | 4814/5360 [07:34<01:05,  8.30it/s] 90%|████████▉ | 4816/5360 [07:35<01:00,  8.92it/s] 90%|████████▉ | 4818/5360 [07:35<01:01,  8.87it/s] 90%|████████▉ | 4819/5360 [07:35<01:05,  8.30it/s] 90%|████████▉ | 4820/5360 [07:35<01:04,  8.34it/s] 90%|████████▉ | 4821/5360 [07:35<01:04,  8.35it/s] 90%|████████▉ | 4823/5360 [07:35<01:02,  8.60it/s] 90%|█████████ | 4824/5360 [07:36<01:03,  8.44it/s] 90%|█████████ | 4825/5360 [07:36<01:01,  8.68it/s] 90%|█████████ | 4826/5360 [07:36<01:00,  8.77it/s] 90%|█████████ | 4828/5360 [07:36<00:58,  9.09it/s] 90%|█████████ | 4829/5360 [07:36<00:58,  9.04it/s] 90%|█████████ | 4831/5360 [07:36<00:58,  9.07it/s] 90%|█████████ | 4833/5360 [07:36<00:57,  9.11it/s] 90%|█████████ | 4834/5360 [07:37<00:57,  9.13it/s] 90%|█████████ | 4835/5360 [07:37<00:56,  9.28it/s] 90%|█████████ | 4836/5360 [07:37<00:56,  9.33it/s] 90%|█████████ | 4838/5360 [07:37<00:54,  9.63it/s] 90%|█████████ | 4839/5360 [07:37<00:54,  9.57it/s] 90%|█████████ | 4841/5360 [07:37<00:54,  9.55it/s] 90%|█████████ | 4842/5360 [07:37<00:56,  9.20it/s] 90%|█████████ | 4843/5360 [07:38<00:58,  8.79it/s] 90%|█████████ | 4844/5360 [07:38<00:59,  8.67it/s] 90%|█████████ | 4845/5360 [07:38<01:01,  8.37it/s] 90%|█████████ | 4846/5360 [07:38<01:02,  8.23it/s] 90%|█████████ | 4847/5360 [07:38<01:04,  7.91it/s] 90%|█████████ | 4848/5360 [07:38<01:06,  7.73it/s] 90%|█████████ | 4849/5360 [07:38<01:02,  8.16it/s] 90%|█████████ | 4850/5360 [07:38<00:59,  8.51it/s] 91%|█████████ | 4851/5360 [07:39<00:57,  8.81it/s] 91%|█████████ | 4852/5360 [07:39<00:58,  8.73it/s] 91%|█████████ | 4853/5360 [07:39<00:56,  8.98it/s] 91%|█████████ | 4855/5360 [07:39<00:54,  9.20it/s] 91%|█████████ | 4856/5360 [07:39<00:54,  9.27it/s] 91%|█████████ | 4857/5360 [07:39<00:53,  9.39it/s] 91%|█████████ | 4858/5360 [07:39<00:53,  9.47it/s] 91%|█████████ | 4860/5360 [07:39<00:47, 10.61it/s] 91%|█████████ | 4862/5360 [07:40<00:49, 10.13it/s] 91%|█████████ | 4864/5360 [07:40<00:49, 10.12it/s] 91%|█████████ | 4866/5360 [07:40<00:44, 11.06it/s] 91%|█████████ | 4868/5360 [07:40<00:48, 10.17it/s] 91%|█████████ | 4870/5360 [07:40<00:48, 10.05it/s] 91%|█████████ | 4872/5360 [07:41<00:46, 10.49it/s] 91%|█████████ | 4874/5360 [07:41<00:46, 10.53it/s] 91%|█████████ | 4876/5360 [07:41<00:47, 10.15it/s] 91%|█████████ | 4878/5360 [07:41<00:50,  9.60it/s] 91%|█████████ | 4879/5360 [07:41<00:49,  9.66it/s] 91%|█████████ | 4880/5360 [07:41<00:49,  9.64it/s] 91%|█████████ | 4882/5360 [07:42<00:46, 10.23it/s] 91%|█████████ | 4884/5360 [07:42<00:44, 10.65it/s] 91%|█████████ | 4886/5360 [07:42<00:42, 11.27it/s] 91%|█████████ | 4888/5360 [07:42<00:43, 10.95it/s] 91%|█████████ | 4890/5360 [07:42<00:41, 11.30it/s] 91%|█████████▏| 4892/5360 [07:42<00:41, 11.30it/s] 91%|█████████▏| 4894/5360 [07:43<00:41, 11.10it/s] 91%|█████████▏| 4896/5360 [07:43<00:41, 11.09it/s] 91%|█████████▏| 4898/5360 [07:43<00:42, 10.92it/s] 91%|█████████▏| 4900/5360 [07:43<00:43, 10.62it/s] 91%|█████████▏| 4902/5360 [07:43<00:45, 10.10it/s] 91%|█████████▏| 4904/5360 [07:44<00:45, 10.07it/s] 92%|█████████▏| 4906/5360 [07:44<00:41, 10.87it/s] 92%|█████████▏| 4908/5360 [07:44<00:42, 10.52it/s] 92%|█████████▏| 4910/5360 [07:44<00:42, 10.53it/s] 92%|█████████▏| 4912/5360 [07:44<00:42, 10.50it/s] 92%|█████████▏| 4914/5360 [07:45<00:41, 10.62it/s] 92%|█████████▏| 4916/5360 [07:45<00:41, 10.78it/s] 92%|█████████▏| 4918/5360 [07:45<00:38, 11.36it/s] 92%|█████████▏| 4920/5360 [07:45<00:36, 11.90it/s] 92%|█████████▏| 4922/5360 [07:45<00:37, 11.54it/s] 92%|█████████▏| 4924/5360 [07:45<00:35, 12.32it/s] 92%|█████████▏| 4926/5360 [07:46<00:38, 11.40it/s] 92%|█████████▏| 4928/5360 [07:46<00:36, 11.75it/s] 92%|█████████▏| 4930/5360 [07:46<00:36, 11.83it/s] 92%|█████████▏| 4932/5360 [07:46<00:37, 11.46it/s] 92%|█████████▏| 4934/5360 [07:46<00:33, 12.53it/s] 92%|█████████▏| 4936/5360 [07:46<00:34, 12.25it/s] 92%|█████████▏| 4938/5360 [07:47<00:37, 11.13it/s] 92%|█████████▏| 4940/5360 [07:47<00:39, 10.74it/s] 92%|█████████▏| 4942/5360 [07:47<00:38, 10.72it/s] 92%|█████████▏| 4944/5360 [07:47<00:37, 11.07it/s] 92%|█████████▏| 4946/5360 [07:47<00:36, 11.43it/s] 92%|█████████▏| 4948/5360 [07:47<00:35, 11.73it/s] 92%|█████████▏| 4950/5360 [07:48<00:35, 11.50it/s] 92%|█████████▏| 4952/5360 [07:48<00:34, 11.72it/s] 92%|█████████▏| 4954/5360 [07:48<00:36, 11.23it/s] 92%|█████████▏| 4956/5360 [07:48<00:37, 10.74it/s] 92%|█████████▎| 4958/5360 [07:48<00:35, 11.28it/s] 93%|█████████▎| 4960/5360 [07:49<00:36, 11.08it/s] 93%|█████████▎| 4962/5360 [07:49<00:34, 11.67it/s] 93%|█████████▎| 4964/5360 [07:49<00:32, 12.30it/s] 93%|█████████▎| 4966/5360 [07:49<00:31, 12.46it/s] 93%|█████████▎| 4968/5360 [07:49<00:31, 12.32it/s] 93%|█████████▎| 4970/5360 [07:49<00:31, 12.31it/s] 93%|█████████▎| 4972/5360 [07:50<00:33, 11.63it/s] 93%|█████████▎| 4974/5360 [07:50<00:33, 11.60it/s] 93%|█████████▎| 4976/5360 [07:50<00:32, 11.78it/s] 93%|█████████▎| 4978/5360 [07:50<00:33, 11.39it/s] 93%|█████████▎| 4980/5360 [07:50<00:32, 11.62it/s] 93%|█████████▎| 4982/5360 [07:50<00:34, 11.03it/s] 93%|█████████▎| 4984/5360 [07:51<00:34, 10.85it/s] 93%|█████████▎| 4986/5360 [07:51<00:32, 11.59it/s] 93%|█████████▎| 4988/5360 [07:51<00:31, 11.92it/s] 93%|█████████▎| 4990/5360 [07:51<00:31, 11.74it/s] 93%|█████████▎| 4992/5360 [07:51<00:34, 10.66it/s] 93%|█████████▎| 4994/5360 [07:51<00:31, 11.53it/s] 93%|█████████▎| 4996/5360 [07:52<00:32, 11.32it/s] 93%|█████████▎| 4998/5360 [07:52<00:33, 10.76it/s] 93%|█████████▎| 5000/5360 [07:52<00:33, 10.83it/s] 93%|█████████▎| 5002/5360 [07:52<00:30, 11.58it/s] 93%|█████████▎| 5004/5360 [07:52<00:30, 11.61it/s] 93%|█████████▎| 5006/5360 [07:53<00:30, 11.55it/s] 93%|█████████▎| 5008/5360 [07:53<00:31, 11.10it/s] 93%|█████████▎| 5010/5360 [07:53<00:30, 11.42it/s] 94%|█████████▎| 5012/5360 [07:53<00:33, 10.27it/s] 94%|█████████▎| 5014/5360 [07:53<00:34, 10.17it/s] 94%|█████████▎| 5016/5360 [07:54<00:33, 10.15it/s] 94%|█████████▎| 5018/5360 [07:54<00:34,  9.98it/s] 94%|█████████▎| 5020/5360 [07:54<00:33, 10.17it/s] 94%|█████████▎| 5022/5360 [07:54<00:34,  9.82it/s] 94%|█████████▎| 5023/5360 [07:54<00:34,  9.81it/s] 94%|█████████▍| 5025/5360 [07:54<00:33, 10.09it/s] 94%|█████████▍| 5027/5360 [07:55<00:33, 10.05it/s] 94%|█████████▍| 5029/5360 [07:55<00:33,  9.83it/s] 94%|█████████▍| 5030/5360 [07:55<00:34,  9.69it/s] 94%|█████████▍| 5032/5360 [07:55<00:31, 10.36it/s] 94%|█████████▍| 5034/5360 [07:55<00:32,  9.94it/s] 94%|█████████▍| 5035/5360 [07:55<00:33,  9.68it/s] 94%|█████████▍| 5036/5360 [07:56<00:33,  9.67it/s] 94%|█████████▍| 5038/5360 [07:56<00:30, 10.64it/s] 94%|█████████▍| 5040/5360 [07:56<00:29, 10.68it/s] 94%|█████████▍| 5042/5360 [07:56<00:32,  9.66it/s] 94%|█████████▍| 5044/5360 [07:56<00:30, 10.24it/s] 94%|█████████▍| 5046/5360 [07:57<00:30, 10.29it/s] 94%|█████████▍| 5048/5360 [07:57<00:30, 10.32it/s] 94%|█████████▍| 5050/5360 [07:57<00:30, 10.12it/s] 94%|█████████▍| 5052/5360 [07:57<00:29, 10.29it/s] 94%|█████████▍| 5054/5360 [07:57<00:31,  9.73it/s] 94%|█████████▍| 5055/5360 [07:57<00:31,  9.72it/s] 94%|█████████▍| 5056/5360 [07:58<00:31,  9.72it/s] 94%|█████████▍| 5058/5360 [07:58<00:28, 10.59it/s] 94%|█████████▍| 5060/5360 [07:58<00:28, 10.49it/s] 94%|█████████▍| 5062/5360 [07:58<00:29, 10.06it/s] 94%|█████████▍| 5064/5360 [07:58<00:29,  9.89it/s] 94%|█████████▍| 5065/5360 [07:58<00:30,  9.54it/s] 95%|█████████▍| 5066/5360 [07:59<00:30,  9.50it/s] 95%|█████████▍| 5068/5360 [07:59<00:28, 10.24it/s] 95%|█████████▍| 5070/5360 [07:59<00:28, 10.26it/s] 95%|█████████▍| 5072/5360 [07:59<00:29,  9.91it/s] 95%|█████████▍| 5073/5360 [07:59<00:29,  9.89it/s] 95%|█████████▍| 5075/5360 [07:59<00:28, 10.08it/s] 95%|█████████▍| 5077/5360 [08:00<00:28,  9.86it/s] 95%|█████████▍| 5079/5360 [08:00<00:27, 10.04it/s] 95%|█████████▍| 5081/5360 [08:00<00:27, 10.03it/s] 95%|█████████▍| 5083/5360 [08:00<00:25, 10.90it/s] 95%|█████████▍| 5085/5360 [08:00<00:25, 10.90it/s] 95%|█████████▍| 5087/5360 [08:01<00:24, 11.26it/s] 95%|█████████▍| 5089/5360 [08:01<00:24, 11.16it/s] 95%|█████████▍| 5091/5360 [08:01<00:24, 11.15it/s] 95%|█████████▌| 5093/5360 [08:01<00:21, 12.15it/s] 95%|█████████▌| 5095/5360 [08:01<00:22, 11.91it/s] 95%|█████████▌| 5097/5360 [08:01<00:21, 12.47it/s] 95%|█████████▌| 5099/5360 [08:02<00:22, 11.50it/s] 95%|█████████▌| 5101/5360 [08:02<00:23, 11.14it/s] 95%|█████████▌| 5103/5360 [08:02<00:23, 11.04it/s] 95%|█████████▌| 5105/5360 [08:02<00:24, 10.38it/s] 95%|█████████▌| 5107/5360 [08:02<00:26,  9.61it/s] 95%|█████████▌| 5108/5360 [08:02<00:26,  9.67it/s] 95%|█████████▌| 5110/5360 [08:03<00:25,  9.82it/s] 95%|█████████▌| 5112/5360 [08:03<00:21, 11.40it/s] 95%|█████████▌| 5114/5360 [08:03<00:19, 12.77it/s] 95%|█████████▌| 5116/5360 [08:03<00:18, 12.99it/s] 95%|█████████▌| 5118/5360 [08:03<00:17, 13.87it/s] 96%|█████████▌| 5120/5360 [08:03<00:18, 13.03it/s] 96%|█████████▌| 5122/5360 [08:04<00:20, 11.84it/s] 96%|█████████▌| 5124/5360 [08:04<00:20, 11.38it/s] 96%|█████████▌| 5126/5360 [08:04<00:20, 11.18it/s] 96%|█████████▌| 5128/5360 [08:04<00:19, 11.92it/s] 96%|█████████▌| 5130/5360 [08:04<00:18, 12.67it/s] 96%|█████████▌| 5132/5360 [08:04<00:17, 12.98it/s] 96%|█████████▌| 5134/5360 [08:05<00:17, 13.21it/s] 96%|█████████▌| 5136/5360 [08:05<00:17, 12.88it/s] 96%|█████████▌| 5138/5360 [08:05<00:17, 12.82it/s] 96%|█████████▌| 5140/5360 [08:05<00:16, 12.99it/s] 96%|█████████▌| 5142/5360 [08:05<00:16, 13.56it/s] 96%|█████████▌| 5144/5360 [08:05<00:15, 14.29it/s] 96%|█████████▌| 5146/5360 [08:05<00:14, 14.59it/s] 96%|█████████▌| 5148/5360 [08:05<00:13, 15.58it/s] 96%|█████████▌| 5150/5360 [08:06<00:13, 15.50it/s] 96%|█████████▌| 5152/5360 [08:06<00:12, 16.32it/s] 96%|█████████▌| 5154/5360 [08:06<00:12, 16.59it/s] 96%|█████████▌| 5156/5360 [08:06<00:12, 16.70it/s] 96%|█████████▌| 5158/5360 [08:06<00:12, 16.01it/s] 96%|█████████▋| 5160/5360 [08:06<00:12, 16.45it/s] 96%|█████████▋| 5162/5360 [08:06<00:12, 15.39it/s] 96%|█████████▋| 5164/5360 [08:06<00:12, 16.15it/s] 96%|█████████▋| 5166/5360 [08:07<00:11, 16.38it/s] 96%|█████████▋| 5168/5360 [08:07<00:13, 14.38it/s] 96%|█████████▋| 5170/5360 [08:07<00:14, 13.30it/s] 96%|█████████▋| 5172/5360 [08:07<00:15, 11.92it/s] 97%|█████████▋| 5174/5360 [08:07<00:13, 13.48it/s] 97%|█████████▋| 5177/5360 [08:07<00:11, 15.49it/s] 97%|█████████▋| 5179/5360 [08:08<00:11, 15.38it/s] 97%|█████████▋| 5181/5360 [08:08<00:11, 15.86it/s] 97%|█████████▋| 5183/5360 [08:08<00:11, 15.63it/s] 97%|█████████▋| 5185/5360 [08:08<00:11, 15.61it/s] 97%|█████████▋| 5187/5360 [08:08<00:10, 16.22it/s] 97%|█████████▋| 5189/5360 [08:08<00:11, 15.48it/s] 97%|█████████▋| 5191/5360 [08:08<00:10, 15.73it/s] 97%|█████████▋| 5193/5360 [08:08<00:10, 15.69it/s] 97%|█████████▋| 5195/5360 [08:09<00:11, 14.45it/s] 97%|█████████▋| 5197/5360 [08:09<00:11, 14.01it/s] 97%|█████████▋| 5199/5360 [08:09<00:11, 14.47it/s] 97%|█████████▋| 5201/5360 [08:09<00:10, 14.52it/s] 97%|█████████▋| 5203/5360 [08:09<00:12, 12.93it/s] 97%|█████████▋| 5205/5360 [08:09<00:13, 11.92it/s] 97%|█████████▋| 5207/5360 [08:10<00:12, 12.18it/s] 97%|█████████▋| 5209/5360 [08:10<00:12, 11.66it/s] 97%|█████████▋| 5211/5360 [08:10<00:12, 11.98it/s] 97%|█████████▋| 5213/5360 [08:10<00:12, 11.38it/s] 97%|█████████▋| 5215/5360 [08:10<00:12, 11.54it/s] 97%|█████████▋| 5217/5360 [08:10<00:12, 11.45it/s] 97%|█████████▋| 5219/5360 [08:11<00:13, 10.73it/s] 97%|█████████▋| 5221/5360 [08:11<00:12, 11.11it/s] 97%|█████████▋| 5223/5360 [08:11<00:12, 10.72it/s] 97%|█████████▋| 5225/5360 [08:11<00:12, 11.00it/s] 98%|█████████▊| 5227/5360 [08:11<00:11, 11.13it/s] 98%|█████████▊| 5229/5360 [08:12<00:12, 10.80it/s] 98%|█████████▊| 5231/5360 [08:12<00:11, 11.59it/s] 98%|█████████▊| 5233/5360 [08:12<00:11, 11.18it/s] 98%|█████████▊| 5235/5360 [08:12<00:11, 10.81it/s] 98%|█████████▊| 5237/5360 [08:12<00:10, 11.60it/s] 98%|█████████▊| 5239/5360 [08:12<00:11, 10.99it/s] 98%|█████████▊| 5241/5360 [08:13<00:10, 11.13it/s] 98%|█████████▊| 5243/5360 [08:13<00:10, 11.16it/s] 98%|█████████▊| 5245/5360 [08:13<00:10, 10.67it/s] 98%|█████████▊| 5247/5360 [08:13<00:10, 10.58it/s] 98%|█████████▊| 5249/5360 [08:13<00:10, 10.26it/s] 98%|█████████▊| 5251/5360 [08:14<00:10, 10.17it/s] 98%|█████████▊| 5253/5360 [08:14<00:10, 10.06it/s] 98%|█████████▊| 5255/5360 [08:14<00:10,  9.78it/s] 98%|█████████▊| 5257/5360 [08:14<00:10, 10.20it/s] 98%|█████████▊| 5259/5360 [08:14<00:09, 10.26it/s] 98%|█████████▊| 5261/5360 [08:15<00:09, 10.73it/s] 98%|█████████▊| 5263/5360 [08:15<00:09,  9.95it/s] 98%|█████████▊| 5265/5360 [08:15<00:09, 10.19it/s] 98%|█████████▊| 5267/5360 [08:15<00:09, 10.08it/s] 98%|█████████▊| 5269/5360 [08:15<00:08, 10.15it/s] 98%|█████████▊| 5271/5360 [08:16<00:08, 10.52it/s] 98%|█████████▊| 5273/5360 [08:16<00:08, 10.32it/s] 98%|█████████▊| 5275/5360 [08:16<00:08, 10.01it/s] 98%|█████████▊| 5277/5360 [08:16<00:08, 10.20it/s] 98%|█████████▊| 5279/5360 [08:16<00:07, 10.26it/s] 99%|█████████▊| 5281/5360 [08:17<00:07, 10.29it/s] 99%|█████████▊| 5283/5360 [08:17<00:07, 10.22it/s] 99%|█████████▊| 5285/5360 [08:17<00:07,  9.88it/s] 99%|█████████▊| 5287/5360 [08:17<00:06, 10.68it/s] 99%|█████████▊| 5289/5360 [08:17<00:07,  9.97it/s] 99%|█████████▊| 5291/5360 [08:18<00:06,  9.98it/s] 99%|█████████▉| 5293/5360 [08:18<00:06, 10.05it/s] 99%|█████████▉| 5295/5360 [08:18<00:06,  9.98it/s] 99%|█████████▉| 5297/5360 [08:18<00:06, 10.05it/s] 99%|█████████▉| 5299/5360 [08:18<00:05, 10.40it/s] 99%|█████████▉| 5301/5360 [08:18<00:05, 10.55it/s] 99%|█████████▉| 5303/5360 [08:19<00:05, 10.54it/s] 99%|█████████▉| 5305/5360 [08:19<00:05, 10.65it/s] 99%|█████████▉| 5307/5360 [08:19<00:04, 10.87it/s] 99%|█████████▉| 5309/5360 [08:19<00:04, 11.26it/s] 99%|█████████▉| 5311/5360 [08:19<00:04, 10.45it/s] 99%|█████████▉| 5313/5360 [08:20<00:04,  9.91it/s] 99%|█████████▉| 5315/5360 [08:20<00:04, 10.29it/s] 99%|█████████▉| 5317/5360 [08:20<00:04,  9.98it/s] 99%|█████████▉| 5319/5360 [08:20<00:04, 10.01it/s] 99%|█████████▉| 5321/5360 [08:20<00:03, 10.01it/s] 99%|█████████▉| 5323/5360 [08:21<00:03,  9.82it/s] 99%|█████████▉| 5324/5360 [08:21<00:03,  9.76it/s] 99%|█████████▉| 5325/5360 [08:21<00:03,  9.77it/s] 99%|█████████▉| 5327/5360 [08:21<00:03,  9.93it/s] 99%|█████████▉| 5329/5360 [08:21<00:02, 10.97it/s] 99%|█████████▉| 5331/5360 [08:21<00:02, 11.01it/s] 99%|█████████▉| 5333/5360 [08:22<00:02, 11.39it/s]100%|█████████▉| 5335/5360 [08:22<00:02, 11.07it/s]100%|█████████▉| 5337/5360 [08:22<00:02, 10.91it/s]100%|█████████▉| 5339/5360 [08:22<00:01, 12.12it/s]100%|█████████▉| 5341/5360 [08:22<00:01, 13.29it/s]100%|█████████▉| 5343/5360 [08:22<00:01, 13.12it/s]100%|█████████▉| 5345/5360 [08:22<00:01, 12.94it/s]100%|█████████▉| 5347/5360 [08:23<00:01, 12.12it/s]100%|█████████▉| 5349/5360 [08:23<00:00, 11.60it/s]100%|█████████▉| 5351/5360 [08:23<00:00, 11.25it/s]100%|█████████▉| 5353/5360 [08:23<00:00, 12.65it/s]100%|█████████▉| 5355/5360 [08:23<00:00, 13.51it/s]100%|█████████▉| 5357/5360 [08:23<00:00, 14.09it/s]100%|█████████▉| 5359/5360 [08:24<00:00, 12.15it/s]100%|██████████| 5360/5360 [08:24<00:00, 10.63it/s]
Loading data to RAM
  0%|          | 0/5362 [00:00<?, ?it/s]  0%|          | 1/5362 [00:00<14:55,  5.99it/s]  1%|          | 32/5362 [00:00<00:36, 145.98it/s]  1%|▏         | 77/5362 [00:00<00:19, 266.29it/s]  2%|▏         | 121/5362 [00:00<00:16, 316.58it/s]  3%|▎         | 156/5362 [00:00<00:16, 313.10it/s]  4%|▎         | 189/5362 [00:00<00:16, 308.57it/s]  4%|▍         | 221/5362 [00:00<00:17, 294.01it/s]  5%|▍         | 261/5362 [00:00<00:16, 311.18it/s]  6%|▌         | 299/5362 [00:01<00:15, 329.06it/s]  6%|▋         | 343/5362 [00:01<00:14, 351.30it/s]  7%|▋         | 389/5362 [00:01<00:13, 362.37it/s]  8%|▊         | 426/5362 [00:01<00:13, 354.97it/s]  9%|▊         | 467/5362 [00:01<00:13, 357.18it/s] 10%|▉         | 518/5362 [00:01<00:12, 389.33it/s] 10%|█         | 559/5362 [00:01<00:12, 394.46it/s] 11%|█▏        | 615/5362 [00:01<00:11, 415.52it/s] 12%|█▏        | 666/5362 [00:01<00:11, 424.80it/s] 13%|█▎        | 709/5362 [00:02<00:10, 423.37it/s] 14%|█▍        | 754/5362 [00:02<00:10, 420.85it/s] 15%|█▍        | 799/5362 [00:02<00:11, 414.35it/s] 16%|█▌        | 841/5362 [00:02<00:11, 402.76it/s] 17%|█▋        | 887/5362 [00:02<00:10, 412.63it/s] 17%|█▋        | 929/5362 [00:02<00:12, 360.10it/s] 18%|█▊        | 967/5362 [00:02<00:13, 314.64it/s] 19%|█▉        | 1008/5362 [00:02<00:13, 326.31it/s] 20%|█▉        | 1064/5362 [00:03<00:11, 377.41it/s] 21%|██        | 1118/5362 [00:03<00:10, 413.10it/s] 22%|██▏       | 1166/5362 [00:03<00:10, 418.84it/s] 23%|██▎       | 1214/5362 [00:03<00:09, 421.91it/s] 24%|██▎       | 1270/5362 [00:03<00:08, 457.48it/s] 25%|██▍       | 1318/5362 [00:03<00:09, 448.85it/s] 25%|██▌       | 1364/5362 [00:03<00:08, 451.00it/s] 26%|██▋       | 1411/5362 [00:03<00:09, 434.61it/s] 27%|██▋       | 1458/5362 [00:03<00:08, 443.98it/s] 28%|██▊       | 1503/5362 [00:03<00:08, 440.03it/s] 29%|██▉       | 1548/5362 [00:04<00:08, 430.02it/s] 30%|██▉       | 1603/5362 [00:04<00:08, 449.37it/s] 31%|███       | 1652/5362 [00:04<00:08, 455.87it/s] 32%|███▏      | 1709/5362 [00:04<00:07, 473.72it/s] 33%|███▎      | 1757/5362 [00:04<00:07, 460.94it/s] 34%|███▎      | 1804/5362 [00:04<00:08, 408.69it/s] 34%|███▍      | 1846/5362 [00:04<00:09, 387.56it/s] 35%|███▌      | 1889/5362 [00:04<00:09, 382.03it/s] 36%|███▌      | 1928/5362 [00:05<00:09, 372.33it/s] 37%|███▋      | 1971/5362 [00:05<00:08, 378.72it/s] 38%|███▊      | 2011/5362 [00:05<00:08, 372.79it/s] 38%|███▊      | 2049/5362 [00:05<00:09, 356.30it/s] 39%|███▉      | 2085/5362 [00:05<00:09, 334.45it/s] 40%|███▉      | 2119/5362 [00:05<00:09, 334.41it/s] 40%|████      | 2153/5362 [00:05<00:10, 315.57it/s] 41%|████      | 2185/5362 [00:05<00:13, 230.95it/s] 41%|████▏     | 2212/5362 [00:06<00:16, 196.15it/s] 42%|████▏     | 2249/5362 [00:06<00:13, 227.40it/s] 43%|████▎     | 2282/5362 [00:06<00:12, 246.70it/s] 43%|████▎     | 2310/5362 [00:06<00:12, 243.85it/s] 44%|████▍     | 2352/5362 [00:06<00:10, 278.70it/s] 45%|████▍     | 2392/5362 [00:06<00:09, 302.80it/s] 45%|████▌     | 2425/5362 [00:06<00:09, 301.78it/s] 46%|████▌     | 2457/5362 [00:06<00:10, 275.40it/s] 46%|████▋     | 2486/5362 [00:07<00:10, 278.08it/s] 47%|████▋     | 2515/5362 [00:07<00:10, 272.16it/s] 48%|████▊     | 2549/5362 [00:07<00:10, 275.38it/s] 48%|████▊     | 2589/5362 [00:07<00:09, 302.42it/s] 49%|████▉     | 2620/5362 [00:07<00:09, 296.21it/s] 49%|████▉     | 2650/5362 [00:07<00:09, 279.01it/s] 50%|█████     | 2684/5362 [00:07<00:09, 295.36it/s] 51%|█████     | 2727/5362 [00:07<00:08, 317.57it/s] 51%|█████▏    | 2760/5362 [00:07<00:08, 318.54it/s] 52%|█████▏    | 2793/5362 [00:08<00:07, 321.68it/s] 53%|█████▎    | 2826/5362 [00:08<00:07, 317.02it/s] 53%|█████▎    | 2858/5362 [00:08<00:08, 312.37it/s] 54%|█████▍    | 2890/5362 [00:08<00:08, 306.96it/s] 54%|█████▍    | 2921/5362 [00:08<00:08, 274.82it/s] 55%|█████▌    | 2950/5362 [00:08<00:08, 271.62it/s] 56%|█████▌    | 2978/5362 [00:08<00:09, 251.72it/s] 56%|█████▌    | 3004/5362 [00:08<00:09, 253.08it/s] 57%|█████▋    | 3035/5362 [00:08<00:09, 257.13it/s] 57%|█████▋    | 3068/5362 [00:09<00:08, 265.15it/s] 58%|█████▊    | 3102/5362 [00:09<00:08, 272.56it/s] 58%|█████▊    | 3134/5362 [00:09<00:08, 267.94it/s] 59%|█████▉    | 3166/5362 [00:09<00:08, 266.46it/s] 60%|█████▉    | 3199/5362 [00:09<00:07, 281.43it/s] 60%|██████    | 3231/5362 [00:09<00:07, 291.67it/s] 61%|██████    | 3261/5362 [00:09<00:09, 231.46it/s] 61%|██████▏   | 3287/5362 [00:09<00:09, 222.17it/s] 62%|██████▏   | 3321/5362 [00:10<00:08, 247.61it/s] 63%|██████▎   | 3358/5362 [00:10<00:07, 278.04it/s] 63%|██████▎   | 3388/5362 [00:10<00:09, 199.53it/s] 64%|██████▎   | 3416/5362 [00:10<00:09, 208.08it/s] 64%|██████▍   | 3440/5362 [00:10<00:08, 214.64it/s] 65%|██████▍   | 3470/5362 [00:10<00:08, 229.96it/s] 65%|██████▌   | 3504/5362 [00:10<00:07, 254.50it/s] 66%|██████▌   | 3534/5362 [00:11<00:07, 253.82it/s] 67%|██████▋   | 3574/5362 [00:11<00:06, 279.88it/s] 67%|██████▋   | 3615/5362 [00:11<00:05, 314.30it/s] 68%|██████▊   | 3648/5362 [00:11<00:06, 268.39it/s] 69%|██████▊   | 3677/5362 [00:11<00:07, 239.96it/s] 69%|██████▉   | 3706/5362 [00:11<00:06, 249.65it/s] 70%|██████▉   | 3739/5362 [00:11<00:06, 267.71it/s] 70%|███████   | 3768/5362 [00:11<00:05, 272.22it/s] 71%|███████   | 3802/5362 [00:11<00:05, 288.50it/s] 71%|███████▏  | 3832/5362 [00:12<00:05, 288.90it/s] 72%|███████▏  | 3862/5362 [00:12<00:05, 253.56it/s] 73%|███████▎  | 3889/5362 [00:12<00:05, 251.25it/s] 73%|███████▎  | 3918/5362 [00:12<00:05, 251.56it/s] 74%|███████▎  | 3950/5362 [00:12<00:05, 267.01it/s] 74%|███████▍  | 3978/5362 [00:12<00:05, 243.34it/s] 75%|███████▍  | 4018/5362 [00:12<00:04, 271.99it/s] 76%|███████▌  | 4050/5362 [00:12<00:04, 274.38it/s] 76%|███████▌  | 4078/5362 [00:13<00:04, 260.24it/s] 77%|███████▋  | 4105/5362 [00:13<00:04, 253.93it/s] 77%|███████▋  | 4147/5362 [00:13<00:04, 284.19it/s] 78%|███████▊  | 4181/5362 [00:13<00:04, 283.87it/s] 79%|███████▊  | 4221/5362 [00:13<00:03, 294.24it/s] 79%|███████▉  | 4251/5362 [00:13<00:03, 286.34it/s] 80%|███████▉  | 4286/5362 [00:13<00:03, 291.28it/s] 81%|████████  | 4327/5362 [00:13<00:03, 321.31it/s] 81%|████████▏ | 4366/5362 [00:13<00:03, 327.89it/s] 82%|████████▏ | 4406/5362 [00:14<00:02, 339.79it/s] 83%|████████▎ | 4447/5362 [00:14<00:02, 355.75it/s] 84%|████████▎ | 4483/5362 [00:14<00:02, 297.85it/s] 84%|████████▍ | 4515/5362 [00:14<00:02, 288.82it/s] 85%|████████▌ | 4561/5362 [00:14<00:02, 329.32it/s] 86%|████████▌ | 4597/5362 [00:14<00:02, 335.78it/s] 87%|████████▋ | 4644/5362 [00:14<00:02, 354.53it/s] 87%|████████▋ | 4681/5362 [00:15<00:02, 278.52it/s] 88%|████████▊ | 4728/5362 [00:15<00:01, 318.19it/s] 89%|████████▉ | 4765/5362 [00:15<00:01, 330.36it/s] 90%|████████▉ | 4801/5362 [00:15<00:01, 337.53it/s] 90%|█████████ | 4843/5362 [00:15<00:01, 352.98it/s] 91%|█████████ | 4880/5362 [00:15<00:01, 321.87it/s] 92%|█████████▏| 4914/5362 [00:15<00:01, 287.01it/s] 92%|█████████▏| 4956/5362 [00:15<00:01, 313.05it/s] 93%|█████████▎| 5000/5362 [00:15<00:01, 339.84it/s] 94%|█████████▍| 5036/5362 [00:16<00:00, 336.37it/s] 95%|█████████▍| 5080/5362 [00:16<00:00, 308.26it/s] 96%|█████████▌| 5124/5362 [00:16<00:00, 338.93it/s] 96%|█████████▋| 5162/5362 [00:16<00:00, 348.96it/s] 97%|█████████▋| 5207/5362 [00:16<00:00, 373.48it/s] 98%|█████████▊| 5249/5362 [00:16<00:00, 380.12it/s] 99%|█████████▊| 5289/5362 [00:16<00:00, 344.04it/s] 99%|█████████▉| 5330/5362 [00:16<00:00, 349.45it/s]3388 Failed to open the input "/mnt/workspace/home/zhangjunan/audioldm_eval/audioldm_eval/test_musiccaps/audio/_fad_feature_cache.npy" (Invalid data found when processing input).
Exception raised from get_input_format_context at /__w/audio/audio/pytorch/audio/src/libtorio/ffmpeg/stream_reader/stream_reader.cpp:42 (most recent call first):
frame #0: c10::Error::Error(c10::SourceLocation, std::string) + 0x57 (0x7f0e2b8cf897 in /mnt/workspace/home/zhangjunan/.env/vevo2/lib/python3.10/site-packages/torch/lib/libc10.so)
frame #1: c10::detail::torchCheckFail(char const*, char const*, unsigned int, std::string const&) + 0x64 (0x7f0e2b87fb25 in /mnt/workspace/home/zhangjunan/.env/vevo2/lib/python3.10/site-packages/torch/lib/libc10.so)
frame #2: <unknown function> + 0x42334 (0x7f0c3806a334 in /mnt/workspace/home/zhangjunan/.env/vevo2/lib/python3.10/site-packages/torio/lib/libtorio_ffmpeg4.so)
frame #3: torio::io::StreamingMediaDecoder::StreamingMediaDecoder(std::string const&, std::optional<std::string> const&, std::optional<std::map<std::string, std::string, std::less<std::string>, std::allocator<std::pair<std::string const, std::string> > > > const&) + 0x14 (0x7f0c3806cd34 in /mnt/workspace/home/zhangjunan/.env/vevo2/lib/python3.10/site-packages/torio/lib/libtorio_ffmpeg4.so)
frame #4: <unknown function> + 0x3aa4e (0x7f0c2c087a4e in /mnt/workspace/home/zhangjunan/.env/vevo2/lib/python3.10/site-packages/torio/lib/_torio_ffmpeg4.so)
frame #5: <unknown function> + 0x32617 (0x7f0c2c07f617 in /mnt/workspace/home/zhangjunan/.env/vevo2/lib/python3.10/site-packages/torio/lib/_torio_ffmpeg4.so)
frame #6: python() [0x4fdcf7]
<omitting python frames>
frame #8: python() [0x509eda]
frame #9: python() [0x507a4c]
frame #10: python() [0x4f77e6]
frame #11: <unknown function> + 0xf6cb (0x7f0db19f46cb in /mnt/workspace/home/zhangjunan/.env/vevo2/lib/python3.10/site-packages/torchaudio/lib/_torchaudio.so)
frame #15: python() [0x5075b8]
frame #26: python() [0x543973]
frame #27: python() [0x5437d8]
frame #37: python() [0x509a7e]
frame #42: python() [0x5075b8]
frame #52: python() [0x5075b8]
frame #57: python() [0x532997]
frame #58: python() [0x5d01e9]
frame #61: python() [0x5117cf]

100%|██████████| 5362/5362 [00:17<00:00, 315.23it/s]
  0%|          | 0/5362 [00:00<?, ?it/s]  0%|          | 2/5362 [00:00<07:10, 12.45it/s]  0%|          | 4/5362 [00:00<07:19, 12.20it/s]  0%|          | 6/5362 [00:00<07:35, 11.77it/s]  0%|          | 8/5362 [00:00<07:52, 11.33it/s]  0%|          | 10/5362 [00:00<08:29, 10.51it/s]  0%|          | 12/5362 [00:01<07:59, 11.16it/s]  0%|          | 14/5362 [00:01<08:17, 10.75it/s]  0%|          | 16/5362 [00:01<08:27, 10.53it/s]  0%|          | 18/5362 [00:01<08:23, 10.61it/s]  0%|          | 20/5362 [00:01<08:26, 10.55it/s]  0%|          | 22/5362 [00:02<08:17, 10.73it/s]  0%|          | 24/5362 [00:02<08:18, 10.72it/s]  0%|          | 26/5362 [00:02<08:57,  9.93it/s]  1%|          | 28/5362 [00:02<08:10, 10.88it/s]  1%|          | 30/5362 [00:02<08:04, 11.01it/s]  1%|          | 32/5362 [00:02<07:46, 11.42it/s]  1%|          | 34/5362 [00:03<07:54, 11.23it/s]  1%|          | 36/5362 [00:03<07:41, 11.53it/s]  1%|          | 38/5362 [00:03<07:51, 11.30it/s]  1%|          | 40/5362 [00:03<07:52, 11.26it/s]  1%|          | 42/5362 [00:03<07:53, 11.24it/s]  1%|          | 44/5362 [00:04<08:47, 10.08it/s]  1%|          | 46/5362 [00:04<09:25,  9.40it/s]  1%|          | 47/5362 [00:04<10:18,  8.59it/s]  1%|          | 48/5362 [00:04<10:22,  8.54it/s]  1%|          | 49/5362 [00:04<10:19,  8.57it/s]  1%|          | 50/5362 [00:04<10:18,  8.59it/s]  1%|          | 51/5362 [00:04<10:16,  8.61it/s]  1%|          | 52/5362 [00:05<10:07,  8.74it/s]  1%|          | 53/5362 [00:05<09:59,  8.85it/s]  1%|          | 54/5362 [00:05<09:53,  8.94it/s]  1%|          | 55/5362 [00:05<09:41,  9.13it/s]  1%|          | 56/5362 [00:05<09:27,  9.35it/s]  1%|          | 57/5362 [00:05<09:39,  9.16it/s]  1%|          | 58/5362 [00:05<09:46,  9.05it/s]  1%|          | 59/5362 [00:05<09:48,  9.01it/s]  1%|          | 60/5362 [00:05<09:57,  8.87it/s]  1%|          | 61/5362 [00:06<09:49,  9.00it/s]  1%|          | 62/5362 [00:06<10:14,  8.62it/s]  1%|          | 63/5362 [00:06<10:10,  8.68it/s]  1%|          | 64/5362 [00:06<09:48,  9.00it/s]  1%|          | 65/5362 [00:06<09:46,  9.03it/s]  1%|          | 66/5362 [00:06<09:40,  9.12it/s]  1%|          | 67/5362 [00:06<09:38,  9.15it/s]  1%|▏         | 68/5362 [00:06<09:31,  9.26it/s]  1%|▏         | 69/5362 [00:06<09:49,  8.97it/s]  1%|▏         | 70/5362 [00:07<09:33,  9.23it/s]  1%|▏         | 71/5362 [00:07<09:27,  9.33it/s]  1%|▏         | 72/5362 [00:07<09:40,  9.11it/s]  1%|▏         | 73/5362 [00:07<09:49,  8.98it/s]  1%|▏         | 75/5362 [00:07<09:43,  9.07it/s]  1%|▏         | 76/5362 [00:07<09:33,  9.21it/s]  1%|▏         | 77/5362 [00:07<09:26,  9.33it/s]  1%|▏         | 78/5362 [00:07<09:59,  8.81it/s]  1%|▏         | 79/5362 [00:08<09:49,  8.97it/s]  1%|▏         | 80/5362 [00:08<09:52,  8.91it/s]  2%|▏         | 81/5362 [00:08<09:50,  8.95it/s]  2%|▏         | 82/5362 [00:08<09:45,  9.02it/s]  2%|▏         | 84/5362 [00:08<08:49,  9.96it/s]  2%|▏         | 85/5362 [00:08<09:32,  9.21it/s]  2%|▏         | 86/5362 [00:08<09:47,  8.97it/s]  2%|▏         | 87/5362 [00:08<10:03,  8.73it/s]  2%|▏         | 88/5362 [00:09<10:38,  8.26it/s]  2%|▏         | 89/5362 [00:09<10:29,  8.38it/s]  2%|▏         | 90/5362 [00:09<10:15,  8.56it/s]  2%|▏         | 91/5362 [00:09<10:11,  8.62it/s]  2%|▏         | 92/5362 [00:09<09:49,  8.94it/s]  2%|▏         | 93/5362 [00:09<10:09,  8.65it/s]  2%|▏         | 94/5362 [00:09<10:10,  8.63it/s]  2%|▏         | 95/5362 [00:09<09:48,  8.95it/s]  2%|▏         | 96/5362 [00:09<09:38,  9.11it/s]  2%|▏         | 97/5362 [00:10<09:36,  9.13it/s]  2%|▏         | 99/5362 [00:10<09:52,  8.88it/s]  2%|▏         | 100/5362 [00:10<10:02,  8.73it/s]  2%|▏         | 101/5362 [00:10<10:11,  8.60it/s]  2%|▏         | 102/5362 [00:10<11:00,  7.96it/s]  2%|▏         | 103/5362 [00:10<10:47,  8.12it/s]  2%|▏         | 104/5362 [00:10<11:15,  7.79it/s]  2%|▏         | 105/5362 [00:11<11:48,  7.42it/s]  2%|▏         | 106/5362 [00:11<10:59,  7.97it/s]  2%|▏         | 107/5362 [00:11<11:24,  7.68it/s]  2%|▏         | 108/5362 [00:11<10:49,  8.09it/s]  2%|▏         | 109/5362 [00:11<10:56,  8.01it/s]  2%|▏         | 110/5362 [00:11<10:43,  8.16it/s]  2%|▏         | 111/5362 [00:11<10:28,  8.36it/s]  2%|▏         | 112/5362 [00:11<10:35,  8.27it/s]  2%|▏         | 113/5362 [00:12<11:38,  7.51it/s]  2%|▏         | 114/5362 [00:12<10:59,  7.96it/s]  2%|▏         | 115/5362 [00:12<10:45,  8.13it/s]  2%|▏         | 116/5362 [00:12<10:13,  8.55it/s]  2%|▏         | 118/5362 [00:12<10:39,  8.20it/s]  2%|▏         | 119/5362 [00:12<10:30,  8.31it/s]  2%|▏         | 120/5362 [00:12<10:16,  8.50it/s]  2%|▏         | 121/5362 [00:12<10:11,  8.57it/s]  2%|▏         | 122/5362 [00:13<10:28,  8.33it/s]  2%|▏         | 123/5362 [00:13<10:36,  8.23it/s]  2%|▏         | 124/5362 [00:13<10:04,  8.66it/s]  2%|▏         | 126/5362 [00:13<09:21,  9.32it/s]  2%|▏         | 127/5362 [00:13<09:47,  8.91it/s]  2%|▏         | 128/5362 [00:13<09:57,  8.76it/s]  2%|▏         | 129/5362 [00:13<10:08,  8.59it/s]  2%|▏         | 130/5362 [00:14<10:02,  8.68it/s]  2%|▏         | 131/5362 [00:14<10:02,  8.69it/s]  2%|▏         | 132/5362 [00:14<10:03,  8.67it/s]  2%|▏         | 133/5362 [00:14<10:02,  8.68it/s]  2%|▏         | 134/5362 [00:14<10:04,  8.65it/s]  3%|▎         | 135/5362 [00:14<10:05,  8.63it/s]  3%|▎         | 136/5362 [00:14<10:13,  8.52it/s]  3%|▎         | 137/5362 [00:14<09:57,  8.74it/s]  3%|▎         | 138/5362 [00:14<09:41,  8.99it/s]  3%|▎         | 139/5362 [00:15<09:47,  8.89it/s]  3%|▎         | 140/5362 [00:15<09:51,  8.83it/s]  3%|▎         | 141/5362 [00:15<09:47,  8.88it/s]  3%|▎         | 142/5362 [00:15<10:52,  8.00it/s]  3%|▎         | 143/5362 [00:15<11:18,  7.69it/s]  3%|▎         | 144/5362 [00:15<10:47,  8.05it/s]  3%|▎         | 145/5362 [00:15<10:31,  8.26it/s]  3%|▎         | 146/5362 [00:15<10:34,  8.22it/s]  3%|▎         | 147/5362 [00:16<10:30,  8.27it/s]  3%|▎         | 148/5362 [00:16<10:20,  8.40it/s]  3%|▎         | 149/5362 [00:16<10:25,  8.33it/s]  3%|▎         | 150/5362 [00:16<10:53,  7.98it/s]  3%|▎         | 151/5362 [00:16<10:22,  8.37it/s]  3%|▎         | 152/5362 [00:16<10:37,  8.17it/s]  3%|▎         | 153/5362 [00:16<10:48,  8.03it/s]  3%|▎         | 154/5362 [00:16<10:18,  8.42it/s]  3%|▎         | 156/5362 [00:17<10:03,  8.62it/s]  3%|▎         | 157/5362 [00:17<09:52,  8.78it/s]  3%|▎         | 158/5362 [00:17<09:42,  8.93it/s]  3%|▎         | 159/5362 [00:17<09:29,  9.14it/s]  3%|▎         | 161/5362 [00:17<08:13, 10.55it/s]  3%|▎         | 163/5362 [00:17<08:30, 10.19it/s]  3%|▎         | 165/5362 [00:17<08:25, 10.27it/s]  3%|▎         | 167/5362 [00:18<08:48,  9.83it/s]  3%|▎         | 169/5362 [00:18<08:41,  9.97it/s]  3%|▎         | 171/5362 [00:18<08:58,  9.64it/s]  3%|▎         | 172/5362 [00:18<09:36,  9.01it/s]  3%|▎         | 173/5362 [00:18<11:46,  7.34it/s]  3%|▎         | 174/5362 [00:19<11:57,  7.23it/s]  3%|▎         | 176/5362 [00:19<11:03,  7.81it/s]  3%|▎         | 177/5362 [00:19<10:45,  8.03it/s]  3%|▎         | 178/5362 [00:19<11:09,  7.74it/s]  3%|▎         | 179/5362 [00:19<10:42,  8.06it/s]  3%|▎         | 180/5362 [00:19<10:54,  7.92it/s]  3%|▎         | 181/5362 [00:19<10:51,  7.96it/s]  3%|▎         | 183/5362 [00:20<09:48,  8.81it/s]  3%|▎         | 184/5362 [00:20<09:38,  8.94it/s]  3%|▎         | 186/5362 [00:20<08:58,  9.60it/s]  3%|▎         | 187/5362 [00:20<09:11,  9.39it/s]  4%|▎         | 189/5362 [00:20<08:27, 10.19it/s]  4%|▎         | 190/5362 [00:20<08:35, 10.03it/s]  4%|▎         | 191/5362 [00:20<08:51,  9.73it/s]  4%|▎         | 193/5362 [00:21<08:32, 10.08it/s]  4%|▎         | 194/5362 [00:21<08:58,  9.61it/s]  4%|▎         | 196/5362 [00:21<09:09,  9.41it/s]  4%|▎         | 198/5362 [00:21<08:39,  9.94it/s]  4%|▎         | 199/5362 [00:21<08:59,  9.58it/s]  4%|▎         | 200/5362 [00:21<09:01,  9.54it/s]  4%|▍         | 202/5362 [00:22<08:09, 10.54it/s]  4%|▍         | 204/5362 [00:22<07:50, 10.95it/s]  4%|▍         | 206/5362 [00:22<08:02, 10.68it/s]  4%|▍         | 208/5362 [00:22<07:52, 10.91it/s]  4%|▍         | 210/5362 [00:22<08:03, 10.65it/s]  4%|▍         | 212/5362 [00:22<07:29, 11.46it/s]  4%|▍         | 214/5362 [00:23<07:36, 11.29it/s]  4%|▍         | 216/5362 [00:23<07:28, 11.46it/s]  4%|▍         | 218/5362 [00:23<07:30, 11.42it/s]  4%|▍         | 220/5362 [00:23<08:05, 10.58it/s]  4%|▍         | 222/5362 [00:23<08:43,  9.82it/s]  4%|▍         | 224/5362 [00:24<08:48,  9.72it/s]  4%|▍         | 226/5362 [00:24<08:32, 10.02it/s]  4%|▍         | 228/5362 [00:24<08:42,  9.83it/s]  4%|▍         | 229/5362 [00:24<08:40,  9.85it/s]  4%|▍         | 230/5362 [00:24<08:52,  9.64it/s]  4%|▍         | 231/5362 [00:24<08:59,  9.51it/s]  4%|▍         | 232/5362 [00:24<09:03,  9.44it/s]  4%|▍         | 234/5362 [00:25<08:33, 10.00it/s]  4%|▍         | 235/5362 [00:25<08:37,  9.90it/s]  4%|▍         | 237/5362 [00:25<08:10, 10.46it/s]  4%|▍         | 239/5362 [00:25<08:06, 10.54it/s]  4%|▍         | 241/5362 [00:25<07:53, 10.82it/s]  5%|▍         | 243/5362 [00:26<08:08, 10.49it/s]  5%|▍         | 245/5362 [00:26<07:44, 11.01it/s]  5%|▍         | 247/5362 [00:26<08:22, 10.18it/s]  5%|▍         | 249/5362 [00:26<08:16, 10.29it/s]  5%|▍         | 251/5362 [00:26<08:33,  9.96it/s]  5%|▍         | 253/5362 [00:26<08:27, 10.07it/s]  5%|▍         | 255/5362 [00:27<08:16, 10.29it/s]  5%|▍         | 257/5362 [00:27<08:27, 10.06it/s]  5%|▍         | 259/5362 [00:27<08:23, 10.13it/s]  5%|▍         | 261/5362 [00:27<08:37,  9.86it/s]  5%|▍         | 262/5362 [00:27<08:41,  9.79it/s]  5%|▍         | 263/5362 [00:28<08:48,  9.64it/s]  5%|▍         | 265/5362 [00:28<08:43,  9.74it/s]  5%|▍         | 267/5362 [00:28<08:43,  9.72it/s]  5%|▍         | 268/5362 [00:28<08:46,  9.68it/s]  5%|▌         | 269/5362 [00:28<08:54,  9.53it/s]  5%|▌         | 271/5362 [00:28<08:42,  9.75it/s]  5%|▌         | 272/5362 [00:28<08:47,  9.65it/s]  5%|▌         | 273/5362 [00:29<08:44,  9.70it/s]  5%|▌         | 275/5362 [00:29<08:33,  9.90it/s]  5%|▌         | 277/5362 [00:29<08:28, 10.00it/s]  5%|▌         | 279/5362 [00:29<08:31,  9.94it/s]  5%|▌         | 280/5362 [00:29<08:36,  9.84it/s]  5%|▌         | 281/5362 [00:29<08:40,  9.75it/s]  5%|▌         | 282/5362 [00:29<08:44,  9.68it/s]  5%|▌         | 283/5362 [00:30<09:06,  9.29it/s]  5%|▌         | 284/5362 [00:30<09:39,  8.76it/s]  5%|▌         | 285/5362 [00:30<09:25,  8.98it/s]  5%|▌         | 286/5362 [00:30<09:45,  8.67it/s]  5%|▌         | 287/5362 [00:30<09:27,  8.94it/s]  5%|▌         | 289/5362 [00:30<09:16,  9.12it/s]  5%|▌         | 290/5362 [00:30<09:39,  8.75it/s]  5%|▌         | 291/5362 [00:31<09:44,  8.68it/s]  5%|▌         | 292/5362 [00:31<09:49,  8.61it/s]  5%|▌         | 293/5362 [00:31<10:09,  8.31it/s]  5%|▌         | 294/5362 [00:31<09:56,  8.50it/s]  6%|▌         | 296/5362 [00:31<09:36,  8.78it/s]  6%|▌         | 297/5362 [00:31<09:42,  8.70it/s]  6%|▌         | 298/5362 [00:31<09:46,  8.64it/s]  6%|▌         | 300/5362 [00:32<09:44,  8.66it/s]  6%|▌         | 301/5362 [00:32<09:35,  8.80it/s]  6%|▌         | 302/5362 [00:32<09:28,  8.91it/s]  6%|▌         | 303/5362 [00:32<09:36,  8.77it/s]  6%|▌         | 304/5362 [00:32<09:57,  8.46it/s]  6%|▌         | 305/5362 [00:32<09:36,  8.76it/s]  6%|▌         | 306/5362 [00:32<09:35,  8.78it/s]  6%|▌         | 307/5362 [00:32<09:53,  8.51it/s]  6%|▌         | 308/5362 [00:32<09:42,  8.68it/s]  6%|▌         | 309/5362 [00:33<09:58,  8.45it/s]  6%|▌         | 311/5362 [00:33<09:51,  8.53it/s]  6%|▌         | 313/5362 [00:33<10:01,  8.39it/s]  6%|▌         | 314/5362 [00:33<09:57,  8.45it/s]  6%|▌         | 316/5362 [00:33<09:07,  9.22it/s]  6%|▌         | 317/5362 [00:34<10:07,  8.31it/s]  6%|▌         | 318/5362 [00:34<10:05,  8.33it/s]  6%|▌         | 319/5362 [00:34<10:09,  8.28it/s]  6%|▌         | 320/5362 [00:34<10:38,  7.89it/s]  6%|▌         | 321/5362 [00:34<10:17,  8.16it/s]  6%|▌         | 322/5362 [00:34<10:29,  8.00it/s]  6%|▌         | 323/5362 [00:34<10:07,  8.29it/s]  6%|▌         | 324/5362 [00:34<09:46,  8.59it/s]  6%|▌         | 325/5362 [00:34<09:42,  8.65it/s]  6%|▌         | 326/5362 [00:35<10:07,  8.28it/s]  6%|▌         | 327/5362 [00:35<10:20,  8.11it/s]  6%|▌         | 328/5362 [00:35<09:58,  8.41it/s]  6%|▌         | 329/5362 [00:35<09:50,  8.52it/s]  6%|▌         | 330/5362 [00:35<09:41,  8.65it/s]  6%|▌         | 331/5362 [00:35<09:37,  8.72it/s]  6%|▌         | 333/5362 [00:35<09:19,  8.99it/s]  6%|▌         | 334/5362 [00:36<10:14,  8.19it/s]  6%|▌         | 335/5362 [00:36<10:13,  8.20it/s]  6%|▋         | 336/5362 [00:36<10:03,  8.32it/s]  6%|▋         | 337/5362 [00:36<09:50,  8.51it/s]  6%|▋         | 338/5362 [00:36<09:49,  8.53it/s]  6%|▋         | 339/5362 [00:36<09:46,  8.56it/s]  6%|▋         | 340/5362 [00:36<10:03,  8.32it/s]  6%|▋         | 341/5362 [00:36<09:44,  8.60it/s]  6%|▋         | 342/5362 [00:37<10:06,  8.27it/s]  6%|▋         | 343/5362 [00:37<10:00,  8.36it/s]  6%|▋         | 344/5362 [00:37<09:42,  8.61it/s]  6%|▋         | 345/5362 [00:37<09:36,  8.70it/s]  6%|▋         | 346/5362 [00:37<09:40,  8.64it/s]  6%|▋         | 347/5362 [00:37<10:22,  8.06it/s]  6%|▋         | 348/5362 [00:37<10:16,  8.14it/s]  7%|▋         | 349/5362 [00:37<10:48,  7.73it/s]  7%|▋         | 350/5362 [00:38<11:07,  7.51it/s]  7%|▋         | 351/5362 [00:38<10:47,  7.74it/s]  7%|▋         | 352/5362 [00:38<10:25,  8.00it/s]  7%|▋         | 353/5362 [00:38<10:02,  8.32it/s]  7%|▋         | 354/5362 [00:38<09:53,  8.44it/s]  7%|▋         | 355/5362 [00:38<09:41,  8.60it/s]  7%|▋         | 356/5362 [00:38<09:37,  8.66it/s]  7%|▋         | 357/5362 [00:38<09:34,  8.71it/s]  7%|▋         | 358/5362 [00:38<09:15,  9.00it/s]  7%|▋         | 359/5362 [00:39<10:02,  8.30it/s]  7%|▋         | 360/5362 [00:39<09:47,  8.51it/s]  7%|▋         | 361/5362 [00:39<09:27,  8.81it/s]  7%|▋         | 362/5362 [00:39<09:34,  8.71it/s]  7%|▋         | 363/5362 [00:39<09:20,  8.92it/s]  7%|▋         | 364/5362 [00:39<09:25,  8.84it/s]  7%|▋         | 366/5362 [00:39<07:53, 10.55it/s]  7%|▋         | 368/5362 [00:40<09:00,  9.24it/s]  7%|▋         | 369/5362 [00:40<08:59,  9.26it/s]  7%|▋         | 371/5362 [00:40<08:23,  9.92it/s]  7%|▋         | 372/5362 [00:40<09:00,  9.23it/s]  7%|▋         | 374/5362 [00:40<08:29,  9.79it/s]  7%|▋         | 375/5362 [00:40<08:58,  9.26it/s]  7%|▋         | 376/5362 [00:40<09:00,  9.22it/s]  7%|▋         | 378/5362 [00:41<09:14,  9.00it/s]  7%|▋         | 379/5362 [00:41<09:07,  9.09it/s]  7%|▋         | 380/5362 [00:41<09:14,  8.99it/s]  7%|▋         | 381/5362 [00:41<10:11,  8.14it/s]  7%|▋         | 382/5362 [00:41<10:27,  7.94it/s]  7%|▋         | 383/5362 [00:41<11:01,  7.53it/s]  7%|▋         | 384/5362 [00:41<10:58,  7.56it/s]  7%|▋         | 385/5362 [00:42<10:55,  7.60it/s]  7%|▋         | 387/5362 [00:42<09:09,  9.06it/s]  7%|▋         | 388/5362 [00:42<09:22,  8.85it/s]  7%|▋         | 390/5362 [00:42<08:59,  9.22it/s]  7%|▋         | 391/5362 [00:42<08:54,  9.30it/s]  7%|▋         | 393/5362 [00:42<08:16, 10.00it/s]  7%|▋         | 395/5362 [00:42<08:12, 10.08it/s]  7%|▋         | 397/5362 [00:43<08:17,  9.98it/s]  7%|▋         | 399/5362 [00:43<08:18,  9.96it/s]  7%|▋         | 400/5362 [00:43<08:19,  9.93it/s]  7%|▋         | 402/5362 [00:43<08:10, 10.10it/s]  8%|▊         | 404/5362 [00:43<08:45,  9.43it/s]  8%|▊         | 405/5362 [00:44<09:01,  9.16it/s]  8%|▊         | 407/5362 [00:44<08:43,  9.46it/s]  8%|▊         | 408/5362 [00:44<08:39,  9.53it/s]  8%|▊         | 409/5362 [00:44<08:36,  9.59it/s]  8%|▊         | 411/5362 [00:44<07:47, 10.60it/s]  8%|▊         | 413/5362 [00:44<07:47, 10.58it/s]  8%|▊         | 415/5362 [00:45<07:56, 10.38it/s]  8%|▊         | 417/5362 [00:45<08:07, 10.15it/s]  8%|▊         | 419/5362 [00:45<08:25,  9.78it/s]  8%|▊         | 420/5362 [00:45<08:34,  9.60it/s]  8%|▊         | 421/5362 [00:45<09:01,  9.13it/s]  8%|▊         | 422/5362 [00:45<09:07,  9.03it/s]  8%|▊         | 423/5362 [00:45<09:05,  9.05it/s]  8%|▊         | 425/5362 [00:46<08:23,  9.81it/s]  8%|▊         | 427/5362 [00:46<08:08, 10.11it/s]  8%|▊         | 429/5362 [00:46<07:33, 10.87it/s]  8%|▊         | 431/5362 [00:46<07:51, 10.45it/s]  8%|▊         | 433/5362 [00:46<07:35, 10.82it/s]  8%|▊         | 435/5362 [00:46<07:16, 11.30it/s]  8%|▊         | 437/5362 [00:47<07:18, 11.22it/s]  8%|▊         | 439/5362 [00:47<07:14, 11.33it/s]  8%|▊         | 441/5362 [00:47<07:25, 11.05it/s]  8%|▊         | 443/5362 [00:47<07:14, 11.33it/s]  8%|▊         | 445/5362 [00:47<07:40, 10.68it/s]  8%|▊         | 447/5362 [00:48<07:39, 10.71it/s]  8%|▊         | 449/5362 [00:48<07:48, 10.48it/s]  8%|▊         | 451/5362 [00:48<07:25, 11.03it/s]  8%|▊         | 453/5362 [00:48<07:37, 10.72it/s]  8%|▊         | 455/5362 [00:48<07:52, 10.40it/s]  9%|▊         | 457/5362 [00:49<07:53, 10.36it/s]  9%|▊         | 459/5362 [00:49<08:13,  9.94it/s]  9%|▊         | 461/5362 [00:49<07:57, 10.27it/s]  9%|▊         | 463/5362 [00:49<08:46,  9.31it/s]  9%|▊         | 464/5362 [00:49<08:44,  9.34it/s]  9%|▊         | 465/5362 [00:49<08:53,  9.18it/s]  9%|▊         | 467/5362 [00:50<08:30,  9.58it/s]  9%|▊         | 468/5362 [00:50<08:31,  9.57it/s]  9%|▊         | 469/5362 [00:50<08:38,  9.44it/s]  9%|▉         | 470/5362 [00:50<08:41,  9.37it/s]  9%|▉         | 471/5362 [00:50<08:35,  9.48it/s]  9%|▉         | 472/5362 [00:50<08:46,  9.29it/s]  9%|▉         | 474/5362 [00:50<08:05, 10.07it/s]  9%|▉         | 475/5362 [00:50<08:11,  9.94it/s]  9%|▉         | 476/5362 [00:51<08:19,  9.78it/s]  9%|▉         | 477/5362 [00:51<08:37,  9.44it/s]  9%|▉         | 478/5362 [00:51<08:47,  9.26it/s]  9%|▉         | 480/5362 [00:51<08:20,  9.75it/s]  9%|▉         | 481/5362 [00:51<08:37,  9.44it/s]  9%|▉         | 483/5362 [00:51<08:27,  9.61it/s]  9%|▉         | 485/5362 [00:51<08:37,  9.42it/s]  9%|▉         | 486/5362 [00:52<08:43,  9.31it/s]  9%|▉         | 487/5362 [00:52<08:54,  9.12it/s]  9%|▉         | 488/5362 [00:52<08:59,  9.04it/s]  9%|▉         | 489/5362 [00:52<08:49,  9.21it/s]  9%|▉         | 490/5362 [00:52<08:38,  9.40it/s]  9%|▉         | 491/5362 [00:52<08:44,  9.29it/s]  9%|▉         | 492/5362 [00:52<08:49,  9.19it/s]  9%|▉         | 493/5362 [00:52<08:45,  9.27it/s]  9%|▉         | 495/5362 [00:53<08:39,  9.36it/s]  9%|▉         | 496/5362 [00:53<08:37,  9.40it/s]  9%|▉         | 497/5362 [00:53<09:05,  8.92it/s]  9%|▉         | 498/5362 [00:53<08:58,  9.04it/s]  9%|▉         | 499/5362 [00:53<08:48,  9.19it/s]  9%|▉         | 500/5362 [00:53<08:46,  9.24it/s]  9%|▉         | 502/5362 [00:53<08:48,  9.20it/s]  9%|▉         | 503/5362 [00:53<08:51,  9.15it/s]  9%|▉         | 504/5362 [00:54<08:41,  9.31it/s]  9%|▉         | 505/5362 [00:54<09:07,  8.86it/s]  9%|▉         | 507/5362 [00:54<08:41,  9.31it/s]  9%|▉         | 509/5362 [00:54<08:26,  9.59it/s] 10%|▉         | 510/5362 [00:54<08:28,  9.55it/s] 10%|▉         | 511/5362 [00:54<08:37,  9.38it/s] 10%|▉         | 512/5362 [00:54<08:32,  9.46it/s] 10%|▉         | 513/5362 [00:55<08:49,  9.16it/s] 10%|▉         | 514/5362 [00:55<08:56,  9.04it/s] 10%|▉         | 515/5362 [00:55<08:45,  9.23it/s] 10%|▉         | 516/5362 [00:55<08:43,  9.26it/s] 10%|▉         | 518/5362 [00:55<08:57,  9.01it/s] 10%|▉         | 519/5362 [00:55<08:50,  9.14it/s] 10%|▉         | 520/5362 [00:55<10:06,  7.99it/s] 10%|▉         | 521/5362 [00:56<10:50,  7.44it/s] 10%|▉         | 522/5362 [00:56<10:32,  7.65it/s] 10%|▉         | 523/5362 [00:56<10:29,  7.69it/s] 10%|▉         | 524/5362 [00:56<10:10,  7.93it/s] 10%|▉         | 525/5362 [00:56<09:43,  8.29it/s] 10%|▉         | 526/5362 [00:56<09:43,  8.28it/s] 10%|▉         | 527/5362 [00:56<09:17,  8.67it/s] 10%|▉         | 528/5362 [00:56<09:26,  8.54it/s] 10%|▉         | 529/5362 [00:56<09:31,  8.45it/s] 10%|▉         | 530/5362 [00:57<09:06,  8.84it/s] 10%|▉         | 531/5362 [00:57<09:17,  8.67it/s] 10%|▉         | 532/5362 [00:57<09:31,  8.46it/s] 10%|▉         | 533/5362 [00:57<09:51,  8.16it/s] 10%|▉         | 534/5362 [00:57<09:46,  8.23it/s] 10%|▉         | 535/5362 [00:57<09:37,  8.36it/s] 10%|▉         | 536/5362 [00:57<09:09,  8.79it/s] 10%|█         | 537/5362 [00:57<09:13,  8.72it/s] 10%|█         | 538/5362 [00:58<10:08,  7.92it/s] 10%|█         | 539/5362 [00:58<09:47,  8.21it/s] 10%|█         | 540/5362 [00:58<09:25,  8.53it/s] 10%|█         | 541/5362 [00:58<09:16,  8.67it/s] 10%|█         | 542/5362 [00:58<09:17,  8.64it/s] 10%|█         | 543/5362 [00:58<08:59,  8.93it/s] 10%|█         | 544/5362 [00:58<09:13,  8.70it/s] 10%|█         | 545/5362 [00:58<09:17,  8.64it/s] 10%|█         | 546/5362 [00:58<10:02,  7.99it/s] 10%|█         | 547/5362 [00:59<10:00,  8.02it/s] 10%|█         | 548/5362 [00:59<10:36,  7.57it/s] 10%|█         | 549/5362 [00:59<10:08,  7.91it/s] 10%|█         | 550/5362 [00:59<10:01,  8.00it/s] 10%|█         | 551/5362 [00:59<09:58,  8.04it/s] 10%|█         | 552/5362 [00:59<09:40,  8.29it/s] 10%|█         | 553/5362 [00:59<09:29,  8.44it/s] 10%|█         | 554/5362 [00:59<09:53,  8.10it/s] 10%|█         | 555/5362 [01:00<09:52,  8.11it/s] 10%|█         | 556/5362 [01:00<09:30,  8.43it/s] 10%|█         | 557/5362 [01:00<09:12,  8.70it/s] 10%|█         | 558/5362 [01:00<09:11,  8.72it/s] 10%|█         | 559/5362 [01:00<09:08,  8.76it/s] 10%|█         | 560/5362 [01:00<09:02,  8.86it/s] 10%|█         | 561/5362 [01:00<09:40,  8.27it/s] 10%|█         | 562/5362 [01:00<09:50,  8.13it/s] 10%|█         | 563/5362 [01:01<09:25,  8.48it/s] 11%|█         | 564/5362 [01:01<09:32,  8.38it/s] 11%|█         | 565/5362 [01:01<09:47,  8.17it/s] 11%|█         | 566/5362 [01:01<09:40,  8.26it/s] 11%|█         | 567/5362 [01:01<09:29,  8.43it/s] 11%|█         | 569/5362 [01:01<10:13,  7.81it/s] 11%|█         | 570/5362 [01:01<09:56,  8.03it/s] 11%|█         | 571/5362 [01:01<09:39,  8.26it/s] 11%|█         | 572/5362 [01:02<09:31,  8.38it/s] 11%|█         | 573/5362 [01:02<09:23,  8.50it/s] 11%|█         | 574/5362 [01:02<09:20,  8.54it/s] 11%|█         | 575/5362 [01:02<09:03,  8.81it/s] 11%|█         | 577/5362 [01:02<08:31,  9.35it/s] 11%|█         | 578/5362 [01:02<08:26,  9.44it/s] 11%|█         | 579/5362 [01:02<08:37,  9.24it/s] 11%|█         | 580/5362 [01:02<08:37,  9.24it/s] 11%|█         | 581/5362 [01:03<08:59,  8.86it/s] 11%|█         | 582/5362 [01:03<08:58,  8.87it/s] 11%|█         | 583/5362 [01:03<08:51,  8.99it/s] 11%|█         | 584/5362 [01:03<08:48,  9.05it/s] 11%|█         | 585/5362 [01:03<08:58,  8.88it/s] 11%|█         | 587/5362 [01:03<09:22,  8.49it/s] 11%|█         | 588/5362 [01:04<11:20,  7.02it/s] 11%|█         | 589/5362 [01:04<11:28,  6.94it/s] 11%|█         | 590/5362 [01:04<12:34,  6.33it/s] 11%|█         | 591/5362 [01:04<11:52,  6.69it/s] 11%|█         | 592/5362 [01:04<11:08,  7.14it/s] 11%|█         | 594/5362 [01:04<09:33,  8.31it/s] 11%|█         | 595/5362 [01:04<09:19,  8.52it/s] 11%|█         | 596/5362 [01:05<09:23,  8.45it/s] 11%|█         | 598/5362 [01:05<08:57,  8.86it/s] 11%|█         | 600/5362 [01:05<08:15,  9.62it/s] 11%|█         | 601/5362 [01:05<08:23,  9.45it/s] 11%|█         | 602/5362 [01:05<08:21,  9.49it/s] 11%|█         | 603/5362 [01:05<08:59,  8.81it/s] 11%|█▏        | 604/5362 [01:05<08:56,  8.88it/s] 11%|█▏        | 605/5362 [01:05<08:42,  9.11it/s] 11%|█▏        | 607/5362 [01:06<07:52, 10.05it/s] 11%|█▏        | 608/5362 [01:06<08:20,  9.51it/s] 11%|█▏        | 609/5362 [01:06<08:18,  9.53it/s] 11%|█▏        | 611/5362 [01:06<08:16,  9.56it/s] 11%|█▏        | 613/5362 [01:06<08:15,  9.58it/s] 11%|█▏        | 614/5362 [01:06<08:45,  9.04it/s] 11%|█▏        | 615/5362 [01:07<08:49,  8.97it/s] 11%|█▏        | 616/5362 [01:07<09:05,  8.70it/s] 12%|█▏        | 617/5362 [01:07<09:25,  8.39it/s] 12%|█▏        | 618/5362 [01:07<09:41,  8.16it/s] 12%|█▏        | 619/5362 [01:07<09:45,  8.11it/s] 12%|█▏        | 620/5362 [01:07<09:24,  8.40it/s] 12%|█▏        | 621/5362 [01:07<09:09,  8.62it/s] 12%|█▏        | 622/5362 [01:07<09:01,  8.75it/s] 12%|█▏        | 623/5362 [01:07<08:44,  9.04it/s] 12%|█▏        | 624/5362 [01:08<08:32,  9.25it/s] 12%|█▏        | 626/5362 [01:08<08:05,  9.76it/s] 12%|█▏        | 627/5362 [01:08<08:07,  9.71it/s] 12%|█▏        | 629/5362 [01:08<08:14,  9.58it/s] 12%|█▏        | 631/5362 [01:08<08:09,  9.66it/s] 12%|█▏        | 632/5362 [01:08<08:22,  9.41it/s] 12%|█▏        | 633/5362 [01:09<08:22,  9.40it/s] 12%|█▏        | 635/5362 [01:09<08:02,  9.79it/s] 12%|█▏        | 636/5362 [01:09<08:15,  9.53it/s] 12%|█▏        | 637/5362 [01:09<08:14,  9.55it/s] 12%|█▏        | 639/5362 [01:09<08:07,  9.69it/s] 12%|█▏        | 640/5362 [01:09<08:30,  9.24it/s] 12%|█▏        | 642/5362 [01:09<08:00,  9.83it/s] 12%|█▏        | 644/5362 [01:10<07:55,  9.93it/s] 12%|█▏        | 646/5362 [01:10<07:13, 10.88it/s] 12%|█▏        | 648/5362 [01:10<07:35, 10.36it/s] 12%|█▏        | 650/5362 [01:10<07:34, 10.37it/s] 12%|█▏        | 652/5362 [01:10<07:30, 10.45it/s] 12%|█▏        | 654/5362 [01:11<07:52,  9.96it/s] 12%|█▏        | 656/5362 [01:11<07:40, 10.21it/s] 12%|█▏        | 658/5362 [01:11<07:50, 10.00it/s] 12%|█▏        | 660/5362 [01:11<08:06,  9.67it/s] 12%|█▏        | 661/5362 [01:11<08:05,  9.67it/s] 12%|█▏        | 662/5362 [01:11<08:31,  9.18it/s] 12%|█▏        | 663/5362 [01:12<08:58,  8.73it/s] 12%|█▏        | 665/5362 [01:12<08:28,  9.23it/s] 12%|█▏        | 667/5362 [01:12<08:11,  9.55it/s] 12%|█▏        | 669/5362 [01:12<07:26, 10.51it/s] 13%|█▎        | 671/5362 [01:12<07:25, 10.53it/s] 13%|█▎        | 673/5362 [01:12<07:03, 11.07it/s] 13%|█▎        | 675/5362 [01:13<07:21, 10.62it/s] 13%|█▎        | 677/5362 [01:13<07:42, 10.14it/s] 13%|█▎        | 679/5362 [01:13<08:05,  9.64it/s] 13%|█▎        | 681/5362 [01:13<07:58,  9.79it/s] 13%|█▎        | 682/5362 [01:13<08:26,  9.24it/s] 13%|█▎        | 684/5362 [01:14<07:40, 10.15it/s] 13%|█▎        | 686/5362 [01:14<07:43, 10.09it/s] 13%|█▎        | 688/5362 [01:14<07:25, 10.50it/s] 13%|█▎        | 690/5362 [01:14<07:27, 10.43it/s] 13%|█▎        | 692/5362 [01:14<07:25, 10.48it/s] 13%|█▎        | 694/5362 [01:15<07:30, 10.35it/s] 13%|█▎        | 696/5362 [01:15<07:02, 11.06it/s] 13%|█▎        | 698/5362 [01:15<07:03, 11.00it/s] 13%|█▎        | 700/5362 [01:15<07:07, 10.90it/s] 13%|█▎        | 702/5362 [01:15<06:51, 11.32it/s] 13%|█▎        | 704/5362 [01:15<06:58, 11.13it/s] 13%|█▎        | 706/5362 [01:16<06:58, 11.13it/s] 13%|█▎        | 708/5362 [01:16<06:35, 11.77it/s] 13%|█▎        | 710/5362 [01:16<06:43, 11.52it/s] 13%|█▎        | 712/5362 [01:16<06:54, 11.22it/s] 13%|█▎        | 714/5362 [01:16<06:49, 11.34it/s] 13%|█▎        | 716/5362 [01:17<06:56, 11.14it/s] 13%|█▎        | 718/5362 [01:17<06:50, 11.31it/s] 13%|█▎        | 720/5362 [01:17<07:04, 10.92it/s] 13%|█▎        | 722/5362 [01:17<07:02, 10.99it/s] 14%|█▎        | 724/5362 [01:17<07:01, 11.01it/s] 14%|█▎        | 726/5362 [01:17<06:48, 11.34it/s] 14%|█▎        | 728/5362 [01:18<07:16, 10.61it/s] 14%|█▎        | 730/5362 [01:18<06:55, 11.15it/s] 14%|█▎        | 732/5362 [01:18<07:28, 10.32it/s] 14%|█▎        | 734/5362 [01:18<07:18, 10.55it/s] 14%|█▎        | 736/5362 [01:18<07:08, 10.80it/s] 14%|█▍        | 738/5362 [01:19<07:07, 10.82it/s] 14%|█▍        | 740/5362 [01:19<07:31, 10.24it/s] 14%|█▍        | 742/5362 [01:19<07:40, 10.02it/s] 14%|█▍        | 744/5362 [01:19<06:56, 11.08it/s] 14%|█▍        | 746/5362 [01:19<07:21, 10.46it/s] 14%|█▍        | 748/5362 [01:20<07:37, 10.08it/s] 14%|█▍        | 750/5362 [01:20<07:45,  9.90it/s] 14%|█▍        | 752/5362 [01:20<07:23, 10.40it/s] 14%|█▍        | 754/5362 [01:20<07:49,  9.82it/s] 14%|█▍        | 756/5362 [01:20<07:06, 10.79it/s] 14%|█▍        | 758/5362 [01:21<07:35, 10.11it/s] 14%|█▍        | 760/5362 [01:21<07:50,  9.78it/s] 14%|█▍        | 762/5362 [01:21<07:44,  9.90it/s] 14%|█▍        | 764/5362 [01:21<07:49,  9.80it/s] 14%|█▍        | 766/5362 [01:21<07:17, 10.51it/s] 14%|█▍        | 768/5362 [01:22<07:31, 10.17it/s] 14%|█▍        | 770/5362 [01:22<07:41,  9.95it/s] 14%|█▍        | 772/5362 [01:22<07:26, 10.28it/s] 14%|█▍        | 774/5362 [01:22<07:53,  9.69it/s] 14%|█▍        | 776/5362 [01:22<07:39,  9.99it/s] 15%|█▍        | 778/5362 [01:22<07:13, 10.57it/s] 15%|█▍        | 780/5362 [01:23<07:45,  9.84it/s] 15%|█▍        | 782/5362 [01:23<07:25, 10.28it/s] 15%|█▍        | 784/5362 [01:23<07:29, 10.19it/s] 15%|█▍        | 786/5362 [01:23<08:00,  9.53it/s] 15%|█▍        | 788/5362 [01:24<07:49,  9.73it/s] 15%|█▍        | 789/5362 [01:24<07:48,  9.77it/s] 15%|█▍        | 791/5362 [01:24<07:07, 10.69it/s] 15%|█▍        | 793/5362 [01:24<07:44,  9.84it/s] 15%|█▍        | 795/5362 [01:24<07:48,  9.75it/s] 15%|█▍        | 797/5362 [01:24<07:11, 10.57it/s] 15%|█▍        | 799/5362 [01:25<07:14, 10.49it/s] 15%|█▍        | 801/5362 [01:25<06:56, 10.95it/s] 15%|█▍        | 803/5362 [01:25<07:07, 10.65it/s] 15%|█▌        | 805/5362 [01:25<06:33, 11.57it/s] 15%|█▌        | 807/5362 [01:25<06:38, 11.43it/s] 15%|█▌        | 809/5362 [01:25<06:11, 12.26it/s] 15%|█▌        | 811/5362 [01:26<05:59, 12.67it/s] 15%|█▌        | 813/5362 [01:26<06:49, 11.10it/s] 15%|█▌        | 815/5362 [01:26<07:06, 10.66it/s] 15%|█▌        | 817/5362 [01:26<07:18, 10.37it/s] 15%|█▌        | 819/5362 [01:26<07:22, 10.27it/s] 15%|█▌        | 821/5362 [01:27<06:47, 11.15it/s] 15%|█▌        | 823/5362 [01:27<06:42, 11.28it/s] 15%|█▌        | 825/5362 [01:27<07:16, 10.40it/s] 15%|█▌        | 827/5362 [01:27<07:36,  9.93it/s] 15%|█▌        | 829/5362 [01:27<07:31, 10.05it/s] 15%|█▌        | 831/5362 [01:28<07:00, 10.78it/s] 16%|█▌        | 833/5362 [01:28<06:47, 11.12it/s] 16%|█▌        | 835/5362 [01:28<06:48, 11.09it/s] 16%|█▌        | 837/5362 [01:28<06:35, 11.44it/s] 16%|█▌        | 839/5362 [01:28<06:28, 11.64it/s] 16%|█▌        | 841/5362 [01:28<06:21, 11.84it/s] 16%|█▌        | 843/5362 [01:29<06:20, 11.87it/s] 16%|█▌        | 845/5362 [01:29<06:33, 11.49it/s] 16%|█▌        | 847/5362 [01:29<06:22, 11.82it/s] 16%|█▌        | 849/5362 [01:29<06:41, 11.24it/s] 16%|█▌        | 851/5362 [01:29<06:19, 11.89it/s] 16%|█▌        | 853/5362 [01:29<06:12, 12.11it/s] 16%|█▌        | 855/5362 [01:30<06:31, 11.52it/s] 16%|█▌        | 857/5362 [01:30<06:09, 12.21it/s] 16%|█▌        | 859/5362 [01:30<06:31, 11.49it/s] 16%|█▌        | 861/5362 [01:30<06:25, 11.69it/s] 16%|█▌        | 863/5362 [01:30<06:33, 11.45it/s] 16%|█▌        | 865/5362 [01:30<06:21, 11.79it/s] 16%|█▌        | 867/5362 [01:31<06:39, 11.26it/s] 16%|█▌        | 869/5362 [01:31<06:15, 11.95it/s] 16%|█▌        | 871/5362 [01:31<06:31, 11.46it/s] 16%|█▋        | 873/5362 [01:31<06:26, 11.62it/s] 16%|█▋        | 875/5362 [01:31<06:09, 12.15it/s] 16%|█▋        | 877/5362 [01:31<06:11, 12.07it/s] 16%|█▋        | 879/5362 [01:32<06:03, 12.34it/s] 16%|█▋        | 881/5362 [01:32<06:06, 12.23it/s] 16%|█▋        | 883/5362 [01:32<06:07, 12.17it/s] 17%|█▋        | 885/5362 [01:32<06:02, 12.36it/s] 17%|█▋        | 887/5362 [01:32<06:15, 11.91it/s] 17%|█▋        | 889/5362 [01:32<06:04, 12.27it/s] 17%|█▋        | 891/5362 [01:33<06:32, 11.39it/s] 17%|█▋        | 893/5362 [01:33<06:46, 11.00it/s] 17%|█▋        | 895/5362 [01:33<06:45, 11.01it/s] 17%|█▋        | 897/5362 [01:33<06:35, 11.30it/s] 17%|█▋        | 899/5362 [01:33<06:28, 11.48it/s] 17%|█▋        | 901/5362 [01:33<06:28, 11.48it/s] 17%|█▋        | 903/5362 [01:34<05:54, 12.57it/s] 17%|█▋        | 905/5362 [01:34<06:05, 12.18it/s] 17%|█▋        | 907/5362 [01:34<06:15, 11.87it/s] 17%|█▋        | 909/5362 [01:34<06:02, 12.29it/s] 17%|█▋        | 911/5362 [01:34<06:22, 11.64it/s] 17%|█▋        | 913/5362 [01:34<05:58, 12.39it/s] 17%|█▋        | 915/5362 [01:35<06:28, 11.45it/s] 17%|█▋        | 917/5362 [01:35<06:54, 10.73it/s] 17%|█▋        | 919/5362 [01:35<07:30,  9.86it/s] 17%|█▋        | 921/5362 [01:35<07:55,  9.33it/s] 17%|█▋        | 923/5362 [01:36<07:44,  9.55it/s] 17%|█▋        | 924/5362 [01:36<07:42,  9.60it/s] 17%|█▋        | 925/5362 [01:36<07:43,  9.56it/s] 17%|█▋        | 927/5362 [01:36<06:47, 10.89it/s] 17%|█▋        | 929/5362 [01:36<06:49, 10.84it/s] 17%|█▋        | 931/5362 [01:36<06:12, 11.90it/s] 17%|█▋        | 933/5362 [01:36<06:29, 11.36it/s] 17%|█▋        | 935/5362 [01:37<06:16, 11.76it/s] 17%|█▋        | 937/5362 [01:37<06:04, 12.16it/s] 18%|█▊        | 939/5362 [01:37<06:11, 11.92it/s] 18%|█▊        | 941/5362 [01:37<06:04, 12.12it/s] 18%|█▊        | 943/5362 [01:37<06:17, 11.72it/s] 18%|█▊        | 945/5362 [01:37<06:03, 12.14it/s] 18%|█▊        | 947/5362 [01:38<05:58, 12.32it/s] 18%|█▊        | 949/5362 [01:38<05:49, 12.62it/s] 18%|█▊        | 951/5362 [01:38<05:53, 12.49it/s] 18%|█▊        | 953/5362 [01:38<06:04, 12.09it/s] 18%|█▊        | 955/5362 [01:38<06:09, 11.91it/s] 18%|█▊        | 957/5362 [01:38<06:31, 11.25it/s] 18%|█▊        | 959/5362 [01:39<06:17, 11.65it/s] 18%|█▊        | 961/5362 [01:39<06:10, 11.86it/s] 18%|█▊        | 963/5362 [01:39<06:17, 11.64it/s] 18%|█▊        | 965/5362 [01:39<06:03, 12.09it/s] 18%|█▊        | 967/5362 [01:39<06:07, 11.95it/s] 18%|█▊        | 969/5362 [01:39<06:08, 11.93it/s] 18%|█▊        | 971/5362 [01:40<06:01, 12.13it/s] 18%|█▊        | 973/5362 [01:40<06:10, 11.86it/s] 18%|█▊        | 975/5362 [01:40<06:22, 11.47it/s] 18%|█▊        | 977/5362 [01:40<05:55, 12.34it/s] 18%|█▊        | 979/5362 [01:40<06:05, 11.98it/s] 18%|█▊        | 981/5362 [01:40<06:02, 12.09it/s] 18%|█▊        | 983/5362 [01:41<05:54, 12.36it/s] 18%|█▊        | 985/5362 [01:41<06:05, 11.99it/s] 18%|█▊        | 987/5362 [01:41<05:52, 12.42it/s] 18%|█▊        | 989/5362 [01:41<05:59, 12.17it/s] 18%|█▊        | 991/5362 [01:41<06:26, 11.32it/s] 19%|█▊        | 993/5362 [01:41<06:47, 10.71it/s] 19%|█▊        | 995/5362 [01:42<07:05, 10.27it/s] 19%|█▊        | 997/5362 [01:42<06:45, 10.76it/s] 19%|█▊        | 999/5362 [01:42<07:04, 10.28it/s] 19%|█▊        | 1001/5362 [01:42<07:10, 10.12it/s] 19%|█▊        | 1003/5362 [01:42<07:25,  9.78it/s] 19%|█▊        | 1005/5362 [01:43<07:04, 10.26it/s] 19%|█▉        | 1007/5362 [01:43<06:50, 10.60it/s] 19%|█▉        | 1009/5362 [01:43<06:39, 10.89it/s] 19%|█▉        | 1011/5362 [01:43<06:53, 10.53it/s] 19%|█▉        | 1013/5362 [01:43<06:50, 10.59it/s] 19%|█▉        | 1015/5362 [01:44<07:11, 10.07it/s] 19%|█▉        | 1017/5362 [01:44<07:12, 10.04it/s] 19%|█▉        | 1019/5362 [01:44<07:12, 10.03it/s] 19%|█▉        | 1021/5362 [01:44<07:15,  9.98it/s] 19%|█▉        | 1023/5362 [01:44<07:25,  9.73it/s] 19%|█▉        | 1025/5362 [01:45<06:49, 10.59it/s] 19%|█▉        | 1027/5362 [01:45<07:02, 10.26it/s] 19%|█▉        | 1029/5362 [01:45<06:19, 11.42it/s] 19%|█▉        | 1031/5362 [01:45<06:25, 11.23it/s] 19%|█▉        | 1033/5362 [01:45<06:43, 10.73it/s] 19%|█▉        | 1035/5362 [01:45<06:48, 10.59it/s] 19%|█▉        | 1037/5362 [01:46<06:16, 11.49it/s] 19%|█▉        | 1039/5362 [01:46<06:28, 11.13it/s] 19%|█▉        | 1041/5362 [01:46<05:56, 12.12it/s] 19%|█▉        | 1043/5362 [01:46<06:43, 10.71it/s] 19%|█▉        | 1045/5362 [01:46<06:43, 10.71it/s] 20%|█▉        | 1047/5362 [01:47<06:57, 10.33it/s] 20%|█▉        | 1049/5362 [01:47<06:41, 10.74it/s] 20%|█▉        | 1051/5362 [01:47<06:21, 11.30it/s] 20%|█▉        | 1053/5362 [01:47<06:24, 11.21it/s] 20%|█▉        | 1055/5362 [01:47<06:33, 10.94it/s] 20%|█▉        | 1057/5362 [01:47<06:44, 10.65it/s] 20%|█▉        | 1059/5362 [01:48<06:40, 10.73it/s] 20%|█▉        | 1061/5362 [01:48<06:54, 10.38it/s] 20%|█▉        | 1063/5362 [01:48<06:41, 10.71it/s] 20%|█▉        | 1065/5362 [01:48<06:14, 11.46it/s] 20%|█▉        | 1067/5362 [01:48<05:56, 12.04it/s] 20%|█▉        | 1069/5362 [01:49<05:58, 11.97it/s] 20%|█▉        | 1071/5362 [01:49<05:50, 12.25it/s] 20%|██        | 1073/5362 [01:49<06:04, 11.78it/s] 20%|██        | 1075/5362 [01:49<05:44, 12.46it/s] 20%|██        | 1077/5362 [01:49<06:09, 11.60it/s] 20%|██        | 1079/5362 [01:49<06:25, 11.11it/s] 20%|██        | 1081/5362 [01:50<06:20, 11.25it/s] 20%|██        | 1083/5362 [01:50<06:06, 11.68it/s] 20%|██        | 1085/5362 [01:50<05:42, 12.48it/s] 20%|██        | 1087/5362 [01:50<06:02, 11.78it/s] 20%|██        | 1089/5362 [01:50<05:43, 12.44it/s] 20%|██        | 1091/5362 [01:50<05:38, 12.61it/s] 20%|██        | 1093/5362 [01:50<05:30, 12.94it/s] 20%|██        | 1095/5362 [01:51<06:04, 11.72it/s] 20%|██        | 1097/5362 [01:51<05:46, 12.31it/s] 20%|██        | 1099/5362 [01:51<05:28, 12.97it/s] 21%|██        | 1101/5362 [01:51<05:48, 12.23it/s] 21%|██        | 1103/5362 [01:51<05:38, 12.59it/s] 21%|██        | 1105/5362 [01:51<05:52, 12.09it/s] 21%|██        | 1107/5362 [01:52<05:40, 12.49it/s] 21%|██        | 1109/5362 [01:52<06:12, 11.42it/s] 21%|██        | 1111/5362 [01:52<06:21, 11.15it/s] 21%|██        | 1113/5362 [01:52<06:20, 11.16it/s] 21%|██        | 1115/5362 [01:52<05:42, 12.38it/s] 21%|██        | 1117/5362 [01:52<05:39, 12.52it/s] 21%|██        | 1119/5362 [01:53<06:04, 11.64it/s] 21%|██        | 1121/5362 [01:53<06:13, 11.37it/s] 21%|██        | 1123/5362 [01:53<06:00, 11.76it/s] 21%|██        | 1125/5362 [01:53<06:24, 11.02it/s] 21%|██        | 1127/5362 [01:53<05:57, 11.85it/s] 21%|██        | 1129/5362 [01:54<05:49, 12.13it/s] 21%|██        | 1131/5362 [01:54<06:00, 11.74it/s] 21%|██        | 1133/5362 [01:54<06:22, 11.04it/s] 21%|██        | 1135/5362 [01:54<06:11, 11.38it/s] 21%|██        | 1137/5362 [01:54<06:20, 11.12it/s] 21%|██        | 1139/5362 [01:54<06:03, 11.61it/s] 21%|██▏       | 1141/5362 [01:55<05:58, 11.78it/s] 21%|██▏       | 1143/5362 [01:55<06:02, 11.64it/s] 21%|██▏       | 1145/5362 [01:55<06:25, 10.94it/s] 21%|██▏       | 1147/5362 [01:55<06:30, 10.78it/s] 21%|██▏       | 1149/5362 [01:55<06:51, 10.23it/s] 21%|██▏       | 1151/5362 [01:56<06:44, 10.41it/s] 22%|██▏       | 1153/5362 [01:56<06:07, 11.45it/s] 22%|██▏       | 1155/5362 [01:56<05:56, 11.79it/s] 22%|██▏       | 1157/5362 [01:56<06:22, 10.98it/s] 22%|██▏       | 1159/5362 [01:56<06:30, 10.75it/s] 22%|██▏       | 1161/5362 [01:56<06:35, 10.63it/s] 22%|██▏       | 1163/5362 [01:57<05:57, 11.75it/s] 22%|██▏       | 1165/5362 [01:57<05:56, 11.77it/s] 22%|██▏       | 1167/5362 [01:57<06:00, 11.62it/s] 22%|██▏       | 1169/5362 [01:57<06:08, 11.39it/s] 22%|██▏       | 1171/5362 [01:57<05:54, 11.81it/s] 22%|██▏       | 1173/5362 [01:57<05:48, 12.01it/s] 22%|██▏       | 1175/5362 [01:58<05:52, 11.87it/s] 22%|██▏       | 1177/5362 [01:58<05:28, 12.74it/s] 22%|██▏       | 1179/5362 [01:58<05:46, 12.09it/s] 22%|██▏       | 1181/5362 [01:58<05:26, 12.82it/s] 22%|██▏       | 1183/5362 [01:58<05:27, 12.78it/s] 22%|██▏       | 1185/5362 [01:58<05:49, 11.94it/s] 22%|██▏       | 1187/5362 [01:59<05:44, 12.14it/s] 22%|██▏       | 1189/5362 [01:59<05:59, 11.61it/s] 22%|██▏       | 1191/5362 [01:59<05:36, 12.39it/s] 22%|██▏       | 1193/5362 [01:59<05:43, 12.14it/s] 22%|██▏       | 1195/5362 [01:59<05:39, 12.26it/s] 22%|██▏       | 1197/5362 [01:59<06:00, 11.55it/s] 22%|██▏       | 1199/5362 [02:00<06:12, 11.18it/s] 22%|██▏       | 1201/5362 [02:00<06:13, 11.13it/s] 22%|██▏       | 1203/5362 [02:00<05:36, 12.34it/s] 22%|██▏       | 1205/5362 [02:00<05:56, 11.64it/s] 23%|██▎       | 1207/5362 [02:00<05:21, 12.92it/s] 23%|██▎       | 1209/5362 [02:00<05:37, 12.30it/s] 23%|██▎       | 1211/5362 [02:01<05:33, 12.44it/s] 23%|██▎       | 1213/5362 [02:01<05:34, 12.39it/s] 23%|██▎       | 1215/5362 [02:01<05:39, 12.22it/s] 23%|██▎       | 1217/5362 [02:01<05:24, 12.79it/s] 23%|██▎       | 1219/5362 [02:01<05:57, 11.60it/s] 23%|██▎       | 1221/5362 [02:01<06:13, 11.08it/s] 23%|██▎       | 1223/5362 [02:02<06:12, 11.11it/s] 23%|██▎       | 1225/5362 [02:02<06:26, 10.70it/s] 23%|██▎       | 1227/5362 [02:02<06:28, 10.64it/s] 23%|██▎       | 1229/5362 [02:02<06:35, 10.44it/s] 23%|██▎       | 1231/5362 [02:02<06:37, 10.38it/s] 23%|██▎       | 1233/5362 [02:03<06:42, 10.26it/s] 23%|██▎       | 1235/5362 [02:03<06:29, 10.59it/s] 23%|██▎       | 1237/5362 [02:03<06:13, 11.03it/s] 23%|██▎       | 1239/5362 [02:03<06:26, 10.68it/s] 23%|██▎       | 1241/5362 [02:03<06:30, 10.55it/s] 23%|██▎       | 1243/5362 [02:04<06:32, 10.50it/s] 23%|██▎       | 1245/5362 [02:04<06:50, 10.04it/s] 23%|██▎       | 1247/5362 [02:04<07:01,  9.76it/s] 23%|██▎       | 1248/5362 [02:04<07:02,  9.73it/s] 23%|██▎       | 1250/5362 [02:04<06:08, 11.16it/s] 23%|██▎       | 1252/5362 [02:04<06:14, 10.98it/s] 23%|██▎       | 1254/5362 [02:05<06:23, 10.70it/s] 23%|██▎       | 1256/5362 [02:05<05:49, 11.73it/s] 23%|██▎       | 1258/5362 [02:05<05:53, 11.62it/s] 23%|██▎       | 1260/5362 [02:05<05:52, 11.64it/s] 24%|██▎       | 1262/5362 [02:05<06:00, 11.37it/s] 24%|██▎       | 1264/5362 [02:05<05:48, 11.75it/s] 24%|██▎       | 1266/5362 [02:06<06:00, 11.36it/s] 24%|██▎       | 1268/5362 [02:06<06:29, 10.50it/s] 24%|██▎       | 1270/5362 [02:06<06:32, 10.42it/s] 24%|██▎       | 1272/5362 [02:06<06:51,  9.94it/s] 24%|██▍       | 1274/5362 [02:06<06:58,  9.78it/s] 24%|██▍       | 1276/5362 [02:07<06:40, 10.20it/s] 24%|██▍       | 1278/5362 [02:07<06:17, 10.81it/s] 24%|██▍       | 1280/5362 [02:07<05:50, 11.65it/s] 24%|██▍       | 1282/5362 [02:07<06:09, 11.03it/s] 24%|██▍       | 1284/5362 [02:07<05:58, 11.39it/s] 24%|██▍       | 1286/5362 [02:08<06:15, 10.85it/s] 24%|██▍       | 1288/5362 [02:08<06:24, 10.60it/s] 24%|██▍       | 1290/5362 [02:08<05:58, 11.36it/s] 24%|██▍       | 1292/5362 [02:08<06:03, 11.19it/s] 24%|██▍       | 1294/5362 [02:08<05:54, 11.46it/s] 24%|██▍       | 1296/5362 [02:08<06:00, 11.26it/s] 24%|██▍       | 1298/5362 [02:09<05:48, 11.66it/s] 24%|██▍       | 1300/5362 [02:09<06:15, 10.82it/s] 24%|██▍       | 1302/5362 [02:09<06:25, 10.53it/s] 24%|██▍       | 1304/5362 [02:09<05:57, 11.35it/s] 24%|██▍       | 1306/5362 [02:09<06:11, 10.91it/s] 24%|██▍       | 1308/5362 [02:09<06:06, 11.06it/s] 24%|██▍       | 1310/5362 [02:10<05:53, 11.47it/s] 24%|██▍       | 1312/5362 [02:10<05:58, 11.28it/s] 25%|██▍       | 1314/5362 [02:10<06:00, 11.23it/s] 25%|██▍       | 1316/5362 [02:10<06:19, 10.66it/s] 25%|██▍       | 1318/5362 [02:10<06:10, 10.92it/s] 25%|██▍       | 1320/5362 [02:11<06:01, 11.17it/s] 25%|██▍       | 1322/5362 [02:11<06:13, 10.80it/s] 25%|██▍       | 1324/5362 [02:11<06:17, 10.69it/s] 25%|██▍       | 1326/5362 [02:11<06:15, 10.76it/s] 25%|██▍       | 1328/5362 [02:11<05:44, 11.71it/s] 25%|██▍       | 1330/5362 [02:11<05:58, 11.25it/s] 25%|██▍       | 1332/5362 [02:12<05:29, 12.21it/s] 25%|██▍       | 1334/5362 [02:12<05:35, 12.00it/s] 25%|██▍       | 1336/5362 [02:12<05:33, 12.07it/s] 25%|██▍       | 1338/5362 [02:12<05:33, 12.06it/s] 25%|██▍       | 1340/5362 [02:12<05:16, 12.70it/s] 25%|██▌       | 1342/5362 [02:12<05:33, 12.06it/s] 25%|██▌       | 1344/5362 [02:13<05:35, 11.98it/s] 25%|██▌       | 1346/5362 [02:13<05:33, 12.04it/s] 25%|██▌       | 1348/5362 [02:13<06:07, 10.92it/s] 25%|██▌       | 1350/5362 [02:13<06:21, 10.52it/s] 25%|██▌       | 1352/5362 [02:13<06:35, 10.14it/s] 25%|██▌       | 1354/5362 [02:14<06:33, 10.17it/s] 25%|██▌       | 1356/5362 [02:14<06:23, 10.45it/s] 25%|██▌       | 1358/5362 [02:14<06:18, 10.58it/s] 25%|██▌       | 1360/5362 [02:14<06:12, 10.75it/s] 25%|██▌       | 1362/5362 [02:14<05:58, 11.15it/s] 25%|██▌       | 1364/5362 [02:14<05:51, 11.39it/s] 25%|██▌       | 1366/5362 [02:15<05:45, 11.57it/s] 26%|██▌       | 1368/5362 [02:15<05:32, 12.01it/s] 26%|██▌       | 1370/5362 [02:15<05:52, 11.33it/s] 26%|██▌       | 1372/5362 [02:15<06:00, 11.07it/s] 26%|██▌       | 1374/5362 [02:15<06:08, 10.83it/s] 26%|██▌       | 1376/5362 [02:16<05:55, 11.21it/s] 26%|██▌       | 1378/5362 [02:16<06:06, 10.87it/s] 26%|██▌       | 1380/5362 [02:16<05:39, 11.73it/s] 26%|██▌       | 1382/5362 [02:16<05:49, 11.40it/s] 26%|██▌       | 1384/5362 [02:16<05:59, 11.06it/s] 26%|██▌       | 1386/5362 [02:16<05:54, 11.20it/s] 26%|██▌       | 1388/5362 [02:17<05:29, 12.05it/s] 26%|██▌       | 1390/5362 [02:17<05:47, 11.44it/s] 26%|██▌       | 1392/5362 [02:17<05:32, 11.95it/s] 26%|██▌       | 1394/5362 [02:17<05:33, 11.88it/s] 26%|██▌       | 1396/5362 [02:17<05:33, 11.88it/s] 26%|██▌       | 1398/5362 [02:17<05:13, 12.63it/s] 26%|██▌       | 1400/5362 [02:18<05:07, 12.89it/s] 26%|██▌       | 1402/5362 [02:18<04:52, 13.53it/s] 26%|██▌       | 1404/5362 [02:18<04:45, 13.87it/s] 26%|██▌       | 1406/5362 [02:18<05:13, 12.60it/s] 26%|██▋       | 1408/5362 [02:18<05:18, 12.42it/s] 26%|██▋       | 1410/5362 [02:18<05:35, 11.80it/s] 26%|██▋       | 1412/5362 [02:18<05:29, 11.99it/s] 26%|██▋       | 1414/5362 [02:19<05:00, 13.14it/s] 26%|██▋       | 1416/5362 [02:19<04:42, 13.97it/s] 26%|██▋       | 1418/5362 [02:19<05:12, 12.64it/s] 26%|██▋       | 1420/5362 [02:19<05:24, 12.15it/s] 27%|██▋       | 1422/5362 [02:19<05:59, 10.95it/s] 27%|██▋       | 1424/5362 [02:19<05:50, 11.22it/s] 27%|██▋       | 1426/5362 [02:20<05:52, 11.18it/s] 27%|██▋       | 1428/5362 [02:20<05:54, 11.09it/s] 27%|██▋       | 1430/5362 [02:20<06:17, 10.41it/s] 27%|██▋       | 1432/5362 [02:20<05:59, 10.94it/s] 27%|██▋       | 1434/5362 [02:20<06:09, 10.62it/s] 27%|██▋       | 1436/5362 [02:21<06:11, 10.57it/s] 27%|██▋       | 1438/5362 [02:21<06:02, 10.82it/s] 27%|██▋       | 1440/5362 [02:21<06:30, 10.05it/s] 27%|██▋       | 1442/5362 [02:21<06:32,  9.99it/s] 27%|██▋       | 1444/5362 [02:21<06:20, 10.29it/s] 27%|██▋       | 1446/5362 [02:22<06:15, 10.43it/s] 27%|██▋       | 1448/5362 [02:22<06:16, 10.40it/s] 27%|██▋       | 1450/5362 [02:22<06:07, 10.65it/s] 27%|██▋       | 1452/5362 [02:22<06:18, 10.33it/s] 27%|██▋       | 1454/5362 [02:22<06:21, 10.23it/s] 27%|██▋       | 1456/5362 [02:23<06:25, 10.13it/s] 27%|██▋       | 1458/5362 [02:23<06:13, 10.46it/s] 27%|██▋       | 1460/5362 [02:23<05:58, 10.89it/s] 27%|██▋       | 1462/5362 [02:23<06:01, 10.80it/s] 27%|██▋       | 1464/5362 [02:23<05:58, 10.87it/s] 27%|██▋       | 1466/5362 [02:24<06:23, 10.15it/s] 27%|██▋       | 1468/5362 [02:24<06:15, 10.36it/s] 27%|██▋       | 1470/5362 [02:24<06:23, 10.15it/s] 27%|██▋       | 1472/5362 [02:24<06:21, 10.20it/s] 27%|██▋       | 1474/5362 [02:24<06:38,  9.75it/s] 28%|██▊       | 1476/5362 [02:25<06:24, 10.11it/s] 28%|██▊       | 1478/5362 [02:25<06:46,  9.56it/s] 28%|██▊       | 1479/5362 [02:25<06:57,  9.31it/s] 28%|██▊       | 1480/5362 [02:25<06:52,  9.40it/s] 28%|██▊       | 1482/5362 [02:25<07:07,  9.07it/s] 28%|██▊       | 1484/5362 [02:25<07:18,  8.84it/s] 28%|██▊       | 1485/5362 [02:26<07:19,  8.83it/s] 28%|██▊       | 1486/5362 [02:26<07:13,  8.93it/s] 28%|██▊       | 1487/5362 [02:26<07:18,  8.84it/s] 28%|██▊       | 1488/5362 [02:26<07:08,  9.04it/s] 28%|██▊       | 1489/5362 [02:26<07:16,  8.88it/s] 28%|██▊       | 1490/5362 [02:26<07:19,  8.81it/s] 28%|██▊       | 1492/5362 [02:26<07:29,  8.62it/s] 28%|██▊       | 1493/5362 [02:26<07:20,  8.79it/s] 28%|██▊       | 1494/5362 [02:27<07:16,  8.86it/s] 28%|██▊       | 1496/5362 [02:27<07:06,  9.07it/s] 28%|██▊       | 1497/5362 [02:27<07:04,  9.09it/s] 28%|██▊       | 1498/5362 [02:27<07:17,  8.84it/s] 28%|██▊       | 1500/5362 [02:27<07:12,  8.93it/s] 28%|██▊       | 1501/5362 [02:27<07:27,  8.62it/s] 28%|██▊       | 1502/5362 [02:27<07:17,  8.82it/s] 28%|██▊       | 1503/5362 [02:28<07:05,  9.08it/s] 28%|██▊       | 1504/5362 [02:28<06:54,  9.31it/s] 28%|██▊       | 1505/5362 [02:28<07:03,  9.11it/s] 28%|██▊       | 1507/5362 [02:28<06:40,  9.63it/s] 28%|██▊       | 1508/5362 [02:28<07:40,  8.37it/s] 28%|██▊       | 1509/5362 [02:28<07:52,  8.16it/s] 28%|██▊       | 1510/5362 [02:28<08:46,  7.32it/s] 28%|██▊       | 1511/5362 [02:29<08:33,  7.50it/s] 28%|██▊       | 1512/5362 [02:29<09:00,  7.12it/s] 28%|██▊       | 1513/5362 [02:29<08:29,  7.56it/s] 28%|██▊       | 1515/5362 [02:29<07:47,  8.22it/s] 28%|██▊       | 1516/5362 [02:29<07:52,  8.14it/s] 28%|██▊       | 1517/5362 [02:29<07:31,  8.52it/s] 28%|██▊       | 1518/5362 [02:29<07:21,  8.70it/s] 28%|██▊       | 1519/5362 [02:30<07:12,  8.88it/s] 28%|██▊       | 1520/5362 [02:30<07:03,  9.07it/s] 28%|██▊       | 1521/5362 [02:30<07:00,  9.14it/s] 28%|██▊       | 1523/5362 [02:30<06:30,  9.82it/s] 28%|██▊       | 1524/5362 [02:30<06:56,  9.22it/s] 28%|██▊       | 1525/5362 [02:30<07:06,  8.99it/s] 28%|██▊       | 1526/5362 [02:30<07:14,  8.83it/s] 28%|██▊       | 1527/5362 [02:30<07:03,  9.06it/s] 28%|██▊       | 1528/5362 [02:30<07:02,  9.07it/s] 29%|██▊       | 1529/5362 [02:31<06:55,  9.24it/s] 29%|██▊       | 1530/5362 [02:31<06:48,  9.39it/s] 29%|██▊       | 1531/5362 [02:31<07:05,  9.00it/s] 29%|██▊       | 1532/5362 [02:31<07:06,  8.97it/s] 29%|██▊       | 1533/5362 [02:31<07:07,  8.96it/s] 29%|██▊       | 1535/5362 [02:31<06:56,  9.18it/s] 29%|██▊       | 1536/5362 [02:31<06:50,  9.33it/s] 29%|██▊       | 1537/5362 [02:31<06:51,  9.29it/s] 29%|██▊       | 1539/5362 [02:32<06:16, 10.16it/s] 29%|██▊       | 1540/5362 [02:32<06:53,  9.23it/s] 29%|██▉       | 1542/5362 [02:32<06:40,  9.54it/s] 29%|██▉       | 1543/5362 [02:32<06:37,  9.62it/s] 29%|██▉       | 1544/5362 [02:32<06:33,  9.69it/s] 29%|██▉       | 1546/5362 [02:32<06:38,  9.57it/s] 29%|██▉       | 1548/5362 [02:33<06:20, 10.03it/s] 29%|██▉       | 1549/5362 [02:33<06:31,  9.74it/s] 29%|██▉       | 1551/5362 [02:33<06:15, 10.16it/s] 29%|██▉       | 1553/5362 [02:33<06:29,  9.77it/s] 29%|██▉       | 1554/5362 [02:33<06:30,  9.76it/s] 29%|██▉       | 1556/5362 [02:33<06:25,  9.87it/s] 29%|██▉       | 1558/5362 [02:34<06:17, 10.06it/s] 29%|██▉       | 1560/5362 [02:34<06:19, 10.01it/s] 29%|██▉       | 1561/5362 [02:34<06:24,  9.89it/s] 29%|██▉       | 1562/5362 [02:34<06:25,  9.85it/s] 29%|██▉       | 1564/5362 [02:34<06:29,  9.74it/s] 29%|██▉       | 1565/5362 [02:34<06:37,  9.56it/s] 29%|██▉       | 1566/5362 [02:34<06:58,  9.07it/s] 29%|██▉       | 1567/5362 [02:35<07:10,  8.82it/s] 29%|██▉       | 1568/5362 [02:35<07:25,  8.51it/s] 29%|██▉       | 1569/5362 [02:35<07:20,  8.62it/s] 29%|██▉       | 1570/5362 [02:35<07:35,  8.32it/s] 29%|██▉       | 1571/5362 [02:35<07:26,  8.50it/s] 29%|██▉       | 1572/5362 [02:35<07:25,  8.51it/s] 29%|██▉       | 1573/5362 [02:35<07:12,  8.76it/s] 29%|██▉       | 1574/5362 [02:35<07:15,  8.69it/s] 29%|██▉       | 1575/5362 [02:36<07:08,  8.85it/s] 29%|██▉       | 1577/5362 [02:36<06:50,  9.22it/s] 29%|██▉       | 1578/5362 [02:36<06:58,  9.04it/s] 29%|██▉       | 1579/5362 [02:36<06:49,  9.23it/s] 29%|██▉       | 1581/5362 [02:36<06:19,  9.97it/s] 30%|██▉       | 1582/5362 [02:36<06:44,  9.34it/s] 30%|██▉       | 1583/5362 [02:36<07:00,  8.99it/s] 30%|██▉       | 1584/5362 [02:36<07:10,  8.78it/s] 30%|██▉       | 1585/5362 [02:37<07:15,  8.68it/s] 30%|██▉       | 1587/5362 [02:37<06:49,  9.22it/s] 30%|██▉       | 1588/5362 [02:37<06:53,  9.14it/s] 30%|██▉       | 1590/5362 [02:37<06:32,  9.62it/s] 30%|██▉       | 1592/5362 [02:37<06:25,  9.79it/s] 30%|██▉       | 1593/5362 [02:37<06:24,  9.79it/s] 30%|██▉       | 1594/5362 [02:38<06:35,  9.52it/s] 30%|██▉       | 1596/5362 [02:38<06:08, 10.21it/s] 30%|██▉       | 1598/5362 [02:38<06:13, 10.07it/s] 30%|██▉       | 1600/5362 [02:38<05:55, 10.57it/s] 30%|██▉       | 1602/5362 [02:38<06:15, 10.02it/s] 30%|██▉       | 1604/5362 [02:38<06:06, 10.26it/s] 30%|██▉       | 1606/5362 [02:39<06:18,  9.92it/s] 30%|██▉       | 1608/5362 [02:39<06:11, 10.10it/s] 30%|███       | 1610/5362 [02:39<06:03, 10.31it/s] 30%|███       | 1612/5362 [02:39<06:32,  9.56it/s] 30%|███       | 1613/5362 [02:39<06:38,  9.40it/s] 30%|███       | 1614/5362 [02:40<06:51,  9.11it/s] 30%|███       | 1615/5362 [02:40<06:57,  8.98it/s] 30%|███       | 1616/5362 [02:40<07:03,  8.84it/s] 30%|███       | 1617/5362 [02:40<07:09,  8.72it/s] 30%|███       | 1619/5362 [02:40<06:46,  9.22it/s] 30%|███       | 1620/5362 [02:40<06:44,  9.25it/s] 30%|███       | 1621/5362 [02:40<06:38,  9.39it/s] 30%|███       | 1623/5362 [02:40<05:45, 10.82it/s] 30%|███       | 1625/5362 [02:41<06:04, 10.25it/s] 30%|███       | 1627/5362 [02:41<06:03, 10.28it/s] 30%|███       | 1629/5362 [02:41<06:08, 10.14it/s] 30%|███       | 1631/5362 [02:41<06:34,  9.45it/s] 30%|███       | 1632/5362 [02:41<06:32,  9.51it/s] 30%|███       | 1633/5362 [02:42<06:40,  9.31it/s] 30%|███       | 1634/5362 [02:42<06:38,  9.36it/s] 30%|███       | 1635/5362 [02:42<06:38,  9.35it/s] 31%|███       | 1636/5362 [02:42<06:36,  9.39it/s] 31%|███       | 1638/5362 [02:42<06:17,  9.86it/s] 31%|███       | 1639/5362 [02:42<06:31,  9.51it/s] 31%|███       | 1640/5362 [02:42<06:34,  9.44it/s] 31%|███       | 1641/5362 [02:42<06:31,  9.51it/s] 31%|███       | 1642/5362 [02:42<06:41,  9.27it/s] 31%|███       | 1643/5362 [02:43<06:47,  9.12it/s] 31%|███       | 1644/5362 [02:43<06:41,  9.27it/s] 31%|███       | 1645/5362 [02:43<06:35,  9.39it/s] 31%|███       | 1646/5362 [02:43<06:30,  9.51it/s] 31%|███       | 1648/5362 [02:43<06:22,  9.72it/s] 31%|███       | 1649/5362 [02:43<06:34,  9.41it/s] 31%|███       | 1651/5362 [02:43<06:26,  9.61it/s] 31%|███       | 1653/5362 [02:44<06:17,  9.84it/s] 31%|███       | 1654/5362 [02:44<06:27,  9.57it/s] 31%|███       | 1655/5362 [02:44<06:26,  9.59it/s] 31%|███       | 1657/5362 [02:44<06:22,  9.69it/s] 31%|███       | 1659/5362 [02:44<06:02, 10.21it/s] 31%|███       | 1661/5362 [02:44<06:03, 10.18it/s] 31%|███       | 1663/5362 [02:45<06:03, 10.18it/s] 31%|███       | 1665/5362 [02:45<06:02, 10.19it/s] 31%|███       | 1667/5362 [02:45<06:02, 10.20it/s] 31%|███       | 1669/5362 [02:45<06:51,  8.97it/s] 31%|███       | 1670/5362 [02:45<07:03,  8.72it/s] 31%|███       | 1671/5362 [02:46<07:15,  8.47it/s] 31%|███       | 1672/5362 [02:46<07:39,  8.03it/s] 31%|███       | 1673/5362 [02:46<07:25,  8.28it/s] 31%|███       | 1674/5362 [02:46<07:06,  8.64it/s] 31%|███       | 1675/5362 [02:46<07:10,  8.57it/s] 31%|███▏      | 1677/5362 [02:46<06:43,  9.12it/s] 31%|███▏      | 1678/5362 [02:46<06:54,  8.90it/s] 31%|███▏      | 1679/5362 [02:46<06:58,  8.80it/s] 31%|███▏      | 1680/5362 [02:47<07:17,  8.41it/s] 31%|███▏      | 1682/5362 [02:47<06:50,  8.96it/s] 31%|███▏      | 1683/5362 [02:47<07:08,  8.58it/s] 31%|███▏      | 1684/5362 [02:47<07:02,  8.70it/s] 31%|███▏      | 1686/5362 [02:47<06:11,  9.89it/s] 31%|███▏      | 1687/5362 [02:47<06:16,  9.75it/s] 31%|███▏      | 1688/5362 [02:47<06:20,  9.64it/s] 31%|███▏      | 1689/5362 [02:48<06:23,  9.57it/s] 32%|███▏      | 1690/5362 [02:48<06:22,  9.59it/s] 32%|███▏      | 1691/5362 [02:48<06:20,  9.65it/s] 32%|███▏      | 1693/5362 [02:48<06:07,  9.98it/s] 32%|███▏      | 1694/5362 [02:48<06:07,  9.97it/s] 32%|███▏      | 1695/5362 [02:48<06:09,  9.94it/s] 32%|███▏      | 1696/5362 [02:48<06:35,  9.27it/s] 32%|███▏      | 1697/5362 [02:48<06:32,  9.34it/s] 32%|███▏      | 1699/5362 [02:49<06:14,  9.77it/s] 32%|███▏      | 1701/5362 [02:49<06:32,  9.34it/s] 32%|███▏      | 1702/5362 [02:49<06:30,  9.37it/s] 32%|███▏      | 1703/5362 [02:49<06:35,  9.25it/s] 32%|███▏      | 1705/5362 [02:49<06:26,  9.47it/s] 32%|███▏      | 1706/5362 [02:49<06:33,  9.28it/s] 32%|███▏      | 1708/5362 [02:50<06:20,  9.61it/s] 32%|███▏      | 1709/5362 [02:50<06:22,  9.54it/s] 32%|███▏      | 1710/5362 [02:50<06:28,  9.41it/s] 32%|███▏      | 1711/5362 [02:50<06:24,  9.49it/s] 32%|███▏      | 1713/5362 [02:50<06:19,  9.62it/s] 32%|███▏      | 1714/5362 [02:50<06:19,  9.61it/s] 32%|███▏      | 1716/5362 [02:50<06:16,  9.69it/s] 32%|███▏      | 1718/5362 [02:51<05:53, 10.32it/s] 32%|███▏      | 1720/5362 [02:51<05:56, 10.23it/s] 32%|███▏      | 1722/5362 [02:51<05:39, 10.73it/s] 32%|███▏      | 1724/5362 [02:51<05:44, 10.55it/s] 32%|███▏      | 1726/5362 [02:51<05:48, 10.42it/s] 32%|███▏      | 1728/5362 [02:51<05:56, 10.20it/s] 32%|███▏      | 1730/5362 [02:52<06:00, 10.08it/s] 32%|███▏      | 1732/5362 [02:52<06:12,  9.74it/s] 32%|███▏      | 1733/5362 [02:52<06:13,  9.73it/s] 32%|███▏      | 1734/5362 [02:52<06:15,  9.67it/s] 32%|███▏      | 1735/5362 [02:52<06:14,  9.70it/s] 32%|███▏      | 1737/5362 [02:52<06:30,  9.27it/s] 32%|███▏      | 1738/5362 [02:53<06:40,  9.06it/s] 32%|███▏      | 1739/5362 [02:53<06:54,  8.74it/s] 32%|███▏      | 1740/5362 [02:53<07:49,  7.71it/s] 32%|███▏      | 1741/5362 [02:53<08:49,  6.84it/s] 32%|███▏      | 1742/5362 [02:53<08:24,  7.17it/s] 33%|███▎      | 1743/5362 [02:53<08:08,  7.41it/s] 33%|███▎      | 1745/5362 [02:54<07:15,  8.31it/s] 33%|███▎      | 1746/5362 [02:54<07:08,  8.43it/s] 33%|███▎      | 1747/5362 [02:54<06:56,  8.67it/s] 33%|███▎      | 1748/5362 [02:54<06:52,  8.75it/s] 33%|███▎      | 1750/5362 [02:54<06:35,  9.13it/s] 33%|███▎      | 1751/5362 [02:54<06:39,  9.04it/s] 33%|███▎      | 1752/5362 [02:54<06:45,  8.90it/s] 33%|███▎      | 1753/5362 [02:54<06:46,  8.88it/s] 33%|███▎      | 1755/5362 [02:55<06:27,  9.32it/s] 33%|███▎      | 1756/5362 [02:55<06:30,  9.24it/s] 33%|███▎      | 1757/5362 [02:55<06:23,  9.40it/s] 33%|███▎      | 1758/5362 [02:55<06:21,  9.43it/s] 33%|███▎      | 1759/5362 [02:55<06:20,  9.46it/s] 33%|███▎      | 1760/5362 [02:55<06:45,  8.89it/s] 33%|███▎      | 1761/5362 [02:55<06:33,  9.15it/s] 33%|███▎      | 1763/5362 [02:55<06:43,  8.91it/s] 33%|███▎      | 1764/5362 [02:56<06:50,  8.77it/s] 33%|███▎      | 1766/5362 [02:56<06:04,  9.87it/s] 33%|███▎      | 1767/5362 [02:56<06:25,  9.33it/s] 33%|███▎      | 1768/5362 [02:56<06:41,  8.95it/s] 33%|███▎      | 1769/5362 [02:56<06:37,  9.04it/s] 33%|███▎      | 1770/5362 [02:56<06:34,  9.09it/s] 33%|███▎      | 1771/5362 [02:56<06:32,  9.14it/s] 33%|███▎      | 1772/5362 [02:56<06:31,  9.18it/s] 33%|███▎      | 1773/5362 [02:57<06:33,  9.12it/s] 33%|███▎      | 1775/5362 [02:57<06:00,  9.95it/s] 33%|███▎      | 1777/5362 [02:57<05:53, 10.13it/s] 33%|███▎      | 1778/5362 [02:57<05:55, 10.08it/s] 33%|███▎      | 1779/5362 [02:57<06:14,  9.57it/s] 33%|███▎      | 1780/5362 [02:57<06:14,  9.55it/s] 33%|███▎      | 1782/5362 [02:57<05:48, 10.28it/s] 33%|███▎      | 1784/5362 [02:58<06:00,  9.92it/s] 33%|███▎      | 1785/5362 [02:58<06:08,  9.70it/s] 33%|███▎      | 1787/5362 [02:58<05:57,  9.99it/s] 33%|███▎      | 1789/5362 [02:58<06:17,  9.48it/s] 33%|███▎      | 1790/5362 [02:58<06:20,  9.38it/s] 33%|███▎      | 1791/5362 [02:58<06:41,  8.89it/s] 33%|███▎      | 1792/5362 [02:59<06:55,  8.60it/s] 33%|███▎      | 1793/5362 [02:59<07:08,  8.33it/s] 33%|███▎      | 1794/5362 [02:59<07:06,  8.37it/s] 33%|███▎      | 1795/5362 [02:59<06:50,  8.69it/s] 33%|███▎      | 1796/5362 [02:59<06:42,  8.87it/s] 34%|███▎      | 1797/5362 [02:59<06:35,  9.02it/s] 34%|███▎      | 1799/5362 [02:59<06:31,  9.11it/s] 34%|███▎      | 1800/5362 [02:59<06:39,  8.92it/s] 34%|███▎      | 1801/5362 [03:00<06:29,  9.13it/s] 34%|███▎      | 1803/5362 [03:00<06:13,  9.52it/s] 34%|███▎      | 1804/5362 [03:00<06:30,  9.12it/s] 34%|███▎      | 1805/5362 [03:00<06:51,  8.65it/s] 34%|███▎      | 1806/5362 [03:00<06:54,  8.59it/s] 34%|███▎      | 1807/5362 [03:00<06:42,  8.84it/s] 34%|███▎      | 1809/5362 [03:00<06:18,  9.40it/s] 34%|███▍      | 1810/5362 [03:01<06:21,  9.32it/s] 34%|███▍      | 1811/5362 [03:01<06:18,  9.39it/s] 34%|███▍      | 1812/5362 [03:01<06:13,  9.49it/s] 34%|███▍      | 1813/5362 [03:01<06:20,  9.32it/s] 34%|███▍      | 1815/5362 [03:01<05:52, 10.07it/s] 34%|███▍      | 1817/5362 [03:01<05:49, 10.13it/s] 34%|███▍      | 1818/5362 [03:01<05:57,  9.92it/s] 34%|███▍      | 1820/5362 [03:02<05:33, 10.63it/s] 34%|███▍      | 1822/5362 [03:02<05:37, 10.48it/s] 34%|███▍      | 1824/5362 [03:02<05:43, 10.31it/s] 34%|███▍      | 1826/5362 [03:02<05:52, 10.04it/s] 34%|███▍      | 1828/5362 [03:02<05:57,  9.90it/s] 34%|███▍      | 1829/5362 [03:02<06:09,  9.55it/s] 34%|███▍      | 1830/5362 [03:03<06:28,  9.10it/s] 34%|███▍      | 1831/5362 [03:03<06:49,  8.63it/s] 34%|███▍      | 1832/5362 [03:03<06:51,  8.58it/s] 34%|███▍      | 1833/5362 [03:03<06:43,  8.74it/s] 34%|███▍      | 1835/5362 [03:03<06:18,  9.32it/s] 34%|███▍      | 1837/5362 [03:03<05:46, 10.18it/s] 34%|███▍      | 1839/5362 [03:03<05:44, 10.22it/s] 34%|███▍      | 1841/5362 [03:04<06:03,  9.70it/s] 34%|███▍      | 1842/5362 [03:04<06:02,  9.71it/s] 34%|███▍      | 1844/5362 [03:04<05:57,  9.84it/s] 34%|███▍      | 1845/5362 [03:04<05:59,  9.80it/s] 34%|███▍      | 1846/5362 [03:04<05:57,  9.83it/s] 34%|███▍      | 1848/5362 [03:04<05:40, 10.32it/s] 35%|███▍      | 1850/5362 [03:05<05:49, 10.05it/s] 35%|███▍      | 1852/5362 [03:05<06:11,  9.45it/s] 35%|███▍      | 1853/5362 [03:05<06:13,  9.39it/s] 35%|███▍      | 1855/5362 [03:05<06:07,  9.55it/s] 35%|███▍      | 1856/5362 [03:05<06:09,  9.48it/s] 35%|███▍      | 1857/5362 [03:05<06:06,  9.57it/s] 35%|███▍      | 1858/5362 [03:05<06:06,  9.55it/s] 35%|███▍      | 1859/5362 [03:06<06:10,  9.45it/s] 35%|███▍      | 1860/5362 [03:06<06:28,  9.02it/s] 35%|███▍      | 1861/5362 [03:06<06:29,  9.00it/s] 35%|███▍      | 1863/5362 [03:06<06:05,  9.59it/s] 35%|███▍      | 1865/5362 [03:06<05:59,  9.72it/s] 35%|███▍      | 1866/5362 [03:06<05:58,  9.75it/s] 35%|███▍      | 1868/5362 [03:06<05:33, 10.46it/s] 35%|███▍      | 1870/5362 [03:07<05:56,  9.81it/s] 35%|███▍      | 1872/5362 [03:07<05:44, 10.14it/s] 35%|███▍      | 1874/5362 [03:07<06:02,  9.61it/s] 35%|███▍      | 1876/5362 [03:07<05:50,  9.94it/s] 35%|███▌      | 1878/5362 [03:08<06:02,  9.62it/s] 35%|███▌      | 1879/5362 [03:08<06:21,  9.12it/s] 35%|███▌      | 1880/5362 [03:08<06:28,  8.95it/s] 35%|███▌      | 1881/5362 [03:08<06:29,  8.94it/s] 35%|███▌      | 1882/5362 [03:08<06:48,  8.51it/s] 35%|███▌      | 1883/5362 [03:08<06:53,  8.41it/s] 35%|███▌      | 1884/5362 [03:08<06:41,  8.66it/s] 35%|███▌      | 1885/5362 [03:08<06:30,  8.90it/s] 35%|███▌      | 1887/5362 [03:09<05:58,  9.68it/s] 35%|███▌      | 1888/5362 [03:09<06:07,  9.46it/s] 35%|███▌      | 1889/5362 [03:09<06:06,  9.47it/s] 35%|███▌      | 1890/5362 [03:09<06:17,  9.19it/s] 35%|███▌      | 1891/5362 [03:09<06:12,  9.31it/s] 35%|███▌      | 1893/5362 [03:09<05:57,  9.70it/s] 35%|███▌      | 1894/5362 [03:09<06:11,  9.33it/s] 35%|███▌      | 1896/5362 [03:09<05:47,  9.96it/s] 35%|███▌      | 1897/5362 [03:10<06:05,  9.48it/s] 35%|███▌      | 1898/5362 [03:10<06:12,  9.31it/s] 35%|███▌      | 1900/5362 [03:10<06:18,  9.14it/s] 35%|███▌      | 1901/5362 [03:10<06:16,  9.20it/s] 35%|███▌      | 1902/5362 [03:10<06:18,  9.13it/s] 36%|███▌      | 1904/5362 [03:10<05:58,  9.65it/s] 36%|███▌      | 1906/5362 [03:11<06:06,  9.42it/s] 36%|███▌      | 1908/5362 [03:11<05:57,  9.66it/s] 36%|███▌      | 1909/5362 [03:11<06:10,  9.32it/s] 36%|███▌      | 1911/5362 [03:11<06:06,  9.41it/s] 36%|███▌      | 1912/5362 [03:11<06:09,  9.33it/s] 36%|███▌      | 1913/5362 [03:11<06:13,  9.22it/s] 36%|███▌      | 1914/5362 [03:11<06:17,  9.14it/s] 36%|███▌      | 1915/5362 [03:12<06:16,  9.16it/s] 36%|███▌      | 1917/5362 [03:12<05:57,  9.63it/s] 36%|███▌      | 1918/5362 [03:12<06:17,  9.12it/s] 36%|███▌      | 1919/5362 [03:12<06:09,  9.32it/s] 36%|███▌      | 1921/5362 [03:12<05:53,  9.72it/s] 36%|███▌      | 1922/5362 [03:12<06:11,  9.25it/s] 36%|███▌      | 1923/5362 [03:12<06:08,  9.32it/s] 36%|███▌      | 1924/5362 [03:13<06:03,  9.47it/s] 36%|███▌      | 1926/5362 [03:13<05:53,  9.71it/s] 36%|███▌      | 1927/5362 [03:13<06:12,  9.22it/s] 36%|███▌      | 1928/5362 [03:13<06:14,  9.16it/s] 36%|███▌      | 1929/5362 [03:13<06:09,  9.30it/s] 36%|███▌      | 1930/5362 [03:13<06:14,  9.17it/s] 36%|███▌      | 1931/5362 [03:13<06:18,  9.05it/s] 36%|███▌      | 1932/5362 [03:13<06:19,  9.05it/s] 36%|███▌      | 1933/5362 [03:14<06:33,  8.70it/s] 36%|███▌      | 1934/5362 [03:14<06:21,  8.98it/s] 36%|███▌      | 1936/5362 [03:14<05:58,  9.55it/s] 36%|███▌      | 1937/5362 [03:14<06:11,  9.22it/s] 36%|███▌      | 1938/5362 [03:14<06:20,  8.99it/s] 36%|███▌      | 1939/5362 [03:14<06:25,  8.88it/s] 36%|███▌      | 1940/5362 [03:14<06:30,  8.76it/s] 36%|███▌      | 1941/5362 [03:14<06:37,  8.60it/s] 36%|███▌      | 1942/5362 [03:15<06:36,  8.62it/s] 36%|███▌      | 1943/5362 [03:15<06:39,  8.55it/s] 36%|███▋      | 1944/5362 [03:15<06:24,  8.88it/s] 36%|███▋      | 1945/5362 [03:15<06:26,  8.85it/s] 36%|███▋      | 1946/5362 [03:15<06:31,  8.73it/s] 36%|███▋      | 1947/5362 [03:15<06:28,  8.78it/s] 36%|███▋      | 1948/5362 [03:15<06:32,  8.70it/s] 36%|███▋      | 1949/5362 [03:15<06:27,  8.80it/s] 36%|███▋      | 1950/5362 [03:15<06:27,  8.80it/s] 36%|███▋      | 1951/5362 [03:16<06:30,  8.73it/s] 36%|███▋      | 1953/5362 [03:16<05:35, 10.17it/s] 36%|███▋      | 1954/5362 [03:16<06:04,  9.36it/s] 36%|███▋      | 1955/5362 [03:16<06:01,  9.41it/s] 36%|███▋      | 1957/5362 [03:16<05:52,  9.65it/s] 37%|███▋      | 1958/5362 [03:16<05:57,  9.52it/s] 37%|███▋      | 1959/5362 [03:16<05:58,  9.49it/s] 37%|███▋      | 1960/5362 [03:16<05:54,  9.58it/s] 37%|███▋      | 1961/5362 [03:17<06:09,  9.21it/s] 37%|███▋      | 1962/5362 [03:17<06:09,  9.20it/s] 37%|███▋      | 1963/5362 [03:17<06:09,  9.20it/s] 37%|███▋      | 1964/5362 [03:17<06:13,  9.10it/s] 37%|███▋      | 1965/5362 [03:17<06:08,  9.22it/s] 37%|███▋      | 1966/5362 [03:17<06:28,  8.74it/s] 37%|███▋      | 1967/5362 [03:17<06:28,  8.73it/s] 37%|███▋      | 1968/5362 [03:17<06:55,  8.17it/s] 37%|███▋      | 1969/5362 [03:18<06:53,  8.20it/s] 37%|███▋      | 1970/5362 [03:18<07:10,  7.88it/s] 37%|███▋      | 1971/5362 [03:18<07:10,  7.88it/s] 37%|███▋      | 1972/5362 [03:18<07:14,  7.81it/s] 37%|███▋      | 1973/5362 [03:18<07:55,  7.13it/s] 37%|███▋      | 1974/5362 [03:18<07:26,  7.59it/s] 37%|███▋      | 1976/5362 [03:18<06:55,  8.16it/s] 37%|███▋      | 1978/5362 [03:19<06:32,  8.62it/s] 37%|███▋      | 1980/5362 [03:19<06:08,  9.17it/s] 37%|███▋      | 1981/5362 [03:19<06:12,  9.07it/s] 37%|███▋      | 1983/5362 [03:19<05:34, 10.10it/s] 37%|███▋      | 1985/5362 [03:19<05:33, 10.14it/s] 37%|███▋      | 1987/5362 [03:20<05:45,  9.76it/s] 37%|███▋      | 1988/5362 [03:20<05:48,  9.69it/s] 37%|███▋      | 1990/5362 [03:20<05:39,  9.94it/s] 37%|███▋      | 1992/5362 [03:20<05:21, 10.49it/s] 37%|███▋      | 1994/5362 [03:20<05:41,  9.87it/s] 37%|███▋      | 1995/5362 [03:20<05:40,  9.88it/s] 37%|███▋      | 1997/5362 [03:21<05:48,  9.65it/s] 37%|███▋      | 1998/5362 [03:21<06:18,  8.89it/s] 37%|███▋      | 1999/5362 [03:21<07:22,  7.61it/s] 37%|███▋      | 2000/5362 [03:21<07:23,  7.59it/s] 37%|███▋      | 2001/5362 [03:21<06:58,  8.03it/s] 37%|███▋      | 2003/5362 [03:21<06:28,  8.65it/s] 37%|███▋      | 2005/5362 [03:21<05:48,  9.63it/s] 37%|███▋      | 2007/5362 [03:22<05:43,  9.75it/s] 37%|███▋      | 2009/5362 [03:22<05:32, 10.07it/s] 38%|███▊      | 2011/5362 [03:22<05:17, 10.55it/s] 38%|███▊      | 2013/5362 [03:22<05:16, 10.59it/s] 38%|███▊      | 2015/5362 [03:22<05:14, 10.66it/s] 38%|███▊      | 2017/5362 [03:23<05:12, 10.70it/s] 38%|███▊      | 2019/5362 [03:23<05:11, 10.73it/s] 38%|███▊      | 2021/5362 [03:23<05:02, 11.05it/s] 38%|███▊      | 2023/5362 [03:23<05:16, 10.57it/s] 38%|███▊      | 2025/5362 [03:23<05:36,  9.91it/s] 38%|███▊      | 2027/5362 [03:24<05:43,  9.72it/s] 38%|███▊      | 2028/5362 [03:24<05:51,  9.50it/s] 38%|███▊      | 2029/5362 [03:24<05:51,  9.48it/s] 38%|███▊      | 2030/5362 [03:24<06:06,  9.10it/s] 38%|███▊      | 2032/5362 [03:24<05:42,  9.72it/s] 38%|███▊      | 2033/5362 [03:24<05:43,  9.70it/s] 38%|███▊      | 2034/5362 [03:24<05:42,  9.72it/s] 38%|███▊      | 2035/5362 [03:24<06:08,  9.04it/s] 38%|███▊      | 2037/5362 [03:25<05:57,  9.31it/s] 38%|███▊      | 2039/5362 [03:25<05:47,  9.56it/s] 38%|███▊      | 2040/5362 [03:25<05:45,  9.61it/s] 38%|███▊      | 2041/5362 [03:25<05:42,  9.69it/s] 38%|███▊      | 2043/5362 [03:25<05:41,  9.73it/s] 38%|███▊      | 2044/5362 [03:25<05:40,  9.74it/s] 38%|███▊      | 2046/5362 [03:26<05:11, 10.65it/s] 38%|███▊      | 2048/5362 [03:26<05:32,  9.98it/s] 38%|███▊      | 2050/5362 [03:26<05:31,  9.99it/s] 38%|███▊      | 2052/5362 [03:26<05:29, 10.06it/s] 38%|███▊      | 2054/5362 [03:26<05:19, 10.35it/s] 38%|███▊      | 2056/5362 [03:27<05:28, 10.07it/s] 38%|███▊      | 2058/5362 [03:27<05:30,  9.98it/s] 38%|███▊      | 2060/5362 [03:27<05:07, 10.74it/s] 38%|███▊      | 2062/5362 [03:27<05:04, 10.82it/s] 38%|███▊      | 2064/5362 [03:27<05:15, 10.46it/s] 39%|███▊      | 2066/5362 [03:27<05:04, 10.82it/s] 39%|███▊      | 2068/5362 [03:28<05:27, 10.07it/s] 39%|███▊      | 2070/5362 [03:28<05:26, 10.08it/s] 39%|███▊      | 2072/5362 [03:28<05:14, 10.45it/s] 39%|███▊      | 2074/5362 [03:28<05:55,  9.25it/s] 39%|███▊      | 2075/5362 [03:28<05:55,  9.24it/s] 39%|███▊      | 2076/5362 [03:29<06:08,  8.92it/s] 39%|███▊      | 2077/5362 [03:29<06:17,  8.71it/s] 39%|███▉      | 2078/5362 [03:29<06:41,  8.19it/s] 39%|███▉      | 2080/5362 [03:29<06:07,  8.93it/s] 39%|███▉      | 2081/5362 [03:29<06:08,  8.90it/s] 39%|███▉      | 2082/5362 [03:29<06:00,  9.09it/s] 39%|███▉      | 2084/5362 [03:29<05:50,  9.34it/s] 39%|███▉      | 2085/5362 [03:30<05:45,  9.48it/s] 39%|███▉      | 2087/5362 [03:30<05:36,  9.73it/s] 39%|███▉      | 2089/5362 [03:30<05:46,  9.44it/s] 39%|███▉      | 2090/5362 [03:30<05:46,  9.44it/s] 39%|███▉      | 2092/5362 [03:30<05:54,  9.21it/s] 39%|███▉      | 2093/5362 [03:30<06:00,  9.08it/s] 39%|███▉      | 2094/5362 [03:31<05:54,  9.22it/s] 39%|███▉      | 2095/5362 [03:31<06:02,  9.00it/s] 39%|███▉      | 2096/5362 [03:31<05:54,  9.22it/s] 39%|███▉      | 2097/5362 [03:31<05:56,  9.16it/s] 39%|███▉      | 2098/5362 [03:31<05:51,  9.28it/s] 39%|███▉      | 2099/5362 [03:31<05:51,  9.28it/s] 39%|███▉      | 2100/5362 [03:31<05:49,  9.34it/s] 39%|███▉      | 2101/5362 [03:31<05:57,  9.11it/s] 39%|███▉      | 2103/5362 [03:31<05:33,  9.77it/s] 39%|███▉      | 2104/5362 [03:32<05:47,  9.39it/s] 39%|███▉      | 2105/5362 [03:32<05:48,  9.34it/s] 39%|███▉      | 2106/5362 [03:32<05:47,  9.38it/s] 39%|███▉      | 2108/5362 [03:32<05:36,  9.68it/s] 39%|███▉      | 2109/5362 [03:32<05:40,  9.56it/s] 39%|███▉      | 2110/5362 [03:32<05:52,  9.21it/s] 39%|███▉      | 2111/5362 [03:32<05:57,  9.10it/s] 39%|███▉      | 2113/5362 [03:33<05:40,  9.54it/s] 39%|███▉      | 2114/5362 [03:33<05:49,  9.30it/s] 39%|███▉      | 2116/5362 [03:33<05:33,  9.73it/s] 40%|███▉      | 2118/5362 [03:33<05:33,  9.71it/s] 40%|███▉      | 2119/5362 [03:33<05:44,  9.41it/s] 40%|███▉      | 2121/5362 [03:33<05:17, 10.20it/s] 40%|███▉      | 2123/5362 [03:34<05:08, 10.50it/s] 40%|███▉      | 2125/5362 [03:34<05:35,  9.65it/s] 40%|███▉      | 2126/5362 [03:34<05:39,  9.54it/s] 40%|███▉      | 2127/5362 [03:34<05:37,  9.59it/s] 40%|███▉      | 2128/5362 [03:34<05:42,  9.44it/s] 40%|███▉      | 2129/5362 [03:34<06:05,  8.83it/s] 40%|███▉      | 2131/5362 [03:34<05:30,  9.78it/s] 40%|███▉      | 2133/5362 [03:35<05:17, 10.16it/s] 40%|███▉      | 2134/5362 [03:35<05:55,  9.07it/s] 40%|███▉      | 2135/5362 [03:35<06:03,  8.88it/s] 40%|███▉      | 2136/5362 [03:35<06:01,  8.91it/s] 40%|███▉      | 2137/5362 [03:35<05:57,  9.03it/s] 40%|███▉      | 2139/5362 [03:35<05:38,  9.52it/s] 40%|███▉      | 2140/5362 [03:35<05:43,  9.37it/s] 40%|███▉      | 2141/5362 [03:36<05:50,  9.19it/s] 40%|███▉      | 2142/5362 [03:36<05:53,  9.10it/s] 40%|███▉      | 2143/5362 [03:36<06:26,  8.32it/s] 40%|███▉      | 2144/5362 [03:36<06:30,  8.24it/s] 40%|████      | 2145/5362 [03:36<06:22,  8.42it/s] 40%|████      | 2146/5362 [03:36<06:12,  8.64it/s] 40%|████      | 2147/5362 [03:36<06:03,  8.84it/s] 40%|████      | 2148/5362 [03:36<05:57,  9.00it/s] 40%|████      | 2149/5362 [03:36<05:55,  9.05it/s] 40%|████      | 2150/5362 [03:37<05:54,  9.06it/s] 40%|████      | 2151/5362 [03:37<05:59,  8.94it/s] 40%|████      | 2152/5362 [03:37<05:49,  9.18it/s] 40%|████      | 2153/5362 [03:37<05:53,  9.07it/s] 40%|████      | 2154/5362 [03:37<05:54,  9.05it/s] 40%|████      | 2155/5362 [03:37<05:44,  9.30it/s] 40%|████      | 2156/5362 [03:37<05:50,  9.14it/s] 40%|████      | 2157/5362 [03:37<05:57,  8.97it/s] 40%|████      | 2158/5362 [03:37<05:46,  9.24it/s] 40%|████      | 2159/5362 [03:38<05:51,  9.10it/s] 40%|████      | 2160/5362 [03:38<05:47,  9.20it/s] 40%|████      | 2161/5362 [03:38<05:52,  9.09it/s] 40%|████      | 2163/5362 [03:38<05:15, 10.13it/s] 40%|████      | 2164/5362 [03:38<05:22,  9.91it/s] 40%|████      | 2165/5362 [03:38<05:35,  9.52it/s] 40%|████      | 2166/5362 [03:38<05:41,  9.35it/s] 40%|████      | 2167/5362 [03:38<05:37,  9.47it/s] 40%|████      | 2169/5362 [03:39<04:56, 10.76it/s] 40%|████      | 2171/5362 [03:39<05:08, 10.35it/s] 41%|████      | 2173/5362 [03:39<05:21,  9.90it/s] 41%|████      | 2174/5362 [03:39<05:22,  9.88it/s] 41%|████      | 2176/5362 [03:39<04:57, 10.70it/s] 41%|████      | 2178/5362 [03:39<05:03, 10.48it/s] 41%|████      | 2180/5362 [03:40<04:45, 11.15it/s] 41%|████      | 2182/5362 [03:40<04:45, 11.13it/s] 41%|████      | 2184/5362 [03:40<04:37, 11.46it/s] 41%|████      | 2186/5362 [03:40<04:49, 10.97it/s] 41%|████      | 2188/5362 [03:40<04:31, 11.70it/s] 41%|████      | 2190/5362 [03:40<04:35, 11.52it/s] 41%|████      | 2192/5362 [03:41<04:32, 11.64it/s] 41%|████      | 2194/5362 [03:41<05:07, 10.31it/s] 41%|████      | 2196/5362 [03:41<05:25,  9.71it/s] 41%|████      | 2198/5362 [03:41<05:32,  9.51it/s] 41%|████      | 2199/5362 [03:41<05:34,  9.44it/s] 41%|████      | 2201/5362 [03:42<05:26,  9.68it/s] 41%|████      | 2203/5362 [03:42<05:00, 10.53it/s] 41%|████      | 2205/5362 [03:42<05:00, 10.52it/s] 41%|████      | 2207/5362 [03:42<04:46, 11.00it/s] 41%|████      | 2209/5362 [03:42<04:50, 10.87it/s] 41%|████      | 2211/5362 [03:42<04:51, 10.80it/s] 41%|████▏     | 2213/5362 [03:43<04:53, 10.72it/s] 41%|████▏     | 2215/5362 [03:43<04:34, 11.45it/s] 41%|████▏     | 2217/5362 [03:43<04:35, 11.41it/s] 41%|████▏     | 2219/5362 [03:43<04:17, 12.19it/s] 41%|████▏     | 2221/5362 [03:43<04:19, 12.09it/s] 41%|████▏     | 2223/5362 [03:43<04:16, 12.26it/s] 41%|████▏     | 2225/5362 [03:44<03:54, 13.37it/s] 42%|████▏     | 2227/5362 [03:44<03:50, 13.62it/s] 42%|████▏     | 2229/5362 [03:44<03:40, 14.19it/s] 42%|████▏     | 2231/5362 [03:44<03:31, 14.77it/s] 42%|████▏     | 2233/5362 [03:44<03:42, 14.08it/s] 42%|████▏     | 2235/5362 [03:44<04:10, 12.50it/s] 42%|████▏     | 2237/5362 [03:44<04:06, 12.69it/s] 42%|████▏     | 2239/5362 [03:45<04:26, 11.74it/s] 42%|████▏     | 2241/5362 [03:45<04:46, 10.90it/s] 42%|████▏     | 2243/5362 [03:45<04:39, 11.16it/s] 42%|████▏     | 2245/5362 [03:45<04:34, 11.37it/s] 42%|████▏     | 2247/5362 [03:45<04:22, 11.86it/s] 42%|████▏     | 2249/5362 [03:46<03:54, 13.25it/s] 42%|████▏     | 2251/5362 [03:46<03:38, 14.23it/s] 42%|████▏     | 2253/5362 [03:46<03:34, 14.47it/s] 42%|████▏     | 2255/5362 [03:46<03:28, 14.91it/s] 42%|████▏     | 2257/5362 [03:46<03:43, 13.88it/s] 42%|████▏     | 2259/5362 [03:46<03:43, 13.88it/s] 42%|████▏     | 2261/5362 [03:46<03:39, 14.15it/s] 42%|████▏     | 2263/5362 [03:46<03:54, 13.22it/s] 42%|████▏     | 2265/5362 [03:47<04:09, 12.43it/s] 42%|████▏     | 2267/5362 [03:47<04:13, 12.21it/s] 42%|████▏     | 2269/5362 [03:47<04:15, 12.11it/s] 42%|████▏     | 2271/5362 [03:47<04:18, 11.95it/s] 42%|████▏     | 2273/5362 [03:47<03:56, 13.05it/s] 42%|████▏     | 2275/5362 [03:47<04:01, 12.78it/s] 42%|████▏     | 2277/5362 [03:48<03:48, 13.51it/s] 43%|████▎     | 2279/5362 [03:48<04:00, 12.81it/s] 43%|████▎     | 2281/5362 [03:48<04:12, 12.23it/s] 43%|████▎     | 2283/5362 [03:48<04:03, 12.65it/s] 43%|████▎     | 2285/5362 [03:48<04:06, 12.51it/s] 43%|████▎     | 2287/5362 [03:48<04:04, 12.56it/s] 43%|████▎     | 2289/5362 [03:49<04:00, 12.78it/s] 43%|████▎     | 2291/5362 [03:49<03:48, 13.45it/s] 43%|████▎     | 2293/5362 [03:49<03:52, 13.21it/s] 43%|████▎     | 2295/5362 [03:49<03:46, 13.54it/s] 43%|████▎     | 2297/5362 [03:49<03:51, 13.27it/s] 43%|████▎     | 2299/5362 [03:49<03:38, 14.00it/s] 43%|████▎     | 2301/5362 [03:49<03:28, 14.71it/s] 43%|████▎     | 2304/5362 [03:50<03:17, 15.48it/s] 43%|████▎     | 2306/5362 [03:50<03:28, 14.65it/s] 43%|████▎     | 2308/5362 [03:50<03:22, 15.09it/s] 43%|████▎     | 2310/5362 [03:50<03:33, 14.31it/s] 43%|████▎     | 2312/5362 [03:50<03:44, 13.61it/s] 43%|████▎     | 2314/5362 [03:50<04:06, 12.37it/s] 43%|████▎     | 2316/5362 [03:51<04:19, 11.75it/s] 43%|████▎     | 2318/5362 [03:51<04:39, 10.89it/s] 43%|████▎     | 2320/5362 [03:51<04:15, 11.89it/s] 43%|████▎     | 2322/5362 [03:51<04:26, 11.40it/s] 43%|████▎     | 2324/5362 [03:51<04:17, 11.79it/s] 43%|████▎     | 2326/5362 [03:51<04:33, 11.12it/s] 43%|████▎     | 2328/5362 [03:52<04:20, 11.63it/s] 43%|████▎     | 2330/5362 [03:52<04:34, 11.04it/s] 43%|████▎     | 2332/5362 [03:52<04:42, 10.73it/s] 44%|████▎     | 2334/5362 [03:52<04:48, 10.51it/s] 44%|████▎     | 2336/5362 [03:52<04:36, 10.96it/s] 44%|████▎     | 2338/5362 [03:53<04:36, 10.93it/s] 44%|████▎     | 2340/5362 [03:53<04:46, 10.54it/s] 44%|████▎     | 2342/5362 [03:53<04:40, 10.78it/s] 44%|████▎     | 2344/5362 [03:53<04:29, 11.19it/s] 44%|████▍     | 2346/5362 [03:53<04:30, 11.17it/s] 44%|████▍     | 2348/5362 [03:53<04:15, 11.79it/s] 44%|████▍     | 2350/5362 [03:54<04:39, 10.77it/s] 44%|████▍     | 2352/5362 [03:54<04:32, 11.05it/s] 44%|████▍     | 2354/5362 [03:54<04:33, 10.98it/s] 44%|████▍     | 2356/5362 [03:54<04:28, 11.18it/s] 44%|████▍     | 2358/5362 [03:54<04:44, 10.57it/s] 44%|████▍     | 2360/5362 [03:55<04:25, 11.30it/s] 44%|████▍     | 2362/5362 [03:55<04:14, 11.80it/s] 44%|████▍     | 2364/5362 [03:55<04:26, 11.26it/s] 44%|████▍     | 2366/5362 [03:55<04:36, 10.83it/s] 44%|████▍     | 2368/5362 [03:55<04:11, 11.92it/s] 44%|████▍     | 2370/5362 [03:55<04:25, 11.26it/s] 44%|████▍     | 2372/5362 [03:56<04:33, 10.94it/s] 44%|████▍     | 2374/5362 [03:56<04:41, 10.60it/s] 44%|████▍     | 2376/5362 [03:56<04:31, 10.99it/s] 44%|████▍     | 2378/5362 [03:56<04:13, 11.77it/s] 44%|████▍     | 2380/5362 [03:56<04:18, 11.51it/s] 44%|████▍     | 2382/5362 [03:57<04:28, 11.10it/s] 44%|████▍     | 2384/5362 [03:57<04:39, 10.65it/s] 44%|████▍     | 2386/5362 [03:57<04:31, 10.97it/s] 45%|████▍     | 2388/5362 [03:57<04:42, 10.52it/s] 45%|████▍     | 2390/5362 [03:57<04:49, 10.27it/s] 45%|████▍     | 2392/5362 [03:58<04:54, 10.07it/s] 45%|████▍     | 2394/5362 [03:58<05:04,  9.75it/s] 45%|████▍     | 2396/5362 [03:58<04:35, 10.77it/s] 45%|████▍     | 2398/5362 [03:58<04:54, 10.06it/s] 45%|████▍     | 2400/5362 [03:58<04:46, 10.35it/s] 45%|████▍     | 2402/5362 [03:59<05:03,  9.76it/s] 45%|████▍     | 2404/5362 [03:59<04:53, 10.07it/s] 45%|████▍     | 2406/5362 [03:59<05:00,  9.85it/s] 45%|████▍     | 2408/5362 [03:59<04:41, 10.48it/s] 45%|████▍     | 2410/5362 [03:59<04:51, 10.14it/s] 45%|████▍     | 2412/5362 [04:00<04:56,  9.96it/s] 45%|████▌     | 2414/5362 [04:00<04:39, 10.56it/s] 45%|████▌     | 2416/5362 [04:00<04:46, 10.30it/s] 45%|████▌     | 2418/5362 [04:00<04:58,  9.86it/s] 45%|████▌     | 2420/5362 [04:00<04:56,  9.92it/s] 45%|████▌     | 2422/5362 [04:00<04:46, 10.27it/s] 45%|████▌     | 2424/5362 [04:01<04:53, 10.00it/s] 45%|████▌     | 2426/5362 [04:01<04:46, 10.23it/s] 45%|████▌     | 2428/5362 [04:01<04:31, 10.79it/s] 45%|████▌     | 2430/5362 [04:01<04:33, 10.71it/s] 45%|████▌     | 2432/5362 [04:01<04:29, 10.86it/s] 45%|████▌     | 2434/5362 [04:02<04:38, 10.51it/s] 45%|████▌     | 2436/5362 [04:02<04:36, 10.57it/s] 45%|████▌     | 2438/5362 [04:02<04:52, 10.01it/s] 46%|████▌     | 2440/5362 [04:02<04:48, 10.11it/s] 46%|████▌     | 2442/5362 [04:02<04:47, 10.16it/s] 46%|████▌     | 2444/5362 [04:03<04:30, 10.78it/s] 46%|████▌     | 2446/5362 [04:03<04:22, 11.11it/s] 46%|████▌     | 2448/5362 [04:03<04:28, 10.84it/s] 46%|████▌     | 2450/5362 [04:03<04:23, 11.04it/s] 46%|████▌     | 2452/5362 [04:03<04:15, 11.39it/s] 46%|████▌     | 2454/5362 [04:03<04:06, 11.79it/s] 46%|████▌     | 2456/5362 [04:04<03:50, 12.59it/s] 46%|████▌     | 2458/5362 [04:04<03:38, 13.30it/s] 46%|████▌     | 2460/5362 [04:04<03:45, 12.86it/s] 46%|████▌     | 2462/5362 [04:04<03:43, 12.96it/s] 46%|████▌     | 2464/5362 [04:04<03:53, 12.39it/s] 46%|████▌     | 2466/5362 [04:04<04:03, 11.88it/s] 46%|████▌     | 2468/5362 [04:05<04:09, 11.60it/s] 46%|████▌     | 2470/5362 [04:05<04:41, 10.27it/s] 46%|████▌     | 2472/5362 [04:05<05:06,  9.44it/s] 46%|████▌     | 2473/5362 [04:05<05:07,  9.40it/s] 46%|████▌     | 2474/5362 [04:05<05:12,  9.25it/s] 46%|████▌     | 2475/5362 [04:05<05:09,  9.34it/s] 46%|████▌     | 2477/5362 [04:05<04:18, 11.15it/s] 46%|████▌     | 2479/5362 [04:06<04:12, 11.40it/s] 46%|████▋     | 2481/5362 [04:06<04:04, 11.78it/s] 46%|████▋     | 2483/5362 [04:06<04:02, 11.85it/s] 46%|████▋     | 2485/5362 [04:06<03:55, 12.20it/s] 46%|████▋     | 2487/5362 [04:06<04:06, 11.68it/s] 46%|████▋     | 2489/5362 [04:06<04:02, 11.86it/s] 46%|████▋     | 2491/5362 [04:07<03:45, 12.71it/s] 46%|████▋     | 2493/5362 [04:07<03:28, 13.77it/s] 47%|████▋     | 2495/5362 [04:07<03:32, 13.46it/s] 47%|████▋     | 2497/5362 [04:07<03:21, 14.23it/s] 47%|████▋     | 2499/5362 [04:07<03:29, 13.65it/s] 47%|████▋     | 2501/5362 [04:07<03:27, 13.79it/s] 47%|████▋     | 2503/5362 [04:07<03:36, 13.22it/s] 47%|████▋     | 2505/5362 [04:08<03:32, 13.44it/s] 47%|████▋     | 2507/5362 [04:08<03:21, 14.16it/s] 47%|████▋     | 2509/5362 [04:08<03:47, 12.54it/s] 47%|████▋     | 2511/5362 [04:08<04:03, 11.70it/s] 47%|████▋     | 2513/5362 [04:08<04:09, 11.41it/s] 47%|████▋     | 2515/5362 [04:09<04:05, 11.60it/s] 47%|████▋     | 2517/5362 [04:09<03:38, 13.05it/s] 47%|████▋     | 2520/5362 [04:09<03:04, 15.38it/s] 47%|████▋     | 2522/5362 [04:09<02:54, 16.29it/s] 47%|████▋     | 2525/5362 [04:09<02:41, 17.53it/s] 47%|████▋     | 2527/5362 [04:09<02:40, 17.62it/s] 47%|████▋     | 2529/5362 [04:09<02:39, 17.79it/s] 47%|████▋     | 2532/5362 [04:09<02:29, 18.96it/s] 47%|████▋     | 2534/5362 [04:09<02:33, 18.38it/s] 47%|████▋     | 2536/5362 [04:10<02:32, 18.53it/s] 47%|████▋     | 2538/5362 [04:10<02:33, 18.35it/s] 47%|████▋     | 2540/5362 [04:10<02:42, 17.37it/s] 47%|████▋     | 2542/5362 [04:10<03:06, 15.09it/s] 47%|████▋     | 2544/5362 [04:10<03:23, 13.86it/s] 47%|████▋     | 2546/5362 [04:10<03:26, 13.65it/s] 48%|████▊     | 2548/5362 [04:10<03:09, 14.89it/s] 48%|████▊     | 2551/5362 [04:11<02:44, 17.11it/s] 48%|████▊     | 2554/5362 [04:11<02:32, 18.44it/s] 48%|████▊     | 2557/5362 [04:11<02:25, 19.25it/s] 48%|████▊     | 2559/5362 [04:11<02:26, 19.09it/s] 48%|████▊     | 2561/5362 [04:11<02:45, 16.96it/s] 48%|████▊     | 2563/5362 [04:11<02:53, 16.11it/s] 48%|████▊     | 2565/5362 [04:11<03:18, 14.06it/s] 48%|████▊     | 2567/5362 [04:12<03:20, 13.96it/s] 48%|████▊     | 2569/5362 [04:12<03:36, 12.92it/s] 48%|████▊     | 2571/5362 [04:12<03:27, 13.48it/s] 48%|████▊     | 2573/5362 [04:12<03:38, 12.76it/s] 48%|████▊     | 2575/5362 [04:12<03:47, 12.26it/s] 48%|████▊     | 2577/5362 [04:12<03:57, 11.73it/s] 48%|████▊     | 2579/5362 [04:13<03:46, 12.30it/s] 48%|████▊     | 2581/5362 [04:13<03:38, 12.76it/s] 48%|████▊     | 2583/5362 [04:13<03:41, 12.53it/s] 48%|████▊     | 2585/5362 [04:13<03:45, 12.33it/s] 48%|████▊     | 2587/5362 [04:13<03:32, 13.04it/s] 48%|████▊     | 2589/5362 [04:13<03:26, 13.40it/s] 48%|████▊     | 2591/5362 [04:14<03:32, 13.06it/s] 48%|████▊     | 2593/5362 [04:14<03:51, 11.97it/s] 48%|████▊     | 2595/5362 [04:14<03:39, 12.60it/s] 48%|████▊     | 2597/5362 [04:14<03:48, 12.08it/s] 48%|████▊     | 2599/5362 [04:14<03:45, 12.25it/s] 49%|████▊     | 2601/5362 [04:14<03:37, 12.67it/s] 49%|████▊     | 2603/5362 [04:14<03:36, 12.73it/s] 49%|████▊     | 2605/5362 [04:15<03:53, 11.79it/s] 49%|████▊     | 2607/5362 [04:15<03:44, 12.29it/s] 49%|████▊     | 2609/5362 [04:15<03:54, 11.73it/s] 49%|████▊     | 2611/5362 [04:15<03:50, 11.91it/s] 49%|████▊     | 2613/5362 [04:15<04:03, 11.29it/s] 49%|████▉     | 2615/5362 [04:16<04:04, 11.26it/s] 49%|████▉     | 2617/5362 [04:16<04:05, 11.18it/s] 49%|████▉     | 2619/5362 [04:16<03:54, 11.71it/s] 49%|████▉     | 2621/5362 [04:16<04:22, 10.43it/s] 49%|████▉     | 2623/5362 [04:16<04:26, 10.26it/s] 49%|████▉     | 2625/5362 [04:17<04:14, 10.73it/s] 49%|████▉     | 2627/5362 [04:17<04:20, 10.52it/s] 49%|████▉     | 2629/5362 [04:17<04:23, 10.38it/s] 49%|████▉     | 2631/5362 [04:17<04:26, 10.23it/s] 49%|████▉     | 2633/5362 [04:17<04:27, 10.19it/s] 49%|████▉     | 2635/5362 [04:17<04:18, 10.53it/s] 49%|████▉     | 2637/5362 [04:18<04:30, 10.09it/s] 49%|████▉     | 2639/5362 [04:18<04:26, 10.22it/s] 49%|████▉     | 2641/5362 [04:18<04:16, 10.60it/s] 49%|████▉     | 2643/5362 [04:18<04:30, 10.06it/s] 49%|████▉     | 2645/5362 [04:18<04:05, 11.07it/s] 49%|████▉     | 2647/5362 [04:19<04:15, 10.61it/s] 49%|████▉     | 2649/5362 [04:19<04:28, 10.12it/s] 49%|████▉     | 2651/5362 [04:19<04:30, 10.02it/s] 49%|████▉     | 2653/5362 [04:19<04:31,  9.96it/s] 50%|████▉     | 2655/5362 [04:19<04:15, 10.59it/s] 50%|████▉     | 2657/5362 [04:20<04:21, 10.36it/s] 50%|████▉     | 2659/5362 [04:20<04:26, 10.15it/s] 50%|████▉     | 2661/5362 [04:20<04:18, 10.43it/s] 50%|████▉     | 2663/5362 [04:20<04:29, 10.00it/s] 50%|████▉     | 2665/5362 [04:20<04:12, 10.67it/s] 50%|████▉     | 2667/5362 [04:21<04:13, 10.62it/s] 50%|████▉     | 2669/5362 [04:21<04:16, 10.48it/s] 50%|████▉     | 2671/5362 [04:21<04:30,  9.95it/s] 50%|████▉     | 2673/5362 [04:21<04:26, 10.11it/s] 50%|████▉     | 2675/5362 [04:21<04:10, 10.71it/s] 50%|████▉     | 2677/5362 [04:22<04:25, 10.10it/s] 50%|████▉     | 2679/5362 [04:22<04:12, 10.63it/s] 50%|█████     | 2681/5362 [04:22<04:23, 10.16it/s] 50%|█████     | 2683/5362 [04:22<04:01, 11.07it/s] 50%|█████     | 2685/5362 [04:22<04:06, 10.85it/s] 50%|█████     | 2687/5362 [04:22<04:09, 10.70it/s] 50%|█████     | 2689/5362 [04:23<04:02, 11.00it/s] 50%|█████     | 2691/5362 [04:23<04:10, 10.67it/s] 50%|█████     | 2693/5362 [04:23<03:54, 11.39it/s] 50%|█████     | 2695/5362 [04:23<04:12, 10.55it/s] 50%|█████     | 2697/5362 [04:23<04:21, 10.20it/s] 50%|█████     | 2699/5362 [04:24<03:57, 11.22it/s] 50%|█████     | 2701/5362 [04:24<04:03, 10.92it/s] 50%|█████     | 2703/5362 [04:24<04:07, 10.73it/s] 50%|█████     | 2705/5362 [04:24<03:53, 11.40it/s] 50%|█████     | 2707/5362 [04:24<04:03, 10.91it/s] 51%|█████     | 2709/5362 [04:24<03:55, 11.27it/s] 51%|█████     | 2711/5362 [04:25<04:03, 10.87it/s] 51%|█████     | 2713/5362 [04:25<03:58, 11.10it/s] 51%|█████     | 2715/5362 [04:25<04:08, 10.66it/s] 51%|█████     | 2717/5362 [04:25<03:50, 11.47it/s] 51%|█████     | 2719/5362 [04:25<04:01, 10.95it/s] 51%|█████     | 2721/5362 [04:26<03:41, 11.92it/s] 51%|█████     | 2723/5362 [04:26<03:34, 12.33it/s] 51%|█████     | 2725/5362 [04:26<03:45, 11.68it/s] 51%|█████     | 2727/5362 [04:26<03:58, 11.06it/s] 51%|█████     | 2729/5362 [04:26<03:53, 11.29it/s] 51%|█████     | 2731/5362 [04:26<03:45, 11.68it/s] 51%|█████     | 2733/5362 [04:27<04:05, 10.72it/s] 51%|█████     | 2735/5362 [04:27<04:11, 10.45it/s] 51%|█████     | 2737/5362 [04:27<04:09, 10.51it/s] 51%|█████     | 2739/5362 [04:27<04:04, 10.74it/s] 51%|█████     | 2741/5362 [04:27<03:42, 11.79it/s] 51%|█████     | 2743/5362 [04:27<03:48, 11.47it/s] 51%|█████     | 2745/5362 [04:28<03:33, 12.26it/s] 51%|█████     | 2747/5362 [04:28<03:37, 12.00it/s] 51%|█████▏    | 2749/5362 [04:28<03:36, 12.05it/s] 51%|█████▏    | 2751/5362 [04:28<03:43, 11.69it/s] 51%|█████▏    | 2753/5362 [04:28<03:29, 12.44it/s] 51%|█████▏    | 2755/5362 [04:28<03:15, 13.31it/s] 51%|█████▏    | 2757/5362 [04:29<03:31, 12.29it/s] 51%|█████▏    | 2759/5362 [04:29<03:49, 11.36it/s] 51%|█████▏    | 2761/5362 [04:29<03:48, 11.38it/s] 52%|█████▏    | 2763/5362 [04:29<03:55, 11.03it/s] 52%|█████▏    | 2765/5362 [04:29<03:26, 12.56it/s] 52%|█████▏    | 2767/5362 [04:29<03:08, 13.75it/s] 52%|█████▏    | 2769/5362 [04:30<03:00, 14.33it/s] 52%|█████▏    | 2771/5362 [04:30<02:55, 14.78it/s] 52%|█████▏    | 2773/5362 [04:30<02:54, 14.86it/s] 52%|█████▏    | 2775/5362 [04:30<02:52, 15.01it/s] 52%|█████▏    | 2777/5362 [04:30<03:02, 14.13it/s] 52%|█████▏    | 2779/5362 [04:30<03:01, 14.20it/s] 52%|█████▏    | 2781/5362 [04:30<03:13, 13.37it/s] 52%|█████▏    | 2783/5362 [04:31<03:27, 12.45it/s] 52%|█████▏    | 2785/5362 [04:31<03:42, 11.57it/s] 52%|█████▏    | 2787/5362 [04:31<03:42, 11.60it/s] 52%|█████▏    | 2789/5362 [04:31<03:33, 12.05it/s] 52%|█████▏    | 2792/5362 [04:31<02:54, 14.73it/s] 52%|█████▏    | 2795/5362 [04:31<02:32, 16.86it/s] 52%|█████▏    | 2798/5362 [04:32<02:20, 18.19it/s] 52%|█████▏    | 2801/5362 [04:32<02:11, 19.42it/s] 52%|█████▏    | 2803/5362 [04:32<02:18, 18.53it/s] 52%|█████▏    | 2805/5362 [04:32<02:24, 17.70it/s] 52%|█████▏    | 2807/5362 [04:32<02:24, 17.72it/s] 52%|█████▏    | 2810/5362 [04:32<02:16, 18.76it/s] 52%|█████▏    | 2812/5362 [04:32<02:17, 18.56it/s] 52%|█████▏    | 2814/5362 [04:32<02:23, 17.73it/s] 53%|█████▎    | 2816/5362 [04:33<02:42, 15.67it/s] 53%|█████▎    | 2818/5362 [04:33<03:04, 13.83it/s] 53%|█████▎    | 2820/5362 [04:33<03:17, 12.84it/s] 53%|█████▎    | 2822/5362 [04:33<03:14, 13.09it/s] 53%|█████▎    | 2824/5362 [04:33<03:01, 14.00it/s] 53%|█████▎    | 2826/5362 [04:33<03:06, 13.63it/s] 53%|█████▎    | 2828/5362 [04:33<03:03, 13.79it/s] 53%|█████▎    | 2830/5362 [04:34<03:06, 13.61it/s] 53%|█████▎    | 2832/5362 [04:34<03:03, 13.82it/s] 53%|█████▎    | 2834/5362 [04:34<03:05, 13.63it/s] 53%|█████▎    | 2836/5362 [04:34<03:06, 13.55it/s] 53%|█████▎    | 2838/5362 [04:34<03:19, 12.63it/s] 53%|█████▎    | 2840/5362 [04:34<03:25, 12.30it/s] 53%|█████▎    | 2842/5362 [04:35<03:15, 12.86it/s] 53%|█████▎    | 2844/5362 [04:35<03:20, 12.55it/s] 53%|█████▎    | 2846/5362 [04:35<03:17, 12.72it/s] 53%|█████▎    | 2848/5362 [04:35<03:26, 12.18it/s] 53%|█████▎    | 2850/5362 [04:35<03:35, 11.65it/s] 53%|█████▎    | 2852/5362 [04:35<03:31, 11.85it/s] 53%|█████▎    | 2854/5362 [04:36<03:25, 12.17it/s] 53%|█████▎    | 2856/5362 [04:36<03:37, 11.52it/s] 53%|█████▎    | 2858/5362 [04:36<03:44, 11.17it/s] 53%|█████▎    | 2860/5362 [04:36<03:48, 10.95it/s] 53%|█████▎    | 2862/5362 [04:36<03:37, 11.49it/s] 53%|█████▎    | 2864/5362 [04:36<03:28, 11.96it/s] 53%|█████▎    | 2866/5362 [04:37<03:29, 11.89it/s] 53%|█████▎    | 2868/5362 [04:37<03:28, 11.97it/s] 54%|█████▎    | 2870/5362 [04:37<03:40, 11.30it/s] 54%|█████▎    | 2872/5362 [04:37<03:41, 11.27it/s] 54%|█████▎    | 2874/5362 [04:37<03:28, 11.92it/s] 54%|█████▎    | 2876/5362 [04:37<03:19, 12.46it/s] 54%|█████▎    | 2878/5362 [04:38<03:39, 11.32it/s] 54%|█████▎    | 2880/5362 [04:38<03:37, 11.40it/s] 54%|█████▎    | 2882/5362 [04:38<03:22, 12.25it/s] 54%|█████▍    | 2884/5362 [04:38<03:34, 11.56it/s] 54%|█████▍    | 2886/5362 [04:38<03:33, 11.61it/s] 54%|█████▍    | 2888/5362 [04:39<03:31, 11.69it/s] 54%|█████▍    | 2890/5362 [04:39<03:40, 11.20it/s] 54%|█████▍    | 2892/5362 [04:39<03:52, 10.61it/s] 54%|█████▍    | 2894/5362 [04:39<03:59, 10.31it/s] 54%|█████▍    | 2896/5362 [04:39<03:51, 10.66it/s] 54%|█████▍    | 2898/5362 [04:40<04:16,  9.62it/s] 54%|█████▍    | 2899/5362 [04:40<04:27,  9.20it/s] 54%|█████▍    | 2900/5362 [04:40<04:29,  9.12it/s] 54%|█████▍    | 2901/5362 [04:40<04:32,  9.04it/s] 54%|█████▍    | 2902/5362 [04:40<04:27,  9.18it/s] 54%|█████▍    | 2903/5362 [04:40<04:37,  8.87it/s] 54%|█████▍    | 2904/5362 [04:40<04:33,  8.99it/s] 54%|█████▍    | 2906/5362 [04:40<04:34,  8.95it/s] 54%|█████▍    | 2907/5362 [04:41<04:30,  9.07it/s] 54%|█████▍    | 2908/5362 [04:41<04:30,  9.08it/s] 54%|█████▍    | 2909/5362 [04:41<04:33,  8.97it/s] 54%|█████▍    | 2910/5362 [04:41<04:36,  8.87it/s] 54%|█████▍    | 2912/5362 [04:41<04:38,  8.78it/s] 54%|█████▍    | 2913/5362 [04:41<04:35,  8.88it/s] 54%|█████▍    | 2914/5362 [04:41<04:32,  8.97it/s] 54%|█████▍    | 2915/5362 [04:41<04:32,  8.97it/s] 54%|█████▍    | 2916/5362 [04:42<04:30,  9.05it/s] 54%|█████▍    | 2918/5362 [04:42<04:41,  8.67it/s] 54%|█████▍    | 2919/5362 [04:42<04:35,  8.87it/s] 54%|█████▍    | 2920/5362 [04:42<04:29,  9.07it/s] 54%|█████▍    | 2921/5362 [04:42<04:36,  8.81it/s] 55%|█████▍    | 2923/5362 [04:42<04:20,  9.35it/s] 55%|█████▍    | 2924/5362 [04:42<04:30,  9.03it/s] 55%|█████▍    | 2925/5362 [04:43<04:30,  9.00it/s] 55%|█████▍    | 2926/5362 [04:43<04:25,  9.18it/s] 55%|█████▍    | 2928/5362 [04:43<04:27,  9.09it/s] 55%|█████▍    | 2929/5362 [04:43<04:26,  9.12it/s] 55%|█████▍    | 2930/5362 [04:43<04:26,  9.12it/s] 55%|█████▍    | 2931/5362 [04:43<04:27,  9.07it/s] 55%|█████▍    | 2932/5362 [04:43<04:24,  9.18it/s] 55%|█████▍    | 2934/5362 [04:44<04:46,  8.48it/s] 55%|█████▍    | 2935/5362 [04:44<04:47,  8.44it/s] 55%|█████▍    | 2936/5362 [04:44<04:42,  8.58it/s] 55%|█████▍    | 2937/5362 [04:44<04:41,  8.61it/s] 55%|█████▍    | 2938/5362 [04:44<04:40,  8.64it/s] 55%|█████▍    | 2940/5362 [04:44<04:31,  8.92it/s] 55%|█████▍    | 2941/5362 [04:44<04:41,  8.61it/s] 55%|█████▍    | 2943/5362 [04:45<04:36,  8.74it/s] 55%|█████▍    | 2944/5362 [04:45<04:35,  8.78it/s] 55%|█████▍    | 2945/5362 [04:45<04:29,  8.97it/s] 55%|█████▍    | 2946/5362 [04:45<04:41,  8.57it/s] 55%|█████▍    | 2947/5362 [04:45<04:42,  8.56it/s] 55%|█████▍    | 2948/5362 [04:45<04:44,  8.48it/s] 55%|█████▍    | 2949/5362 [04:45<05:01,  8.01it/s] 55%|█████▌    | 2950/5362 [04:46<05:04,  7.93it/s] 55%|█████▌    | 2951/5362 [04:46<04:58,  8.08it/s] 55%|█████▌    | 2953/5362 [04:46<04:49,  8.32it/s] 55%|█████▌    | 2954/5362 [04:46<04:49,  8.33it/s] 55%|█████▌    | 2955/5362 [04:46<04:53,  8.19it/s] 55%|█████▌    | 2956/5362 [04:46<04:39,  8.61it/s] 55%|█████▌    | 2957/5362 [04:46<04:58,  8.07it/s] 55%|█████▌    | 2958/5362 [04:46<04:45,  8.42it/s] 55%|█████▌    | 2959/5362 [04:47<04:38,  8.63it/s] 55%|█████▌    | 2961/5362 [04:47<04:24,  9.07it/s] 55%|█████▌    | 2963/5362 [04:47<04:14,  9.43it/s] 55%|█████▌    | 2964/5362 [04:47<04:11,  9.55it/s] 55%|█████▌    | 2965/5362 [04:47<04:14,  9.41it/s] 55%|█████▌    | 2967/5362 [04:47<04:15,  9.36it/s] 55%|█████▌    | 2969/5362 [04:48<04:00,  9.97it/s] 55%|█████▌    | 2970/5362 [04:48<04:05,  9.75it/s] 55%|█████▌    | 2971/5362 [04:48<04:17,  9.30it/s] 55%|█████▌    | 2973/5362 [04:48<04:15,  9.35it/s] 55%|█████▌    | 2974/5362 [04:48<04:18,  9.24it/s] 55%|█████▌    | 2975/5362 [04:48<04:34,  8.70it/s] 56%|█████▌    | 2976/5362 [04:48<04:33,  8.72it/s] 56%|█████▌    | 2977/5362 [04:48<04:34,  8.70it/s] 56%|█████▌    | 2978/5362 [04:49<04:41,  8.47it/s] 56%|█████▌    | 2979/5362 [04:49<04:44,  8.37it/s] 56%|█████▌    | 2980/5362 [04:49<04:40,  8.48it/s] 56%|█████▌    | 2982/5362 [04:49<04:13,  9.39it/s] 56%|█████▌    | 2983/5362 [04:49<04:13,  9.37it/s] 56%|█████▌    | 2985/5362 [04:49<03:48, 10.41it/s] 56%|█████▌    | 2987/5362 [04:50<03:56, 10.05it/s] 56%|█████▌    | 2988/5362 [04:50<04:00,  9.89it/s] 56%|█████▌    | 2989/5362 [04:50<04:05,  9.66it/s] 56%|█████▌    | 2991/5362 [04:50<04:00,  9.86it/s] 56%|█████▌    | 2992/5362 [04:50<04:02,  9.79it/s] 56%|█████▌    | 2993/5362 [04:50<04:20,  9.09it/s] 56%|█████▌    | 2994/5362 [04:50<04:25,  8.91it/s] 56%|█████▌    | 2995/5362 [04:50<04:31,  8.72it/s] 56%|█████▌    | 2996/5362 [04:51<04:34,  8.62it/s] 56%|█████▌    | 2997/5362 [04:51<04:58,  7.92it/s] 56%|█████▌    | 2998/5362 [04:51<04:48,  8.18it/s] 56%|█████▌    | 2999/5362 [04:51<04:35,  8.56it/s] 56%|█████▌    | 3001/5362 [04:51<04:00,  9.80it/s] 56%|█████▌    | 3003/5362 [04:51<03:59,  9.85it/s] 56%|█████▌    | 3005/5362 [04:51<03:52, 10.13it/s] 56%|█████▌    | 3006/5362 [04:52<04:02,  9.71it/s] 56%|█████▌    | 3008/5362 [04:52<04:00,  9.79it/s] 56%|█████▌    | 3010/5362 [04:52<03:42, 10.56it/s] 56%|█████▌    | 3012/5362 [04:52<03:35, 10.89it/s] 56%|█████▌    | 3014/5362 [04:52<03:45, 10.41it/s] 56%|█████▌    | 3016/5362 [04:53<03:43, 10.51it/s] 56%|█████▋    | 3018/5362 [04:53<03:34, 10.93it/s] 56%|█████▋    | 3020/5362 [04:53<03:42, 10.53it/s] 56%|█████▋    | 3022/5362 [04:53<03:36, 10.82it/s] 56%|█████▋    | 3024/5362 [04:53<03:35, 10.85it/s] 56%|█████▋    | 3026/5362 [04:53<03:34, 10.87it/s] 56%|█████▋    | 3028/5362 [04:54<03:40, 10.60it/s] 57%|█████▋    | 3030/5362 [04:54<03:42, 10.47it/s] 57%|█████▋    | 3032/5362 [04:54<03:45, 10.32it/s] 57%|█████▋    | 3034/5362 [04:54<03:34, 10.83it/s] 57%|█████▋    | 3036/5362 [04:54<03:36, 10.76it/s] 57%|█████▋    | 3038/5362 [04:55<03:49, 10.12it/s] 57%|█████▋    | 3040/5362 [04:55<04:06,  9.43it/s] 57%|█████▋    | 3041/5362 [04:55<04:18,  8.96it/s] 57%|█████▋    | 3042/5362 [04:55<04:22,  8.84it/s] 57%|█████▋    | 3043/5362 [04:55<04:24,  8.77it/s] 57%|█████▋    | 3044/5362 [04:55<04:19,  8.93it/s] 57%|█████▋    | 3046/5362 [04:56<03:59,  9.65it/s] 57%|█████▋    | 3048/5362 [04:56<04:00,  9.63it/s] 57%|█████▋    | 3050/5362 [04:56<03:41, 10.45it/s] 57%|█████▋    | 3052/5362 [04:56<03:32, 10.86it/s] 57%|█████▋    | 3054/5362 [04:56<03:35, 10.72it/s] 57%|█████▋    | 3056/5362 [04:56<03:32, 10.84it/s] 57%|█████▋    | 3058/5362 [04:57<03:36, 10.62it/s] 57%|█████▋    | 3060/5362 [04:57<03:35, 10.68it/s] 57%|█████▋    | 3062/5362 [04:57<03:39, 10.47it/s] 57%|█████▋    | 3064/5362 [04:57<03:44, 10.26it/s] 57%|█████▋    | 3066/5362 [04:57<03:45, 10.16it/s] 57%|█████▋    | 3068/5362 [04:58<03:49, 10.00it/s] 57%|█████▋    | 3070/5362 [04:58<04:07,  9.25it/s] 57%|█████▋    | 3071/5362 [04:58<04:37,  8.25it/s] 57%|█████▋    | 3072/5362 [04:58<04:36,  8.30it/s] 57%|█████▋    | 3073/5362 [04:58<04:35,  8.32it/s] 57%|█████▋    | 3074/5362 [04:58<04:27,  8.55it/s] 57%|█████▋    | 3075/5362 [04:58<04:18,  8.83it/s] 57%|█████▋    | 3076/5362 [04:59<04:10,  9.11it/s] 57%|█████▋    | 3078/5362 [04:59<03:44, 10.18it/s] 57%|█████▋    | 3080/5362 [04:59<03:46, 10.08it/s] 57%|█████▋    | 3082/5362 [04:59<03:48,  9.97it/s] 57%|█████▋    | 3083/5362 [04:59<03:55,  9.69it/s] 58%|█████▊    | 3085/5362 [04:59<03:53,  9.76it/s] 58%|█████▊    | 3087/5362 [05:00<03:42, 10.21it/s] 58%|█████▊    | 3089/5362 [05:00<03:47,  9.99it/s] 58%|█████▊    | 3091/5362 [05:00<03:43, 10.17it/s] 58%|█████▊    | 3093/5362 [05:00<03:37, 10.43it/s] 58%|█████▊    | 3095/5362 [05:00<03:37, 10.43it/s] 58%|█████▊    | 3097/5362 [05:01<03:41, 10.21it/s] 58%|█████▊    | 3099/5362 [05:01<03:50,  9.83it/s] 58%|█████▊    | 3101/5362 [05:01<03:40, 10.23it/s] 58%|█████▊    | 3103/5362 [05:01<03:52,  9.73it/s] 58%|█████▊    | 3104/5362 [05:01<04:03,  9.27it/s] 58%|█████▊    | 3105/5362 [05:02<04:07,  9.11it/s] 58%|█████▊    | 3106/5362 [05:02<04:14,  8.87it/s] 58%|█████▊    | 3107/5362 [05:02<04:09,  9.03it/s] 58%|█████▊    | 3108/5362 [05:02<04:10,  8.98it/s] 58%|█████▊    | 3109/5362 [05:02<04:12,  8.91it/s] 58%|█████▊    | 3110/5362 [05:02<04:14,  8.86it/s] 58%|█████▊    | 3111/5362 [05:02<04:11,  8.96it/s] 58%|█████▊    | 3112/5362 [05:02<04:09,  9.03it/s] 58%|█████▊    | 3113/5362 [05:02<04:04,  9.19it/s] 58%|█████▊    | 3115/5362 [05:03<03:53,  9.63it/s] 58%|█████▊    | 3116/5362 [05:03<03:54,  9.57it/s] 58%|█████▊    | 3118/5362 [05:03<03:54,  9.59it/s] 58%|█████▊    | 3119/5362 [05:03<04:03,  9.21it/s] 58%|█████▊    | 3121/5362 [05:03<04:03,  9.22it/s] 58%|█████▊    | 3122/5362 [05:03<03:59,  9.34it/s] 58%|█████▊    | 3124/5362 [05:04<03:54,  9.55it/s] 58%|█████▊    | 3125/5362 [05:04<03:58,  9.40it/s] 58%|█████▊    | 3126/5362 [05:04<03:57,  9.40it/s] 58%|█████▊    | 3127/5362 [05:04<04:02,  9.22it/s] 58%|█████▊    | 3128/5362 [05:04<04:14,  8.77it/s] 58%|█████▊    | 3129/5362 [05:04<04:11,  8.89it/s] 58%|█████▊    | 3130/5362 [05:04<04:10,  8.90it/s] 58%|█████▊    | 3131/5362 [05:04<04:28,  8.31it/s] 58%|█████▊    | 3132/5362 [05:05<04:26,  8.37it/s] 58%|█████▊    | 3133/5362 [05:05<04:26,  8.37it/s] 58%|█████▊    | 3134/5362 [05:05<04:22,  8.50it/s] 58%|█████▊    | 3135/5362 [05:05<04:20,  8.55it/s] 58%|█████▊    | 3136/5362 [05:05<04:18,  8.60it/s] 59%|█████▊    | 3137/5362 [05:05<04:11,  8.83it/s] 59%|█████▊    | 3138/5362 [05:05<04:19,  8.57it/s] 59%|█████▊    | 3139/5362 [05:05<04:43,  7.84it/s] 59%|█████▊    | 3140/5362 [05:05<04:32,  8.15it/s] 59%|█████▊    | 3142/5362 [05:06<04:33,  8.12it/s] 59%|█████▊    | 3143/5362 [05:06<04:32,  8.15it/s] 59%|█████▊    | 3144/5362 [05:06<04:38,  7.95it/s] 59%|█████▊    | 3145/5362 [05:06<04:30,  8.19it/s] 59%|█████▊    | 3146/5362 [05:06<04:24,  8.37it/s] 59%|█████▊    | 3147/5362 [05:06<04:35,  8.05it/s] 59%|█████▊    | 3148/5362 [05:06<04:37,  7.99it/s] 59%|█████▊    | 3149/5362 [05:07<04:32,  8.13it/s] 59%|█████▊    | 3150/5362 [05:07<04:22,  8.41it/s] 59%|█████▉    | 3151/5362 [05:07<04:19,  8.51it/s] 59%|█████▉    | 3152/5362 [05:07<04:14,  8.70it/s] 59%|█████▉    | 3153/5362 [05:07<04:31,  8.15it/s] 59%|█████▉    | 3154/5362 [05:07<04:39,  7.91it/s] 59%|█████▉    | 3155/5362 [05:07<04:27,  8.24it/s] 59%|█████▉    | 3156/5362 [05:07<04:30,  8.15it/s] 59%|█████▉    | 3157/5362 [05:08<04:23,  8.37it/s] 59%|█████▉    | 3158/5362 [05:08<04:37,  7.95it/s] 59%|█████▉    | 3159/5362 [05:08<04:30,  8.16it/s] 59%|█████▉    | 3160/5362 [05:08<04:21,  8.42it/s] 59%|█████▉    | 3161/5362 [05:08<04:21,  8.43it/s] 59%|█████▉    | 3162/5362 [05:08<04:09,  8.83it/s] 59%|█████▉    | 3163/5362 [05:08<04:08,  8.86it/s] 59%|█████▉    | 3165/5362 [05:08<03:51,  9.48it/s] 59%|█████▉    | 3166/5362 [05:09<04:08,  8.85it/s] 59%|█████▉    | 3167/5362 [05:09<04:20,  8.43it/s] 59%|█████▉    | 3168/5362 [05:09<04:22,  8.37it/s] 59%|█████▉    | 3169/5362 [05:09<04:20,  8.40it/s] 59%|█████▉    | 3170/5362 [05:09<04:22,  8.36it/s] 59%|█████▉    | 3171/5362 [05:09<04:26,  8.21it/s] 59%|█████▉    | 3172/5362 [05:09<04:26,  8.23it/s] 59%|█████▉    | 3173/5362 [05:09<04:29,  8.13it/s] 59%|█████▉    | 3174/5362 [05:10<04:17,  8.51it/s] 59%|█████▉    | 3175/5362 [05:10<04:17,  8.49it/s] 59%|█████▉    | 3176/5362 [05:10<04:14,  8.58it/s] 59%|█████▉    | 3177/5362 [05:10<04:08,  8.80it/s] 59%|█████▉    | 3179/5362 [05:10<03:44,  9.74it/s] 59%|█████▉    | 3180/5362 [05:10<03:48,  9.56it/s] 59%|█████▉    | 3181/5362 [05:10<03:52,  9.37it/s] 59%|█████▉    | 3182/5362 [05:10<03:52,  9.36it/s] 59%|█████▉    | 3183/5362 [05:10<03:57,  9.19it/s] 59%|█████▉    | 3184/5362 [05:11<04:00,  9.06it/s] 59%|█████▉    | 3185/5362 [05:11<03:58,  9.11it/s] 59%|█████▉    | 3186/5362 [05:11<04:27,  8.15it/s] 59%|█████▉    | 3187/5362 [05:11<04:32,  7.99it/s] 59%|█████▉    | 3188/5362 [05:11<04:43,  7.67it/s] 59%|█████▉    | 3189/5362 [05:11<04:53,  7.40it/s] 59%|█████▉    | 3190/5362 [05:11<04:51,  7.44it/s] 60%|█████▉    | 3191/5362 [05:12<05:01,  7.20it/s] 60%|█████▉    | 3192/5362 [05:12<05:18,  6.81it/s] 60%|█████▉    | 3194/5362 [05:12<04:32,  7.95it/s] 60%|█████▉    | 3196/5362 [05:12<04:06,  8.80it/s] 60%|█████▉    | 3197/5362 [05:12<04:00,  8.99it/s] 60%|█████▉    | 3198/5362 [05:12<03:56,  9.14it/s] 60%|█████▉    | 3199/5362 [05:12<04:00,  9.01it/s] 60%|█████▉    | 3201/5362 [05:13<03:48,  9.45it/s] 60%|█████▉    | 3202/5362 [05:13<03:53,  9.27it/s] 60%|█████▉    | 3203/5362 [05:13<03:51,  9.34it/s] 60%|█████▉    | 3205/5362 [05:13<03:36,  9.98it/s] 60%|█████▉    | 3206/5362 [05:13<03:38,  9.86it/s] 60%|█████▉    | 3208/5362 [05:13<03:29, 10.27it/s] 60%|█████▉    | 3210/5362 [05:14<03:49,  9.37it/s] 60%|█████▉    | 3211/5362 [05:14<03:56,  9.08it/s] 60%|█████▉    | 3212/5362 [05:14<04:02,  8.88it/s] 60%|█████▉    | 3213/5362 [05:14<04:14,  8.44it/s] 60%|█████▉    | 3214/5362 [05:14<04:13,  8.48it/s] 60%|█████▉    | 3215/5362 [05:14<04:10,  8.57it/s] 60%|█████▉    | 3216/5362 [05:14<04:00,  8.91it/s] 60%|██████    | 3218/5362 [05:14<03:42,  9.62it/s] 60%|██████    | 3219/5362 [05:15<03:53,  9.17it/s] 60%|██████    | 3220/5362 [05:15<03:52,  9.19it/s] 60%|██████    | 3222/5362 [05:15<03:41,  9.66it/s] 60%|██████    | 3224/5362 [05:15<03:19, 10.69it/s] 60%|██████    | 3226/5362 [05:15<03:15, 10.91it/s] 60%|██████    | 3228/5362 [05:15<03:13, 11.05it/s] 60%|██████    | 3230/5362 [05:16<03:13, 11.04it/s] 60%|██████    | 3232/5362 [05:16<03:16, 10.85it/s] 60%|██████    | 3234/5362 [05:16<03:15, 10.87it/s] 60%|██████    | 3236/5362 [05:16<03:19, 10.64it/s] 60%|██████    | 3238/5362 [05:16<03:12, 11.02it/s] 60%|██████    | 3240/5362 [05:17<03:29, 10.14it/s] 60%|██████    | 3242/5362 [05:17<03:38,  9.68it/s] 60%|██████    | 3243/5362 [05:17<03:42,  9.51it/s] 60%|██████    | 3244/5362 [05:17<03:46,  9.35it/s] 61%|██████    | 3246/5362 [05:17<03:36,  9.76it/s] 61%|██████    | 3248/5362 [05:17<03:20, 10.57it/s] 61%|██████    | 3250/5362 [05:18<03:26, 10.21it/s] 61%|██████    | 3252/5362 [05:18<03:29, 10.06it/s] 61%|██████    | 3254/5362 [05:18<03:21, 10.46it/s] 61%|██████    | 3256/5362 [05:18<03:15, 10.75it/s] 61%|██████    | 3258/5362 [05:18<03:16, 10.71it/s] 61%|██████    | 3260/5362 [05:19<03:22, 10.39it/s] 61%|██████    | 3262/5362 [05:19<03:30,  9.99it/s] 61%|██████    | 3264/5362 [05:19<03:32,  9.88it/s] 61%|██████    | 3265/5362 [05:19<03:32,  9.86it/s] 61%|██████    | 3266/5362 [05:19<03:36,  9.70it/s] 61%|██████    | 3267/5362 [05:19<03:37,  9.62it/s] 61%|██████    | 3269/5362 [05:19<03:26, 10.15it/s] 61%|██████    | 3271/5362 [05:20<03:32,  9.86it/s] 61%|██████    | 3273/5362 [05:20<03:26, 10.13it/s] 61%|██████    | 3275/5362 [05:20<03:40,  9.47it/s] 61%|██████    | 3277/5362 [05:20<03:38,  9.53it/s] 61%|██████    | 3278/5362 [05:20<03:40,  9.46it/s] 61%|██████    | 3279/5362 [05:21<03:37,  9.56it/s] 61%|██████    | 3280/5362 [05:21<03:36,  9.61it/s] 61%|██████    | 3282/5362 [05:21<03:33,  9.76it/s] 61%|██████    | 3284/5362 [05:21<03:15, 10.61it/s] 61%|██████▏   | 3286/5362 [05:21<03:28,  9.95it/s] 61%|██████▏   | 3288/5362 [05:21<03:29,  9.92it/s] 61%|██████▏   | 3290/5362 [05:22<03:26, 10.03it/s] 61%|██████▏   | 3292/5362 [05:22<03:34,  9.63it/s] 61%|██████▏   | 3293/5362 [05:22<03:36,  9.57it/s] 61%|██████▏   | 3294/5362 [05:22<03:49,  9.01it/s] 61%|██████▏   | 3295/5362 [05:22<04:00,  8.60it/s] 61%|██████▏   | 3296/5362 [05:22<04:05,  8.43it/s] 61%|██████▏   | 3297/5362 [05:22<04:03,  8.47it/s] 62%|██████▏   | 3298/5362 [05:23<04:10,  8.25it/s] 62%|██████▏   | 3299/5362 [05:23<04:04,  8.44it/s] 62%|██████▏   | 3301/5362 [05:23<03:54,  8.81it/s] 62%|██████▏   | 3303/5362 [05:23<03:37,  9.45it/s] 62%|██████▏   | 3304/5362 [05:23<03:54,  8.79it/s] 62%|██████▏   | 3306/5362 [05:23<03:33,  9.61it/s] 62%|██████▏   | 3307/5362 [05:24<03:43,  9.21it/s] 62%|██████▏   | 3308/5362 [05:24<03:46,  9.05it/s] 62%|██████▏   | 3309/5362 [05:24<03:49,  8.96it/s] 62%|██████▏   | 3310/5362 [05:24<03:50,  8.90it/s] 62%|██████▏   | 3311/5362 [05:24<03:51,  8.85it/s] 62%|██████▏   | 3312/5362 [05:24<03:51,  8.86it/s] 62%|██████▏   | 3313/5362 [05:24<03:47,  9.01it/s] 62%|██████▏   | 3314/5362 [05:24<03:49,  8.93it/s] 62%|██████▏   | 3315/5362 [05:24<04:02,  8.45it/s] 62%|██████▏   | 3317/5362 [05:25<04:06,  8.30it/s] 62%|██████▏   | 3318/5362 [05:25<04:00,  8.50it/s] 62%|██████▏   | 3320/5362 [05:25<03:46,  9.03it/s] 62%|██████▏   | 3321/5362 [05:25<03:45,  9.04it/s] 62%|██████▏   | 3322/5362 [05:25<03:45,  9.04it/s] 62%|██████▏   | 3323/5362 [05:25<03:45,  9.05it/s] 62%|██████▏   | 3324/5362 [05:25<03:54,  8.69it/s] 62%|██████▏   | 3325/5362 [05:26<03:50,  8.84it/s] 62%|██████▏   | 3327/5362 [05:26<03:44,  9.08it/s] 62%|██████▏   | 3329/5362 [05:26<03:35,  9.45it/s] 62%|██████▏   | 3330/5362 [05:26<03:37,  9.36it/s] 62%|██████▏   | 3331/5362 [05:26<03:57,  8.57it/s] 62%|██████▏   | 3332/5362 [05:26<03:54,  8.64it/s] 62%|██████▏   | 3333/5362 [05:26<03:51,  8.75it/s] 62%|██████▏   | 3334/5362 [05:27<03:53,  8.70it/s] 62%|██████▏   | 3335/5362 [05:27<03:52,  8.71it/s] 62%|██████▏   | 3336/5362 [05:27<03:52,  8.71it/s] 62%|██████▏   | 3337/5362 [05:27<03:51,  8.76it/s] 62%|██████▏   | 3338/5362 [05:27<03:46,  8.95it/s] 62%|██████▏   | 3339/5362 [05:27<03:45,  8.98it/s] 62%|██████▏   | 3340/5362 [05:27<03:52,  8.71it/s] 62%|██████▏   | 3341/5362 [05:27<03:57,  8.53it/s] 62%|██████▏   | 3342/5362 [05:28<03:59,  8.44it/s] 62%|██████▏   | 3343/5362 [05:28<04:02,  8.34it/s] 62%|██████▏   | 3344/5362 [05:28<04:45,  7.06it/s] 62%|██████▏   | 3345/5362 [05:28<04:31,  7.42it/s] 62%|██████▏   | 3347/5362 [05:28<04:10,  8.06it/s] 62%|██████▏   | 3348/5362 [05:28<04:11,  8.00it/s] 62%|██████▏   | 3349/5362 [05:28<03:59,  8.41it/s] 62%|██████▏   | 3350/5362 [05:29<03:59,  8.39it/s] 62%|██████▏   | 3351/5362 [05:29<04:19,  7.73it/s] 63%|██████▎   | 3352/5362 [05:29<04:10,  8.03it/s] 63%|██████▎   | 3353/5362 [05:29<04:09,  8.04it/s] 63%|██████▎   | 3354/5362 [05:29<04:05,  8.18it/s] 63%|██████▎   | 3355/5362 [05:29<04:08,  8.09it/s] 63%|██████▎   | 3356/5362 [05:29<04:11,  7.98it/s] 63%|██████▎   | 3357/5362 [05:29<04:04,  8.19it/s] 63%|██████▎   | 3358/5362 [05:30<04:03,  8.24it/s] 63%|██████▎   | 3359/5362 [05:30<03:55,  8.51it/s] 63%|██████▎   | 3360/5362 [05:30<03:54,  8.54it/s] 63%|██████▎   | 3361/5362 [05:30<03:59,  8.36it/s] 63%|██████▎   | 3362/5362 [05:30<04:00,  8.33it/s] 63%|██████▎   | 3363/5362 [05:30<03:56,  8.44it/s] 63%|██████▎   | 3364/5362 [05:30<03:54,  8.53it/s] 63%|██████▎   | 3365/5362 [05:30<03:54,  8.51it/s] 63%|██████▎   | 3366/5362 [05:30<04:01,  8.26it/s] 63%|██████▎   | 3367/5362 [05:31<03:54,  8.50it/s] 63%|██████▎   | 3368/5362 [05:31<03:56,  8.43it/s] 63%|██████▎   | 3369/5362 [05:31<03:57,  8.41it/s] 63%|██████▎   | 3370/5362 [05:31<04:00,  8.29it/s] 63%|██████▎   | 3371/5362 [05:31<04:11,  7.91it/s] 63%|██████▎   | 3372/5362 [05:31<04:11,  7.90it/s] 63%|██████▎   | 3373/5362 [05:31<04:15,  7.80it/s] 63%|██████▎   | 3374/5362 [05:31<04:10,  7.94it/s] 63%|██████▎   | 3375/5362 [05:32<04:09,  7.97it/s] 63%|██████▎   | 3376/5362 [05:32<04:08,  7.99it/s] 63%|██████▎   | 3377/5362 [05:32<04:01,  8.23it/s] 63%|██████▎   | 3378/5362 [05:32<04:04,  8.10it/s] 63%|██████▎   | 3379/5362 [05:32<04:04,  8.11it/s] 63%|██████▎   | 3380/5362 [05:32<04:03,  8.14it/s] 63%|██████▎   | 3381/5362 [05:32<04:01,  8.19it/s] 63%|██████▎   | 3382/5362 [05:32<03:54,  8.45it/s] 63%|██████▎   | 3383/5362 [05:33<03:55,  8.42it/s] 63%|██████▎   | 3384/5362 [05:33<03:47,  8.71it/s] 63%|██████▎   | 3385/5362 [05:33<04:12,  7.82it/s] 63%|██████▎   | 3386/5362 [05:33<04:10,  7.89it/s] 63%|██████▎   | 3387/5362 [05:33<04:06,  8.01it/s] 63%|██████▎   | 3388/5362 [05:33<04:03,  8.09it/s] 63%|██████▎   | 3389/5362 [05:33<04:04,  8.07it/s] 63%|██████▎   | 3390/5362 [05:33<04:08,  7.93it/s] 63%|██████▎   | 3391/5362 [05:34<04:05,  8.02it/s] 63%|██████▎   | 3392/5362 [05:34<03:56,  8.31it/s] 63%|██████▎   | 3393/5362 [05:34<04:13,  7.77it/s] 63%|██████▎   | 3394/5362 [05:34<04:11,  7.83it/s] 63%|██████▎   | 3395/5362 [05:34<04:00,  8.18it/s] 63%|██████▎   | 3396/5362 [05:34<03:48,  8.61it/s] 63%|██████▎   | 3397/5362 [05:34<03:38,  8.97it/s] 63%|██████▎   | 3399/5362 [05:34<03:30,  9.31it/s] 63%|██████▎   | 3400/5362 [05:35<03:29,  9.37it/s] 63%|██████▎   | 3401/5362 [05:35<03:33,  9.18it/s] 63%|██████▎   | 3402/5362 [05:35<03:32,  9.21it/s] 63%|██████▎   | 3404/5362 [05:35<03:25,  9.53it/s] 64%|██████▎   | 3406/5362 [05:35<03:14, 10.07it/s] 64%|██████▎   | 3407/5362 [05:35<03:22,  9.64it/s] 64%|██████▎   | 3409/5362 [05:36<03:37,  8.99it/s] 64%|██████▎   | 3410/5362 [05:36<03:46,  8.63it/s] 64%|██████▎   | 3411/5362 [05:36<04:01,  8.07it/s] 64%|██████▎   | 3412/5362 [05:36<04:09,  7.83it/s] 64%|██████▎   | 3413/5362 [05:36<04:29,  7.24it/s] 64%|██████▎   | 3414/5362 [05:36<05:06,  6.36it/s] 64%|██████▎   | 3415/5362 [05:36<04:42,  6.90it/s] 64%|██████▎   | 3416/5362 [05:37<04:40,  6.93it/s] 64%|██████▎   | 3417/5362 [05:37<04:17,  7.57it/s] 64%|██████▍   | 3419/5362 [05:37<03:48,  8.50it/s] 64%|██████▍   | 3421/5362 [05:37<03:34,  9.06it/s] 64%|██████▍   | 3422/5362 [05:37<03:32,  9.11it/s] 64%|██████▍   | 3423/5362 [05:37<03:33,  9.09it/s] 64%|██████▍   | 3424/5362 [05:37<03:28,  9.30it/s] 64%|██████▍   | 3425/5362 [05:38<03:28,  9.30it/s] 64%|██████▍   | 3426/5362 [05:38<03:30,  9.19it/s] 64%|██████▍   | 3427/5362 [05:38<03:42,  8.71it/s] 64%|██████▍   | 3428/5362 [05:38<03:35,  8.96it/s] 64%|██████▍   | 3429/5362 [05:38<03:31,  9.13it/s] 64%|██████▍   | 3430/5362 [05:38<03:27,  9.31it/s] 64%|██████▍   | 3431/5362 [05:38<03:24,  9.44it/s] 64%|██████▍   | 3432/5362 [05:38<03:21,  9.56it/s] 64%|██████▍   | 3434/5362 [05:38<03:03, 10.51it/s] 64%|██████▍   | 3436/5362 [05:39<03:12, 10.00it/s] 64%|██████▍   | 3438/5362 [05:39<03:06, 10.33it/s] 64%|██████▍   | 3440/5362 [05:39<03:09, 10.16it/s] 64%|██████▍   | 3442/5362 [05:39<03:14,  9.86it/s] 64%|██████▍   | 3443/5362 [05:39<03:21,  9.52it/s] 64%|██████▍   | 3444/5362 [05:39<03:31,  9.08it/s] 64%|██████▍   | 3446/5362 [05:40<03:35,  8.88it/s] 64%|██████▍   | 3447/5362 [05:40<03:40,  8.70it/s] 64%|██████▍   | 3448/5362 [05:40<03:38,  8.76it/s] 64%|██████▍   | 3450/5362 [05:40<03:24,  9.34it/s] 64%|██████▍   | 3451/5362 [05:40<03:32,  8.98it/s] 64%|██████▍   | 3453/5362 [05:40<03:15,  9.75it/s] 64%|██████▍   | 3455/5362 [05:41<03:05, 10.26it/s] 64%|██████▍   | 3457/5362 [05:41<03:04, 10.30it/s] 65%|██████▍   | 3459/5362 [05:41<03:00, 10.52it/s] 65%|██████▍   | 3461/5362 [05:41<03:04, 10.29it/s] 65%|██████▍   | 3463/5362 [05:41<02:59, 10.59it/s] 65%|██████▍   | 3465/5362 [05:42<03:06, 10.17it/s] 65%|██████▍   | 3467/5362 [05:42<03:00, 10.47it/s] 65%|██████▍   | 3469/5362 [05:42<03:01, 10.44it/s] 65%|██████▍   | 3471/5362 [05:42<03:09,  9.98it/s] 65%|██████▍   | 3473/5362 [05:42<03:08, 10.04it/s] 65%|██████▍   | 3475/5362 [05:43<03:14,  9.70it/s] 65%|██████▍   | 3476/5362 [05:43<03:21,  9.36it/s] 65%|██████▍   | 3477/5362 [05:43<03:38,  8.61it/s] 65%|██████▍   | 3478/5362 [05:43<03:33,  8.83it/s] 65%|██████▍   | 3479/5362 [05:43<03:36,  8.69it/s] 65%|██████▍   | 3480/5362 [05:43<03:37,  8.64it/s] 65%|██████▍   | 3481/5362 [05:43<03:50,  8.18it/s] 65%|██████▍   | 3483/5362 [05:44<03:30,  8.91it/s] 65%|██████▍   | 3485/5362 [05:44<03:07, 10.03it/s] 65%|██████▌   | 3486/5362 [05:44<03:24,  9.17it/s] 65%|██████▌   | 3487/5362 [05:44<03:34,  8.73it/s] 65%|██████▌   | 3489/5362 [05:44<03:22,  9.27it/s] 65%|██████▌   | 3490/5362 [05:44<03:19,  9.40it/s] 65%|██████▌   | 3491/5362 [05:44<03:20,  9.32it/s] 65%|██████▌   | 3492/5362 [05:45<03:19,  9.35it/s] 65%|██████▌   | 3494/5362 [05:45<03:23,  9.19it/s] 65%|██████▌   | 3495/5362 [05:45<03:25,  9.07it/s] 65%|██████▌   | 3496/5362 [05:45<03:28,  8.94it/s] 65%|██████▌   | 3497/5362 [05:45<03:54,  7.96it/s] 65%|██████▌   | 3498/5362 [05:45<04:03,  7.65it/s] 65%|██████▌   | 3499/5362 [05:45<04:02,  7.69it/s] 65%|██████▌   | 3500/5362 [05:46<03:58,  7.81it/s] 65%|██████▌   | 3502/5362 [05:46<03:37,  8.55it/s] 65%|██████▌   | 3503/5362 [05:46<03:43,  8.33it/s] 65%|██████▌   | 3504/5362 [05:46<03:35,  8.63it/s] 65%|██████▌   | 3505/5362 [05:46<03:32,  8.74it/s] 65%|██████▌   | 3506/5362 [05:46<03:35,  8.60it/s] 65%|██████▌   | 3507/5362 [05:46<03:31,  8.77it/s] 65%|██████▌   | 3508/5362 [05:46<03:31,  8.76it/s] 65%|██████▌   | 3509/5362 [05:47<03:31,  8.75it/s] 65%|██████▌   | 3510/5362 [05:47<03:26,  8.98it/s] 65%|██████▌   | 3511/5362 [05:47<03:28,  8.90it/s] 66%|██████▌   | 3513/5362 [05:47<03:20,  9.21it/s] 66%|██████▌   | 3514/5362 [05:47<03:17,  9.35it/s] 66%|██████▌   | 3515/5362 [05:47<03:26,  8.95it/s] 66%|██████▌   | 3516/5362 [05:47<03:26,  8.93it/s] 66%|██████▌   | 3518/5362 [05:48<03:12,  9.58it/s] 66%|██████▌   | 3519/5362 [05:48<03:24,  8.99it/s] 66%|██████▌   | 3520/5362 [05:48<03:28,  8.84it/s] 66%|██████▌   | 3521/5362 [05:48<03:29,  8.77it/s] 66%|██████▌   | 3522/5362 [05:48<03:29,  8.80it/s] 66%|██████▌   | 3524/5362 [05:48<03:15,  9.41it/s] 66%|██████▌   | 3525/5362 [05:48<03:19,  9.19it/s] 66%|██████▌   | 3526/5362 [05:48<03:27,  8.85it/s] 66%|██████▌   | 3527/5362 [05:49<03:24,  8.95it/s] 66%|██████▌   | 3528/5362 [05:49<03:21,  9.12it/s] 66%|██████▌   | 3529/5362 [05:49<03:23,  9.01it/s] 66%|██████▌   | 3530/5362 [05:49<03:18,  9.22it/s] 66%|██████▌   | 3531/5362 [05:49<03:19,  9.16it/s] 66%|██████▌   | 3532/5362 [05:49<03:19,  9.19it/s] 66%|██████▌   | 3533/5362 [05:49<03:35,  8.47it/s] 66%|██████▌   | 3534/5362 [05:49<03:31,  8.64it/s] 66%|██████▌   | 3535/5362 [05:49<03:25,  8.91it/s] 66%|██████▌   | 3536/5362 [05:50<03:22,  9.00it/s] 66%|██████▌   | 3537/5362 [05:50<03:22,  9.02it/s] 66%|██████▌   | 3538/5362 [05:50<03:24,  8.93it/s] 66%|██████▌   | 3539/5362 [05:50<03:30,  8.67it/s] 66%|██████▌   | 3540/5362 [05:50<03:22,  8.99it/s] 66%|██████▌   | 3542/5362 [05:50<03:21,  9.02it/s] 66%|██████▌   | 3543/5362 [05:50<03:28,  8.74it/s] 66%|██████▌   | 3544/5362 [05:50<03:26,  8.82it/s] 66%|██████▌   | 3545/5362 [05:51<03:23,  8.91it/s] 66%|██████▌   | 3546/5362 [05:51<03:22,  8.95it/s] 66%|██████▌   | 3548/5362 [05:51<03:15,  9.27it/s] 66%|██████▌   | 3549/5362 [05:51<03:15,  9.26it/s] 66%|██████▌   | 3550/5362 [05:51<03:16,  9.21it/s] 66%|██████▌   | 3551/5362 [05:51<03:19,  9.07it/s] 66%|██████▌   | 3552/5362 [05:51<03:21,  8.98it/s] 66%|██████▋   | 3553/5362 [05:51<03:26,  8.76it/s] 66%|██████▋   | 3554/5362 [05:52<03:26,  8.77it/s] 66%|██████▋   | 3556/5362 [05:52<03:25,  8.77it/s] 66%|██████▋   | 3557/5362 [05:52<03:31,  8.55it/s] 66%|██████▋   | 3558/5362 [05:52<03:26,  8.75it/s] 66%|██████▋   | 3559/5362 [05:52<03:20,  8.98it/s] 66%|██████▋   | 3560/5362 [05:52<03:24,  8.82it/s] 66%|██████▋   | 3561/5362 [05:52<03:26,  8.73it/s] 66%|██████▋   | 3562/5362 [05:52<03:31,  8.52it/s] 66%|██████▋   | 3563/5362 [05:53<03:25,  8.77it/s] 66%|██████▋   | 3564/5362 [05:53<03:29,  8.60it/s] 66%|██████▋   | 3565/5362 [05:53<03:31,  8.51it/s] 67%|██████▋   | 3566/5362 [05:53<03:38,  8.21it/s] 67%|██████▋   | 3567/5362 [05:53<03:35,  8.32it/s] 67%|██████▋   | 3569/5362 [05:53<03:27,  8.66it/s] 67%|██████▋   | 3570/5362 [05:53<03:30,  8.52it/s] 67%|██████▋   | 3571/5362 [05:54<03:28,  8.60it/s] 67%|██████▋   | 3572/5362 [05:54<03:26,  8.69it/s] 67%|██████▋   | 3573/5362 [05:54<03:26,  8.66it/s] 67%|██████▋   | 3574/5362 [05:54<03:20,  8.93it/s] 67%|██████▋   | 3575/5362 [05:54<03:24,  8.74it/s] 67%|██████▋   | 3576/5362 [05:54<03:23,  8.78it/s] 67%|██████▋   | 3577/5362 [05:54<03:18,  9.01it/s] 67%|██████▋   | 3578/5362 [05:54<03:19,  8.96it/s] 67%|██████▋   | 3579/5362 [05:54<03:16,  9.06it/s] 67%|██████▋   | 3580/5362 [05:55<03:26,  8.62it/s] 67%|██████▋   | 3582/5362 [05:55<03:17,  9.00it/s] 67%|██████▋   | 3583/5362 [05:55<03:22,  8.78it/s] 67%|██████▋   | 3584/5362 [05:55<03:20,  8.85it/s] 67%|██████▋   | 3585/5362 [05:55<03:16,  9.04it/s] 67%|██████▋   | 3586/5362 [05:55<03:18,  8.93it/s] 67%|██████▋   | 3587/5362 [05:55<03:20,  8.87it/s] 67%|██████▋   | 3588/5362 [05:55<03:16,  9.02it/s] 67%|██████▋   | 3590/5362 [05:56<03:18,  8.91it/s] 67%|██████▋   | 3592/5362 [05:56<03:00,  9.82it/s] 67%|██████▋   | 3593/5362 [05:56<02:59,  9.84it/s] 67%|██████▋   | 3594/5362 [05:56<03:01,  9.75it/s] 67%|██████▋   | 3595/5362 [05:56<03:00,  9.77it/s] 67%|██████▋   | 3596/5362 [05:56<03:05,  9.52it/s] 67%|██████▋   | 3597/5362 [05:56<03:09,  9.29it/s] 67%|██████▋   | 3598/5362 [05:56<03:07,  9.40it/s] 67%|██████▋   | 3600/5362 [05:57<02:50, 10.35it/s] 67%|██████▋   | 3602/5362 [05:57<02:59,  9.80it/s] 67%|██████▋   | 3604/5362 [05:57<02:53, 10.11it/s] 67%|██████▋   | 3606/5362 [05:57<02:58,  9.83it/s] 67%|██████▋   | 3607/5362 [05:57<03:04,  9.49it/s] 67%|██████▋   | 3608/5362 [05:57<03:12,  9.13it/s] 67%|██████▋   | 3609/5362 [05:58<03:15,  8.98it/s] 67%|██████▋   | 3610/5362 [05:58<03:21,  8.71it/s] 67%|██████▋   | 3611/5362 [05:58<03:26,  8.47it/s] 67%|██████▋   | 3612/5362 [05:58<03:28,  8.40it/s] 67%|██████▋   | 3613/5362 [05:58<03:19,  8.75it/s] 67%|██████▋   | 3615/5362 [05:58<03:09,  9.20it/s] 67%|██████▋   | 3617/5362 [05:58<02:55,  9.94it/s] 67%|██████▋   | 3618/5362 [05:59<03:00,  9.69it/s] 68%|██████▊   | 3620/5362 [05:59<02:44, 10.61it/s] 68%|██████▊   | 3622/5362 [05:59<02:52, 10.06it/s] 68%|██████▊   | 3624/5362 [05:59<02:39, 10.90it/s] 68%|██████▊   | 3626/5362 [05:59<02:42, 10.69it/s] 68%|██████▊   | 3628/5362 [06:00<02:47, 10.38it/s] 68%|██████▊   | 3630/5362 [06:00<02:34, 11.24it/s] 68%|██████▊   | 3632/5362 [06:00<02:38, 10.88it/s] 68%|██████▊   | 3634/5362 [06:00<02:35, 11.10it/s] 68%|██████▊   | 3636/5362 [06:00<02:37, 10.97it/s] 68%|██████▊   | 3638/5362 [06:00<02:35, 11.10it/s] 68%|██████▊   | 3640/5362 [06:01<02:30, 11.43it/s] 68%|██████▊   | 3642/5362 [06:01<02:26, 11.74it/s] 68%|██████▊   | 3644/5362 [06:01<02:33, 11.18it/s] 68%|██████▊   | 3646/5362 [06:01<02:34, 11.10it/s] 68%|██████▊   | 3648/5362 [06:01<02:31, 11.31it/s] 68%|██████▊   | 3650/5362 [06:01<02:23, 11.97it/s] 68%|██████▊   | 3652/5362 [06:02<02:35, 11.01it/s] 68%|██████▊   | 3654/5362 [06:02<02:36, 10.94it/s] 68%|██████▊   | 3656/5362 [06:02<02:40, 10.63it/s] 68%|██████▊   | 3658/5362 [06:02<02:38, 10.77it/s] 68%|██████▊   | 3660/5362 [06:02<02:28, 11.48it/s] 68%|██████▊   | 3662/5362 [06:03<02:26, 11.62it/s] 68%|██████▊   | 3664/5362 [06:03<02:21, 11.96it/s] 68%|██████▊   | 3666/5362 [06:03<02:24, 11.77it/s] 68%|██████▊   | 3668/5362 [06:03<02:27, 11.46it/s] 68%|██████▊   | 3670/5362 [06:03<02:24, 11.69it/s] 68%|██████▊   | 3672/5362 [06:03<02:19, 12.09it/s] 69%|██████▊   | 3674/5362 [06:03<02:09, 13.05it/s] 69%|██████▊   | 3676/5362 [06:04<02:02, 13.75it/s] 69%|██████▊   | 3678/5362 [06:04<01:57, 14.28it/s] 69%|██████▊   | 3680/5362 [06:04<01:56, 14.45it/s] 69%|██████▊   | 3682/5362 [06:04<01:56, 14.41it/s] 69%|██████▊   | 3684/5362 [06:04<01:57, 14.30it/s] 69%|██████▊   | 3686/5362 [06:04<02:02, 13.70it/s] 69%|██████▉   | 3688/5362 [06:04<02:09, 12.92it/s] 69%|██████▉   | 3690/5362 [06:05<02:21, 11.81it/s] 69%|██████▉   | 3692/5362 [06:05<02:24, 11.59it/s] 69%|██████▉   | 3694/5362 [06:05<02:31, 10.98it/s] 69%|██████▉   | 3696/5362 [06:05<02:35, 10.71it/s] 69%|██████▉   | 3698/5362 [06:05<02:32, 10.89it/s] 69%|██████▉   | 3700/5362 [06:06<02:27, 11.25it/s] 69%|██████▉   | 3702/5362 [06:06<02:25, 11.38it/s] 69%|██████▉   | 3704/5362 [06:06<02:20, 11.80it/s] 69%|██████▉   | 3706/5362 [06:06<02:21, 11.70it/s] 69%|██████▉   | 3708/5362 [06:06<02:08, 12.87it/s] 69%|██████▉   | 3710/5362 [06:06<02:13, 12.40it/s] 69%|██████▉   | 3712/5362 [06:07<02:12, 12.48it/s] 69%|██████▉   | 3714/5362 [06:07<02:09, 12.68it/s] 69%|██████▉   | 3716/5362 [06:07<02:18, 11.91it/s] 69%|██████▉   | 3718/5362 [06:07<02:26, 11.22it/s] 69%|██████▉   | 3720/5362 [06:07<02:20, 11.70it/s] 69%|██████▉   | 3722/5362 [06:07<02:24, 11.39it/s] 69%|██████▉   | 3724/5362 [06:08<02:27, 11.09it/s] 69%|██████▉   | 3726/5362 [06:08<02:33, 10.67it/s] 70%|██████▉   | 3728/5362 [06:08<02:24, 11.28it/s] 70%|██████▉   | 3730/5362 [06:08<02:26, 11.13it/s] 70%|██████▉   | 3732/5362 [06:08<02:29, 10.88it/s] 70%|██████▉   | 3734/5362 [06:09<02:32, 10.67it/s] 70%|██████▉   | 3736/5362 [06:09<02:34, 10.53it/s] 70%|██████▉   | 3738/5362 [06:09<02:37, 10.33it/s] 70%|██████▉   | 3740/5362 [06:09<02:38, 10.23it/s] 70%|██████▉   | 3742/5362 [06:09<02:30, 10.79it/s] 70%|██████▉   | 3744/5362 [06:10<02:29, 10.82it/s] 70%|██████▉   | 3746/5362 [06:10<02:35, 10.39it/s] 70%|██████▉   | 3748/5362 [06:10<02:38, 10.18it/s] 70%|██████▉   | 3750/5362 [06:10<02:34, 10.42it/s] 70%|██████▉   | 3752/5362 [06:10<02:41,  9.99it/s] 70%|███████   | 3754/5362 [06:10<02:31, 10.60it/s] 70%|███████   | 3756/5362 [06:11<02:35, 10.35it/s] 70%|███████   | 3758/5362 [06:11<02:32, 10.55it/s] 70%|███████   | 3760/5362 [06:11<02:34, 10.37it/s] 70%|███████   | 3762/5362 [06:11<02:41,  9.89it/s] 70%|███████   | 3763/5362 [06:11<02:42,  9.85it/s] 70%|███████   | 3764/5362 [06:11<02:43,  9.78it/s] 70%|███████   | 3765/5362 [06:12<02:44,  9.72it/s] 70%|███████   | 3767/5362 [06:12<02:41,  9.89it/s] 70%|███████   | 3768/5362 [06:12<02:46,  9.56it/s] 70%|███████   | 3769/5362 [06:12<02:46,  9.55it/s] 70%|███████   | 3770/5362 [06:12<02:56,  9.00it/s] 70%|███████   | 3772/5362 [06:12<02:45,  9.59it/s] 70%|███████   | 3773/5362 [06:12<02:47,  9.51it/s] 70%|███████   | 3774/5362 [06:13<02:45,  9.59it/s] 70%|███████   | 3776/5362 [06:13<02:45,  9.56it/s] 70%|███████   | 3778/5362 [06:13<02:54,  9.06it/s] 70%|███████   | 3780/5362 [06:13<02:56,  8.99it/s] 71%|███████   | 3781/5362 [06:13<02:53,  9.09it/s] 71%|███████   | 3783/5362 [06:14<02:47,  9.43it/s] 71%|███████   | 3784/5362 [06:14<02:47,  9.43it/s] 71%|███████   | 3785/5362 [06:14<02:46,  9.47it/s] 71%|███████   | 3786/5362 [06:14<02:46,  9.48it/s] 71%|███████   | 3788/5362 [06:14<02:45,  9.50it/s] 71%|███████   | 3789/5362 [06:14<02:44,  9.56it/s] 71%|███████   | 3791/5362 [06:14<02:33, 10.24it/s] 71%|███████   | 3793/5362 [06:15<02:45,  9.51it/s] 71%|███████   | 3795/5362 [06:15<02:35, 10.09it/s] 71%|███████   | 3797/5362 [06:15<02:38,  9.87it/s] 71%|███████   | 3798/5362 [06:15<02:42,  9.62it/s] 71%|███████   | 3800/5362 [06:15<02:35, 10.03it/s] 71%|███████   | 3801/5362 [06:15<02:39,  9.76it/s] 71%|███████   | 3802/5362 [06:15<02:45,  9.42it/s] 71%|███████   | 3803/5362 [06:16<02:52,  9.05it/s] 71%|███████   | 3805/5362 [06:16<02:48,  9.26it/s] 71%|███████   | 3807/5362 [06:16<02:44,  9.45it/s] 71%|███████   | 3809/5362 [06:16<02:30, 10.30it/s] 71%|███████   | 3811/5362 [06:16<02:33, 10.07it/s] 71%|███████   | 3813/5362 [06:17<02:34, 10.04it/s] 71%|███████   | 3815/5362 [06:17<02:37,  9.80it/s] 71%|███████   | 3816/5362 [06:17<02:38,  9.73it/s] 71%|███████   | 3818/5362 [06:17<02:36,  9.89it/s] 71%|███████   | 3819/5362 [06:17<02:36,  9.86it/s] 71%|███████   | 3820/5362 [06:17<02:37,  9.79it/s] 71%|███████▏  | 3821/5362 [06:17<02:38,  9.70it/s] 71%|███████▏  | 3822/5362 [06:18<02:41,  9.56it/s] 71%|███████▏  | 3823/5362 [06:18<02:41,  9.55it/s] 71%|███████▏  | 3825/5362 [06:18<02:34,  9.98it/s] 71%|███████▏  | 3827/5362 [06:18<02:34,  9.91it/s] 71%|███████▏  | 3829/5362 [06:18<02:24, 10.57it/s] 71%|███████▏  | 3831/5362 [06:18<02:29, 10.25it/s] 71%|███████▏  | 3833/5362 [06:19<02:29, 10.22it/s] 72%|███████▏  | 3835/5362 [06:19<02:19, 10.96it/s] 72%|███████▏  | 3837/5362 [06:19<02:25, 10.46it/s] 72%|███████▏  | 3839/5362 [06:19<02:24, 10.55it/s] 72%|███████▏  | 3841/5362 [06:19<02:17, 11.03it/s] 72%|███████▏  | 3843/5362 [06:20<02:27, 10.27it/s] 72%|███████▏  | 3845/5362 [06:20<02:32,  9.92it/s] 72%|███████▏  | 3847/5362 [06:20<02:38,  9.54it/s] 72%|███████▏  | 3848/5362 [06:20<02:41,  9.38it/s] 72%|███████▏  | 3850/5362 [06:20<02:36,  9.68it/s] 72%|███████▏  | 3852/5362 [06:20<02:34,  9.79it/s] 72%|███████▏  | 3854/5362 [06:21<02:35,  9.72it/s] 72%|███████▏  | 3856/5362 [06:21<02:31,  9.92it/s] 72%|███████▏  | 3858/5362 [06:21<02:33,  9.83it/s] 72%|███████▏  | 3860/5362 [06:21<02:21, 10.62it/s] 72%|███████▏  | 3862/5362 [06:21<02:28, 10.10it/s] 72%|███████▏  | 3864/5362 [06:22<02:26, 10.24it/s] 72%|███████▏  | 3866/5362 [06:22<02:24, 10.37it/s] 72%|███████▏  | 3868/5362 [06:22<02:26, 10.21it/s] 72%|███████▏  | 3870/5362 [06:22<02:23, 10.40it/s] 72%|███████▏  | 3872/5362 [06:22<02:17, 10.85it/s] 72%|███████▏  | 3874/5362 [06:23<02:10, 11.44it/s] 72%|███████▏  | 3876/5362 [06:23<02:02, 12.15it/s] 72%|███████▏  | 3878/5362 [06:23<01:56, 12.69it/s] 72%|███████▏  | 3880/5362 [06:23<02:00, 12.28it/s] 72%|███████▏  | 3882/5362 [06:23<01:54, 12.93it/s] 72%|███████▏  | 3884/5362 [06:23<01:57, 12.54it/s] 72%|███████▏  | 3886/5362 [06:24<02:04, 11.87it/s] 73%|███████▎  | 3888/5362 [06:24<02:03, 11.91it/s] 73%|███████▎  | 3890/5362 [06:24<02:17, 10.71it/s] 73%|███████▎  | 3892/5362 [06:24<02:18, 10.58it/s] 73%|███████▎  | 3894/5362 [06:24<02:30,  9.78it/s] 73%|███████▎  | 3896/5362 [06:25<02:20, 10.43it/s] 73%|███████▎  | 3899/5362 [06:25<01:54, 12.78it/s] 73%|███████▎  | 3901/5362 [06:25<01:49, 13.40it/s] 73%|███████▎  | 3903/5362 [06:25<01:44, 13.99it/s] 73%|███████▎  | 3905/5362 [06:25<01:43, 14.12it/s] 73%|███████▎  | 3907/5362 [06:25<01:37, 14.99it/s] 73%|███████▎  | 3909/5362 [06:25<01:38, 14.79it/s] 73%|███████▎  | 3911/5362 [06:26<01:55, 12.57it/s] 73%|███████▎  | 3913/5362 [06:26<02:00, 12.02it/s] 73%|███████▎  | 3915/5362 [06:26<01:58, 12.18it/s] 73%|███████▎  | 3917/5362 [06:26<01:58, 12.15it/s] 73%|███████▎  | 3919/5362 [06:26<01:59, 12.05it/s] 73%|███████▎  | 3921/5362 [06:26<01:59, 12.09it/s] 73%|███████▎  | 3923/5362 [06:27<01:59, 12.07it/s] 73%|███████▎  | 3925/5362 [06:27<01:55, 12.39it/s] 73%|███████▎  | 3927/5362 [06:27<02:00, 11.95it/s] 73%|███████▎  | 3929/5362 [06:27<02:01, 11.78it/s] 73%|███████▎  | 3931/5362 [06:27<01:52, 12.68it/s] 73%|███████▎  | 3933/5362 [06:27<01:50, 12.88it/s] 73%|███████▎  | 3935/5362 [06:27<01:52, 12.66it/s] 73%|███████▎  | 3937/5362 [06:28<01:51, 12.77it/s] 73%|███████▎  | 3939/5362 [06:28<01:50, 12.89it/s] 73%|███████▎  | 3941/5362 [06:28<01:49, 13.03it/s] 74%|███████▎  | 3943/5362 [06:28<01:46, 13.31it/s] 74%|███████▎  | 3945/5362 [06:28<01:47, 13.22it/s] 74%|███████▎  | 3947/5362 [06:28<01:48, 12.99it/s] 74%|███████▎  | 3949/5362 [06:29<01:50, 12.73it/s] 74%|███████▎  | 3951/5362 [06:29<01:54, 12.37it/s] 74%|███████▎  | 3953/5362 [06:29<01:51, 12.60it/s] 74%|███████▍  | 3955/5362 [06:29<01:58, 11.86it/s] 74%|███████▍  | 3957/5362 [06:29<02:02, 11.48it/s] 74%|███████▍  | 3959/5362 [06:29<02:01, 11.50it/s] 74%|███████▍  | 3961/5362 [06:30<01:56, 12.01it/s] 74%|███████▍  | 3963/5362 [06:30<01:55, 12.12it/s] 74%|███████▍  | 3965/5362 [06:30<01:56, 12.03it/s] 74%|███████▍  | 3967/5362 [06:30<01:57, 11.89it/s] 74%|███████▍  | 3969/5362 [06:30<01:58, 11.76it/s] 74%|███████▍  | 3971/5362 [06:30<02:06, 10.97it/s] 74%|███████▍  | 3973/5362 [06:31<02:12, 10.45it/s] 74%|███████▍  | 3975/5362 [06:31<02:15, 10.24it/s] 74%|███████▍  | 3977/5362 [06:31<02:16, 10.14it/s] 74%|███████▍  | 3979/5362 [06:31<02:16, 10.10it/s] 74%|███████▍  | 3981/5362 [06:31<02:17, 10.04it/s] 74%|███████▍  | 3983/5362 [06:32<02:17, 10.02it/s] 74%|███████▍  | 3985/5362 [06:32<02:18,  9.91it/s] 74%|███████▍  | 3986/5362 [06:32<02:22,  9.66it/s] 74%|███████▍  | 3988/5362 [06:32<02:21,  9.73it/s] 74%|███████▍  | 3989/5362 [06:32<02:23,  9.60it/s] 74%|███████▍  | 3990/5362 [06:32<02:23,  9.57it/s] 74%|███████▍  | 3991/5362 [06:33<02:24,  9.48it/s] 74%|███████▍  | 3993/5362 [06:33<02:25,  9.42it/s] 75%|███████▍  | 3995/5362 [06:33<02:10, 10.49it/s] 75%|███████▍  | 3997/5362 [06:33<02:11, 10.35it/s] 75%|███████▍  | 3999/5362 [06:33<02:15, 10.06it/s] 75%|███████▍  | 4001/5362 [06:34<02:21,  9.64it/s] 75%|███████▍  | 4003/5362 [06:34<02:20,  9.65it/s] 75%|███████▍  | 4004/5362 [06:34<02:19,  9.70it/s] 75%|███████▍  | 4005/5362 [06:34<02:21,  9.62it/s] 75%|███████▍  | 4006/5362 [06:34<02:22,  9.49it/s] 75%|███████▍  | 4007/5362 [06:34<02:22,  9.49it/s] 75%|███████▍  | 4009/5362 [06:34<02:20,  9.61it/s] 75%|███████▍  | 4011/5362 [06:35<02:04, 10.84it/s] 75%|███████▍  | 4013/5362 [06:35<02:17,  9.80it/s] 75%|███████▍  | 4015/5362 [06:35<02:17,  9.77it/s] 75%|███████▍  | 4017/5362 [06:35<02:16,  9.86it/s] 75%|███████▍  | 4019/5362 [06:35<02:16,  9.87it/s] 75%|███████▍  | 4020/5362 [06:35<02:19,  9.62it/s] 75%|███████▌  | 4022/5362 [06:36<02:17,  9.75it/s] 75%|███████▌  | 4024/5362 [06:36<02:06, 10.56it/s] 75%|███████▌  | 4026/5362 [06:36<02:10, 10.26it/s] 75%|███████▌  | 4028/5362 [06:36<02:04, 10.72it/s] 75%|███████▌  | 4030/5362 [06:36<02:03, 10.80it/s] 75%|███████▌  | 4032/5362 [06:37<01:59, 11.14it/s] 75%|███████▌  | 4034/5362 [06:37<02:06, 10.51it/s] 75%|███████▌  | 4036/5362 [06:37<02:01, 10.93it/s] 75%|███████▌  | 4038/5362 [06:37<02:05, 10.56it/s] 75%|███████▌  | 4040/5362 [06:37<02:11, 10.05it/s] 75%|███████▌  | 4042/5362 [06:38<02:14,  9.80it/s] 75%|███████▌  | 4043/5362 [06:38<02:16,  9.64it/s] 75%|███████▌  | 4044/5362 [06:38<02:16,  9.66it/s] 75%|███████▌  | 4046/5362 [06:38<02:15,  9.71it/s] 75%|███████▌  | 4048/5362 [06:38<02:15,  9.67it/s] 76%|███████▌  | 4050/5362 [06:38<02:07, 10.28it/s] 76%|███████▌  | 4052/5362 [06:39<02:14,  9.78it/s] 76%|███████▌  | 4054/5362 [06:39<02:11,  9.98it/s] 76%|███████▌  | 4056/5362 [06:39<02:09, 10.07it/s] 76%|███████▌  | 4058/5362 [06:39<02:01, 10.71it/s] 76%|███████▌  | 4060/5362 [06:39<02:07, 10.18it/s] 76%|███████▌  | 4062/5362 [06:40<02:06, 10.26it/s] 76%|███████▌  | 4064/5362 [06:40<02:08, 10.13it/s] 76%|███████▌  | 4066/5362 [06:40<02:02, 10.56it/s] 76%|███████▌  | 4068/5362 [06:40<02:04, 10.40it/s] 76%|███████▌  | 4070/5362 [06:40<02:07, 10.15it/s] 76%|███████▌  | 4072/5362 [06:41<02:02, 10.52it/s] 76%|███████▌  | 4074/5362 [06:41<02:11,  9.79it/s] 76%|███████▌  | 4075/5362 [06:41<02:13,  9.67it/s] 76%|███████▌  | 4076/5362 [06:41<02:14,  9.57it/s] 76%|███████▌  | 4078/5362 [06:41<02:11,  9.75it/s] 76%|███████▌  | 4079/5362 [06:41<02:15,  9.48it/s] 76%|███████▌  | 4080/5362 [06:41<02:20,  9.10it/s] 76%|███████▌  | 4082/5362 [06:42<02:00, 10.58it/s] 76%|███████▌  | 4084/5362 [06:42<02:12,  9.67it/s] 76%|███████▌  | 4085/5362 [06:42<02:11,  9.73it/s] 76%|███████▌  | 4087/5362 [06:42<02:06, 10.05it/s] 76%|███████▋  | 4089/5362 [06:42<02:07,  9.95it/s] 76%|███████▋  | 4091/5362 [06:42<01:58, 10.74it/s] 76%|███████▋  | 4093/5362 [06:43<02:03, 10.26it/s] 76%|███████▋  | 4095/5362 [06:43<02:04, 10.15it/s] 76%|███████▋  | 4097/5362 [06:43<01:55, 10.99it/s] 76%|███████▋  | 4099/5362 [06:43<01:59, 10.55it/s] 76%|███████▋  | 4101/5362 [06:43<01:53, 11.14it/s] 77%|███████▋  | 4103/5362 [06:44<01:54, 10.98it/s] 77%|███████▋  | 4105/5362 [06:44<01:56, 10.80it/s] 77%|███████▋  | 4107/5362 [06:44<01:57, 10.64it/s] 77%|███████▋  | 4109/5362 [06:44<01:59, 10.46it/s] 77%|███████▋  | 4111/5362 [06:44<01:59, 10.43it/s] 77%|███████▋  | 4113/5362 [06:45<01:54, 10.92it/s] 77%|███████▋  | 4115/5362 [06:45<01:56, 10.72it/s] 77%|███████▋  | 4117/5362 [06:45<01:50, 11.27it/s] 77%|███████▋  | 4119/5362 [06:45<01:46, 11.65it/s] 77%|███████▋  | 4121/5362 [06:45<01:51, 11.13it/s] 77%|███████▋  | 4123/5362 [06:45<01:49, 11.27it/s] 77%|███████▋  | 4125/5362 [06:45<01:37, 12.66it/s] 77%|███████▋  | 4127/5362 [06:46<01:31, 13.50it/s] 77%|███████▋  | 4129/5362 [06:46<01:27, 14.03it/s] 77%|███████▋  | 4131/5362 [06:46<01:27, 14.04it/s] 77%|███████▋  | 4133/5362 [06:46<01:38, 12.47it/s] 77%|███████▋  | 4135/5362 [06:46<01:47, 11.38it/s] 77%|███████▋  | 4137/5362 [06:47<01:54, 10.68it/s] 77%|███████▋  | 4139/5362 [06:47<01:42, 11.94it/s] 77%|███████▋  | 4141/5362 [06:47<01:37, 12.50it/s] 77%|███████▋  | 4143/5362 [06:47<01:46, 11.43it/s] 77%|███████▋  | 4145/5362 [06:47<01:52, 10.80it/s] 77%|███████▋  | 4147/5362 [06:47<01:53, 10.69it/s] 77%|███████▋  | 4149/5362 [06:48<01:47, 11.30it/s] 77%|███████▋  | 4151/5362 [06:48<01:47, 11.22it/s] 77%|███████▋  | 4153/5362 [06:48<01:42, 11.84it/s] 77%|███████▋  | 4155/5362 [06:48<01:35, 12.63it/s] 78%|███████▊  | 4157/5362 [06:48<01:37, 12.39it/s] 78%|███████▊  | 4159/5362 [06:48<01:35, 12.54it/s] 78%|███████▊  | 4161/5362 [06:49<01:37, 12.28it/s] 78%|███████▊  | 4163/5362 [06:49<01:37, 12.33it/s] 78%|███████▊  | 4165/5362 [06:49<01:32, 13.01it/s] 78%|███████▊  | 4167/5362 [06:49<01:35, 12.55it/s] 78%|███████▊  | 4169/5362 [06:49<01:39, 12.01it/s] 78%|███████▊  | 4171/5362 [06:49<01:47, 11.11it/s] 78%|███████▊  | 4173/5362 [06:50<01:51, 10.67it/s] 78%|███████▊  | 4175/5362 [06:50<01:47, 11.00it/s] 78%|███████▊  | 4177/5362 [06:50<01:36, 12.24it/s] 78%|███████▊  | 4179/5362 [06:50<01:34, 12.54it/s] 78%|███████▊  | 4181/5362 [06:50<01:29, 13.26it/s] 78%|███████▊  | 4183/5362 [06:50<01:27, 13.47it/s] 78%|███████▊  | 4185/5362 [06:50<01:27, 13.38it/s] 78%|███████▊  | 4187/5362 [06:51<01:24, 13.97it/s] 78%|███████▊  | 4189/5362 [06:51<01:27, 13.44it/s] 78%|███████▊  | 4191/5362 [06:51<01:25, 13.65it/s] 78%|███████▊  | 4193/5362 [06:51<01:22, 14.24it/s] 78%|███████▊  | 4195/5362 [06:51<01:28, 13.21it/s] 78%|███████▊  | 4197/5362 [06:51<01:33, 12.52it/s] 78%|███████▊  | 4199/5362 [06:52<01:35, 12.23it/s] 78%|███████▊  | 4201/5362 [06:52<01:37, 11.88it/s] 78%|███████▊  | 4203/5362 [06:52<01:35, 12.08it/s] 78%|███████▊  | 4205/5362 [06:52<01:35, 12.07it/s] 78%|███████▊  | 4207/5362 [06:52<01:36, 11.92it/s] 78%|███████▊  | 4209/5362 [06:52<01:40, 11.52it/s] 79%|███████▊  | 4211/5362 [06:53<01:43, 11.10it/s] 79%|███████▊  | 4213/5362 [06:53<01:37, 11.83it/s] 79%|███████▊  | 4215/5362 [06:53<01:41, 11.30it/s] 79%|███████▊  | 4217/5362 [06:53<01:36, 11.85it/s] 79%|███████▊  | 4219/5362 [06:53<01:46, 10.77it/s] 79%|███████▊  | 4221/5362 [06:53<01:43, 11.01it/s] 79%|███████▉  | 4223/5362 [06:54<01:40, 11.33it/s] 79%|███████▉  | 4225/5362 [06:54<01:47, 10.57it/s] 79%|███████▉  | 4227/5362 [06:54<01:39, 11.36it/s] 79%|███████▉  | 4229/5362 [06:54<01:35, 11.90it/s] 79%|███████▉  | 4231/5362 [06:54<01:39, 11.34it/s] 79%|███████▉  | 4233/5362 [06:55<01:44, 10.83it/s] 79%|███████▉  | 4235/5362 [06:55<01:47, 10.46it/s] 79%|███████▉  | 4237/5362 [06:55<01:43, 10.88it/s] 79%|███████▉  | 4239/5362 [06:55<01:43, 10.85it/s] 79%|███████▉  | 4241/5362 [06:55<01:48, 10.37it/s] 79%|███████▉  | 4243/5362 [06:55<01:39, 11.20it/s] 79%|███████▉  | 4245/5362 [06:56<01:45, 10.56it/s] 79%|███████▉  | 4247/5362 [06:56<01:52,  9.93it/s] 79%|███████▉  | 4249/5362 [06:56<01:50, 10.05it/s] 79%|███████▉  | 4251/5362 [06:56<02:00,  9.25it/s] 79%|███████▉  | 4252/5362 [06:56<02:00,  9.19it/s] 79%|███████▉  | 4253/5362 [06:57<01:59,  9.26it/s] 79%|███████▉  | 4254/5362 [06:57<02:00,  9.20it/s] 79%|███████▉  | 4255/5362 [06:57<02:02,  9.01it/s] 79%|███████▉  | 4256/5362 [06:57<02:01,  9.11it/s] 79%|███████▉  | 4257/5362 [06:57<02:02,  8.99it/s] 79%|███████▉  | 4258/5362 [06:57<02:08,  8.60it/s] 79%|███████▉  | 4259/5362 [06:57<02:08,  8.55it/s] 79%|███████▉  | 4260/5362 [06:57<02:13,  8.23it/s] 79%|███████▉  | 4261/5362 [06:58<02:10,  8.45it/s] 79%|███████▉  | 4262/5362 [06:58<02:09,  8.50it/s] 80%|███████▉  | 4263/5362 [06:58<02:09,  8.47it/s] 80%|███████▉  | 4264/5362 [06:58<02:13,  8.24it/s] 80%|███████▉  | 4265/5362 [06:58<02:12,  8.28it/s] 80%|███████▉  | 4266/5362 [06:58<02:11,  8.36it/s] 80%|███████▉  | 4267/5362 [06:58<02:13,  8.20it/s] 80%|███████▉  | 4268/5362 [06:58<02:12,  8.28it/s] 80%|███████▉  | 4269/5362 [06:58<02:09,  8.43it/s] 80%|███████▉  | 4270/5362 [06:59<02:09,  8.41it/s] 80%|███████▉  | 4271/5362 [06:59<02:14,  8.09it/s] 80%|███████▉  | 4272/5362 [06:59<02:23,  7.58it/s] 80%|███████▉  | 4273/5362 [06:59<02:22,  7.62it/s] 80%|███████▉  | 4274/5362 [06:59<02:14,  8.09it/s] 80%|███████▉  | 4275/5362 [06:59<02:17,  7.88it/s] 80%|███████▉  | 4276/5362 [06:59<02:14,  8.07it/s] 80%|███████▉  | 4277/5362 [06:59<02:11,  8.26it/s] 80%|███████▉  | 4278/5362 [07:00<02:12,  8.18it/s] 80%|███████▉  | 4279/5362 [07:00<02:13,  8.13it/s] 80%|███████▉  | 4280/5362 [07:00<02:08,  8.44it/s] 80%|███████▉  | 4281/5362 [07:00<02:24,  7.47it/s] 80%|███████▉  | 4282/5362 [07:00<02:18,  7.81it/s] 80%|███████▉  | 4283/5362 [07:00<02:12,  8.16it/s] 80%|███████▉  | 4284/5362 [07:00<02:21,  7.64it/s] 80%|███████▉  | 4285/5362 [07:00<02:16,  7.92it/s] 80%|███████▉  | 4286/5362 [07:01<02:17,  7.85it/s] 80%|███████▉  | 4287/5362 [07:01<02:14,  7.99it/s] 80%|███████▉  | 4288/5362 [07:01<02:11,  8.20it/s] 80%|███████▉  | 4289/5362 [07:01<02:05,  8.58it/s] 80%|████████  | 4290/5362 [07:01<02:06,  8.46it/s] 80%|████████  | 4291/5362 [07:01<02:04,  8.58it/s] 80%|████████  | 4292/5362 [07:01<02:02,  8.74it/s] 80%|████████  | 4293/5362 [07:01<01:59,  8.97it/s] 80%|████████  | 4294/5362 [07:02<02:00,  8.87it/s] 80%|████████  | 4295/5362 [07:02<01:59,  8.93it/s] 80%|████████  | 4296/5362 [07:02<01:56,  9.15it/s] 80%|████████  | 4297/5362 [07:02<01:53,  9.37it/s] 80%|████████  | 4298/5362 [07:02<01:59,  8.93it/s] 80%|████████  | 4299/5362 [07:02<01:57,  9.08it/s] 80%|████████  | 4300/5362 [07:02<02:02,  8.66it/s] 80%|████████  | 4301/5362 [07:02<02:06,  8.41it/s] 80%|████████  | 4302/5362 [07:02<02:14,  7.87it/s] 80%|████████  | 4303/5362 [07:03<02:14,  7.89it/s] 80%|████████  | 4304/5362 [07:03<02:20,  7.50it/s] 80%|████████  | 4305/5362 [07:03<02:19,  7.57it/s] 80%|████████  | 4306/5362 [07:03<02:20,  7.53it/s] 80%|████████  | 4307/5362 [07:03<02:14,  7.83it/s] 80%|████████  | 4308/5362 [07:03<02:14,  7.85it/s] 80%|████████  | 4310/5362 [07:04<02:11,  8.00it/s] 80%|████████  | 4311/5362 [07:04<02:07,  8.23it/s] 80%|████████  | 4312/5362 [07:04<02:02,  8.56it/s] 80%|████████  | 4313/5362 [07:04<01:58,  8.82it/s] 80%|████████  | 4314/5362 [07:04<01:57,  8.90it/s] 80%|████████  | 4315/5362 [07:04<02:01,  8.61it/s] 80%|████████  | 4316/5362 [07:04<02:00,  8.66it/s] 81%|████████  | 4317/5362 [07:04<02:00,  8.69it/s] 81%|████████  | 4319/5362 [07:05<02:02,  8.50it/s] 81%|████████  | 4320/5362 [07:05<02:05,  8.32it/s] 81%|████████  | 4321/5362 [07:05<02:02,  8.53it/s] 81%|████████  | 4322/5362 [07:05<02:01,  8.53it/s] 81%|████████  | 4323/5362 [07:05<02:02,  8.51it/s] 81%|████████  | 4325/5362 [07:05<01:56,  8.89it/s] 81%|████████  | 4327/5362 [07:05<01:53,  9.11it/s] 81%|████████  | 4328/5362 [07:06<02:01,  8.54it/s] 81%|████████  | 4329/5362 [07:06<01:59,  8.68it/s] 81%|████████  | 4330/5362 [07:06<02:05,  8.24it/s] 81%|████████  | 4331/5362 [07:06<02:03,  8.36it/s] 81%|████████  | 4332/5362 [07:06<02:03,  8.36it/s] 81%|████████  | 4334/5362 [07:06<01:48,  9.45it/s] 81%|████████  | 4336/5362 [07:06<01:43,  9.87it/s] 81%|████████  | 4338/5362 [07:07<01:42,  9.98it/s] 81%|████████  | 4340/5362 [07:07<01:37, 10.50it/s] 81%|████████  | 4342/5362 [07:07<01:42,  9.97it/s] 81%|████████  | 4344/5362 [07:07<01:35, 10.62it/s] 81%|████████  | 4346/5362 [07:07<01:46,  9.54it/s] 81%|████████  | 4347/5362 [07:08<01:48,  9.32it/s] 81%|████████  | 4348/5362 [07:08<01:51,  9.08it/s] 81%|████████  | 4349/5362 [07:08<01:52,  9.01it/s] 81%|████████  | 4350/5362 [07:08<01:56,  8.70it/s] 81%|████████  | 4351/5362 [07:08<01:59,  8.44it/s] 81%|████████  | 4352/5362 [07:08<02:06,  7.97it/s] 81%|████████  | 4354/5362 [07:08<02:00,  8.35it/s] 81%|████████  | 4355/5362 [07:09<01:57,  8.56it/s] 81%|████████  | 4356/5362 [07:09<02:02,  8.23it/s] 81%|████████▏ | 4357/5362 [07:09<02:01,  8.30it/s] 81%|████████▏ | 4358/5362 [07:09<01:59,  8.37it/s] 81%|████████▏ | 4359/5362 [07:09<01:55,  8.66it/s] 81%|████████▏ | 4360/5362 [07:09<01:54,  8.75it/s] 81%|████████▏ | 4361/5362 [07:09<01:50,  9.07it/s] 81%|████████▏ | 4362/5362 [07:09<01:48,  9.19it/s] 81%|████████▏ | 4364/5362 [07:10<01:47,  9.24it/s] 81%|████████▏ | 4366/5362 [07:10<01:43,  9.62it/s] 81%|████████▏ | 4367/5362 [07:10<01:46,  9.35it/s] 81%|████████▏ | 4368/5362 [07:10<01:48,  9.15it/s] 81%|████████▏ | 4370/5362 [07:10<01:43,  9.55it/s] 82%|████████▏ | 4372/5362 [07:10<01:41,  9.75it/s] 82%|████████▏ | 4374/5362 [07:11<01:41,  9.75it/s] 82%|████████▏ | 4375/5362 [07:11<01:41,  9.69it/s] 82%|████████▏ | 4377/5362 [07:11<01:36, 10.22it/s] 82%|████████▏ | 4379/5362 [07:11<01:32, 10.68it/s] 82%|████████▏ | 4381/5362 [07:11<01:33, 10.52it/s] 82%|████████▏ | 4383/5362 [07:11<01:32, 10.63it/s] 82%|████████▏ | 4385/5362 [07:12<01:31, 10.71it/s] 82%|████████▏ | 4387/5362 [07:12<01:28, 10.99it/s] 82%|████████▏ | 4389/5362 [07:12<01:38,  9.92it/s] 82%|████████▏ | 4391/5362 [07:12<01:41,  9.53it/s] 82%|████████▏ | 4392/5362 [07:12<01:41,  9.56it/s] 82%|████████▏ | 4393/5362 [07:12<01:48,  8.93it/s] 82%|████████▏ | 4395/5362 [07:13<01:44,  9.29it/s] 82%|████████▏ | 4397/5362 [07:13<01:41,  9.46it/s] 82%|████████▏ | 4399/5362 [07:13<01:37,  9.91it/s] 82%|████████▏ | 4400/5362 [07:13<01:37,  9.83it/s] 82%|████████▏ | 4402/5362 [07:13<01:31, 10.46it/s] 82%|████████▏ | 4404/5362 [07:14<01:33, 10.23it/s] 82%|████████▏ | 4406/5362 [07:14<01:36,  9.91it/s] 82%|████████▏ | 4407/5362 [07:14<01:36,  9.89it/s] 82%|████████▏ | 4409/5362 [07:14<01:31, 10.43it/s] 82%|████████▏ | 4411/5362 [07:14<01:33, 10.21it/s] 82%|████████▏ | 4413/5362 [07:14<01:34,  9.99it/s] 82%|████████▏ | 4415/5362 [07:15<01:39,  9.54it/s] 82%|████████▏ | 4416/5362 [07:15<01:40,  9.38it/s] 82%|████████▏ | 4417/5362 [07:15<01:46,  8.91it/s] 82%|████████▏ | 4418/5362 [07:15<01:45,  8.91it/s] 82%|████████▏ | 4419/5362 [07:15<01:44,  8.98it/s] 82%|████████▏ | 4421/5362 [07:15<01:43,  9.05it/s] 82%|████████▏ | 4422/5362 [07:15<01:44,  9.01it/s] 83%|████████▎ | 4424/5362 [07:16<01:43,  9.10it/s] 83%|████████▎ | 4425/5362 [07:16<01:45,  8.90it/s] 83%|████████▎ | 4426/5362 [07:16<01:42,  9.10it/s] 83%|████████▎ | 4427/5362 [07:16<01:42,  9.09it/s] 83%|████████▎ | 4428/5362 [07:16<01:48,  8.64it/s] 83%|████████▎ | 4429/5362 [07:16<01:45,  8.88it/s] 83%|████████▎ | 4430/5362 [07:16<01:43,  9.03it/s] 83%|████████▎ | 4431/5362 [07:16<01:43,  9.03it/s] 83%|████████▎ | 4432/5362 [07:17<01:41,  9.19it/s] 83%|████████▎ | 4433/5362 [07:17<01:40,  9.20it/s] 83%|████████▎ | 4434/5362 [07:17<01:43,  9.00it/s] 83%|████████▎ | 4435/5362 [07:17<01:43,  8.92it/s] 83%|████████▎ | 4436/5362 [07:17<01:45,  8.81it/s] 83%|████████▎ | 4437/5362 [07:17<01:42,  9.03it/s] 83%|████████▎ | 4438/5362 [07:17<01:40,  9.19it/s] 83%|████████▎ | 4439/5362 [07:17<01:42,  9.05it/s] 83%|████████▎ | 4441/5362 [07:18<01:34,  9.73it/s] 83%|████████▎ | 4443/5362 [07:18<01:36,  9.49it/s] 83%|████████▎ | 4444/5362 [07:18<01:37,  9.43it/s] 83%|████████▎ | 4445/5362 [07:18<01:36,  9.52it/s] 83%|████████▎ | 4446/5362 [07:18<01:35,  9.59it/s] 83%|████████▎ | 4447/5362 [07:18<01:42,  8.97it/s] 83%|████████▎ | 4448/5362 [07:18<01:42,  8.94it/s] 83%|████████▎ | 4449/5362 [07:18<01:47,  8.47it/s] 83%|████████▎ | 4450/5362 [07:19<01:46,  8.58it/s] 83%|████████▎ | 4451/5362 [07:19<01:48,  8.41it/s] 83%|████████▎ | 4452/5362 [07:19<01:50,  8.22it/s] 83%|████████▎ | 4453/5362 [07:19<01:55,  7.86it/s] 83%|████████▎ | 4454/5362 [07:19<01:56,  7.77it/s] 83%|████████▎ | 4455/5362 [07:19<01:54,  7.92it/s] 83%|████████▎ | 4457/5362 [07:19<01:48,  8.35it/s] 83%|████████▎ | 4458/5362 [07:20<01:46,  8.52it/s] 83%|████████▎ | 4459/5362 [07:20<01:47,  8.44it/s] 83%|████████▎ | 4460/5362 [07:20<01:48,  8.33it/s] 83%|████████▎ | 4461/5362 [07:20<01:55,  7.80it/s] 83%|████████▎ | 4462/5362 [07:20<01:54,  7.85it/s] 83%|████████▎ | 4463/5362 [07:20<02:10,  6.89it/s] 83%|████████▎ | 4464/5362 [07:20<02:03,  7.25it/s] 83%|████████▎ | 4465/5362 [07:20<02:01,  7.41it/s] 83%|████████▎ | 4466/5362 [07:21<01:56,  7.67it/s] 83%|████████▎ | 4467/5362 [07:21<01:53,  7.91it/s] 83%|████████▎ | 4469/5362 [07:21<01:48,  8.20it/s] 83%|████████▎ | 4470/5362 [07:21<01:49,  8.14it/s] 83%|████████▎ | 4471/5362 [07:21<01:51,  7.98it/s] 83%|████████▎ | 4472/5362 [07:21<01:54,  7.79it/s] 83%|████████▎ | 4473/5362 [07:21<01:50,  8.02it/s] 83%|████████▎ | 4474/5362 [07:22<01:52,  7.91it/s] 83%|████████▎ | 4476/5362 [07:22<01:51,  7.97it/s] 83%|████████▎ | 4477/5362 [07:22<01:50,  8.04it/s] 84%|████████▎ | 4478/5362 [07:22<01:47,  8.23it/s] 84%|████████▎ | 4479/5362 [07:22<01:51,  7.94it/s] 84%|████████▎ | 4480/5362 [07:22<01:49,  8.04it/s] 84%|████████▎ | 4481/5362 [07:22<01:43,  8.49it/s] 84%|████████▎ | 4482/5362 [07:23<01:52,  7.85it/s] 84%|████████▎ | 4483/5362 [07:23<01:54,  7.69it/s] 84%|████████▎ | 4484/5362 [07:23<02:04,  7.07it/s] 84%|████████▎ | 4485/5362 [07:23<01:56,  7.54it/s] 84%|████████▎ | 4486/5362 [07:23<01:50,  7.90it/s] 84%|████████▎ | 4487/5362 [07:23<01:44,  8.35it/s] 84%|████████▎ | 4488/5362 [07:23<01:43,  8.44it/s] 84%|████████▎ | 4489/5362 [07:23<01:43,  8.47it/s] 84%|████████▍ | 4491/5362 [07:24<01:38,  8.84it/s] 84%|████████▍ | 4492/5362 [07:24<01:35,  9.10it/s] 84%|████████▍ | 4493/5362 [07:24<01:37,  8.92it/s] 84%|████████▍ | 4494/5362 [07:24<01:38,  8.79it/s] 84%|████████▍ | 4495/5362 [07:24<01:37,  8.89it/s] 84%|████████▍ | 4496/5362 [07:24<01:36,  8.95it/s] 84%|████████▍ | 4497/5362 [07:24<01:34,  9.20it/s] 84%|████████▍ | 4499/5362 [07:25<01:31,  9.41it/s] 84%|████████▍ | 4500/5362 [07:25<01:33,  9.18it/s] 84%|████████▍ | 4501/5362 [07:25<01:37,  8.79it/s] 84%|████████▍ | 4502/5362 [07:25<01:41,  8.43it/s] 84%|████████▍ | 4503/5362 [07:25<01:46,  8.10it/s] 84%|████████▍ | 4504/5362 [07:25<01:47,  7.96it/s] 84%|████████▍ | 4505/5362 [07:25<01:57,  7.29it/s] 84%|████████▍ | 4506/5362 [07:25<01:55,  7.40it/s] 84%|████████▍ | 4507/5362 [07:26<01:51,  7.66it/s] 84%|████████▍ | 4508/5362 [07:26<01:49,  7.81it/s] 84%|████████▍ | 4510/5362 [07:26<01:36,  8.85it/s] 84%|████████▍ | 4511/5362 [07:26<01:36,  8.79it/s] 84%|████████▍ | 4512/5362 [07:26<01:37,  8.74it/s] 84%|████████▍ | 4513/5362 [07:26<01:36,  8.79it/s] 84%|████████▍ | 4514/5362 [07:26<01:37,  8.73it/s] 84%|████████▍ | 4515/5362 [07:26<01:36,  8.76it/s] 84%|████████▍ | 4516/5362 [07:27<01:37,  8.65it/s] 84%|████████▍ | 4517/5362 [07:27<01:39,  8.47it/s] 84%|████████▍ | 4518/5362 [07:27<01:35,  8.83it/s] 84%|████████▍ | 4519/5362 [07:27<01:36,  8.77it/s] 84%|████████▍ | 4520/5362 [07:27<01:35,  8.79it/s] 84%|████████▍ | 4522/5362 [07:27<01:30,  9.29it/s] 84%|████████▍ | 4524/5362 [07:27<01:20, 10.40it/s] 84%|████████▍ | 4526/5362 [07:28<01:26,  9.66it/s] 84%|████████▍ | 4527/5362 [07:28<01:26,  9.69it/s] 84%|████████▍ | 4529/5362 [07:28<01:25,  9.79it/s] 85%|████████▍ | 4531/5362 [07:28<01:22, 10.08it/s] 85%|████████▍ | 4533/5362 [07:28<01:16, 10.89it/s] 85%|████████▍ | 4535/5362 [07:29<01:21, 10.10it/s] 85%|████████▍ | 4537/5362 [07:29<01:19, 10.40it/s] 85%|████████▍ | 4539/5362 [07:29<01:18, 10.47it/s] 85%|████████▍ | 4541/5362 [07:29<01:14, 11.04it/s] 85%|████████▍ | 4543/5362 [07:29<01:14, 11.02it/s] 85%|████████▍ | 4545/5362 [07:29<01:13, 11.13it/s] 85%|████████▍ | 4547/5362 [07:30<01:15, 10.75it/s] 85%|████████▍ | 4549/5362 [07:30<01:18, 10.39it/s] 85%|████████▍ | 4551/5362 [07:30<01:12, 11.15it/s] 85%|████████▍ | 4553/5362 [07:30<01:25,  9.51it/s] 85%|████████▍ | 4555/5362 [07:30<01:19, 10.16it/s] 85%|████████▍ | 4557/5362 [07:31<01:22,  9.78it/s] 85%|████████▌ | 4559/5362 [07:31<01:23,  9.59it/s] 85%|████████▌ | 4560/5362 [07:31<01:23,  9.61it/s] 85%|████████▌ | 4561/5362 [07:31<01:23,  9.60it/s] 85%|████████▌ | 4563/5362 [07:31<01:24,  9.42it/s] 85%|████████▌ | 4564/5362 [07:31<01:24,  9.40it/s] 85%|████████▌ | 4565/5362 [07:32<01:33,  8.53it/s] 85%|████████▌ | 4566/5362 [07:32<01:41,  7.86it/s] 85%|████████▌ | 4567/5362 [07:32<01:50,  7.21it/s] 85%|████████▌ | 4568/5362 [07:32<01:42,  7.72it/s] 85%|████████▌ | 4570/5362 [07:32<01:43,  7.67it/s] 85%|████████▌ | 4571/5362 [07:32<01:54,  6.90it/s] 85%|████████▌ | 4572/5362 [07:33<01:50,  7.12it/s] 85%|████████▌ | 4573/5362 [07:33<01:49,  7.19it/s] 85%|████████▌ | 4575/5362 [07:33<01:41,  7.77it/s] 85%|████████▌ | 4576/5362 [07:33<01:36,  8.12it/s] 85%|████████▌ | 4578/5362 [07:33<01:21,  9.59it/s] 85%|████████▌ | 4580/5362 [07:33<01:11, 10.89it/s] 85%|████████▌ | 4582/5362 [07:34<01:13, 10.68it/s] 85%|████████▌ | 4584/5362 [07:34<01:05, 11.87it/s] 86%|████████▌ | 4586/5362 [07:34<01:00, 12.87it/s] 86%|████████▌ | 4588/5362 [07:34<01:05, 11.78it/s] 86%|████████▌ | 4590/5362 [07:34<01:12, 10.65it/s] 86%|████████▌ | 4592/5362 [07:34<01:14, 10.37it/s] 86%|████████▌ | 4594/5362 [07:35<01:15, 10.18it/s] 86%|████████▌ | 4596/5362 [07:35<01:16, 10.04it/s] 86%|████████▌ | 4598/5362 [07:35<01:18,  9.72it/s] 86%|████████▌ | 4599/5362 [07:35<01:20,  9.46it/s] 86%|████████▌ | 4601/5362 [07:35<01:16,  9.97it/s] 86%|████████▌ | 4603/5362 [07:36<01:16,  9.94it/s] 86%|████████▌ | 4605/5362 [07:36<01:15, 10.07it/s] 86%|████████▌ | 4607/5362 [07:36<01:07, 11.24it/s] 86%|████████▌ | 4609/5362 [07:36<01:02, 12.01it/s] 86%|████████▌ | 4611/5362 [07:36<00:56, 13.19it/s] 86%|████████▌ | 4613/5362 [07:36<00:52, 14.17it/s] 86%|████████▌ | 4615/5362 [07:36<00:53, 13.98it/s] 86%|████████▌ | 4617/5362 [07:37<00:54, 13.57it/s] 86%|████████▌ | 4619/5362 [07:37<00:53, 13.89it/s] 86%|████████▌ | 4621/5362 [07:37<00:56, 13.22it/s] 86%|████████▌ | 4623/5362 [07:37<00:57, 12.94it/s] 86%|████████▋ | 4625/5362 [07:37<00:51, 14.37it/s] 86%|████████▋ | 4627/5362 [07:37<00:54, 13.46it/s] 86%|████████▋ | 4629/5362 [07:37<00:59, 12.39it/s] 86%|████████▋ | 4631/5362 [07:38<01:03, 11.55it/s] 86%|████████▋ | 4633/5362 [07:38<01:05, 11.17it/s] 86%|████████▋ | 4635/5362 [07:38<01:01, 11.90it/s] 86%|████████▋ | 4637/5362 [07:38<00:56, 12.90it/s] 87%|████████▋ | 4639/5362 [07:38<00:52, 13.65it/s] 87%|████████▋ | 4641/5362 [07:38<00:54, 13.28it/s] 87%|████████▋ | 4643/5362 [07:39<00:50, 14.14it/s] 87%|████████▋ | 4645/5362 [07:39<00:53, 13.43it/s] 87%|████████▋ | 4647/5362 [07:39<00:51, 13.83it/s] 87%|████████▋ | 4649/5362 [07:39<00:55, 12.81it/s] 87%|████████▋ | 4651/5362 [07:39<00:58, 12.17it/s] 87%|████████▋ | 4653/5362 [07:39<00:54, 13.07it/s] 87%|████████▋ | 4655/5362 [07:40<00:56, 12.44it/s] 87%|████████▋ | 4657/5362 [07:40<01:00, 11.72it/s] 87%|████████▋ | 4659/5362 [07:40<00:59, 11.77it/s] 87%|████████▋ | 4661/5362 [07:40<01:05, 10.77it/s] 87%|████████▋ | 4663/5362 [07:40<01:04, 10.78it/s] 87%|████████▋ | 4665/5362 [07:40<01:00, 11.49it/s] 87%|████████▋ | 4667/5362 [07:41<01:02, 11.16it/s] 87%|████████▋ | 4669/5362 [07:41<00:59, 11.61it/s] 87%|████████▋ | 4671/5362 [07:41<01:01, 11.15it/s] 87%|████████▋ | 4673/5362 [07:41<01:03, 10.89it/s] 87%|████████▋ | 4675/5362 [07:41<01:04, 10.68it/s] 87%|████████▋ | 4677/5362 [07:42<01:00, 11.33it/s] 87%|████████▋ | 4679/5362 [07:42<01:02, 10.86it/s] 87%|████████▋ | 4681/5362 [07:42<01:02, 10.91it/s] 87%|████████▋ | 4683/5362 [07:42<01:01, 11.07it/s] 87%|████████▋ | 4685/5362 [07:42<01:00, 11.18it/s] 87%|████████▋ | 4687/5362 [07:42<01:04, 10.45it/s] 87%|████████▋ | 4689/5362 [07:43<01:05, 10.34it/s] 87%|████████▋ | 4691/5362 [07:43<01:05, 10.23it/s] 88%|████████▊ | 4693/5362 [07:43<01:03, 10.50it/s] 88%|████████▊ | 4695/5362 [07:43<01:01, 10.84it/s] 88%|████████▊ | 4697/5362 [07:43<01:03, 10.40it/s] 88%|████████▊ | 4699/5362 [07:44<01:04, 10.25it/s] 88%|████████▊ | 4701/5362 [07:44<01:01, 10.72it/s] 88%|████████▊ | 4703/5362 [07:44<01:04, 10.23it/s] 88%|████████▊ | 4705/5362 [07:44<01:04, 10.14it/s] 88%|████████▊ | 4707/5362 [07:44<01:05, 10.01it/s] 88%|████████▊ | 4709/5362 [07:45<01:07,  9.69it/s] 88%|████████▊ | 4711/5362 [07:45<01:07,  9.70it/s] 88%|████████▊ | 4713/5362 [07:45<01:05,  9.92it/s] 88%|████████▊ | 4714/5362 [07:45<01:07,  9.63it/s] 88%|████████▊ | 4716/5362 [07:45<01:05,  9.85it/s] 88%|████████▊ | 4717/5362 [07:45<01:06,  9.72it/s] 88%|████████▊ | 4718/5362 [07:46<01:06,  9.61it/s] 88%|████████▊ | 4719/5362 [07:46<01:06,  9.66it/s] 88%|████████▊ | 4721/5362 [07:46<00:58, 10.99it/s] 88%|████████▊ | 4723/5362 [07:46<01:03, 10.03it/s] 88%|████████▊ | 4725/5362 [07:46<01:06,  9.64it/s] 88%|████████▊ | 4726/5362 [07:46<01:05,  9.68it/s] 88%|████████▊ | 4727/5362 [07:46<01:06,  9.52it/s] 88%|████████▊ | 4728/5362 [07:47<01:05,  9.61it/s] 88%|████████▊ | 4729/5362 [07:47<01:05,  9.65it/s] 88%|████████▊ | 4731/5362 [07:47<01:04,  9.72it/s] 88%|████████▊ | 4733/5362 [07:47<01:03,  9.89it/s] 88%|████████▊ | 4734/5362 [07:47<01:04,  9.75it/s] 88%|████████▊ | 4735/5362 [07:47<01:04,  9.70it/s] 88%|████████▊ | 4737/5362 [07:47<01:02,  9.95it/s] 88%|████████▊ | 4739/5362 [07:48<01:03,  9.76it/s] 88%|████████▊ | 4740/5362 [07:48<01:03,  9.75it/s] 88%|████████▊ | 4742/5362 [07:48<01:01, 10.08it/s] 88%|████████▊ | 4744/5362 [07:48<01:03,  9.80it/s] 88%|████████▊ | 4745/5362 [07:48<01:03,  9.73it/s] 89%|████████▊ | 4746/5362 [07:48<01:03,  9.72it/s] 89%|████████▊ | 4747/5362 [07:49<01:04,  9.60it/s] 89%|████████▊ | 4748/5362 [07:49<01:04,  9.58it/s] 89%|████████▊ | 4749/5362 [07:49<01:05,  9.43it/s] 89%|████████▊ | 4751/5362 [07:49<01:04,  9.43it/s] 89%|████████▊ | 4752/5362 [07:49<01:04,  9.53it/s] 89%|████████▊ | 4754/5362 [07:49<00:55, 10.94it/s] 89%|████████▊ | 4756/5362 [07:49<01:00,  9.95it/s] 89%|████████▊ | 4758/5362 [07:50<00:56, 10.74it/s] 89%|████████▉ | 4760/5362 [07:50<00:52, 11.37it/s] 89%|████████▉ | 4762/5362 [07:50<00:49, 12.05it/s] 89%|████████▉ | 4764/5362 [07:50<00:51, 11.59it/s] 89%|████████▉ | 4766/5362 [07:50<00:54, 10.91it/s] 89%|████████▉ | 4768/5362 [07:50<00:53, 11.01it/s] 89%|████████▉ | 4770/5362 [07:51<00:54, 10.85it/s] 89%|████████▉ | 4772/5362 [07:51<00:55, 10.67it/s] 89%|████████▉ | 4774/5362 [07:51<00:59,  9.83it/s] 89%|████████▉ | 4776/5362 [07:51<01:01,  9.51it/s] 89%|████████▉ | 4777/5362 [07:51<01:01,  9.46it/s] 89%|████████▉ | 4779/5362 [07:52<01:00,  9.60it/s] 89%|████████▉ | 4781/5362 [07:52<00:56, 10.33it/s] 89%|████████▉ | 4783/5362 [07:52<00:54, 10.67it/s] 89%|████████▉ | 4785/5362 [07:52<00:54, 10.54it/s] 89%|████████▉ | 4787/5362 [07:52<00:54, 10.62it/s] 89%|████████▉ | 4789/5362 [07:52<00:51, 11.21it/s] 89%|████████▉ | 4791/5362 [07:53<00:48, 11.86it/s] 89%|████████▉ | 4793/5362 [07:53<00:46, 12.30it/s] 89%|████████▉ | 4795/5362 [07:53<00:45, 12.48it/s] 89%|████████▉ | 4797/5362 [07:53<00:44, 12.70it/s] 90%|████████▉ | 4799/5362 [07:53<00:44, 12.58it/s] 90%|████████▉ | 4801/5362 [07:53<00:48, 11.52it/s] 90%|████████▉ | 4803/5362 [07:54<00:45, 12.28it/s] 90%|████████▉ | 4805/5362 [07:54<00:48, 11.50it/s] 90%|████████▉ | 4807/5362 [07:54<00:48, 11.46it/s] 90%|████████▉ | 4809/5362 [07:54<00:52, 10.61it/s] 90%|████████▉ | 4811/5362 [07:54<00:51, 10.66it/s] 90%|████████▉ | 4813/5362 [07:54<00:45, 11.98it/s] 90%|████████▉ | 4815/5362 [07:55<00:45, 11.95it/s] 90%|████████▉ | 4817/5362 [07:55<00:42, 12.68it/s] 90%|████████▉ | 4819/5362 [07:55<00:41, 13.21it/s] 90%|████████▉ | 4821/5362 [07:55<00:39, 13.74it/s] 90%|████████▉ | 4823/5362 [07:55<00:40, 13.15it/s] 90%|████████▉ | 4825/5362 [07:55<00:40, 13.24it/s] 90%|█████████ | 4827/5362 [07:56<00:45, 11.71it/s] 90%|█████████ | 4829/5362 [07:56<00:48, 11.02it/s] 90%|█████████ | 4831/5362 [07:56<00:46, 11.33it/s] 90%|█████████ | 4833/5362 [07:56<00:44, 12.02it/s] 90%|█████████ | 4835/5362 [07:56<00:42, 12.36it/s] 90%|█████████ | 4837/5362 [07:56<00:41, 12.60it/s] 90%|█████████ | 4839/5362 [07:57<00:41, 12.61it/s] 90%|█████████ | 4841/5362 [07:57<00:41, 12.55it/s] 90%|█████████ | 4843/5362 [07:57<00:40, 12.72it/s] 90%|█████████ | 4845/5362 [07:57<00:40, 12.92it/s] 90%|█████████ | 4847/5362 [07:57<00:39, 13.06it/s] 90%|█████████ | 4849/5362 [07:57<00:40, 12.72it/s] 90%|█████████ | 4851/5362 [07:57<00:38, 13.23it/s] 91%|█████████ | 4853/5362 [07:58<00:42, 12.10it/s] 91%|█████████ | 4855/5362 [07:58<00:37, 13.47it/s] 91%|█████████ | 4857/5362 [07:58<00:37, 13.54it/s] 91%|█████████ | 4859/5362 [07:58<00:37, 13.56it/s] 91%|█████████ | 4861/5362 [07:58<00:37, 13.20it/s] 91%|█████████ | 4863/5362 [07:58<00:36, 13.81it/s] 91%|█████████ | 4865/5362 [07:58<00:34, 14.46it/s] 91%|█████████ | 4867/5362 [07:59<00:35, 13.87it/s] 91%|█████████ | 4869/5362 [07:59<00:34, 14.41it/s] 91%|█████████ | 4871/5362 [07:59<00:35, 13.69it/s] 91%|█████████ | 4873/5362 [07:59<00:37, 12.96it/s] 91%|█████████ | 4875/5362 [07:59<00:41, 11.74it/s] 91%|█████████ | 4877/5362 [07:59<00:39, 12.23it/s] 91%|█████████ | 4879/5362 [08:00<00:43, 10.98it/s] 91%|█████████ | 4881/5362 [08:00<00:38, 12.36it/s] 91%|█████████ | 4883/5362 [08:00<00:38, 12.36it/s] 91%|█████████ | 4885/5362 [08:00<00:37, 12.84it/s] 91%|█████████ | 4887/5362 [08:00<00:36, 13.09it/s] 91%|█████████ | 4889/5362 [08:00<00:37, 12.70it/s] 91%|█████████ | 4891/5362 [08:01<00:37, 12.59it/s] 91%|█████████▏| 4893/5362 [08:01<00:37, 12.51it/s] 91%|█████████▏| 4895/5362 [08:01<00:39, 11.68it/s] 91%|█████████▏| 4897/5362 [08:01<00:39, 11.74it/s] 91%|█████████▏| 4899/5362 [08:01<00:40, 11.36it/s] 91%|█████████▏| 4901/5362 [08:01<00:39, 11.55it/s] 91%|█████████▏| 4903/5362 [08:02<00:39, 11.69it/s] 91%|█████████▏| 4905/5362 [08:02<00:41, 11.09it/s] 92%|█████████▏| 4907/5362 [08:02<00:38, 11.73it/s] 92%|█████████▏| 4909/5362 [08:02<00:38, 11.90it/s] 92%|█████████▏| 4911/5362 [08:02<00:38, 11.81it/s] 92%|█████████▏| 4913/5362 [08:03<00:38, 11.61it/s] 92%|█████████▏| 4915/5362 [08:03<00:37, 11.78it/s] 92%|█████████▏| 4917/5362 [08:03<00:40, 10.99it/s] 92%|█████████▏| 4919/5362 [08:03<00:40, 11.04it/s] 92%|█████████▏| 4921/5362 [08:03<00:38, 11.32it/s] 92%|█████████▏| 4923/5362 [08:03<00:40, 10.74it/s] 92%|█████████▏| 4925/5362 [08:04<00:40, 10.75it/s] 92%|█████████▏| 4927/5362 [08:04<00:39, 11.11it/s] 92%|█████████▏| 4929/5362 [08:04<00:40, 10.65it/s] 92%|█████████▏| 4931/5362 [08:04<00:41, 10.33it/s] 92%|█████████▏| 4933/5362 [08:04<00:41, 10.23it/s] 92%|█████████▏| 4935/5362 [08:05<00:38, 10.97it/s] 92%|█████████▏| 4937/5362 [08:05<00:38, 10.91it/s] 92%|█████████▏| 4939/5362 [08:05<00:39, 10.59it/s] 92%|█████████▏| 4941/5362 [08:05<00:38, 10.83it/s] 92%|█████████▏| 4943/5362 [08:05<00:38, 10.78it/s] 92%|█████████▏| 4945/5362 [08:05<00:37, 11.04it/s] 92%|█████████▏| 4947/5362 [08:06<00:40, 10.31it/s] 92%|█████████▏| 4949/5362 [08:06<00:40, 10.18it/s] 92%|█████████▏| 4951/5362 [08:06<00:40, 10.14it/s] 92%|█████████▏| 4953/5362 [08:06<00:41,  9.93it/s] 92%|█████████▏| 4954/5362 [08:06<00:41,  9.77it/s] 92%|█████████▏| 4955/5362 [08:07<00:41,  9.70it/s] 92%|█████████▏| 4956/5362 [08:07<00:41,  9.71it/s] 92%|█████████▏| 4957/5362 [08:07<00:41,  9.68it/s] 92%|█████████▏| 4959/5362 [08:07<00:38, 10.33it/s] 93%|█████████▎| 4961/5362 [08:07<00:39, 10.15it/s] 93%|█████████▎| 4963/5362 [08:07<00:38, 10.38it/s] 93%|█████████▎| 4965/5362 [08:08<00:40,  9.82it/s] 93%|█████████▎| 4967/5362 [08:08<00:39, 10.02it/s] 93%|█████████▎| 4969/5362 [08:08<00:39,  9.96it/s] 93%|█████████▎| 4970/5362 [08:08<00:39,  9.89it/s] 93%|█████████▎| 4971/5362 [08:08<00:39,  9.83it/s] 93%|█████████▎| 4972/5362 [08:08<00:39,  9.82it/s] 93%|█████████▎| 4974/5362 [08:08<00:38,  9.97it/s] 93%|█████████▎| 4975/5362 [08:09<00:38,  9.94it/s] 93%|█████████▎| 4977/5362 [08:09<00:36, 10.67it/s] 93%|█████████▎| 4979/5362 [08:09<00:39,  9.72it/s] 93%|█████████▎| 4980/5362 [08:09<00:39,  9.69it/s] 93%|█████████▎| 4982/5362 [08:09<00:35, 10.73it/s] 93%|█████████▎| 4984/5362 [08:09<00:38,  9.85it/s] 93%|█████████▎| 4986/5362 [08:10<00:35, 10.46it/s] 93%|█████████▎| 4988/5362 [08:10<00:37, 10.03it/s] 93%|█████████▎| 4990/5362 [08:10<00:36, 10.11it/s] 93%|█████████▎| 4992/5362 [08:10<00:52,  7.01it/s] 93%|█████████▎| 4993/5362 [08:11<00:50,  7.28it/s] 93%|█████████▎| 4994/5362 [08:11<00:48,  7.64it/s] 93%|█████████▎| 4996/5362 [08:11<00:40,  9.12it/s] 93%|█████████▎| 4998/5362 [08:11<00:37,  9.73it/s] 93%|█████████▎| 5000/5362 [08:11<00:37,  9.74it/s] 93%|█████████▎| 5002/5362 [08:11<00:35, 10.20it/s] 93%|█████████▎| 5004/5362 [08:12<00:33, 10.60it/s] 93%|█████████▎| 5006/5362 [08:12<00:33, 10.49it/s] 93%|█████████▎| 5008/5362 [08:12<00:32, 11.03it/s] 93%|█████████▎| 5010/5362 [08:12<00:32, 10.99it/s] 93%|█████████▎| 5012/5362 [08:12<00:30, 11.37it/s] 94%|█████████▎| 5014/5362 [08:13<00:34, 10.19it/s] 94%|█████████▎| 5016/5362 [08:13<00:35,  9.85it/s] 94%|█████████▎| 5018/5362 [08:13<00:39,  8.76it/s] 94%|█████████▎| 5020/5362 [08:13<00:36,  9.33it/s] 94%|█████████▎| 5022/5362 [08:13<00:33, 10.04it/s] 94%|█████████▎| 5024/5362 [08:14<00:31, 10.89it/s] 94%|█████████▎| 5026/5362 [08:14<00:30, 10.99it/s] 94%|█████████▍| 5028/5362 [08:14<00:30, 10.85it/s] 94%|█████████▍| 5030/5362 [08:14<00:29, 11.25it/s] 94%|█████████▍| 5032/5362 [08:14<00:28, 11.51it/s] 94%|█████████▍| 5034/5362 [08:14<00:27, 12.14it/s] 94%|█████████▍| 5036/5362 [08:15<00:29, 11.09it/s] 94%|█████████▍| 5038/5362 [08:15<00:30, 10.71it/s] 94%|█████████▍| 5040/5362 [08:15<00:32, 10.06it/s] 94%|█████████▍| 5042/5362 [08:15<00:30, 10.37it/s] 94%|█████████▍| 5044/5362 [08:15<00:28, 11.33it/s] 94%|█████████▍| 5046/5362 [08:15<00:25, 12.29it/s] 94%|█████████▍| 5048/5362 [08:16<00:24, 12.94it/s] 94%|█████████▍| 5050/5362 [08:16<00:24, 12.76it/s] 94%|█████████▍| 5052/5362 [08:16<00:24, 12.65it/s] 94%|█████████▍| 5054/5362 [08:16<00:23, 13.07it/s] 94%|█████████▍| 5056/5362 [08:16<00:23, 12.91it/s] 94%|█████████▍| 5058/5362 [08:16<00:23, 13.13it/s] 94%|█████████▍| 5060/5362 [08:16<00:22, 13.48it/s] 94%|█████████▍| 5062/5362 [08:17<00:21, 13.84it/s] 94%|█████████▍| 5064/5362 [08:17<00:24, 12.33it/s] 94%|█████████▍| 5066/5362 [08:17<00:24, 12.11it/s] 95%|█████████▍| 5068/5362 [08:17<00:25, 11.49it/s] 95%|█████████▍| 5070/5362 [08:17<00:25, 11.50it/s] 95%|█████████▍| 5072/5362 [08:18<00:23, 12.16it/s] 95%|█████████▍| 5074/5362 [08:18<00:23, 12.24it/s] 95%|█████████▍| 5076/5362 [08:18<00:22, 12.69it/s] 95%|█████████▍| 5078/5362 [08:18<00:21, 12.93it/s] 95%|█████████▍| 5080/5362 [08:18<00:20, 13.71it/s] 95%|█████████▍| 5082/5362 [08:18<00:19, 14.19it/s] 95%|█████████▍| 5084/5362 [08:18<00:19, 14.31it/s] 95%|█████████▍| 5086/5362 [08:19<00:20, 13.60it/s] 95%|█████████▍| 5089/5362 [08:19<00:16, 16.18it/s] 95%|█████████▍| 5091/5362 [08:19<00:16, 16.08it/s] 95%|█████████▍| 5093/5362 [08:19<00:16, 16.32it/s] 95%|█████████▌| 5095/5362 [08:19<00:17, 15.06it/s] 95%|█████████▌| 5097/5362 [08:19<00:17, 15.22it/s] 95%|█████████▌| 5099/5362 [08:19<00:20, 13.10it/s] 95%|█████████▌| 5101/5362 [08:20<00:21, 12.16it/s] 95%|█████████▌| 5103/5362 [08:20<00:23, 11.22it/s] 95%|█████████▌| 5105/5362 [08:20<00:21, 11.93it/s] 95%|█████████▌| 5107/5362 [08:20<00:20, 12.47it/s] 95%|█████████▌| 5109/5362 [08:20<00:18, 13.72it/s] 95%|█████████▌| 5111/5362 [08:20<00:18, 13.22it/s] 95%|█████████▌| 5113/5362 [08:21<00:20, 12.38it/s] 95%|█████████▌| 5115/5362 [08:21<00:21, 11.60it/s] 95%|█████████▌| 5117/5362 [08:21<00:21, 11.43it/s] 95%|█████████▌| 5119/5362 [08:21<00:19, 12.18it/s] 96%|█████████▌| 5121/5362 [08:21<00:21, 11.43it/s] 96%|█████████▌| 5123/5362 [08:21<00:20, 11.78it/s] 96%|█████████▌| 5125/5362 [08:22<00:19, 11.94it/s] 96%|█████████▌| 5127/5362 [08:22<00:21, 11.18it/s] 96%|█████████▌| 5129/5362 [08:22<00:19, 12.19it/s] 96%|█████████▌| 5131/5362 [08:22<00:18, 12.44it/s] 96%|█████████▌| 5133/5362 [08:22<00:18, 12.32it/s] 96%|█████████▌| 5135/5362 [08:22<00:17, 12.93it/s] 96%|█████████▌| 5137/5362 [08:23<00:19, 11.71it/s] 96%|█████████▌| 5139/5362 [08:23<00:18, 12.26it/s] 96%|█████████▌| 5141/5362 [08:23<00:19, 11.61it/s] 96%|█████████▌| 5143/5362 [08:23<00:19, 11.47it/s] 96%|█████████▌| 5145/5362 [08:23<00:19, 11.11it/s] 96%|█████████▌| 5147/5362 [08:24<00:20, 10.30it/s] 96%|█████████▌| 5149/5362 [08:24<00:20, 10.32it/s] 96%|█████████▌| 5151/5362 [08:24<00:20, 10.52it/s] 96%|█████████▌| 5153/5362 [08:24<00:19, 10.52it/s] 96%|█████████▌| 5155/5362 [08:24<00:19, 10.46it/s] 96%|█████████▌| 5157/5362 [08:24<00:18, 10.93it/s] 96%|█████████▌| 5159/5362 [08:25<00:18, 10.70it/s] 96%|█████████▋| 5161/5362 [08:25<00:19, 10.41it/s] 96%|█████████▋| 5163/5362 [08:25<00:19, 10.39it/s] 96%|█████████▋| 5165/5362 [08:25<00:18, 10.51it/s] 96%|█████████▋| 5167/5362 [08:25<00:17, 10.84it/s] 96%|█████████▋| 5169/5362 [08:26<00:17, 10.94it/s] 96%|█████████▋| 5171/5362 [08:26<00:18, 10.36it/s] 96%|█████████▋| 5173/5362 [08:26<00:19,  9.60it/s] 97%|█████████▋| 5175/5362 [08:26<00:18,  9.87it/s] 97%|█████████▋| 5177/5362 [08:26<00:19,  9.68it/s] 97%|█████████▋| 5178/5362 [08:27<00:19,  9.64it/s] 97%|█████████▋| 5180/5362 [08:27<00:18,  9.93it/s] 97%|█████████▋| 5181/5362 [08:27<00:18,  9.87it/s] 97%|█████████▋| 5183/5362 [08:27<00:17, 10.27it/s] 97%|█████████▋| 5185/5362 [08:27<00:18,  9.67it/s] 97%|█████████▋| 5187/5362 [08:27<00:18,  9.55it/s] 97%|█████████▋| 5189/5362 [08:28<00:18,  9.43it/s] 97%|█████████▋| 5191/5362 [08:28<00:17,  9.72it/s] 97%|█████████▋| 5192/5362 [08:28<00:17,  9.67it/s] 97%|█████████▋| 5193/5362 [08:28<00:17,  9.68it/s] 97%|█████████▋| 5195/5362 [08:28<00:15, 10.88it/s] 97%|█████████▋| 5197/5362 [08:28<00:16,  9.88it/s] 97%|█████████▋| 5199/5362 [08:29<00:16,  9.59it/s] 97%|█████████▋| 5201/5362 [08:29<00:16,  9.93it/s] 97%|█████████▋| 5203/5362 [08:29<00:16,  9.62it/s] 97%|█████████▋| 5204/5362 [08:29<00:16,  9.66it/s] 97%|█████████▋| 5206/5362 [08:29<00:14, 10.67it/s] 97%|█████████▋| 5208/5362 [08:30<00:15, 10.23it/s] 97%|█████████▋| 5210/5362 [08:30<00:15,  9.96it/s] 97%|█████████▋| 5212/5362 [08:30<00:14, 10.08it/s] 97%|█████████▋| 5214/5362 [08:30<00:15,  9.67it/s] 97%|█████████▋| 5215/5362 [08:30<00:15,  9.70it/s] 97%|█████████▋| 5216/5362 [08:30<00:15,  9.64it/s] 97%|█████████▋| 5217/5362 [08:30<00:14,  9.67it/s] 97%|█████████▋| 5219/5362 [08:31<00:13, 10.77it/s] 97%|█████████▋| 5221/5362 [08:31<00:14, 10.06it/s] 97%|█████████▋| 5223/5362 [08:31<00:14,  9.80it/s] 97%|█████████▋| 5224/5362 [08:31<00:18,  7.29it/s] 97%|█████████▋| 5226/5362 [08:32<00:16,  8.10it/s] 98%|█████████▊| 5228/5362 [08:32<00:15,  8.75it/s] 98%|█████████▊| 5230/5362 [08:32<00:13,  9.48it/s] 98%|█████████▊| 5232/5362 [08:32<00:12, 10.01it/s] 98%|█████████▊| 5234/5362 [08:32<00:12, 10.65it/s] 98%|█████████▊| 5236/5362 [08:32<00:11, 10.92it/s] 98%|█████████▊| 5238/5362 [08:33<00:11, 10.59it/s] 98%|█████████▊| 5240/5362 [08:33<00:11, 10.39it/s] 98%|█████████▊| 5242/5362 [08:33<00:11, 10.14it/s] 98%|█████████▊| 5244/5362 [08:33<00:11, 10.20it/s] 98%|█████████▊| 5246/5362 [08:34<00:12,  9.24it/s] 98%|█████████▊| 5248/5362 [08:34<00:12,  9.43it/s] 98%|█████████▊| 5249/5362 [08:34<00:12,  8.87it/s] 98%|█████████▊| 5250/5362 [08:34<00:12,  8.94it/s] 98%|█████████▊| 5252/5362 [08:34<00:11,  9.51it/s] 98%|█████████▊| 5254/5362 [08:34<00:09, 10.81it/s] 98%|█████████▊| 5256/5362 [08:34<00:10, 10.55it/s] 98%|█████████▊| 5258/5362 [08:35<00:09, 10.70it/s] 98%|█████████▊| 5260/5362 [08:35<00:08, 11.42it/s] 98%|█████████▊| 5262/5362 [08:35<00:09, 10.80it/s] 98%|█████████▊| 5264/5362 [08:35<00:08, 11.09it/s] 98%|█████████▊| 5266/5362 [08:35<00:08, 11.21it/s] 98%|█████████▊| 5268/5362 [08:36<00:08, 11.59it/s] 98%|█████████▊| 5270/5362 [08:36<00:08, 10.62it/s] 98%|█████████▊| 5272/5362 [08:36<00:08, 10.10it/s] 98%|█████████▊| 5274/5362 [08:36<00:08,  9.98it/s] 98%|█████████▊| 5276/5362 [08:36<00:08,  9.80it/s] 98%|█████████▊| 5278/5362 [08:37<00:07, 10.75it/s] 98%|█████████▊| 5280/5362 [08:37<00:07, 11.65it/s] 99%|█████████▊| 5282/5362 [08:37<00:07, 11.26it/s] 99%|█████████▊| 5284/5362 [08:37<00:07, 10.99it/s] 99%|█████████▊| 5286/5362 [08:37<00:07, 10.74it/s] 99%|█████████▊| 5288/5362 [08:37<00:06, 11.46it/s] 99%|█████████▊| 5290/5362 [08:38<00:06, 10.99it/s] 99%|█████████▊| 5292/5362 [08:38<00:06, 10.78it/s] 99%|█████████▊| 5294/5362 [08:38<00:06, 11.20it/s] 99%|█████████▉| 5296/5362 [08:38<00:05, 11.36it/s] 99%|█████████▉| 5298/5362 [08:38<00:05, 11.32it/s] 99%|█████████▉| 5300/5362 [08:38<00:05, 11.22it/s] 99%|█████████▉| 5302/5362 [08:39<00:05, 11.47it/s] 99%|█████████▉| 5304/5362 [08:39<00:05, 11.23it/s] 99%|█████████▉| 5306/5362 [08:39<00:05, 11.13it/s] 99%|█████████▉| 5308/5362 [08:39<00:04, 11.34it/s] 99%|█████████▉| 5310/5362 [08:39<00:04, 11.66it/s] 99%|█████████▉| 5312/5362 [08:39<00:04, 12.14it/s] 99%|█████████▉| 5314/5362 [08:40<00:04, 11.73it/s] 99%|█████████▉| 5316/5362 [08:40<00:03, 11.52it/s] 99%|█████████▉| 5318/5362 [08:40<00:03, 11.34it/s] 99%|█████████▉| 5320/5362 [08:40<00:03, 11.46it/s] 99%|█████████▉| 5322/5362 [08:40<00:03, 11.73it/s] 99%|█████████▉| 5324/5362 [08:41<00:03, 11.68it/s] 99%|█████████▉| 5326/5362 [08:41<00:02, 12.18it/s] 99%|█████████▉| 5328/5362 [08:41<00:02, 11.74it/s] 99%|█████████▉| 5330/5362 [08:41<00:02, 11.33it/s] 99%|█████████▉| 5332/5362 [08:41<00:02, 11.31it/s] 99%|█████████▉| 5334/5362 [08:41<00:02, 10.97it/s]100%|█████████▉| 5336/5362 [08:42<00:02, 11.42it/s]100%|█████████▉| 5338/5362 [08:42<00:02, 11.89it/s]100%|█████████▉| 5340/5362 [08:42<00:01, 11.93it/s]100%|█████████▉| 5342/5362 [08:42<00:01, 11.49it/s]100%|█████████▉| 5344/5362 [08:42<00:01, 10.56it/s]100%|█████████▉| 5346/5362 [08:43<00:01, 10.12it/s]100%|█████████▉| 5348/5362 [08:43<00:01,  9.84it/s]100%|█████████▉| 5350/5362 [08:43<00:01, 10.21it/s]100%|█████████▉| 5352/5362 [08:43<00:00, 10.15it/s]100%|█████████▉| 5354/5362 [08:43<00:00, 10.98it/s]100%|█████████▉| 5356/5362 [08:43<00:00, 10.74it/s]100%|█████████▉| 5358/5362 [08:44<00:00,  9.85it/s]100%|█████████▉| 5360/5362 [08:44<00:00, 11.00it/s]100%|██████████| 5362/5362 [08:44<00:00, 11.15it/s]100%|██████████| 5362/5362 [08:44<00:00, 10.22it/s]
FAD: {'frechet_audio_distance': np.float64(3.4604253501983564)}
Extracting features from /mnt/workspace/home/zhangjunan/audioldm_eval/audioldm_eval/test_musiccaps/audio.
  0%|          | 0/5362 [00:00<?, ?it/s]  0%|          | 1/5362 [00:01<1:54:08,  1.28s/it]  0%|          | 4/5362 [00:01<24:37,  3.63it/s]    0%|          | 7/5362 [00:01<13:35,  6.57it/s]  0%|          | 10/5362 [00:01<09:10,  9.71it/s]  0%|          | 13/5362 [00:01<06:58, 12.77it/s]  0%|          | 16/5362 [00:01<05:43, 15.55it/s]  0%|          | 19/5362 [00:02<04:57, 17.96it/s]  0%|          | 22/5362 [00:02<04:27, 19.94it/s]  0%|          | 25/5362 [00:02<04:09, 21.41it/s]  1%|          | 28/5362 [00:02<03:59, 22.31it/s]  1%|          | 31/5362 [00:02<03:49, 23.18it/s]  1%|          | 34/5362 [00:02<03:49, 23.24it/s]  1%|          | 37/5362 [00:02<03:42, 23.98it/s]  1%|          | 40/5362 [00:02<03:37, 24.42it/s]  1%|          | 43/5362 [00:02<03:34, 24.84it/s]  1%|          | 46/5362 [00:03<03:31, 25.14it/s]  1%|          | 49/5362 [00:03<03:39, 24.21it/s]  1%|          | 52/5362 [00:03<03:35, 24.68it/s]  1%|          | 55/5362 [00:03<03:33, 24.90it/s]  1%|          | 58/5362 [00:03<03:26, 25.72it/s]  1%|          | 61/5362 [00:03<03:18, 26.72it/s]  1%|          | 64/5362 [00:03<03:20, 26.37it/s]  1%|          | 67/5362 [00:03<03:23, 25.97it/s]  1%|▏         | 70/5362 [00:03<03:16, 26.94it/s]  1%|▏         | 73/5362 [00:04<03:16, 26.90it/s]  1%|▏         | 76/5362 [00:04<03:11, 27.67it/s]  1%|▏         | 79/5362 [00:04<03:13, 27.30it/s]  2%|▏         | 82/5362 [00:04<03:10, 27.75it/s]  2%|▏         | 85/5362 [00:04<03:16, 26.84it/s]  2%|▏         | 89/5362 [00:04<03:12, 27.40it/s]  2%|▏         | 92/5362 [00:04<03:13, 27.18it/s]  2%|▏         | 95/5362 [00:04<03:12, 27.34it/s]  2%|▏         | 98/5362 [00:05<03:10, 27.63it/s]  2%|▏         | 101/5362 [00:05<03:14, 27.04it/s]  2%|▏         | 105/5362 [00:05<03:10, 27.57it/s]  2%|▏         | 108/5362 [00:05<03:09, 27.75it/s]  2%|▏         | 112/5362 [00:05<03:06, 28.20it/s]  2%|▏         | 116/5362 [00:05<03:09, 27.67it/s]  2%|▏         | 119/5362 [00:05<03:06, 28.09it/s]  2%|▏         | 122/5362 [00:05<03:08, 27.81it/s]  2%|▏         | 125/5362 [00:05<03:06, 28.13it/s]  2%|▏         | 128/5362 [00:06<03:09, 27.65it/s]  2%|▏         | 131/5362 [00:06<03:07, 27.85it/s]  2%|▏         | 134/5362 [00:06<03:04, 28.31it/s]  3%|▎         | 137/5362 [00:06<03:07, 27.88it/s]  3%|▎         | 140/5362 [00:06<03:19, 26.22it/s]  3%|▎         | 143/5362 [00:06<03:20, 26.05it/s]  3%|▎         | 146/5362 [00:06<03:12, 27.10it/s]  3%|▎         | 149/5362 [00:06<03:07, 27.82it/s]  3%|▎         | 152/5362 [00:06<03:04, 28.23it/s]  3%|▎         | 155/5362 [00:07<03:10, 27.33it/s]  3%|▎         | 158/5362 [00:07<03:08, 27.62it/s]  3%|▎         | 161/5362 [00:07<03:06, 27.86it/s]  3%|▎         | 165/5362 [00:07<03:02, 28.42it/s]  3%|▎         | 168/5362 [00:07<03:04, 28.16it/s]  3%|▎         | 171/5362 [00:07<03:07, 27.61it/s]  3%|▎         | 174/5362 [00:07<03:05, 27.95it/s]  3%|▎         | 177/5362 [00:07<03:10, 27.22it/s]  3%|▎         | 181/5362 [00:08<03:06, 27.84it/s]  3%|▎         | 184/5362 [00:08<03:03, 28.28it/s]  3%|▎         | 187/5362 [00:08<03:05, 27.88it/s]  4%|▎         | 190/5362 [00:08<03:06, 27.81it/s]  4%|▎         | 193/5362 [00:08<03:06, 27.70it/s]  4%|▎         | 196/5362 [00:08<03:06, 27.67it/s]  4%|▎         | 199/5362 [00:08<03:04, 28.02it/s]  4%|▍         | 202/5362 [00:08<03:09, 27.17it/s]  4%|▍         | 205/5362 [00:08<03:10, 27.00it/s]  4%|▍         | 209/5362 [00:09<03:05, 27.73it/s]  4%|▍         | 212/5362 [00:09<03:04, 27.84it/s]  4%|▍         | 215/5362 [00:09<03:10, 27.06it/s]  4%|▍         | 218/5362 [00:09<03:06, 27.58it/s]  4%|▍         | 221/5362 [00:09<03:10, 26.98it/s]  4%|▍         | 224/5362 [00:09<03:06, 27.48it/s]  4%|▍         | 228/5362 [00:09<03:03, 28.02it/s]  4%|▍         | 231/5362 [00:09<02:59, 28.53it/s]  4%|▍         | 234/5362 [00:09<02:57, 28.93it/s]  4%|▍         | 237/5362 [00:10<03:03, 27.90it/s]  4%|▍         | 240/5362 [00:10<03:00, 28.36it/s]  5%|▍         | 243/5362 [00:10<02:57, 28.82it/s]  5%|▍         | 247/5362 [00:10<02:56, 29.02it/s]  5%|▍         | 250/5362 [00:10<02:58, 28.70it/s]  5%|▍         | 253/5362 [00:10<03:03, 27.88it/s]  5%|▍         | 256/5362 [00:10<03:01, 28.19it/s]  5%|▍         | 259/5362 [00:10<02:59, 28.38it/s]  5%|▍         | 262/5362 [00:10<02:58, 28.54it/s]  5%|▍         | 265/5362 [00:11<03:04, 27.62it/s]  5%|▌         | 269/5362 [00:11<03:00, 28.16it/s]  5%|▌         | 272/5362 [00:11<02:58, 28.45it/s]  5%|▌         | 276/5362 [00:11<02:56, 28.77it/s]  5%|▌         | 280/5362 [00:11<02:56, 28.80it/s]  5%|▌         | 283/5362 [00:11<02:56, 28.74it/s]  5%|▌         | 286/5362 [00:11<03:01, 28.02it/s]  5%|▌         | 289/5362 [00:11<03:02, 27.78it/s]  5%|▌         | 292/5362 [00:11<02:59, 28.25it/s]  6%|▌         | 295/5362 [00:12<02:59, 28.25it/s]  6%|▌         | 298/5362 [00:12<03:00, 28.01it/s]  6%|▌         | 301/5362 [00:12<03:04, 27.36it/s]  6%|▌         | 304/5362 [00:12<03:03, 27.60it/s]  6%|▌         | 307/5362 [00:12<03:00, 28.03it/s]  6%|▌         | 310/5362 [00:12<02:57, 28.50it/s]  6%|▌         | 313/5362 [00:12<03:03, 27.51it/s]  6%|▌         | 316/5362 [00:12<03:02, 27.69it/s]  6%|▌         | 319/5362 [00:12<03:01, 27.76it/s]  6%|▌         | 322/5362 [00:13<03:01, 27.82it/s]  6%|▌         | 325/5362 [00:13<03:00, 27.90it/s]  6%|▌         | 328/5362 [00:13<03:00, 27.87it/s]  6%|▌         | 331/5362 [00:13<02:57, 28.33it/s]  6%|▌         | 335/5362 [00:13<02:54, 28.74it/s]  6%|▋         | 338/5362 [00:13<02:52, 29.08it/s]  6%|▋         | 341/5362 [00:13<02:58, 28.09it/s]  6%|▋         | 344/5362 [00:13<02:55, 28.61it/s]  6%|▋         | 347/5362 [00:13<02:54, 28.80it/s]  7%|▋         | 351/5362 [00:14<02:53, 28.81it/s]  7%|▋         | 354/5362 [00:14<02:52, 29.07it/s]  7%|▋         | 357/5362 [00:14<02:58, 28.00it/s]  7%|▋         | 360/5362 [00:14<02:58, 28.09it/s]  7%|▋         | 363/5362 [00:14<03:00, 27.73it/s]  7%|▋         | 366/5362 [00:14<03:03, 27.18it/s]  7%|▋         | 369/5362 [00:14<03:06, 26.80it/s]  7%|▋         | 372/5362 [00:14<03:04, 26.99it/s]  7%|▋         | 375/5362 [00:14<03:07, 26.56it/s]  7%|▋         | 378/5362 [00:15<03:01, 27.48it/s]  7%|▋         | 381/5362 [00:15<02:58, 27.94it/s]  7%|▋         | 384/5362 [00:15<03:02, 27.34it/s]  7%|▋         | 387/5362 [00:15<03:03, 27.14it/s]  7%|▋         | 390/5362 [00:15<03:00, 27.49it/s]  7%|▋         | 393/5362 [00:15<03:01, 27.40it/s]  7%|▋         | 396/5362 [00:15<03:02, 27.23it/s]  7%|▋         | 399/5362 [00:15<03:01, 27.28it/s]  7%|▋         | 402/5362 [00:15<03:06, 26.59it/s]  8%|▊         | 405/5362 [00:16<03:01, 27.27it/s]  8%|▊         | 408/5362 [00:16<02:59, 27.60it/s]  8%|▊         | 411/5362 [00:16<02:58, 27.69it/s]  8%|▊         | 414/5362 [00:16<03:00, 27.36it/s]  8%|▊         | 417/5362 [00:16<02:57, 27.82it/s]  8%|▊         | 420/5362 [00:16<02:55, 28.09it/s]  8%|▊         | 423/5362 [00:16<02:54, 28.31it/s]  8%|▊         | 426/5362 [00:16<02:59, 27.53it/s]  8%|▊         | 430/5362 [00:16<02:56, 27.95it/s]  8%|▊         | 433/5362 [00:17<02:53, 28.40it/s]  8%|▊         | 436/5362 [00:17<02:51, 28.80it/s]  8%|▊         | 439/5362 [00:17<02:54, 28.25it/s]  8%|▊         | 442/5362 [00:17<02:57, 27.73it/s]  8%|▊         | 445/5362 [00:17<02:57, 27.76it/s]  8%|▊         | 449/5362 [00:17<02:54, 28.10it/s]  8%|▊         | 452/5362 [00:17<03:02, 26.98it/s]  8%|▊         | 455/5362 [00:17<03:02, 26.94it/s]  9%|▊         | 458/5362 [00:17<03:08, 26.07it/s]  9%|▊         | 461/5362 [00:18<03:03, 26.67it/s]  9%|▊         | 464/5362 [00:18<03:06, 26.33it/s]  9%|▊         | 467/5362 [00:18<03:00, 27.05it/s]  9%|▉         | 470/5362 [00:18<03:02, 26.87it/s]  9%|▉         | 473/5362 [00:18<03:02, 26.75it/s]  9%|▉         | 476/5362 [00:18<03:03, 26.66it/s]  9%|▉         | 479/5362 [00:18<03:01, 26.95it/s]  9%|▉         | 482/5362 [00:18<02:57, 27.56it/s]  9%|▉         | 485/5362 [00:18<03:01, 26.87it/s]  9%|▉         | 488/5362 [00:19<02:58, 27.29it/s]  9%|▉         | 491/5362 [00:19<02:58, 27.30it/s]  9%|▉         | 494/5362 [00:19<02:58, 27.27it/s]  9%|▉         | 497/5362 [00:19<03:04, 26.35it/s]  9%|▉         | 500/5362 [00:19<03:01, 26.84it/s]  9%|▉         | 503/5362 [00:19<02:56, 27.55it/s]  9%|▉         | 506/5362 [00:19<02:55, 27.67it/s]  9%|▉         | 509/5362 [00:19<03:02, 26.59it/s] 10%|▉         | 512/5362 [00:19<02:58, 27.12it/s] 10%|▉         | 515/5362 [00:20<02:59, 26.95it/s] 10%|▉         | 518/5362 [00:20<03:02, 26.58it/s] 10%|▉         | 521/5362 [00:20<03:08, 25.74it/s] 10%|▉         | 524/5362 [00:20<03:08, 25.72it/s] 10%|▉         | 527/5362 [00:20<03:01, 26.57it/s] 10%|▉         | 530/5362 [00:20<03:07, 25.73it/s] 10%|▉         | 533/5362 [00:20<03:03, 26.31it/s] 10%|▉         | 536/5362 [00:20<03:06, 25.87it/s] 10%|█         | 539/5362 [00:20<03:07, 25.76it/s] 10%|█         | 542/5362 [00:21<03:21, 23.92it/s] 10%|█         | 545/5362 [00:21<03:20, 24.06it/s] 10%|█         | 548/5362 [00:21<03:13, 24.87it/s] 10%|█         | 551/5362 [00:21<03:06, 25.78it/s] 10%|█         | 554/5362 [00:21<03:01, 26.52it/s] 10%|█         | 557/5362 [00:21<03:07, 25.66it/s] 10%|█         | 560/5362 [00:21<03:09, 25.35it/s] 10%|█         | 563/5362 [00:21<03:01, 26.50it/s] 11%|█         | 566/5362 [00:22<02:58, 26.94it/s] 11%|█         | 569/5362 [00:22<02:57, 27.01it/s] 11%|█         | 572/5362 [00:22<02:59, 26.74it/s] 11%|█         | 575/5362 [00:22<02:55, 27.25it/s] 11%|█         | 578/5362 [00:22<02:58, 26.85it/s] 11%|█         | 581/5362 [00:22<02:57, 26.95it/s] 11%|█         | 584/5362 [00:22<02:58, 26.70it/s] 11%|█         | 587/5362 [00:22<03:00, 26.52it/s] 11%|█         | 591/5362 [00:22<02:42, 29.42it/s] 11%|█         | 596/5362 [00:23<02:20, 33.92it/s] 11%|█         | 601/5362 [00:23<02:07, 37.41it/s] 11%|█▏        | 606/5362 [00:23<01:58, 40.00it/s] 11%|█▏        | 611/5362 [00:23<01:53, 42.01it/s] 11%|█▏        | 616/5362 [00:23<01:50, 43.12it/s] 12%|█▏        | 621/5362 [00:23<01:51, 42.61it/s] 12%|█▏        | 626/5362 [00:23<01:48, 43.48it/s] 12%|█▏        | 631/5362 [00:23<01:46, 44.50it/s] 12%|█▏        | 636/5362 [00:23<01:45, 44.93it/s] 12%|█▏        | 641/5362 [00:24<01:45, 44.92it/s] 12%|█▏        | 646/5362 [00:24<01:44, 45.19it/s] 12%|█▏        | 651/5362 [00:24<01:45, 44.79it/s] 12%|█▏        | 656/5362 [00:24<01:44, 45.04it/s] 12%|█▏        | 661/5362 [00:24<01:46, 43.99it/s] 12%|█▏        | 666/5362 [00:24<02:13, 35.09it/s] 12%|█▏        | 670/5362 [00:24<02:31, 30.92it/s] 13%|█▎        | 674/5362 [00:25<02:43, 28.66it/s] 13%|█▎        | 678/5362 [00:25<02:53, 27.05it/s] 13%|█▎        | 681/5362 [00:25<02:57, 26.43it/s] 13%|█▎        | 684/5362 [00:25<03:00, 25.92it/s] 13%|█▎        | 687/5362 [00:25<03:05, 25.20it/s] 13%|█▎        | 690/5362 [00:25<03:05, 25.12it/s] 13%|█▎        | 693/5362 [00:25<03:08, 24.70it/s] 13%|█▎        | 696/5362 [00:25<03:10, 24.53it/s] 13%|█▎        | 699/5362 [00:26<03:10, 24.53it/s] 13%|█▎        | 702/5362 [00:26<03:11, 24.39it/s] 13%|█▎        | 705/5362 [00:26<03:11, 24.31it/s] 13%|█▎        | 708/5362 [00:26<03:13, 24.11it/s] 13%|█▎        | 711/5362 [00:26<03:18, 23.40it/s] 13%|█▎        | 714/5362 [00:26<03:19, 23.26it/s] 13%|█▎        | 717/5362 [00:26<03:17, 23.50it/s] 13%|█▎        | 720/5362 [00:26<03:21, 23.04it/s] 13%|█▎        | 723/5362 [00:27<03:18, 23.35it/s] 14%|█▎        | 726/5362 [00:27<03:15, 23.70it/s] 14%|█▎        | 729/5362 [00:27<03:11, 24.18it/s] 14%|█▎        | 732/5362 [00:27<03:11, 24.16it/s] 14%|█▎        | 735/5362 [00:27<03:10, 24.26it/s] 14%|█▍        | 738/5362 [00:27<03:10, 24.22it/s] 14%|█▍        | 741/5362 [00:27<03:11, 24.18it/s] 14%|█▍        | 744/5362 [00:27<03:11, 24.16it/s] 14%|█▍        | 747/5362 [00:28<03:11, 24.11it/s] 14%|█▍        | 750/5362 [00:28<03:19, 23.15it/s] 14%|█▍        | 753/5362 [00:28<03:17, 23.31it/s] 14%|█▍        | 756/5362 [00:28<03:11, 24.04it/s] 14%|█▍        | 759/5362 [00:28<03:11, 24.08it/s] 14%|█▍        | 762/5362 [00:28<03:15, 23.50it/s] 14%|█▍        | 765/5362 [00:28<03:14, 23.69it/s] 14%|█▍        | 768/5362 [00:28<03:11, 23.93it/s] 14%|█▍        | 771/5362 [00:29<03:11, 23.98it/s] 14%|█▍        | 774/5362 [00:29<03:11, 24.02it/s] 14%|█▍        | 777/5362 [00:29<03:10, 24.03it/s] 15%|█▍        | 780/5362 [00:29<03:10, 24.06it/s] 15%|█▍        | 783/5362 [00:29<03:09, 24.19it/s] 15%|█▍        | 786/5362 [00:29<03:11, 23.89it/s] 15%|█▍        | 789/5362 [00:29<03:10, 23.94it/s] 15%|█▍        | 792/5362 [00:29<03:10, 23.99it/s] 15%|█▍        | 795/5362 [00:30<03:09, 24.12it/s] 15%|█▍        | 798/5362 [00:30<03:10, 24.00it/s] 15%|█▍        | 801/5362 [00:30<03:09, 24.02it/s] 15%|█▍        | 804/5362 [00:30<03:08, 24.16it/s] 15%|█▌        | 807/5362 [00:30<03:07, 24.27it/s] 15%|█▌        | 810/5362 [00:30<03:07, 24.33it/s] 15%|█▌        | 813/5362 [00:30<03:07, 24.26it/s] 15%|█▌        | 816/5362 [00:30<03:07, 24.22it/s] 15%|█▌        | 819/5362 [00:31<03:06, 24.31it/s] 15%|█▌        | 822/5362 [00:31<03:06, 24.37it/s] 15%|█▌        | 825/5362 [00:31<03:06, 24.29it/s] 15%|█▌        | 828/5362 [00:31<03:06, 24.36it/s] 15%|█▌        | 831/5362 [00:31<03:05, 24.40it/s] 16%|█▌        | 834/5362 [00:31<03:06, 24.29it/s] 16%|█▌        | 837/5362 [00:31<03:07, 24.11it/s] 16%|█▌        | 840/5362 [00:31<03:07, 24.11it/s] 16%|█▌        | 843/5362 [00:32<03:07, 24.08it/s] 16%|█▌        | 846/5362 [00:32<03:09, 23.85it/s] 16%|█▌        | 849/5362 [00:32<03:08, 23.92it/s] 16%|█▌        | 852/5362 [00:32<03:08, 23.97it/s] 16%|█▌        | 855/5362 [00:32<03:10, 23.67it/s] 16%|█▌        | 858/5362 [00:32<03:08, 23.91it/s] 16%|█▌        | 861/5362 [00:32<03:09, 23.74it/s] 16%|█▌        | 864/5362 [00:32<03:07, 23.96it/s] 16%|█▌        | 867/5362 [00:33<03:06, 24.13it/s] 16%|█▌        | 870/5362 [00:33<03:04, 24.36it/s] 16%|█▋        | 873/5362 [00:33<03:04, 24.28it/s] 16%|█▋        | 876/5362 [00:33<03:05, 24.22it/s] 16%|█▋        | 879/5362 [00:33<03:05, 24.19it/s] 16%|█▋        | 882/5362 [00:33<03:06, 24.04it/s] 17%|█▋        | 885/5362 [00:33<03:05, 24.17it/s] 17%|█▋        | 888/5362 [00:33<03:04, 24.27it/s] 17%|█▋        | 891/5362 [00:34<03:06, 23.96it/s] 17%|█▋        | 894/5362 [00:34<03:07, 23.88it/s] 17%|█▋        | 897/5362 [00:34<03:06, 23.95it/s] 17%|█▋        | 900/5362 [00:34<03:04, 24.13it/s] 17%|█▋        | 903/5362 [00:34<03:03, 24.24it/s] 17%|█▋        | 906/5362 [00:34<03:08, 23.68it/s] 17%|█▋        | 909/5362 [00:34<03:10, 23.36it/s] 17%|█▋        | 912/5362 [00:34<03:13, 23.02it/s] 17%|█▋        | 915/5362 [00:35<03:14, 22.88it/s] 17%|█▋        | 918/5362 [00:35<03:12, 23.13it/s] 17%|█▋        | 921/5362 [00:35<03:10, 23.30it/s] 17%|█▋        | 924/5362 [00:35<03:08, 23.54it/s] 17%|█▋        | 927/5362 [00:35<03:06, 23.82it/s] 17%|█▋        | 930/5362 [00:35<03:00, 24.58it/s] 17%|█▋        | 933/5362 [00:35<02:51, 25.82it/s] 17%|█▋        | 937/5362 [00:35<02:44, 26.86it/s] 18%|█▊        | 940/5362 [00:36<02:47, 26.41it/s] 18%|█▊        | 943/5362 [00:36<02:43, 27.09it/s] 18%|█▊        | 946/5362 [00:36<02:47, 26.42it/s] 18%|█▊        | 949/5362 [00:36<02:55, 25.21it/s] 18%|█▊        | 952/5362 [00:36<02:50, 25.82it/s] 18%|█▊        | 955/5362 [00:36<02:53, 25.46it/s] 18%|█▊        | 958/5362 [00:36<02:49, 25.92it/s] 18%|█▊        | 961/5362 [00:36<02:45, 26.59it/s] 18%|█▊        | 964/5362 [00:37<02:43, 26.83it/s] 18%|█▊        | 967/5362 [00:37<02:46, 26.45it/s] 18%|█▊        | 970/5362 [00:37<02:43, 26.79it/s] 18%|█▊        | 973/5362 [00:37<02:38, 27.63it/s] 18%|█▊        | 976/5362 [00:37<02:37, 27.79it/s] 18%|█▊        | 979/5362 [00:37<02:43, 26.81it/s] 18%|█▊        | 982/5362 [00:37<02:39, 27.43it/s] 18%|█▊        | 985/5362 [00:37<02:41, 27.03it/s] 18%|█▊        | 988/5362 [00:37<02:41, 27.05it/s] 18%|█▊        | 991/5362 [00:38<02:43, 26.73it/s] 19%|█▊        | 994/5362 [00:38<02:44, 26.61it/s] 19%|█▊        | 997/5362 [00:38<02:48, 25.87it/s] 19%|█▊        | 1000/5362 [00:38<02:45, 26.39it/s] 19%|█▊        | 1004/5362 [00:38<02:40, 27.14it/s] 19%|█▉        | 1007/5362 [00:38<02:38, 27.53it/s] 19%|█▉        | 1010/5362 [00:38<02:42, 26.77it/s] 19%|█▉        | 1013/5362 [00:38<02:49, 25.61it/s] 19%|█▉        | 1016/5362 [00:38<02:44, 26.38it/s] 19%|█▉        | 1019/5362 [00:39<02:47, 25.99it/s] 19%|█▉        | 1022/5362 [00:39<02:51, 25.24it/s] 19%|█▉        | 1025/5362 [00:39<02:47, 25.88it/s] 19%|█▉        | 1028/5362 [00:39<02:41, 26.77it/s] 19%|█▉        | 1031/5362 [00:39<02:41, 26.78it/s] 19%|█▉        | 1034/5362 [00:39<02:46, 26.05it/s] 19%|█▉        | 1037/5362 [00:39<02:40, 26.87it/s] 19%|█▉        | 1040/5362 [00:39<02:47, 25.83it/s] 19%|█▉        | 1043/5362 [00:39<02:46, 25.96it/s] 20%|█▉        | 1046/5362 [00:40<02:41, 26.80it/s] 20%|█▉        | 1049/5362 [00:40<02:45, 26.13it/s] 20%|█▉        | 1052/5362 [00:40<02:44, 26.21it/s] 20%|█▉        | 1055/5362 [00:40<02:42, 26.49it/s] 20%|█▉        | 1058/5362 [00:40<02:38, 27.12it/s] 20%|█▉        | 1061/5362 [00:40<02:42, 26.40it/s] 20%|█▉        | 1064/5362 [00:40<02:44, 26.20it/s] 20%|█▉        | 1067/5362 [00:40<02:44, 26.03it/s] 20%|█▉        | 1070/5362 [00:41<02:44, 26.09it/s] 20%|██        | 1074/5362 [00:41<02:38, 27.11it/s] 20%|██        | 1077/5362 [00:41<02:36, 27.35it/s] 20%|██        | 1080/5362 [00:41<02:35, 27.50it/s] 20%|██        | 1083/5362 [00:41<02:34, 27.76it/s] 20%|██        | 1086/5362 [00:41<02:42, 26.26it/s] 20%|██        | 1089/5362 [00:41<02:43, 26.14it/s] 20%|██        | 1092/5362 [00:41<02:38, 26.88it/s] 20%|██        | 1095/5362 [00:41<02:45, 25.71it/s] 20%|██        | 1098/5362 [00:42<02:52, 24.79it/s] 21%|██        | 1101/5362 [00:42<02:55, 24.24it/s] 21%|██        | 1104/5362 [00:42<02:48, 25.31it/s] 21%|██        | 1107/5362 [00:42<02:46, 25.61it/s] 21%|██        | 1110/5362 [00:42<02:44, 25.85it/s] 21%|██        | 1113/5362 [00:42<02:41, 26.28it/s] 21%|██        | 1116/5362 [00:42<02:41, 26.30it/s] 21%|██        | 1119/5362 [00:42<02:43, 25.96it/s] 21%|██        | 1122/5362 [00:42<02:36, 27.04it/s] 21%|██        | 1125/5362 [00:43<02:39, 26.55it/s] 21%|██        | 1128/5362 [00:43<02:38, 26.77it/s] 21%|██        | 1131/5362 [00:43<02:37, 26.78it/s] 21%|██        | 1134/5362 [00:43<02:42, 26.03it/s] 21%|██        | 1137/5362 [00:43<02:40, 26.24it/s] 21%|██▏       | 1140/5362 [00:43<02:41, 26.12it/s] 21%|██▏       | 1143/5362 [00:43<02:37, 26.84it/s] 21%|██▏       | 1146/5362 [00:43<02:33, 27.46it/s] 21%|██▏       | 1149/5362 [00:43<02:30, 28.05it/s] 21%|██▏       | 1152/5362 [00:44<02:37, 26.67it/s] 22%|██▏       | 1155/5362 [00:44<02:39, 26.33it/s] 22%|██▏       | 1158/5362 [00:44<02:44, 25.62it/s] 22%|██▏       | 1161/5362 [00:44<02:38, 26.53it/s] 22%|██▏       | 1164/5362 [00:44<02:32, 27.46it/s] 22%|██▏       | 1167/5362 [00:44<02:31, 27.70it/s] 22%|██▏       | 1170/5362 [00:44<02:36, 26.77it/s] 22%|██▏       | 1173/5362 [00:44<02:32, 27.40it/s] 22%|██▏       | 1176/5362 [00:44<02:30, 27.73it/s] 22%|██▏       | 1179/5362 [00:45<02:31, 27.63it/s] 22%|██▏       | 1182/5362 [00:45<02:37, 26.50it/s] 22%|██▏       | 1185/5362 [00:45<02:47, 24.98it/s] 22%|██▏       | 1188/5362 [00:45<02:43, 25.49it/s] 22%|██▏       | 1191/5362 [00:45<02:40, 25.91it/s] 22%|██▏       | 1194/5362 [00:45<02:36, 26.66it/s] 22%|██▏       | 1197/5362 [00:45<02:34, 26.96it/s] 22%|██▏       | 1200/5362 [00:45<02:39, 26.07it/s] 22%|██▏       | 1203/5362 [00:46<02:40, 25.90it/s] 22%|██▏       | 1206/5362 [00:46<02:38, 26.21it/s] 23%|██▎       | 1209/5362 [00:46<02:43, 25.45it/s] 23%|██▎       | 1212/5362 [00:46<02:39, 26.06it/s] 23%|██▎       | 1215/5362 [00:46<02:41, 25.71it/s] 23%|██▎       | 1218/5362 [00:46<02:43, 25.36it/s] 23%|██▎       | 1221/5362 [00:46<02:42, 25.56it/s] 23%|██▎       | 1224/5362 [00:46<02:38, 26.06it/s] 23%|██▎       | 1227/5362 [00:46<02:34, 26.74it/s] 23%|██▎       | 1230/5362 [00:47<02:37, 26.18it/s] 23%|██▎       | 1233/5362 [00:47<02:39, 25.86it/s] 23%|██▎       | 1236/5362 [00:47<02:43, 25.29it/s] 23%|██▎       | 1239/5362 [00:47<02:42, 25.39it/s] 23%|██▎       | 1242/5362 [00:47<02:35, 26.49it/s] 23%|██▎       | 1245/5362 [00:47<02:32, 27.04it/s] 23%|██▎       | 1248/5362 [00:47<02:37, 26.20it/s] 23%|██▎       | 1251/5362 [00:47<02:40, 25.59it/s] 23%|██▎       | 1254/5362 [00:47<02:37, 26.13it/s] 23%|██▎       | 1257/5362 [00:48<02:43, 25.08it/s] 23%|██▎       | 1260/5362 [00:48<02:39, 25.71it/s] 24%|██▎       | 1263/5362 [00:48<02:36, 26.14it/s] 24%|██▎       | 1266/5362 [00:48<02:33, 26.65it/s] 24%|██▎       | 1269/5362 [00:48<02:34, 26.47it/s] 24%|██▎       | 1272/5362 [00:48<02:34, 26.39it/s] 24%|██▍       | 1275/5362 [00:48<02:33, 26.67it/s] 24%|██▍       | 1278/5362 [00:48<02:28, 27.42it/s] 24%|██▍       | 1281/5362 [00:49<02:28, 27.45it/s] 24%|██▍       | 1284/5362 [00:49<02:34, 26.39it/s] 24%|██▍       | 1287/5362 [00:49<02:31, 26.83it/s] 24%|██▍       | 1291/5362 [00:49<02:28, 27.48it/s] 24%|██▍       | 1294/5362 [00:49<02:27, 27.54it/s] 24%|██▍       | 1297/5362 [00:49<02:27, 27.54it/s] 24%|██▍       | 1300/5362 [00:49<02:34, 26.38it/s] 24%|██▍       | 1303/5362 [00:49<02:32, 26.63it/s] 24%|██▍       | 1306/5362 [00:49<02:29, 27.09it/s] 24%|██▍       | 1309/5362 [00:50<02:25, 27.79it/s] 24%|██▍       | 1312/5362 [00:50<02:31, 26.72it/s] 25%|██▍       | 1315/5362 [00:50<02:28, 27.34it/s] 25%|██▍       | 1318/5362 [00:50<02:28, 27.25it/s] 25%|██▍       | 1321/5362 [00:50<02:26, 27.61it/s] 25%|██▍       | 1324/5362 [00:50<02:29, 26.92it/s] 25%|██▍       | 1327/5362 [00:50<02:31, 26.72it/s] 25%|██▍       | 1330/5362 [00:50<02:29, 26.93it/s] 25%|██▍       | 1333/5362 [00:50<02:28, 27.17it/s] 25%|██▍       | 1336/5362 [00:51<02:30, 26.82it/s] 25%|██▍       | 1339/5362 [00:51<02:29, 26.83it/s] 25%|██▌       | 1342/5362 [00:51<02:25, 27.58it/s] 25%|██▌       | 1346/5362 [00:51<02:22, 28.09it/s] 25%|██▌       | 1349/5362 [00:51<02:21, 28.42it/s] 25%|██▌       | 1352/5362 [00:51<02:22, 28.18it/s] 25%|██▌       | 1355/5362 [00:51<02:19, 28.67it/s] 25%|██▌       | 1358/5362 [00:51<02:23, 27.87it/s] 25%|██▌       | 1361/5362 [00:51<02:26, 27.29it/s] 25%|██▌       | 1364/5362 [00:52<02:25, 27.46it/s] 26%|██▌       | 1368/5362 [00:52<02:22, 27.96it/s] 26%|██▌       | 1372/5362 [00:52<02:20, 28.30it/s] 26%|██▌       | 1375/5362 [00:52<02:20, 28.44it/s] 26%|██▌       | 1378/5362 [00:52<02:24, 27.56it/s] 26%|██▌       | 1381/5362 [00:52<02:28, 26.81it/s] 26%|██▌       | 1385/5362 [00:52<02:24, 27.47it/s] 26%|██▌       | 1388/5362 [00:52<02:24, 27.45it/s] 26%|██▌       | 1391/5362 [00:53<02:25, 27.32it/s] 26%|██▌       | 1394/5362 [00:53<02:22, 27.93it/s] 26%|██▌       | 1397/5362 [00:53<02:27, 26.80it/s] 26%|██▌       | 1401/5362 [00:53<02:22, 27.80it/s] 26%|██▌       | 1404/5362 [00:53<02:20, 28.25it/s] 26%|██▌       | 1407/5362 [00:53<02:18, 28.52it/s] 26%|██▋       | 1410/5362 [00:53<02:22, 27.71it/s] 26%|██▋       | 1414/5362 [00:53<02:21, 27.91it/s] 26%|██▋       | 1417/5362 [00:53<02:24, 27.28it/s] 27%|██▋       | 1421/5362 [00:54<02:20, 28.02it/s] 27%|██▋       | 1424/5362 [00:54<02:18, 28.38it/s] 27%|██▋       | 1427/5362 [00:54<02:22, 27.63it/s] 27%|██▋       | 1430/5362 [00:54<02:20, 28.05it/s] 27%|██▋       | 1433/5362 [00:54<02:20, 28.04it/s] 27%|██▋       | 1436/5362 [00:54<02:19, 28.08it/s] 27%|██▋       | 1441/5362 [00:54<01:54, 34.14it/s] 27%|██▋       | 1447/5362 [00:54<01:39, 39.34it/s] 27%|██▋       | 1453/5362 [00:54<01:30, 43.03it/s] 27%|██▋       | 1459/5362 [00:55<01:25, 45.51it/s] 27%|██▋       | 1464/5362 [00:55<01:23, 46.53it/s] 27%|██▋       | 1470/5362 [00:55<01:21, 47.86it/s] 28%|██▊       | 1476/5362 [00:55<01:19, 48.68it/s] 28%|██▊       | 1482/5362 [00:55<01:18, 49.26it/s] 28%|██▊       | 1488/5362 [00:55<01:17, 49.82it/s] 28%|██▊       | 1494/5362 [00:55<01:17, 49.88it/s] 28%|██▊       | 1499/5362 [00:55<01:21, 47.59it/s] 28%|██▊       | 1504/5362 [00:56<01:33, 41.43it/s] 28%|██▊       | 1509/5362 [00:56<01:48, 35.38it/s] 28%|██▊       | 1513/5362 [00:56<01:59, 32.19it/s] 28%|██▊       | 1517/5362 [00:56<02:08, 30.02it/s] 28%|██▊       | 1521/5362 [00:56<02:14, 28.66it/s] 28%|██▊       | 1524/5362 [00:56<02:17, 27.85it/s] 28%|██▊       | 1527/5362 [00:56<02:20, 27.34it/s] 29%|██▊       | 1530/5362 [00:57<02:22, 26.94it/s] 29%|██▊       | 1533/5362 [00:57<02:24, 26.47it/s] 29%|██▊       | 1536/5362 [00:57<02:25, 26.30it/s] 29%|██▊       | 1539/5362 [00:57<02:26, 26.04it/s] 29%|██▉       | 1542/5362 [00:57<02:30, 25.46it/s] 29%|██▉       | 1545/5362 [00:57<02:31, 25.19it/s] 29%|██▉       | 1548/5362 [00:57<02:31, 25.25it/s] 29%|██▉       | 1551/5362 [00:57<02:30, 25.30it/s] 29%|██▉       | 1554/5362 [00:58<02:30, 25.32it/s] 29%|██▉       | 1557/5362 [00:58<02:30, 25.34it/s] 29%|██▉       | 1560/5362 [00:58<02:29, 25.50it/s] 29%|██▉       | 1563/5362 [00:58<02:28, 25.60it/s] 29%|██▉       | 1566/5362 [00:58<02:27, 25.68it/s] 29%|██▉       | 1569/5362 [00:58<02:27, 25.72it/s] 29%|██▉       | 1572/5362 [00:58<02:27, 25.77it/s] 29%|██▉       | 1575/5362 [00:58<02:27, 25.66it/s] 29%|██▉       | 1578/5362 [00:58<02:27, 25.72it/s] 29%|██▉       | 1581/5362 [00:59<02:26, 25.75it/s] 30%|██▉       | 1584/5362 [00:59<02:26, 25.78it/s] 30%|██▉       | 1587/5362 [00:59<02:27, 25.53it/s] 30%|██▉       | 1590/5362 [00:59<02:27, 25.62it/s] 30%|██▉       | 1593/5362 [00:59<02:28, 25.30it/s] 30%|██▉       | 1596/5362 [00:59<02:27, 25.46it/s] 30%|██▉       | 1599/5362 [00:59<02:27, 25.59it/s] 30%|██▉       | 1602/5362 [00:59<02:27, 25.54it/s] 30%|██▉       | 1605/5362 [01:00<02:26, 25.63it/s] 30%|██▉       | 1608/5362 [01:00<02:26, 25.70it/s] 30%|███       | 1612/5362 [01:00<02:11, 28.54it/s] 30%|███       | 1618/5362 [01:00<01:46, 35.18it/s] 30%|███       | 1624/5362 [01:00<01:34, 39.76it/s] 30%|███       | 1629/5362 [01:00<01:28, 42.28it/s] 30%|███       | 1634/5362 [01:00<01:24, 44.29it/s] 31%|███       | 1639/5362 [01:00<01:21, 45.81it/s] 31%|███       | 1644/5362 [01:00<01:19, 46.79it/s] 31%|███       | 1649/5362 [01:01<01:26, 43.07it/s] 31%|███       | 1654/5362 [01:01<01:43, 35.87it/s] 31%|███       | 1658/5362 [01:01<01:53, 32.64it/s] 31%|███       | 1662/5362 [01:01<02:02, 30.11it/s] 31%|███       | 1666/5362 [01:01<02:10, 28.22it/s] 31%|███       | 1669/5362 [01:01<02:13, 27.65it/s] 31%|███       | 1672/5362 [01:01<02:16, 27.07it/s] 31%|███       | 1675/5362 [01:02<02:17, 26.76it/s] 31%|███▏      | 1678/5362 [01:02<02:18, 26.52it/s] 31%|███▏      | 1681/5362 [01:02<02:19, 26.34it/s] 31%|███▏      | 1684/5362 [01:02<02:20, 26.21it/s] 31%|███▏      | 1687/5362 [01:02<02:20, 26.10it/s] 32%|███▏      | 1690/5362 [01:02<02:21, 26.04it/s] 32%|███▏      | 1693/5362 [01:02<02:21, 25.99it/s] 32%|███▏      | 1696/5362 [01:02<02:21, 25.97it/s] 32%|███▏      | 1699/5362 [01:02<02:21, 25.80it/s] 32%|███▏      | 1702/5362 [01:03<02:21, 25.83it/s] 32%|███▏      | 1705/5362 [01:03<02:22, 25.70it/s] 32%|███▏      | 1708/5362 [01:03<02:22, 25.60it/s] 32%|███▏      | 1711/5362 [01:03<02:22, 25.55it/s] 32%|███▏      | 1714/5362 [01:03<02:22, 25.65it/s] 32%|███▏      | 1717/5362 [01:03<02:21, 25.72it/s] 32%|███▏      | 1720/5362 [01:03<02:21, 25.78it/s] 32%|███▏      | 1723/5362 [01:03<02:20, 25.81it/s] 32%|███▏      | 1726/5362 [01:04<02:20, 25.84it/s] 32%|███▏      | 1729/5362 [01:04<02:21, 25.71it/s] 32%|███▏      | 1732/5362 [01:04<02:21, 25.62it/s] 32%|███▏      | 1735/5362 [01:04<02:21, 25.55it/s] 32%|███▏      | 1738/5362 [01:04<02:21, 25.65it/s] 32%|███▏      | 1741/5362 [01:04<02:20, 25.71it/s] 33%|███▎      | 1744/5362 [01:04<02:21, 25.62it/s] 33%|███▎      | 1747/5362 [01:04<02:22, 25.43it/s] 33%|███▎      | 1750/5362 [01:04<02:23, 25.15it/s] 33%|███▎      | 1753/5362 [01:05<02:23, 25.24it/s] 33%|███▎      | 1756/5362 [01:05<02:22, 25.29it/s] 33%|███▎      | 1759/5362 [01:05<02:21, 25.46it/s] 33%|███▎      | 1762/5362 [01:05<02:20, 25.57it/s] 33%|███▎      | 1765/5362 [01:05<02:20, 25.67it/s] 33%|███▎      | 1768/5362 [01:05<02:23, 25.06it/s] 33%|███▎      | 1771/5362 [01:05<02:21, 25.30it/s] 33%|███▎      | 1774/5362 [01:05<02:20, 25.47it/s] 33%|███▎      | 1777/5362 [01:06<02:20, 25.45it/s] 33%|███▎      | 1780/5362 [01:06<02:25, 24.54it/s] 33%|███▎      | 1783/5362 [01:06<02:24, 24.79it/s] 33%|███▎      | 1786/5362 [01:06<02:22, 25.12it/s] 33%|███▎      | 1789/5362 [01:06<02:21, 25.21it/s] 33%|███▎      | 1792/5362 [01:06<02:20, 25.41it/s] 33%|███▎      | 1795/5362 [01:06<02:19, 25.55it/s] 34%|███▎      | 1798/5362 [01:06<02:18, 25.65it/s] 34%|███▎      | 1801/5362 [01:06<02:18, 25.74it/s] 34%|███▎      | 1804/5362 [01:07<02:18, 25.66it/s] 34%|███▎      | 1807/5362 [01:07<02:18, 25.71it/s] 34%|███▍      | 1810/5362 [01:07<02:26, 24.29it/s] 34%|███▍      | 1813/5362 [01:07<02:24, 24.62it/s] 34%|███▍      | 1816/5362 [01:07<02:21, 24.99it/s] 34%|███▍      | 1819/5362 [01:07<02:20, 25.26it/s] 34%|███▍      | 1822/5362 [01:07<02:19, 25.46it/s] 34%|███▍      | 1825/5362 [01:07<02:18, 25.60it/s] 34%|███▍      | 1828/5362 [01:08<02:17, 25.69it/s] 34%|███▍      | 1831/5362 [01:08<02:17, 25.74it/s] 34%|███▍      | 1834/5362 [01:08<02:16, 25.79it/s] 34%|███▍      | 1837/5362 [01:08<02:16, 25.82it/s] 34%|███▍      | 1840/5362 [01:08<02:16, 25.85it/s] 34%|███▍      | 1843/5362 [01:08<02:12, 26.53it/s] 34%|███▍      | 1846/5362 [01:08<02:10, 27.01it/s] 34%|███▍      | 1849/5362 [01:08<02:10, 26.98it/s] 35%|███▍      | 1852/5362 [01:08<02:08, 27.39it/s] 35%|███▍      | 1855/5362 [01:09<02:12, 26.57it/s] 35%|███▍      | 1859/5362 [01:09<02:07, 27.43it/s] 35%|███▍      | 1863/5362 [01:09<02:04, 28.01it/s] 35%|███▍      | 1867/5362 [01:09<02:03, 28.31it/s] 35%|███▍      | 1871/5362 [01:09<02:02, 28.52it/s] 35%|███▍      | 1875/5362 [01:09<02:01, 28.76it/s] 35%|███▌      | 1878/5362 [01:09<02:00, 28.93it/s] 35%|███▌      | 1882/5362 [01:09<02:00, 28.96it/s] 35%|███▌      | 1885/5362 [01:10<01:59, 29.22it/s] 35%|███▌      | 1888/5362 [01:10<01:59, 29.00it/s] 35%|███▌      | 1891/5362 [01:10<02:02, 28.38it/s] 35%|███▌      | 1894/5362 [01:10<02:01, 28.59it/s] 35%|███▌      | 1897/5362 [01:10<02:00, 28.73it/s] 35%|███▌      | 1900/5362 [01:10<02:02, 28.33it/s] 35%|███▌      | 1903/5362 [01:10<02:03, 27.93it/s] 36%|███▌      | 1906/5362 [01:10<02:04, 27.78it/s] 36%|███▌      | 1910/5362 [01:10<02:02, 28.20it/s] 36%|███▌      | 1913/5362 [01:11<02:02, 28.26it/s] 36%|███▌      | 1917/5362 [01:11<02:00, 28.55it/s] 36%|███▌      | 1920/5362 [01:11<01:59, 28.80it/s] 36%|███▌      | 1923/5362 [01:11<02:03, 27.91it/s] 36%|███▌      | 1926/5362 [01:11<02:00, 28.42it/s] 36%|███▌      | 1929/5362 [01:11<02:00, 28.49it/s] 36%|███▌      | 1932/5362 [01:11<01:58, 28.89it/s] 36%|███▌      | 1935/5362 [01:11<02:02, 27.93it/s] 36%|███▌      | 1938/5362 [01:11<02:00, 28.43it/s] 36%|███▌      | 1942/5362 [01:12<01:59, 28.68it/s] 36%|███▋      | 1946/5362 [01:12<01:58, 28.81it/s] 36%|███▋      | 1949/5362 [01:12<01:57, 28.96it/s] 36%|███▋      | 1952/5362 [01:12<02:01, 28.08it/s] 36%|███▋      | 1955/5362 [01:12<02:04, 27.26it/s] 37%|███▋      | 1958/5362 [01:12<02:03, 27.53it/s] 37%|███▋      | 1962/5362 [01:12<02:00, 28.23it/s] 37%|███▋      | 1966/5362 [01:12<01:58, 28.58it/s] 37%|███▋      | 1969/5362 [01:13<01:57, 28.88it/s] 37%|███▋      | 1972/5362 [01:13<01:58, 28.61it/s] 37%|███▋      | 1975/5362 [01:13<02:02, 27.70it/s] 37%|███▋      | 1979/5362 [01:13<01:59, 28.35it/s] 37%|███▋      | 1982/5362 [01:13<01:57, 28.64it/s] 37%|███▋      | 1985/5362 [01:13<01:57, 28.80it/s] 37%|███▋      | 1988/5362 [01:13<02:00, 28.02it/s] 37%|███▋      | 1991/5362 [01:13<02:02, 27.50it/s] 37%|███▋      | 1995/5362 [01:13<02:00, 27.99it/s] 37%|███▋      | 1999/5362 [01:14<01:58, 28.33it/s] 37%|███▋      | 2002/5362 [01:14<01:57, 28.55it/s] 37%|███▋      | 2005/5362 [01:14<01:56, 28.93it/s] 37%|███▋      | 2008/5362 [01:14<02:00, 27.85it/s] 38%|███▊      | 2012/5362 [01:14<01:58, 28.32it/s] 38%|███▊      | 2015/5362 [01:14<01:57, 28.40it/s] 38%|███▊      | 2018/5362 [01:14<02:02, 27.22it/s] 38%|███▊      | 2022/5362 [01:14<01:59, 27.99it/s] 38%|███▊      | 2025/5362 [01:15<01:57, 28.33it/s] 38%|███▊      | 2028/5362 [01:15<02:00, 27.59it/s] 38%|███▊      | 2032/5362 [01:15<01:58, 28.01it/s] 38%|███▊      | 2036/5362 [01:15<01:57, 28.39it/s] 38%|███▊      | 2039/5362 [01:15<01:56, 28.60it/s] 38%|███▊      | 2042/5362 [01:15<01:56, 28.48it/s] 38%|███▊      | 2045/5362 [01:15<01:57, 28.35it/s] 38%|███▊      | 2048/5362 [01:15<01:58, 27.85it/s] 38%|███▊      | 2051/5362 [01:15<01:58, 27.98it/s] 38%|███▊      | 2054/5362 [01:16<01:59, 27.66it/s] 38%|███▊      | 2057/5362 [01:16<01:59, 27.60it/s] 38%|███▊      | 2060/5362 [01:16<01:57, 28.11it/s] 38%|███▊      | 2063/5362 [01:16<02:00, 27.36it/s] 39%|███▊      | 2066/5362 [01:16<01:58, 27.86it/s] 39%|███▊      | 2070/5362 [01:16<01:56, 28.24it/s] 39%|███▊      | 2074/5362 [01:16<01:55, 28.48it/s] 39%|███▉      | 2078/5362 [01:16<01:54, 28.68it/s] 39%|███▉      | 2081/5362 [01:17<01:57, 27.84it/s] 39%|███▉      | 2084/5362 [01:17<01:55, 28.27it/s] 39%|███▉      | 2087/5362 [01:17<01:58, 27.61it/s] 39%|███▉      | 2090/5362 [01:17<01:59, 27.38it/s] 39%|███▉      | 2093/5362 [01:17<01:58, 27.60it/s] 39%|███▉      | 2097/5362 [01:17<01:56, 28.06it/s] 39%|███▉      | 2100/5362 [01:17<01:56, 28.05it/s] 39%|███▉      | 2103/5362 [01:17<01:57, 27.85it/s] 39%|███▉      | 2106/5362 [01:17<01:54, 28.42it/s] 39%|███▉      | 2110/5362 [01:18<01:53, 28.70it/s] 39%|███▉      | 2113/5362 [01:18<01:54, 28.40it/s] 39%|███▉      | 2116/5362 [01:18<01:54, 28.36it/s] 40%|███▉      | 2119/5362 [01:18<01:55, 28.06it/s] 40%|███▉      | 2122/5362 [01:18<01:57, 27.62it/s] 40%|███▉      | 2125/5362 [01:18<01:56, 27.80it/s] 40%|███▉      | 2129/5362 [01:18<01:54, 28.24it/s] 40%|███▉      | 2132/5362 [01:18<01:54, 28.23it/s] 40%|███▉      | 2135/5362 [01:18<01:54, 28.12it/s] 40%|███▉      | 2138/5362 [01:19<01:55, 27.82it/s] 40%|███▉      | 2142/5362 [01:19<01:54, 28.24it/s] 40%|████      | 2145/5362 [01:19<01:52, 28.60it/s] 40%|████      | 2148/5362 [01:19<01:53, 28.30it/s] 40%|████      | 2151/5362 [01:19<01:55, 27.78it/s] 40%|████      | 2154/5362 [01:19<01:58, 27.03it/s] 40%|████      | 2157/5362 [01:19<01:55, 27.82it/s] 40%|████      | 2160/5362 [01:19<01:54, 27.85it/s] 40%|████      | 2163/5362 [01:19<01:55, 27.79it/s] 40%|████      | 2166/5362 [01:20<01:55, 27.75it/s] 40%|████      | 2169/5362 [01:20<01:55, 27.67it/s] 41%|████      | 2172/5362 [01:20<01:56, 27.49it/s] 41%|████      | 2175/5362 [01:20<01:53, 28.13it/s] 41%|████      | 2178/5362 [01:20<01:56, 27.40it/s] 41%|████      | 2181/5362 [01:20<01:54, 27.72it/s] 41%|████      | 2184/5362 [01:20<01:52, 28.31it/s] 41%|████      | 2187/5362 [01:20<01:50, 28.76it/s] 41%|████      | 2190/5362 [01:20<01:53, 28.05it/s] 41%|████      | 2193/5362 [01:21<01:53, 27.87it/s] 41%|████      | 2196/5362 [01:21<01:52, 28.17it/s] 41%|████      | 2199/5362 [01:21<01:50, 28.54it/s] 41%|████      | 2202/5362 [01:21<01:54, 27.58it/s] 41%|████      | 2206/5362 [01:21<01:53, 27.74it/s] 41%|████      | 2209/5362 [01:21<01:52, 27.95it/s] 41%|████▏     | 2213/5362 [01:21<01:51, 28.33it/s] 41%|████▏     | 2216/5362 [01:21<01:49, 28.72it/s] 41%|████▏     | 2219/5362 [01:21<01:49, 28.81it/s] 41%|████▏     | 2222/5362 [01:22<01:52, 27.87it/s] 42%|████▏     | 2226/5362 [01:22<01:49, 28.58it/s] 42%|████▏     | 2229/5362 [01:22<01:48, 28.82it/s] 42%|████▏     | 2232/5362 [01:22<01:48, 28.84it/s] 42%|████▏     | 2235/5362 [01:22<01:52, 27.91it/s] 42%|████▏     | 2238/5362 [01:22<01:50, 28.37it/s] 42%|████▏     | 2241/5362 [01:22<01:48, 28.82it/s] 42%|████▏     | 2244/5362 [01:22<01:50, 28.27it/s] 42%|████▏     | 2247/5362 [01:22<01:49, 28.49it/s] 42%|████▏     | 2251/5362 [01:23<01:50, 28.17it/s] 42%|████▏     | 2254/5362 [01:23<01:53, 27.45it/s] 42%|████▏     | 2257/5362 [01:23<01:53, 27.33it/s] 42%|████▏     | 2260/5362 [01:23<01:52, 27.62it/s] 42%|████▏     | 2263/5362 [01:23<01:53, 27.27it/s] 42%|████▏     | 2267/5362 [01:23<01:50, 27.99it/s] 42%|████▏     | 2271/5362 [01:23<01:48, 28.49it/s] 42%|████▏     | 2275/5362 [01:23<01:47, 28.74it/s] 43%|████▎     | 2279/5362 [01:24<01:46, 28.83it/s] 43%|████▎     | 2282/5362 [01:24<01:46, 28.89it/s] 43%|████▎     | 2285/5362 [01:24<01:48, 28.39it/s] 43%|████▎     | 2289/5362 [01:24<01:46, 28.82it/s] 43%|████▎     | 2292/5362 [01:24<01:46, 28.90it/s] 43%|████▎     | 2295/5362 [01:24<01:46, 28.72it/s] 43%|████▎     | 2298/5362 [01:24<01:48, 28.27it/s] 43%|████▎     | 2301/5362 [01:24<01:48, 28.14it/s] 43%|████▎     | 2305/5362 [01:25<01:46, 28.71it/s] 43%|████▎     | 2308/5362 [01:25<01:46, 28.73it/s] 43%|████▎     | 2311/5362 [01:25<01:48, 28.02it/s] 43%|████▎     | 2314/5362 [01:25<01:49, 27.81it/s] 43%|████▎     | 2317/5362 [01:25<01:47, 28.38it/s] 43%|████▎     | 2320/5362 [01:25<01:50, 27.61it/s] 43%|████▎     | 2324/5362 [01:25<01:47, 28.20it/s] 43%|████▎     | 2327/5362 [01:25<01:46, 28.61it/s] 43%|████▎     | 2330/5362 [01:25<01:45, 28.74it/s] 44%|████▎     | 2333/5362 [01:26<01:48, 27.88it/s] 44%|████▎     | 2337/5362 [01:26<01:47, 28.22it/s] 44%|████▎     | 2341/5362 [01:26<01:45, 28.62it/s] 44%|████▎     | 2344/5362 [01:26<01:45, 28.54it/s] 44%|████▍     | 2347/5362 [01:26<01:44, 28.80it/s] 44%|████▍     | 2350/5362 [01:26<01:49, 27.44it/s] 44%|████▍     | 2353/5362 [01:26<01:49, 27.40it/s] 44%|████▍     | 2356/5362 [01:26<01:47, 27.88it/s] 44%|████▍     | 2359/5362 [01:27<03:10, 15.74it/s] 44%|████▍     | 2362/5362 [01:27<02:44, 18.28it/s] 44%|████▍     | 2365/5362 [01:27<02:26, 20.41it/s] 44%|████▍     | 2368/5362 [01:27<02:17, 21.74it/s] 44%|████▍     | 2371/5362 [01:27<02:07, 23.43it/s] 44%|████▍     | 2375/5362 [01:27<01:57, 25.51it/s] 44%|████▍     | 2378/5362 [01:27<01:53, 26.21it/s] 44%|████▍     | 2381/5362 [01:27<01:54, 26.12it/s] 44%|████▍     | 2384/5362 [01:28<02:00, 24.76it/s] 45%|████▍     | 2389/5362 [01:28<01:36, 30.81it/s] 45%|████▍     | 2395/5362 [01:28<01:21, 36.62it/s] 45%|████▍     | 2401/5362 [01:28<01:12, 40.70it/s] 45%|████▍     | 2406/5362 [01:28<01:12, 40.79it/s] 45%|████▍     | 2411/5362 [01:28<01:08, 43.19it/s] 45%|████▌     | 2416/5362 [01:28<01:05, 45.02it/s] 45%|████▌     | 2421/5362 [01:28<01:03, 46.27it/s] 45%|████▌     | 2426/5362 [01:28<01:02, 47.12it/s] 45%|████▌     | 2431/5362 [01:29<01:02, 47.01it/s] 45%|████▌     | 2436/5362 [01:29<01:01, 47.60it/s] 46%|████▌     | 2441/5362 [01:29<01:04, 45.46it/s] 46%|████▌     | 2446/5362 [01:29<01:05, 44.21it/s] 46%|████▌     | 2451/5362 [01:29<01:06, 44.09it/s] 46%|████▌     | 2456/5362 [01:29<01:15, 38.41it/s] 46%|████▌     | 2460/5362 [01:29<01:25, 34.03it/s] 46%|████▌     | 2464/5362 [01:30<01:33, 31.10it/s] 46%|████▌     | 2468/5362 [01:30<01:38, 29.44it/s] 46%|████▌     | 2472/5362 [01:30<01:42, 28.32it/s] 46%|████▌     | 2475/5362 [01:30<01:44, 27.59it/s] 46%|████▌     | 2478/5362 [01:30<01:50, 26.02it/s] 46%|████▋     | 2481/5362 [01:30<01:50, 25.98it/s] 46%|████▋     | 2484/5362 [01:30<01:52, 25.69it/s] 46%|████▋     | 2487/5362 [01:30<01:51, 25.74it/s] 46%|████▋     | 2490/5362 [01:31<01:51, 25.77it/s] 46%|████▋     | 2493/5362 [01:31<01:51, 25.65it/s] 47%|████▋     | 2496/5362 [01:31<01:51, 25.70it/s] 47%|████▋     | 2499/5362 [01:31<01:51, 25.62it/s] 47%|████▋     | 2502/5362 [01:31<01:51, 25.54it/s] 47%|████▋     | 2505/5362 [01:31<01:52, 25.50it/s] 47%|████▋     | 2508/5362 [01:31<01:51, 25.60it/s] 47%|████▋     | 2511/5362 [01:31<01:51, 25.68it/s] 47%|████▋     | 2514/5362 [01:32<01:51, 25.43it/s] 47%|████▋     | 2517/5362 [01:32<01:51, 25.56it/s] 47%|████▋     | 2520/5362 [01:32<01:50, 25.64it/s] 47%|████▋     | 2523/5362 [01:32<01:51, 25.56it/s] 47%|████▋     | 2526/5362 [01:32<01:50, 25.64it/s] 47%|████▋     | 2529/5362 [01:32<01:50, 25.70it/s] 47%|████▋     | 2532/5362 [01:32<01:49, 25.74it/s] 47%|████▋     | 2535/5362 [01:32<01:50, 25.64it/s] 47%|████▋     | 2538/5362 [01:32<01:49, 25.69it/s] 47%|████▋     | 2541/5362 [01:33<01:49, 25.75it/s] 47%|████▋     | 2544/5362 [01:33<01:50, 25.50it/s] 48%|████▊     | 2547/5362 [01:33<01:49, 25.60it/s] 48%|████▊     | 2550/5362 [01:33<01:50, 25.53it/s] 48%|████▊     | 2553/5362 [01:33<01:51, 25.22it/s] 48%|████▊     | 2556/5362 [01:33<01:51, 25.14it/s] 48%|████▊     | 2559/5362 [01:33<01:50, 25.37it/s] 48%|████▊     | 2562/5362 [01:33<01:48, 25.70it/s] 48%|████▊     | 2565/5362 [01:34<01:49, 25.62it/s] 48%|████▊     | 2568/5362 [01:34<01:49, 25.55it/s] 48%|████▊     | 2571/5362 [01:34<01:48, 25.66it/s] 48%|████▊     | 2574/5362 [01:34<01:48, 25.72it/s] 48%|████▊     | 2577/5362 [01:34<01:48, 25.65it/s] 48%|████▊     | 2580/5362 [01:34<01:48, 25.57it/s] 48%|████▊     | 2583/5362 [01:34<01:49, 25.38it/s] 48%|████▊     | 2586/5362 [01:34<01:49, 25.41it/s] 48%|████▊     | 2589/5362 [01:34<01:48, 25.56it/s] 48%|████▊     | 2592/5362 [01:35<01:48, 25.64it/s] 48%|████▊     | 2595/5362 [01:35<01:47, 25.72it/s] 48%|████▊     | 2598/5362 [01:35<01:47, 25.62it/s] 49%|████▊     | 2601/5362 [01:35<01:49, 25.15it/s] 49%|████▊     | 2604/5362 [01:35<01:49, 25.23it/s] 49%|████▊     | 2607/5362 [01:35<01:48, 25.29it/s] 49%|████▊     | 2610/5362 [01:35<01:48, 25.45it/s] 49%|████▊     | 2613/5362 [01:35<01:47, 25.45it/s] 49%|████▉     | 2616/5362 [01:36<01:48, 25.31it/s] 49%|████▉     | 2619/5362 [01:36<01:48, 25.34it/s] 49%|████▉     | 2622/5362 [01:36<01:48, 25.34it/s] 49%|████▉     | 2625/5362 [01:36<02:37, 17.42it/s] 49%|████▉     | 2628/5362 [01:36<02:23, 19.09it/s] 49%|████▉     | 2631/5362 [01:36<02:12, 20.54it/s] 49%|████▉     | 2634/5362 [01:36<02:05, 21.70it/s] 49%|████▉     | 2637/5362 [01:37<01:59, 22.80it/s] 49%|████▉     | 2640/5362 [01:37<01:56, 23.41it/s] 49%|████▉     | 2643/5362 [01:37<01:57, 23.05it/s] 49%|████▉     | 2646/5362 [01:37<01:53, 23.84it/s] 49%|████▉     | 2649/5362 [01:37<01:51, 24.42it/s] 49%|████▉     | 2652/5362 [01:37<01:49, 24.72it/s] 50%|████▉     | 2655/5362 [01:37<01:48, 25.06it/s] 50%|████▉     | 2658/5362 [01:37<01:46, 25.30it/s] 50%|████▉     | 2661/5362 [01:37<01:46, 25.46it/s] 50%|████▉     | 2664/5362 [01:38<01:45, 25.60it/s] 50%|████▉     | 2667/5362 [01:38<01:44, 25.67it/s] 50%|████▉     | 2670/5362 [01:38<01:47, 25.06it/s] 50%|████▉     | 2673/5362 [01:38<01:47, 25.03it/s] 50%|████▉     | 2676/5362 [01:38<01:47, 25.01it/s] 50%|████▉     | 2679/5362 [01:38<01:46, 25.13it/s] 50%|█████     | 2682/5362 [01:38<01:45, 25.36it/s] 50%|█████     | 2685/5362 [01:38<01:44, 25.52it/s] 50%|█████     | 2688/5362 [01:39<01:44, 25.62it/s] 50%|█████     | 2691/5362 [01:39<01:43, 25.71it/s] 50%|█████     | 2694/5362 [01:39<01:43, 25.74it/s] 50%|█████     | 2697/5362 [01:39<01:43, 25.66it/s] 50%|█████     | 2700/5362 [01:39<01:43, 25.61it/s] 50%|█████     | 2703/5362 [01:39<01:44, 25.56it/s] 50%|█████     | 2706/5362 [01:39<01:43, 25.67it/s] 51%|█████     | 2709/5362 [01:39<01:43, 25.75it/s] 51%|█████     | 2712/5362 [01:39<01:42, 25.79it/s] 51%|█████     | 2715/5362 [01:40<01:43, 25.69it/s] 51%|█████     | 2718/5362 [01:40<01:42, 25.74it/s] 51%|█████     | 2721/5362 [01:40<01:42, 25.80it/s] 51%|█████     | 2724/5362 [01:40<01:42, 25.83it/s] 51%|█████     | 2727/5362 [01:40<01:41, 25.84it/s] 51%|█████     | 2730/5362 [01:40<01:41, 25.86it/s] 51%|█████     | 2733/5362 [01:40<01:42, 25.69it/s] 51%|█████     | 2736/5362 [01:40<01:43, 25.37it/s] 51%|█████     | 2739/5362 [01:41<01:42, 25.52it/s] 51%|█████     | 2742/5362 [01:41<01:42, 25.63it/s] 51%|█████     | 2745/5362 [01:41<01:40, 26.08it/s] 51%|█████     | 2748/5362 [01:41<01:39, 26.15it/s] 51%|█████▏    | 2751/5362 [01:41<01:36, 27.10it/s] 51%|█████▏    | 2754/5362 [01:41<01:33, 27.81it/s] 51%|█████▏    | 2757/5362 [01:41<01:32, 28.13it/s] 51%|█████▏    | 2760/5362 [01:41<01:34, 27.43it/s] 52%|█████▏    | 2763/5362 [01:41<01:33, 27.71it/s] 52%|█████▏    | 2767/5362 [01:42<01:31, 28.25it/s] 52%|█████▏    | 2770/5362 [01:42<01:30, 28.67it/s] 52%|█████▏    | 2773/5362 [01:42<01:29, 28.92it/s] 52%|█████▏    | 2776/5362 [01:42<01:32, 27.83it/s] 52%|█████▏    | 2780/5362 [01:42<01:31, 28.33it/s] 52%|█████▏    | 2783/5362 [01:42<01:29, 28.66it/s] 52%|█████▏    | 2787/5362 [01:42<01:29, 28.81it/s] 52%|█████▏    | 2791/5362 [01:42<01:29, 28.73it/s] 52%|█████▏    | 2794/5362 [01:42<01:29, 28.65it/s] 52%|█████▏    | 2797/5362 [01:43<01:29, 28.61it/s] 52%|█████▏    | 2800/5362 [01:43<01:30, 28.16it/s] 52%|█████▏    | 2803/5362 [01:43<01:31, 28.00it/s] 52%|█████▏    | 2806/5362 [01:43<01:29, 28.45it/s] 52%|█████▏    | 2809/5362 [01:43<01:30, 28.06it/s] 52%|█████▏    | 2812/5362 [01:43<01:30, 28.13it/s] 52%|█████▏    | 2815/5362 [01:43<01:32, 27.40it/s] 53%|█████▎    | 2818/5362 [01:43<01:30, 27.96it/s] 53%|█████▎    | 2821/5362 [01:43<01:29, 28.51it/s] 53%|█████▎    | 2824/5362 [01:44<01:28, 28.84it/s] 53%|█████▎    | 2827/5362 [01:44<01:30, 28.11it/s] 53%|█████▎    | 2830/5362 [01:44<01:30, 27.96it/s] 53%|█████▎    | 2834/5362 [01:44<01:28, 28.62it/s] 53%|█████▎    | 2837/5362 [01:44<01:27, 28.79it/s] 53%|█████▎    | 2840/5362 [01:44<01:28, 28.57it/s] 53%|█████▎    | 2843/5362 [01:44<01:31, 27.66it/s] 53%|█████▎    | 2846/5362 [01:44<01:29, 28.20it/s] 53%|█████▎    | 2850/5362 [01:44<01:28, 28.44it/s] 53%|█████▎    | 2854/5362 [01:45<01:27, 28.56it/s] 53%|█████▎    | 2858/5362 [01:45<01:27, 28.70it/s] 53%|█████▎    | 2862/5362 [01:45<01:26, 28.79it/s] 53%|█████▎    | 2866/5362 [01:45<01:26, 28.89it/s] 54%|█████▎    | 2870/5362 [01:45<01:26, 28.93it/s] 54%|█████▎    | 2874/5362 [01:45<01:26, 28.76it/s] 54%|█████▎    | 2878/5362 [01:45<01:26, 28.68it/s] 54%|█████▎    | 2881/5362 [01:46<01:25, 28.87it/s] 54%|█████▍    | 2884/5362 [01:46<01:26, 28.67it/s] 54%|█████▍    | 2887/5362 [01:46<01:28, 27.96it/s] 54%|█████▍    | 2890/5362 [01:46<01:27, 28.40it/s] 54%|█████▍    | 2894/5362 [01:46<01:26, 28.59it/s] 54%|█████▍    | 2898/5362 [01:46<01:25, 28.69it/s] 54%|█████▍    | 2901/5362 [01:46<01:26, 28.41it/s] 54%|█████▍    | 2904/5362 [01:46<01:27, 28.15it/s] 54%|█████▍    | 2907/5362 [01:46<01:27, 27.93it/s] 54%|█████▍    | 2910/5362 [01:47<01:28, 27.83it/s] 54%|█████▍    | 2913/5362 [01:47<01:28, 27.55it/s] 54%|█████▍    | 2916/5362 [01:47<01:27, 27.97it/s] 54%|█████▍    | 2919/5362 [01:47<01:26, 28.37it/s] 54%|█████▍    | 2922/5362 [01:47<01:29, 27.39it/s] 55%|█████▍    | 2925/5362 [01:47<01:27, 27.80it/s] 55%|█████▍    | 2928/5362 [01:47<01:26, 28.04it/s] 55%|█████▍    | 2932/5362 [01:47<01:26, 28.19it/s] 55%|█████▍    | 2935/5362 [01:47<01:25, 28.45it/s] 55%|█████▍    | 2938/5362 [01:48<01:27, 27.65it/s] 55%|█████▍    | 2941/5362 [01:48<01:26, 27.86it/s] 55%|█████▍    | 2944/5362 [01:48<01:26, 27.93it/s] 55%|█████▍    | 2947/5362 [01:48<01:26, 27.87it/s] 55%|█████▌    | 2950/5362 [01:48<01:27, 27.72it/s] 55%|█████▌    | 2953/5362 [01:48<01:26, 27.82it/s] 55%|█████▌    | 2956/5362 [01:48<01:25, 28.29it/s] 55%|█████▌    | 2959/5362 [01:48<01:26, 27.91it/s] 55%|█████▌    | 2962/5362 [01:48<01:27, 27.47it/s] 55%|█████▌    | 2965/5362 [01:49<01:27, 27.29it/s] 55%|█████▌    | 2968/5362 [01:49<01:26, 27.53it/s] 55%|█████▌    | 2971/5362 [01:49<01:25, 27.93it/s] 55%|█████▌    | 2974/5362 [01:49<01:25, 28.04it/s] 56%|█████▌    | 2977/5362 [01:49<01:28, 27.09it/s] 56%|█████▌    | 2980/5362 [01:49<01:25, 27.76it/s] 56%|█████▌    | 2983/5362 [01:49<01:23, 28.33it/s] 56%|█████▌    | 2987/5362 [01:49<01:21, 29.17it/s] 56%|█████▌    | 2990/5362 [01:49<01:23, 28.51it/s] 56%|█████▌    | 2993/5362 [01:50<01:24, 28.05it/s] 56%|█████▌    | 2996/5362 [01:50<01:25, 27.69it/s] 56%|█████▌    | 2999/5362 [01:50<01:24, 28.06it/s] 56%|█████▌    | 3003/5362 [01:50<01:22, 28.44it/s] 56%|█████▌    | 3007/5362 [01:50<01:22, 28.60it/s] 56%|█████▌    | 3011/5362 [01:50<01:22, 28.63it/s] 56%|█████▌    | 3014/5362 [01:50<01:21, 28.94it/s] 56%|█████▋    | 3017/5362 [01:50<01:23, 28.02it/s] 56%|█████▋    | 3021/5362 [01:51<01:22, 28.31it/s] 56%|█████▋    | 3025/5362 [01:51<01:21, 28.56it/s] 56%|█████▋    | 3029/5362 [01:51<01:21, 28.74it/s] 57%|█████▋    | 3033/5362 [01:51<01:20, 28.78it/s] 57%|█████▋    | 3036/5362 [01:51<01:22, 28.18it/s] 57%|█████▋    | 3039/5362 [01:51<01:21, 28.50it/s] 57%|█████▋    | 3042/5362 [01:51<01:22, 27.99it/s] 57%|█████▋    | 3045/5362 [01:51<01:24, 27.45it/s] 57%|█████▋    | 3048/5362 [01:51<01:24, 27.36it/s] 57%|█████▋    | 3051/5362 [01:52<01:22, 27.86it/s] 57%|█████▋    | 3054/5362 [01:52<01:21, 28.26it/s] 57%|█████▋    | 3057/5362 [01:52<01:25, 27.03it/s] 57%|█████▋    | 3060/5362 [01:52<01:25, 27.02it/s] 57%|█████▋    | 3063/5362 [01:52<01:24, 27.24it/s] 57%|█████▋    | 3067/5362 [01:52<01:22, 27.96it/s] 57%|█████▋    | 3071/5362 [01:52<01:20, 28.33it/s] 57%|█████▋    | 3075/5362 [01:52<01:20, 28.42it/s] 57%|█████▋    | 3078/5362 [01:53<01:19, 28.59it/s] 57%|█████▋    | 3081/5362 [01:53<01:21, 27.97it/s] 58%|█████▊    | 3084/5362 [01:53<01:21, 27.89it/s] 58%|█████▊    | 3087/5362 [01:53<01:21, 28.04it/s] 58%|█████▊    | 3091/5362 [01:53<01:18, 28.81it/s] 58%|█████▊    | 3094/5362 [01:53<01:20, 28.27it/s] 58%|█████▊    | 3097/5362 [01:53<01:20, 28.07it/s] 58%|█████▊    | 3100/5362 [01:53<01:21, 27.79it/s] 58%|█████▊    | 3104/5362 [01:53<01:19, 28.57it/s] 58%|█████▊    | 3107/5362 [01:54<01:19, 28.25it/s] 58%|█████▊    | 3110/5362 [01:54<01:21, 27.73it/s] 58%|█████▊    | 3113/5362 [01:54<01:20, 28.08it/s] 58%|█████▊    | 3116/5362 [01:54<01:18, 28.49it/s] 58%|█████▊    | 3119/5362 [01:54<01:18, 28.45it/s] 58%|█████▊    | 3122/5362 [01:54<01:21, 27.62it/s] 58%|█████▊    | 3125/5362 [01:54<01:20, 27.80it/s] 58%|█████▊    | 3128/5362 [01:54<01:22, 27.21it/s] 58%|█████▊    | 3131/5362 [01:54<01:24, 26.39it/s] 58%|█████▊    | 3134/5362 [01:55<01:23, 26.82it/s] 59%|█████▊    | 3137/5362 [01:55<01:23, 26.60it/s] 59%|█████▊    | 3140/5362 [01:55<01:24, 26.21it/s] 59%|█████▊    | 3144/5362 [01:55<01:21, 27.14it/s] 59%|█████▊    | 3147/5362 [01:55<01:19, 27.81it/s] 59%|█████▊    | 3150/5362 [01:55<01:22, 26.93it/s] 59%|█████▉    | 3153/5362 [01:55<01:19, 27.67it/s] 59%|█████▉    | 3156/5362 [01:55<01:17, 28.30it/s] 59%|█████▉    | 3159/5362 [01:55<01:17, 28.27it/s] 59%|█████▉    | 3162/5362 [01:56<01:19, 27.70it/s] 59%|█████▉    | 3165/5362 [01:56<01:19, 27.59it/s] 59%|█████▉    | 3169/5362 [01:56<01:17, 28.19it/s] 59%|█████▉    | 3172/5362 [01:56<01:16, 28.56it/s] 59%|█████▉    | 3175/5362 [01:56<01:19, 27.57it/s] 59%|█████▉    | 3178/5362 [01:56<01:19, 27.57it/s] 59%|█████▉    | 3181/5362 [01:56<01:17, 28.16it/s] 59%|█████▉    | 3184/5362 [01:56<01:16, 28.39it/s] 59%|█████▉    | 3187/5362 [01:56<01:19, 27.38it/s] 60%|█████▉    | 3191/5362 [01:57<01:17, 27.90it/s] 60%|█████▉    | 3194/5362 [01:57<01:17, 28.04it/s] 60%|█████▉    | 3198/5362 [01:57<01:16, 28.47it/s] 60%|█████▉    | 3202/5362 [01:57<01:15, 28.80it/s] 60%|█████▉    | 3205/5362 [01:57<01:15, 28.52it/s] 60%|█████▉    | 3208/5362 [01:57<01:17, 27.89it/s] 60%|█████▉    | 3211/5362 [01:57<01:18, 27.28it/s] 60%|█████▉    | 3215/5362 [01:57<01:17, 27.80it/s] 60%|██████    | 3218/5362 [01:58<01:20, 26.65it/s] 60%|██████    | 3221/5362 [01:58<01:20, 26.69it/s] 60%|██████    | 3224/5362 [01:58<01:18, 27.11it/s] 60%|██████    | 3227/5362 [01:58<01:20, 26.44it/s] 60%|██████    | 3230/5362 [01:58<01:19, 26.77it/s] 60%|██████    | 3233/5362 [01:58<01:19, 26.82it/s] 60%|██████    | 3236/5362 [01:58<01:19, 26.88it/s] 60%|██████    | 3239/5362 [01:58<01:19, 26.74it/s] 60%|██████    | 3242/5362 [01:59<01:18, 26.97it/s] 61%|██████    | 3245/5362 [01:59<01:16, 27.74it/s] 61%|██████    | 3248/5362 [01:59<01:15, 28.10it/s] 61%|██████    | 3251/5362 [01:59<01:18, 27.02it/s] 61%|██████    | 3255/5362 [01:59<01:15, 27.96it/s] 61%|██████    | 3258/5362 [01:59<01:15, 27.93it/s] 61%|██████    | 3262/5362 [01:59<01:13, 28.50it/s] 61%|██████    | 3265/5362 [01:59<01:14, 28.32it/s] 61%|██████    | 3268/5362 [01:59<01:16, 27.25it/s] 61%|██████    | 3271/5362 [02:00<01:14, 27.94it/s] 61%|██████    | 3275/5362 [02:00<01:13, 28.50it/s] 61%|██████    | 3278/5362 [02:00<01:12, 28.61it/s] 61%|██████    | 3281/5362 [02:00<01:14, 27.79it/s] 61%|██████    | 3284/5362 [02:00<01:13, 28.17it/s] 61%|██████▏   | 3287/5362 [02:00<01:13, 28.21it/s] 61%|██████▏   | 3290/5362 [02:00<01:12, 28.59it/s] 61%|██████▏   | 3293/5362 [02:00<01:16, 27.12it/s] 61%|██████▏   | 3296/5362 [02:00<01:15, 27.52it/s] 62%|██████▏   | 3299/5362 [02:01<01:15, 27.40it/s] 62%|██████▏   | 3302/5362 [02:01<01:14, 27.77it/s] 62%|██████▏   | 3305/5362 [02:01<01:16, 26.74it/s] 62%|██████▏   | 3308/5362 [02:01<01:14, 27.45it/s] 62%|██████▏   | 3311/5362 [02:01<01:12, 28.14it/s] 62%|██████▏   | 3314/5362 [02:01<01:15, 26.95it/s] 62%|██████▏   | 3317/5362 [02:01<01:15, 27.04it/s] 62%|██████▏   | 3320/5362 [02:01<01:14, 27.34it/s] 62%|██████▏   | 3323/5362 [02:01<01:13, 27.79it/s] 62%|██████▏   | 3326/5362 [02:02<01:16, 26.68it/s] 62%|██████▏   | 3329/5362 [02:02<01:14, 27.24it/s] 62%|██████▏   | 3332/5362 [02:02<01:14, 27.21it/s] 62%|██████▏   | 3335/5362 [02:02<01:13, 27.55it/s] 62%|██████▏   | 3338/5362 [02:02<01:16, 26.43it/s] 62%|██████▏   | 3342/5362 [02:02<01:14, 27.16it/s] 62%|██████▏   | 3345/5362 [02:02<01:14, 27.15it/s] 62%|██████▏   | 3348/5362 [02:02<01:12, 27.66it/s] 62%|██████▏   | 3351/5362 [02:02<01:13, 27.48it/s] 63%|██████▎   | 3354/5362 [02:03<01:16, 26.41it/s] 63%|██████▎   | 3357/5362 [02:03<01:15, 26.48it/s] 63%|██████▎   | 3360/5362 [02:03<01:13, 27.18it/s] 63%|██████▎   | 3363/5362 [02:03<01:13, 27.34it/s] 63%|██████▎   | 3366/5362 [02:03<01:15, 26.35it/s] 63%|██████▎   | 3369/5362 [02:03<01:14, 26.91it/s] 63%|██████▎   | 3372/5362 [02:03<01:14, 26.84it/s] 63%|██████▎   | 3375/5362 [02:03<01:18, 25.20it/s] 63%|██████▎   | 3378/5362 [02:03<01:17, 25.73it/s] 63%|██████▎   | 3381/5362 [02:04<01:17, 25.55it/s] 63%|██████▎   | 3385/5362 [02:04<01:07, 29.32it/s] 63%|██████▎   | 3390/5362 [02:04<00:57, 34.41it/s] 63%|██████▎   | 3395/5362 [02:04<00:51, 38.42it/s] 63%|██████▎   | 3400/5362 [02:04<00:48, 40.84it/s] 64%|██████▎   | 3405/5362 [02:04<00:46, 42.38it/s] 64%|██████▎   | 3410/5362 [02:04<00:44, 43.56it/s] 64%|██████▎   | 3415/5362 [02:04<00:43, 44.35it/s] 64%|██████▍   | 3420/5362 [02:04<00:43, 44.81it/s] 64%|██████▍   | 3425/5362 [02:05<00:42, 45.29it/s] 64%|██████▍   | 3430/5362 [02:05<00:42, 44.93it/s] 64%|██████▍   | 3435/5362 [02:05<00:42, 44.96it/s] 64%|██████▍   | 3440/5362 [02:05<00:44, 43.46it/s] 64%|██████▍   | 3445/5362 [02:05<00:44, 43.02it/s] 64%|██████▍   | 3450/5362 [02:05<00:46, 41.09it/s] 64%|██████▍   | 3455/5362 [02:05<00:56, 34.01it/s] 65%|██████▍   | 3459/5362 [02:06<01:02, 30.40it/s] 65%|██████▍   | 3463/5362 [02:06<01:06, 28.54it/s] 65%|██████▍   | 3466/5362 [02:06<01:09, 27.42it/s] 65%|██████▍   | 3469/5362 [02:06<01:11, 26.55it/s] 65%|██████▍   | 3472/5362 [02:06<01:14, 25.51it/s] 65%|██████▍   | 3475/5362 [02:06<01:16, 24.65it/s] 65%|██████▍   | 3478/5362 [02:06<01:17, 24.38it/s] 65%|██████▍   | 3481/5362 [02:06<01:17, 24.29it/s] 65%|██████▍   | 3484/5362 [02:07<01:17, 24.13it/s] 65%|██████▌   | 3487/5362 [02:07<01:17, 24.23it/s] 65%|██████▌   | 3490/5362 [02:07<01:17, 24.20it/s] 65%|██████▌   | 3493/5362 [02:07<01:17, 24.17it/s] 65%|██████▌   | 3496/5362 [02:07<01:17, 24.14it/s] 65%|██████▌   | 3499/5362 [02:07<01:18, 23.77it/s] 65%|██████▌   | 3502/5362 [02:07<01:18, 23.74it/s] 65%|██████▌   | 3505/5362 [02:07<01:18, 23.62it/s] 65%|██████▌   | 3508/5362 [02:08<01:17, 23.87it/s] 65%|██████▌   | 3511/5362 [02:08<01:18, 23.45it/s] 66%|██████▌   | 3514/5362 [02:08<01:17, 23.75it/s] 66%|██████▌   | 3517/5362 [02:08<01:18, 23.61it/s] 66%|██████▌   | 3520/5362 [02:08<01:18, 23.50it/s] 66%|██████▌   | 3523/5362 [02:08<01:17, 23.79it/s] 66%|██████▌   | 3526/5362 [02:08<01:16, 23.87it/s] 66%|██████▌   | 3529/5362 [02:08<01:16, 23.95it/s] 66%|██████▌   | 3532/5362 [02:09<01:16, 23.99it/s] 66%|██████▌   | 3535/5362 [02:09<01:16, 24.02it/s] 66%|██████▌   | 3538/5362 [02:09<01:15, 24.17it/s] 66%|██████▌   | 3541/5362 [02:09<01:15, 24.14it/s] 66%|██████▌   | 3544/5362 [02:09<01:13, 24.62it/s] 66%|██████▌   | 3547/5362 [02:09<01:14, 24.50it/s] 66%|██████▌   | 3550/5362 [02:09<01:13, 24.51it/s] 66%|██████▋   | 3553/5362 [02:09<01:14, 24.40it/s] 66%|██████▋   | 3556/5362 [02:10<01:14, 24.21it/s] 66%|██████▋   | 3559/5362 [02:10<01:14, 24.15it/s] 66%|██████▋   | 3562/5362 [02:10<01:14, 24.14it/s] 66%|██████▋   | 3565/5362 [02:10<01:14, 24.26it/s] 67%|██████▋   | 3568/5362 [02:10<01:14, 24.23it/s] 67%|██████▋   | 3571/5362 [02:10<01:13, 24.32it/s] 67%|██████▋   | 3574/5362 [02:10<01:14, 24.12it/s] 67%|██████▋   | 3577/5362 [02:10<01:14, 23.89it/s] 67%|██████▋   | 3580/5362 [02:11<01:14, 23.94it/s] 67%|██████▋   | 3583/5362 [02:11<01:13, 24.12it/s] 67%|██████▋   | 3586/5362 [02:11<01:13, 24.22it/s] 67%|██████▋   | 3589/5362 [02:11<01:13, 24.18it/s] 67%|██████▋   | 3592/5362 [02:11<01:13, 24.16it/s] 67%|██████▋   | 3595/5362 [02:11<01:13, 24.15it/s] 67%|██████▋   | 3598/5362 [02:11<01:13, 24.13it/s] 67%|██████▋   | 3601/5362 [02:11<01:13, 24.12it/s] 67%|██████▋   | 3604/5362 [02:12<01:13, 23.99it/s] 67%|██████▋   | 3607/5362 [02:12<01:13, 24.01it/s] 67%|██████▋   | 3610/5362 [02:12<01:13, 23.92it/s] 67%|██████▋   | 3613/5362 [02:12<01:12, 23.97it/s] 67%|██████▋   | 3616/5362 [02:12<01:12, 24.02it/s] 67%|██████▋   | 3619/5362 [02:12<01:13, 23.80it/s] 68%|██████▊   | 3622/5362 [02:12<01:12, 23.89it/s] 68%|██████▊   | 3625/5362 [02:12<01:12, 23.84it/s] 68%|██████▊   | 3628/5362 [02:13<01:13, 23.68it/s] 68%|██████▊   | 3631/5362 [02:13<01:12, 23.80it/s] 68%|██████▊   | 3634/5362 [02:13<01:12, 23.90it/s] 68%|██████▊   | 3637/5362 [02:13<01:12, 23.84it/s] 68%|██████▊   | 3640/5362 [02:13<01:12, 23.91it/s] 68%|██████▊   | 3643/5362 [02:13<01:11, 23.97it/s] 68%|██████▊   | 3646/5362 [02:13<01:11, 23.87it/s] 68%|██████▊   | 3649/5362 [02:13<01:12, 23.71it/s] 68%|██████▊   | 3652/5362 [02:14<01:12, 23.60it/s] 68%|██████▊   | 3655/5362 [02:14<01:11, 23.75it/s] 68%|██████▊   | 3658/5362 [02:14<01:11, 23.85it/s] 68%|██████▊   | 3661/5362 [02:14<01:11, 23.69it/s] 68%|██████▊   | 3664/5362 [02:14<01:11, 23.69it/s] 68%|██████▊   | 3667/5362 [02:14<01:11, 23.71it/s] 68%|██████▊   | 3670/5362 [02:14<01:11, 23.59it/s] 69%|██████▊   | 3673/5362 [02:14<01:11, 23.51it/s] 69%|██████▊   | 3676/5362 [02:15<01:10, 23.81it/s] 69%|██████▊   | 3679/5362 [02:15<01:10, 23.89it/s] 69%|██████▊   | 3682/5362 [02:15<01:09, 24.19it/s] 69%|██████▊   | 3685/5362 [02:15<01:08, 24.43it/s] 69%|██████▉   | 3688/5362 [02:15<01:08, 24.44it/s] 69%|██████▉   | 3691/5362 [02:15<01:11, 23.51it/s] 69%|██████▉   | 3694/5362 [02:15<01:10, 23.68it/s] 69%|██████▉   | 3697/5362 [02:15<01:09, 23.92it/s] 69%|██████▉   | 3700/5362 [02:16<01:08, 24.10it/s] 69%|██████▉   | 3703/5362 [02:16<01:09, 23.98it/s] 69%|██████▉   | 3706/5362 [02:16<01:08, 24.02it/s] 69%|██████▉   | 3709/5362 [02:16<01:10, 23.57it/s] 69%|██████▉   | 3712/5362 [02:16<01:10, 23.47it/s] 69%|██████▉   | 3715/5362 [02:16<01:07, 24.43it/s] 69%|██████▉   | 3718/5362 [02:16<01:07, 24.30it/s] 69%|██████▉   | 3721/5362 [02:16<01:04, 25.34it/s] 69%|██████▉   | 3724/5362 [02:17<01:02, 26.34it/s] 70%|██████▉   | 3727/5362 [02:17<01:08, 23.91it/s] 70%|██████▉   | 3730/5362 [02:17<01:06, 24.65it/s] 70%|██████▉   | 3733/5362 [02:17<01:03, 25.67it/s] 70%|██████▉   | 3736/5362 [02:17<01:01, 26.59it/s] 70%|██████▉   | 3739/5362 [02:17<01:02, 26.02it/s] 70%|██████▉   | 3742/5362 [02:17<01:01, 26.31it/s] 70%|██████▉   | 3745/5362 [02:17<01:00, 26.73it/s] 70%|██████▉   | 3748/5362 [02:18<01:01, 26.33it/s] 70%|██████▉   | 3751/5362 [02:18<00:59, 27.20it/s] 70%|███████   | 3754/5362 [02:18<00:59, 27.18it/s] 70%|███████   | 3757/5362 [02:18<01:00, 26.33it/s] 70%|███████   | 3760/5362 [02:18<01:02, 25.59it/s] 70%|███████   | 3763/5362 [02:18<00:59, 26.71it/s] 70%|███████   | 3766/5362 [02:18<00:59, 27.04it/s] 70%|███████   | 3769/5362 [02:18<01:00, 26.18it/s] 70%|███████   | 3772/5362 [02:18<00:59, 26.61it/s] 70%|███████   | 3775/5362 [02:19<01:00, 26.40it/s] 70%|███████   | 3778/5362 [02:19<01:00, 26.00it/s] 71%|███████   | 3781/5362 [02:19<01:00, 26.01it/s] 71%|███████   | 3784/5362 [02:19<01:00, 26.00it/s] 71%|███████   | 3787/5362 [02:19<01:01, 25.59it/s] 71%|███████   | 3790/5362 [02:19<00:59, 26.32it/s] 71%|███████   | 3793/5362 [02:19<00:58, 26.64it/s] 71%|███████   | 3796/5362 [02:19<00:59, 26.19it/s] 71%|███████   | 3799/5362 [02:19<01:00, 25.98it/s] 71%|███████   | 3802/5362 [02:20<00:58, 26.56it/s] 71%|███████   | 3805/5362 [02:20<00:57, 27.15it/s] 71%|███████   | 3808/5362 [02:20<00:56, 27.34it/s] 71%|███████   | 3811/5362 [02:20<00:57, 26.95it/s] 71%|███████   | 3814/5362 [02:20<00:59, 26.24it/s] 71%|███████   | 3818/5362 [02:20<00:57, 26.93it/s] 71%|███████▏  | 3821/5362 [02:20<00:56, 27.09it/s] 71%|███████▏  | 3824/5362 [02:20<00:56, 27.39it/s] 71%|███████▏  | 3827/5362 [02:20<00:55, 27.86it/s] 71%|███████▏  | 3830/5362 [02:21<00:56, 27.21it/s] 71%|███████▏  | 3833/5362 [02:21<00:56, 26.83it/s] 72%|███████▏  | 3836/5362 [02:21<00:57, 26.58it/s] 72%|███████▏  | 3839/5362 [02:21<00:55, 27.39it/s] 72%|███████▏  | 3842/5362 [02:21<00:55, 27.46it/s] 72%|███████▏  | 3845/5362 [02:21<00:56, 26.62it/s] 72%|███████▏  | 3848/5362 [02:21<00:56, 26.84it/s] 72%|███████▏  | 3851/5362 [02:21<00:55, 27.46it/s] 72%|███████▏  | 3854/5362 [02:21<00:56, 26.90it/s] 72%|███████▏  | 3857/5362 [02:22<00:58, 25.75it/s] 72%|███████▏  | 3860/5362 [02:22<00:57, 26.01it/s] 72%|███████▏  | 3863/5362 [02:22<00:57, 26.14it/s] 72%|███████▏  | 3866/5362 [02:22<00:58, 25.68it/s] 72%|███████▏  | 3869/5362 [02:22<00:55, 26.68it/s] 72%|███████▏  | 3872/5362 [02:22<01:01, 24.28it/s] 72%|███████▏  | 3875/5362 [02:22<00:58, 25.32it/s] 72%|███████▏  | 3878/5362 [02:22<00:58, 25.51it/s] 72%|███████▏  | 3881/5362 [02:23<00:56, 26.11it/s] 72%|███████▏  | 3884/5362 [02:23<00:57, 25.92it/s] 72%|███████▏  | 3887/5362 [02:23<00:55, 26.42it/s] 73%|███████▎  | 3890/5362 [02:23<00:57, 25.72it/s] 73%|███████▎  | 3893/5362 [02:23<00:56, 26.19it/s] 73%|███████▎  | 3896/5362 [02:23<00:55, 26.48it/s] 73%|███████▎  | 3899/5362 [02:23<00:54, 26.96it/s] 73%|███████▎  | 3902/5362 [02:23<00:54, 26.66it/s] 73%|███████▎  | 3905/5362 [02:23<00:56, 25.71it/s] 73%|███████▎  | 3908/5362 [02:24<00:54, 26.45it/s] 73%|███████▎  | 3911/5362 [02:24<00:53, 27.08it/s] 73%|███████▎  | 3914/5362 [02:24<00:53, 27.27it/s] 73%|███████▎  | 3917/5362 [02:24<00:53, 27.02it/s] 73%|███████▎  | 3920/5362 [02:24<00:53, 26.97it/s] 73%|███████▎  | 3923/5362 [02:24<00:52, 27.26it/s] 73%|███████▎  | 3926/5362 [02:24<00:53, 26.83it/s] 73%|███████▎  | 3929/5362 [02:24<00:52, 27.28it/s] 73%|███████▎  | 3932/5362 [02:24<00:54, 26.45it/s] 73%|███████▎  | 3935/5362 [02:25<00:52, 27.04it/s] 73%|███████▎  | 3938/5362 [02:25<00:51, 27.63it/s] 73%|███████▎  | 3941/5362 [02:25<00:51, 27.77it/s] 74%|███████▎  | 3944/5362 [02:25<00:52, 27.24it/s] 74%|███████▎  | 3947/5362 [02:25<00:51, 27.56it/s] 74%|███████▎  | 3950/5362 [02:25<00:51, 27.61it/s] 74%|███████▎  | 3953/5362 [02:25<00:51, 27.48it/s] 74%|███████▍  | 3956/5362 [02:25<00:52, 26.64it/s] 74%|███████▍  | 3959/5362 [02:25<00:52, 26.64it/s] 74%|███████▍  | 3962/5362 [02:26<00:53, 26.23it/s] 74%|███████▍  | 3965/5362 [02:26<00:52, 26.75it/s] 74%|███████▍  | 3968/5362 [02:26<00:53, 26.08it/s] 74%|███████▍  | 3971/5362 [02:26<00:56, 24.72it/s] 74%|███████▍  | 3974/5362 [02:26<00:54, 25.54it/s] 74%|███████▍  | 3977/5362 [02:26<00:54, 25.36it/s] 74%|███████▍  | 3980/5362 [02:26<00:53, 26.00it/s] 74%|███████▍  | 3983/5362 [02:26<00:53, 25.61it/s] 74%|███████▍  | 3986/5362 [02:26<00:53, 25.96it/s] 74%|███████▍  | 3989/5362 [02:27<00:52, 26.25it/s] 74%|███████▍  | 3992/5362 [02:27<00:51, 26.60it/s] 75%|███████▍  | 3995/5362 [02:27<00:50, 26.94it/s] 75%|███████▍  | 3998/5362 [02:27<00:51, 26.59it/s] 75%|███████▍  | 4001/5362 [02:27<00:51, 26.21it/s] 75%|███████▍  | 4004/5362 [02:27<00:50, 27.15it/s] 75%|███████▍  | 4007/5362 [02:27<00:50, 26.97it/s] 75%|███████▍  | 4010/5362 [02:27<00:49, 27.18it/s] 75%|███████▍  | 4013/5362 [02:27<00:51, 26.28it/s] 75%|███████▍  | 4016/5362 [02:28<00:50, 26.69it/s] 75%|███████▍  | 4019/5362 [02:28<00:50, 26.82it/s] 75%|███████▌  | 4023/5362 [02:28<00:48, 27.40it/s] 75%|███████▌  | 4026/5362 [02:28<00:48, 27.49it/s] 75%|███████▌  | 4029/5362 [02:28<00:48, 27.43it/s] 75%|███████▌  | 4032/5362 [02:28<00:50, 26.57it/s] 75%|███████▌  | 4035/5362 [02:28<00:49, 26.84it/s] 75%|███████▌  | 4038/5362 [02:28<00:50, 26.08it/s] 75%|███████▌  | 4041/5362 [02:29<00:49, 26.67it/s] 75%|███████▌  | 4044/5362 [02:29<00:49, 26.62it/s] 75%|███████▌  | 4047/5362 [02:29<00:50, 26.19it/s] 76%|███████▌  | 4050/5362 [02:29<00:50, 26.00it/s] 76%|███████▌  | 4053/5362 [02:29<00:49, 26.24it/s] 76%|███████▌  | 4056/5362 [02:29<00:48, 26.83it/s] 76%|███████▌  | 4059/5362 [02:29<00:48, 26.94it/s] 76%|███████▌  | 4062/5362 [02:29<00:48, 26.76it/s] 76%|███████▌  | 4065/5362 [02:29<00:49, 25.94it/s] 76%|███████▌  | 4068/5362 [02:30<00:49, 26.26it/s] 76%|███████▌  | 4071/5362 [02:30<00:48, 26.66it/s] 76%|███████▌  | 4074/5362 [02:30<00:49, 25.89it/s] 76%|███████▌  | 4077/5362 [02:30<00:52, 24.41it/s] 76%|███████▌  | 4080/5362 [02:30<00:51, 24.98it/s] 76%|███████▌  | 4083/5362 [02:30<00:52, 24.57it/s] 76%|███████▌  | 4086/5362 [02:30<00:51, 24.85it/s] 76%|███████▋  | 4089/5362 [02:30<00:52, 24.24it/s] 76%|███████▋  | 4092/5362 [02:31<00:50, 25.37it/s] 76%|███████▋  | 4095/5362 [02:31<00:48, 26.01it/s] 76%|███████▋  | 4098/5362 [02:31<00:48, 26.13it/s] 76%|███████▋  | 4101/5362 [02:31<00:48, 25.83it/s] 77%|███████▋  | 4104/5362 [02:31<00:47, 26.23it/s] 77%|███████▋  | 4107/5362 [02:31<00:47, 26.63it/s] 77%|███████▋  | 4110/5362 [02:31<00:45, 27.33it/s] 77%|███████▋  | 4113/5362 [02:31<00:47, 26.41it/s] 77%|███████▋  | 4116/5362 [02:31<00:47, 26.04it/s] 77%|███████▋  | 4120/5362 [02:32<00:45, 27.34it/s] 77%|███████▋  | 4123/5362 [02:32<00:45, 27.43it/s] 77%|███████▋  | 4126/5362 [02:32<00:45, 26.95it/s] 77%|███████▋  | 4129/5362 [02:32<00:45, 26.88it/s] 77%|███████▋  | 4132/5362 [02:32<00:47, 25.90it/s] 77%|███████▋  | 4135/5362 [02:32<00:46, 26.62it/s] 77%|███████▋  | 4138/5362 [02:32<00:45, 26.75it/s] 77%|███████▋  | 4141/5362 [02:32<00:44, 27.41it/s] 77%|███████▋  | 4144/5362 [02:32<00:45, 26.53it/s] 77%|███████▋  | 4147/5362 [02:33<00:45, 26.43it/s] 77%|███████▋  | 4150/5362 [02:33<00:45, 26.66it/s] 77%|███████▋  | 4154/5362 [02:33<00:44, 27.20it/s] 78%|███████▊  | 4157/5362 [02:33<00:44, 27.30it/s] 78%|███████▊  | 4160/5362 [02:33<00:44, 26.98it/s] 78%|███████▊  | 4163/5362 [02:33<00:46, 25.92it/s] 78%|███████▊  | 4166/5362 [02:33<00:46, 25.62it/s] 78%|███████▊  | 4169/5362 [02:33<00:47, 25.11it/s] 78%|███████▊  | 4172/5362 [02:34<00:45, 25.99it/s] 78%|███████▊  | 4175/5362 [02:34<00:44, 26.69it/s] 78%|███████▊  | 4178/5362 [02:34<00:46, 25.71it/s] 78%|███████▊  | 4181/5362 [02:34<00:45, 26.09it/s] 78%|███████▊  | 4184/5362 [02:34<00:44, 26.63it/s] 78%|███████▊  | 4187/5362 [02:34<00:43, 27.30it/s] 78%|███████▊  | 4190/5362 [02:34<00:44, 26.55it/s] 78%|███████▊  | 4193/5362 [02:34<00:43, 26.98it/s] 78%|███████▊  | 4196/5362 [02:34<00:42, 27.49it/s] 78%|███████▊  | 4199/5362 [02:35<00:41, 27.78it/s] 78%|███████▊  | 4202/5362 [02:35<00:43, 26.78it/s] 78%|███████▊  | 4205/5362 [02:35<00:42, 27.35it/s] 78%|███████▊  | 4208/5362 [02:35<00:41, 27.67it/s] 79%|███████▊  | 4211/5362 [02:35<00:42, 27.40it/s] 79%|███████▊  | 4214/5362 [02:35<00:43, 26.19it/s] 79%|███████▊  | 4217/5362 [02:35<00:45, 24.91it/s] 79%|███████▊  | 4221/5362 [02:35<00:43, 26.11it/s] 79%|███████▉  | 4224/5362 [02:35<00:42, 26.47it/s] 79%|███████▉  | 4227/5362 [02:36<00:42, 26.74it/s] 79%|███████▉  | 4230/5362 [02:36<00:42, 26.72it/s] 79%|███████▉  | 4233/5362 [02:36<00:43, 25.97it/s] 79%|███████▉  | 4236/5362 [02:36<00:41, 26.94it/s] 79%|███████▉  | 4239/5362 [02:36<00:40, 27.42it/s] 79%|███████▉  | 4242/5362 [02:36<00:41, 27.14it/s] 79%|███████▉  | 4245/5362 [02:36<00:42, 26.34it/s] 79%|███████▉  | 4248/5362 [02:36<00:44, 25.31it/s] 79%|███████▉  | 4253/5362 [02:37<00:36, 30.40it/s] 79%|███████▉  | 4258/5362 [02:37<00:32, 34.33it/s] 80%|███████▉  | 4263/5362 [02:37<00:29, 37.70it/s] 80%|███████▉  | 4268/5362 [02:37<00:27, 40.05it/s] 80%|███████▉  | 4273/5362 [02:37<00:26, 41.49it/s] 80%|███████▉  | 4278/5362 [02:37<00:27, 39.07it/s] 80%|███████▉  | 4283/5362 [02:37<00:26, 40.82it/s] 80%|███████▉  | 4288/5362 [02:37<00:25, 41.91it/s] 80%|████████  | 4293/5362 [02:37<00:24, 43.03it/s] 80%|████████  | 4298/5362 [02:38<00:24, 44.01it/s] 80%|████████  | 4303/5362 [02:38<00:23, 44.68it/s] 80%|████████  | 4308/5362 [02:38<00:24, 42.57it/s] 80%|████████  | 4313/5362 [02:38<00:24, 43.43it/s] 81%|████████  | 4318/5362 [02:38<00:28, 37.18it/s] 81%|████████  | 4322/5362 [02:38<00:31, 32.83it/s] 81%|████████  | 4326/5362 [02:38<00:34, 29.83it/s] 81%|████████  | 4330/5362 [02:39<00:37, 27.59it/s] 81%|████████  | 4333/5362 [02:39<00:38, 26.81it/s] 81%|████████  | 4336/5362 [02:39<00:39, 26.20it/s] 81%|████████  | 4339/5362 [02:39<00:39, 25.63it/s] 81%|████████  | 4342/5362 [02:39<00:40, 25.32it/s] 81%|████████  | 4345/5362 [02:39<00:40, 24.84it/s] 81%|████████  | 4348/5362 [02:39<00:41, 24.37it/s] 81%|████████  | 4351/5362 [02:39<00:42, 23.60it/s] 81%|████████  | 4354/5362 [02:40<00:42, 23.87it/s] 81%|████████▏ | 4357/5362 [02:40<00:41, 24.07it/s] 81%|████████▏ | 4360/5362 [02:40<00:41, 24.19it/s] 81%|████████▏ | 4363/5362 [02:40<00:40, 24.42it/s] 81%|████████▏ | 4366/5362 [02:40<00:40, 24.57it/s] 81%|████████▏ | 4369/5362 [02:40<00:40, 24.30it/s] 82%|████████▏ | 4372/5362 [02:40<00:40, 24.48it/s] 82%|████████▏ | 4375/5362 [02:40<00:40, 24.36it/s] 82%|████████▏ | 4378/5362 [02:41<00:40, 24.13it/s] 82%|████████▏ | 4381/5362 [02:41<00:40, 24.24it/s] 82%|████████▏ | 4384/5362 [02:41<00:41, 23.84it/s] 82%|████████▏ | 4387/5362 [02:41<00:40, 23.79it/s] 82%|████████▏ | 4390/5362 [02:41<00:40, 23.89it/s] 82%|████████▏ | 4393/5362 [02:41<00:40, 23.96it/s] 82%|████████▏ | 4396/5362 [02:41<00:40, 24.14it/s] 82%|████████▏ | 4399/5362 [02:41<00:39, 24.37it/s] 82%|████████▏ | 4402/5362 [02:42<00:39, 24.27it/s] 82%|████████▏ | 4405/5362 [02:42<00:39, 24.23it/s] 82%|████████▏ | 4408/5362 [02:42<00:39, 24.19it/s] 82%|████████▏ | 4411/5362 [02:42<00:38, 24.40it/s] 82%|████████▏ | 4414/5362 [02:42<00:37, 25.36it/s] 82%|████████▏ | 4417/5362 [02:42<00:37, 24.99it/s] 82%|████████▏ | 4420/5362 [02:42<00:38, 24.60it/s] 82%|████████▏ | 4423/5362 [02:42<00:38, 24.58it/s] 83%|████████▎ | 4426/5362 [02:43<00:38, 24.57it/s] 83%|████████▎ | 4429/5362 [02:43<00:37, 24.70it/s] 83%|████████▎ | 4432/5362 [02:43<00:37, 24.91it/s] 83%|████████▎ | 4435/5362 [02:43<00:36, 25.19it/s] 83%|████████▎ | 4438/5362 [02:43<00:36, 25.39it/s] 83%|████████▎ | 4441/5362 [02:43<00:36, 25.55it/s] 83%|████████▎ | 4444/5362 [02:43<00:36, 25.10it/s] 83%|████████▎ | 4447/5362 [02:43<00:36, 25.19it/s] 83%|████████▎ | 4450/5362 [02:43<00:36, 25.13it/s] 83%|████████▎ | 4453/5362 [02:44<00:36, 25.21it/s] 83%|████████▎ | 4456/5362 [02:44<00:35, 25.28it/s] 83%|████████▎ | 4459/5362 [02:44<00:36, 24.93it/s] 83%|████████▎ | 4462/5362 [02:44<00:36, 24.82it/s] 83%|████████▎ | 4465/5362 [02:44<00:36, 24.87it/s] 83%|████████▎ | 4468/5362 [02:44<00:35, 24.91it/s] 83%|████████▎ | 4471/5362 [02:44<00:35, 25.18it/s] 83%|████████▎ | 4474/5362 [02:44<00:35, 25.25it/s] 83%|████████▎ | 4477/5362 [02:45<00:35, 25.17it/s] 84%|████████▎ | 4480/5362 [02:45<00:35, 24.97it/s] 84%|████████▎ | 4483/5362 [02:45<00:35, 25.10it/s] 84%|████████▎ | 4486/5362 [02:45<00:35, 24.80it/s] 84%|████████▎ | 4489/5362 [02:45<00:35, 24.86it/s] 84%|████████▍ | 4492/5362 [02:45<00:34, 24.88it/s] 84%|████████▍ | 4495/5362 [02:45<00:34, 24.78it/s] 84%|████████▍ | 4498/5362 [02:45<00:34, 24.97it/s] 84%|████████▍ | 4501/5362 [02:46<00:34, 24.84it/s] 84%|████████▍ | 4504/5362 [02:46<00:34, 25.01it/s] 84%|████████▍ | 4507/5362 [02:46<00:34, 24.75it/s] 84%|████████▍ | 4510/5362 [02:46<00:33, 25.07it/s] 84%|████████▍ | 4513/5362 [02:46<00:33, 25.31it/s] 84%|████████▍ | 4516/5362 [02:46<00:33, 25.47it/s] 84%|████████▍ | 4519/5362 [02:46<00:33, 25.46it/s] 84%|████████▍ | 4522/5362 [02:46<00:33, 25.43it/s] 84%|████████▍ | 4525/5362 [02:46<00:33, 25.30it/s] 84%|████████▍ | 4528/5362 [02:47<00:33, 25.21it/s] 85%|████████▍ | 4531/5362 [02:47<00:32, 25.42it/s] 85%|████████▍ | 4534/5362 [02:47<00:32, 25.55it/s] 85%|████████▍ | 4537/5362 [02:47<00:32, 25.65it/s] 85%|████████▍ | 4540/5362 [02:47<00:31, 25.71it/s] 85%|████████▍ | 4543/5362 [02:47<00:31, 25.77it/s] 85%|████████▍ | 4546/5362 [02:47<00:31, 25.80it/s] 85%|████████▍ | 4549/5362 [02:47<00:31, 25.83it/s] 85%|████████▍ | 4552/5362 [02:48<00:31, 25.83it/s] 85%|████████▍ | 4555/5362 [02:48<00:31, 25.85it/s] 85%|████████▌ | 4558/5362 [02:48<00:31, 25.87it/s] 85%|████████▌ | 4561/5362 [02:48<00:30, 25.87it/s] 85%|████████▌ | 4564/5362 [02:48<00:31, 25.74it/s] 85%|████████▌ | 4567/5362 [02:48<00:31, 25.48it/s] 85%|████████▌ | 4570/5362 [02:48<00:31, 25.21it/s] 85%|████████▌ | 4573/5362 [02:48<00:31, 24.76it/s] 85%|████████▌ | 4576/5362 [02:48<00:31, 24.96it/s] 85%|████████▌ | 4579/5362 [02:49<00:31, 25.10it/s] 85%|████████▌ | 4582/5362 [02:49<00:30, 25.32it/s] 86%|████████▌ | 4585/5362 [02:49<00:30, 25.09it/s] 86%|████████▌ | 4588/5362 [02:49<00:31, 24.20it/s] 86%|████████▌ | 4591/5362 [02:49<00:31, 24.55it/s] 86%|████████▌ | 4594/5362 [02:49<00:30, 24.80it/s] 86%|████████▌ | 4597/5362 [02:49<00:30, 24.73it/s] 86%|████████▌ | 4600/5362 [02:49<00:29, 25.88it/s] 86%|████████▌ | 4603/5362 [02:50<00:29, 25.48it/s] 86%|████████▌ | 4606/5362 [02:50<00:28, 26.62it/s] 86%|████████▌ | 4609/5362 [02:50<00:27, 27.17it/s] 86%|████████▌ | 4612/5362 [02:50<00:27, 27.52it/s] 86%|████████▌ | 4615/5362 [02:50<00:27, 27.34it/s] 86%|████████▌ | 4619/5362 [02:50<00:26, 27.93it/s] 86%|████████▌ | 4622/5362 [02:50<00:26, 27.76it/s] 86%|████████▋ | 4626/5362 [02:50<00:26, 28.20it/s] 86%|████████▋ | 4629/5362 [02:50<00:26, 28.10it/s] 86%|████████▋ | 4633/5362 [02:51<00:25, 28.46it/s] 86%|████████▋ | 4636/5362 [02:51<00:25, 28.85it/s] 87%|████████▋ | 4639/5362 [02:51<00:25, 27.98it/s] 87%|████████▋ | 4642/5362 [02:51<00:25, 28.34it/s] 87%|████████▋ | 4645/5362 [02:51<00:26, 27.42it/s] 87%|████████▋ | 4648/5362 [02:51<00:25, 27.59it/s] 87%|████████▋ | 4651/5362 [02:51<00:25, 27.69it/s] 87%|████████▋ | 4654/5362 [02:51<00:25, 27.46it/s] 87%|████████▋ | 4657/5362 [02:51<00:25, 27.17it/s] 87%|████████▋ | 4660/5362 [02:52<00:25, 27.41it/s] 87%|████████▋ | 4663/5362 [02:52<00:25, 26.89it/s] 87%|████████▋ | 4666/5362 [02:52<00:25, 27.38it/s] 87%|████████▋ | 4669/5362 [02:52<00:25, 27.69it/s] 87%|████████▋ | 4672/5362 [02:52<00:25, 27.08it/s] 87%|████████▋ | 4676/5362 [02:52<00:24, 27.62it/s] 87%|████████▋ | 4679/5362 [02:52<00:24, 27.76it/s] 87%|████████▋ | 4682/5362 [02:52<00:24, 28.04it/s] 87%|████████▋ | 4686/5362 [02:52<00:23, 28.42it/s] 87%|████████▋ | 4689/5362 [02:53<00:24, 27.68it/s] 88%|████████▊ | 4692/5362 [02:53<00:24, 27.77it/s] 88%|████████▊ | 4695/5362 [02:53<00:24, 27.24it/s] 88%|████████▊ | 4698/5362 [02:53<00:25, 26.48it/s] 88%|████████▊ | 4701/5362 [02:53<00:24, 26.61it/s] 88%|████████▊ | 4704/5362 [02:53<00:24, 27.11it/s] 88%|████████▊ | 4707/5362 [02:53<00:23, 27.35it/s] 88%|████████▊ | 4710/5362 [02:53<00:23, 27.23it/s] 88%|████████▊ | 4713/5362 [02:54<00:24, 26.75it/s] 88%|████████▊ | 4716/5362 [02:54<00:23, 27.51it/s] 88%|████████▊ | 4720/5362 [02:54<00:22, 28.21it/s] 88%|████████▊ | 4724/5362 [02:54<00:22, 28.48it/s] 88%|████████▊ | 4728/5362 [02:54<00:21, 28.95it/s] 88%|████████▊ | 4731/5362 [02:54<00:22, 28.56it/s] 88%|████████▊ | 4734/5362 [02:54<00:22, 27.94it/s] 88%|████████▊ | 4737/5362 [02:54<00:22, 28.20it/s] 88%|████████▊ | 4740/5362 [02:54<00:21, 28.33it/s] 88%|████████▊ | 4743/5362 [02:55<00:21, 28.60it/s] 89%|████████▊ | 4746/5362 [02:55<00:22, 27.74it/s] 89%|████████▊ | 4750/5362 [02:55<00:21, 28.05it/s] 89%|████████▊ | 4753/5362 [02:55<00:21, 28.46it/s] 89%|████████▊ | 4756/5362 [02:55<00:21, 28.59it/s] 89%|████████▉ | 4759/5362 [02:55<00:21, 28.54it/s] 89%|████████▉ | 4762/5362 [02:55<00:21, 27.80it/s] 89%|████████▉ | 4765/5362 [02:55<00:21, 27.79it/s] 89%|████████▉ | 4769/5362 [02:55<00:21, 28.19it/s] 89%|████████▉ | 4773/5362 [02:56<00:20, 28.55it/s] 89%|████████▉ | 4777/5362 [02:56<00:20, 28.64it/s] 89%|████████▉ | 4781/5362 [02:56<00:20, 28.59it/s] 89%|████████▉ | 4784/5362 [02:56<00:20, 28.43it/s] 89%|████████▉ | 4787/5362 [02:56<00:20, 28.02it/s] 89%|████████▉ | 4790/5362 [02:56<00:20, 27.80it/s] 89%|████████▉ | 4793/5362 [02:56<00:20, 27.93it/s] 89%|████████▉ | 4796/5362 [02:56<00:19, 28.37it/s] 90%|████████▉ | 4799/5362 [02:57<00:19, 28.81it/s] 90%|████████▉ | 4802/5362 [02:57<00:20, 27.68it/s] 90%|████████▉ | 4805/5362 [02:57<00:21, 26.45it/s] 90%|████████▉ | 4808/5362 [02:57<00:20, 27.32it/s] 90%|████████▉ | 4811/5362 [02:57<00:19, 27.89it/s] 90%|████████▉ | 4814/5362 [02:57<00:19, 28.39it/s] 90%|████████▉ | 4817/5362 [02:57<00:19, 27.44it/s] 90%|████████▉ | 4821/5362 [02:57<00:19, 28.05it/s] 90%|████████▉ | 4824/5362 [02:57<00:18, 28.54it/s] 90%|█████████ | 4827/5362 [02:58<00:18, 28.44it/s] 90%|█████████ | 4831/5362 [02:58<00:18, 28.67it/s] 90%|█████████ | 4834/5362 [02:58<00:18, 28.92it/s] 90%|█████████ | 4837/5362 [02:58<00:18, 28.05it/s] 90%|█████████ | 4840/5362 [02:58<00:18, 28.43it/s] 90%|█████████ | 4844/5362 [02:58<00:17, 28.84it/s] 90%|█████████ | 4848/5362 [02:58<00:17, 28.92it/s] 90%|█████████ | 4851/5362 [02:58<00:17, 28.75it/s] 91%|█████████ | 4854/5362 [02:58<00:18, 28.19it/s] 91%|█████████ | 4857/5362 [02:59<00:18, 28.03it/s] 91%|█████████ | 4861/5362 [02:59<00:17, 28.54it/s] 91%|█████████ | 4864/5362 [02:59<00:17, 28.81it/s] 91%|█████████ | 4867/5362 [02:59<00:17, 28.90it/s] 91%|█████████ | 4870/5362 [02:59<00:17, 27.83it/s] 91%|█████████ | 4873/5362 [02:59<00:17, 28.37it/s] 91%|█████████ | 4877/5362 [02:59<00:16, 28.57it/s] 91%|█████████ | 4880/5362 [02:59<00:17, 27.68it/s] 91%|█████████ | 4883/5362 [03:00<00:17, 27.00it/s] 91%|█████████ | 4886/5362 [03:00<00:17, 27.64it/s] 91%|█████████ | 4889/5362 [03:00<00:17, 26.96it/s] 91%|█████████ | 4892/5362 [03:00<00:16, 27.73it/s] 91%|█████████▏| 4896/5362 [03:00<00:16, 28.20it/s] 91%|█████████▏| 4899/5362 [03:00<00:16, 28.48it/s] 91%|█████████▏| 4902/5362 [03:00<00:16, 28.38it/s] 91%|█████████▏| 4905/5362 [03:00<00:16, 27.47it/s] 92%|█████████▏| 4908/5362 [03:00<00:16, 27.98it/s] 92%|█████████▏| 4912/5362 [03:01<00:15, 28.30it/s] 92%|█████████▏| 4915/5362 [03:01<00:15, 28.43it/s] 92%|█████████▏| 4918/5362 [03:01<00:15, 28.73it/s] 92%|█████████▏| 4921/5362 [03:01<00:15, 27.72it/s] 92%|█████████▏| 4924/5362 [03:01<00:15, 27.71it/s] 92%|█████████▏| 4927/5362 [03:01<00:15, 27.87it/s] 92%|█████████▏| 4930/5362 [03:01<00:15, 27.91it/s] 92%|█████████▏| 4933/5362 [03:01<00:15, 27.53it/s] 92%|█████████▏| 4937/5362 [03:01<00:14, 28.54it/s] 92%|█████████▏| 4940/5362 [03:02<00:14, 28.72it/s] 92%|█████████▏| 4943/5362 [03:02<00:14, 28.41it/s] 92%|█████████▏| 4946/5362 [03:02<00:14, 28.07it/s] 92%|█████████▏| 4949/5362 [03:02<00:14, 27.73it/s] 92%|█████████▏| 4953/5362 [03:02<00:14, 28.31it/s] 92%|█████████▏| 4956/5362 [03:02<00:14, 28.65it/s] 92%|█████████▏| 4959/5362 [03:02<00:14, 28.37it/s] 93%|█████████▎| 4962/5362 [03:02<00:14, 27.66it/s] 93%|█████████▎| 4965/5362 [03:02<00:14, 26.61it/s] 93%|█████████▎| 4968/5362 [03:03<00:14, 26.67it/s] 93%|█████████▎| 4971/5362 [03:03<00:14, 26.64it/s] 93%|█████████▎| 4974/5362 [03:03<00:14, 27.37it/s] 93%|█████████▎| 4977/5362 [03:03<00:14, 27.49it/s] 93%|█████████▎| 4980/5362 [03:03<00:13, 27.72it/s] 93%|█████████▎| 4983/5362 [03:03<00:13, 28.14it/s] 93%|█████████▎| 4987/5362 [03:03<00:13, 28.58it/s] 93%|█████████▎| 4990/5362 [03:03<00:13, 28.36it/s] 93%|█████████▎| 4993/5362 [03:03<00:13, 27.56it/s] 93%|█████████▎| 4996/5362 [03:04<00:13, 28.06it/s] 93%|█████████▎| 4999/5362 [03:04<00:12, 28.01it/s] 93%|█████████▎| 5002/5362 [03:04<00:13, 27.69it/s] 93%|█████████▎| 5005/5362 [03:04<00:12, 27.91it/s] 93%|█████████▎| 5008/5362 [03:04<00:12, 28.44it/s] 93%|█████████▎| 5011/5362 [03:04<00:12, 28.54it/s] 94%|█████████▎| 5014/5362 [03:04<00:12, 27.85it/s] 94%|█████████▎| 5017/5362 [03:04<00:12, 28.35it/s] 94%|█████████▎| 5020/5362 [03:04<00:11, 28.71it/s] 94%|█████████▎| 5023/5362 [03:05<00:12, 27.78it/s] 94%|█████████▎| 5026/5362 [03:05<00:11, 28.21it/s] 94%|█████████▍| 5029/5362 [03:05<00:11, 28.41it/s] 94%|█████████▍| 5032/5362 [03:05<00:11, 28.60it/s] 94%|█████████▍| 5035/5362 [03:05<00:11, 27.68it/s] 94%|█████████▍| 5038/5362 [03:05<00:11, 28.28it/s] 94%|█████████▍| 5042/5362 [03:05<00:11, 28.62it/s] 94%|█████████▍| 5045/5362 [03:05<00:10, 28.91it/s] 94%|█████████▍| 5048/5362 [03:05<00:11, 27.77it/s] 94%|█████████▍| 5051/5362 [03:06<00:11, 27.94it/s] 94%|█████████▍| 5054/5362 [03:06<00:11, 27.53it/s] 94%|█████████▍| 5057/5362 [03:06<00:10, 27.86it/s] 94%|█████████▍| 5060/5362 [03:06<00:11, 27.23it/s] 94%|█████████▍| 5063/5362 [03:06<00:10, 27.69it/s] 94%|█████████▍| 5066/5362 [03:06<00:10, 28.26it/s] 95%|█████████▍| 5069/5362 [03:06<00:10, 26.67it/s] 95%|█████████▍| 5072/5362 [03:06<00:10, 27.02it/s] 95%|█████████▍| 5075/5362 [03:06<00:10, 26.71it/s] 95%|█████████▍| 5078/5362 [03:07<00:10, 27.17it/s] 95%|█████████▍| 5081/5362 [03:07<00:10, 27.22it/s] 95%|█████████▍| 5084/5362 [03:07<00:16, 16.38it/s] 95%|█████████▍| 5087/5362 [03:07<00:15, 18.24it/s] 95%|█████████▍| 5090/5362 [03:07<00:13, 20.65it/s] 95%|█████████▍| 5093/5362 [03:07<00:12, 22.41it/s] 95%|█████████▌| 5096/5362 [03:07<00:11, 23.46it/s] 95%|█████████▌| 5099/5362 [03:08<00:10, 24.88it/s] 95%|█████████▌| 5102/5362 [03:08<00:09, 26.18it/s] 95%|█████████▌| 5105/5362 [03:08<00:09, 26.71it/s] 95%|█████████▌| 5108/5362 [03:08<00:09, 26.55it/s] 95%|█████████▌| 5112/5362 [03:08<00:09, 26.56it/s] 95%|█████████▌| 5115/5362 [03:08<00:09, 25.83it/s] 95%|█████████▌| 5118/5362 [03:08<00:09, 26.30it/s] 96%|█████████▌| 5121/5362 [03:08<00:08, 26.89it/s] 96%|█████████▌| 5124/5362 [03:08<00:08, 27.40it/s] 96%|█████████▌| 5127/5362 [03:09<00:08, 27.50it/s] 96%|█████████▌| 5131/5362 [03:09<00:08, 28.01it/s] 96%|█████████▌| 5135/5362 [03:09<00:07, 28.42it/s] 96%|█████████▌| 5138/5362 [03:09<00:07, 28.54it/s] 96%|█████████▌| 5141/5362 [03:09<00:08, 27.48it/s] 96%|█████████▌| 5145/5362 [03:09<00:07, 28.17it/s] 96%|█████████▌| 5148/5362 [03:09<00:07, 28.51it/s] 96%|█████████▌| 5151/5362 [03:09<00:07, 28.86it/s] 96%|█████████▌| 5154/5362 [03:10<00:07, 27.94it/s] 96%|█████████▌| 5157/5362 [03:10<00:07, 28.40it/s] 96%|█████████▌| 5160/5362 [03:10<00:07, 28.28it/s] 96%|█████████▋| 5163/5362 [03:10<00:07, 27.77it/s] 96%|█████████▋| 5166/5362 [03:10<00:07, 27.89it/s] 96%|█████████▋| 5170/5362 [03:10<00:06, 28.30it/s] 96%|█████████▋| 5174/5362 [03:10<00:06, 30.95it/s] 97%|█████████▋| 5179/5362 [03:10<00:05, 36.04it/s] 97%|█████████▋| 5185/5362 [03:10<00:04, 40.55it/s] 97%|█████████▋| 5190/5362 [03:11<00:04, 41.80it/s] 97%|█████████▋| 5195/5362 [03:11<00:03, 42.59it/s] 97%|█████████▋| 5200/5362 [03:11<00:03, 44.39it/s] 97%|█████████▋| 5205/5362 [03:11<00:03, 45.37it/s] 97%|█████████▋| 5211/5362 [03:11<00:03, 47.15it/s] 97%|█████████▋| 5217/5362 [03:11<00:02, 48.35it/s] 97%|█████████▋| 5223/5362 [03:11<00:02, 49.08it/s] 98%|█████████▊| 5228/5362 [03:11<00:02, 48.94it/s] 98%|█████████▊| 5233/5362 [03:11<00:02, 46.29it/s] 98%|█████████▊| 5238/5362 [03:12<00:03, 39.23it/s] 98%|█████████▊| 5243/5362 [03:12<00:03, 33.95it/s] 98%|█████████▊| 5247/5362 [03:12<00:03, 31.49it/s] 98%|█████████▊| 5251/5362 [03:12<00:03, 29.79it/s] 98%|█████████▊| 5255/5362 [03:12<00:03, 28.49it/s] 98%|█████████▊| 5258/5362 [03:12<00:03, 27.85it/s] 98%|█████████▊| 5261/5362 [03:12<00:03, 27.34it/s] 98%|█████████▊| 5264/5362 [03:13<00:03, 26.95it/s] 98%|█████████▊| 5267/5362 [03:13<00:03, 26.65it/s] 98%|█████████▊| 5270/5362 [03:13<00:03, 26.43it/s] 98%|█████████▊| 5273/5362 [03:13<00:03, 26.27it/s] 98%|█████████▊| 5276/5362 [03:13<00:03, 25.88it/s] 98%|█████████▊| 5279/5362 [03:13<00:03, 24.57it/s] 99%|█████████▊| 5282/5362 [03:13<00:03, 24.44it/s] 99%|█████████▊| 5285/5362 [03:13<00:03, 24.85it/s] 99%|█████████▊| 5288/5362 [03:14<00:02, 25.14it/s] 99%|█████████▊| 5291/5362 [03:14<00:02, 25.34it/s] 99%|█████████▊| 5294/5362 [03:14<00:02, 25.49it/s] 99%|█████████▉| 5297/5362 [03:14<00:02, 25.59it/s] 99%|█████████▉| 5300/5362 [03:14<00:02, 25.51it/s] 99%|█████████▉| 5303/5362 [03:14<00:02, 25.61it/s] 99%|█████████▉| 5306/5362 [03:14<00:02, 25.55it/s] 99%|█████████▉| 5309/5362 [03:14<00:02, 25.65it/s] 99%|█████████▉| 5312/5362 [03:14<00:01, 25.72it/s] 99%|█████████▉| 5315/5362 [03:15<00:01, 25.63it/s] 99%|█████████▉| 5318/5362 [03:15<00:01, 25.70it/s] 99%|█████████▉| 5321/5362 [03:15<00:01, 25.75it/s] 99%|█████████▉| 5324/5362 [03:15<00:01, 25.78it/s] 99%|█████████▉| 5327/5362 [03:15<00:01, 25.80it/s] 99%|█████████▉| 5330/5362 [03:15<00:01, 25.83it/s] 99%|█████████▉| 5333/5362 [03:15<00:01, 25.85it/s]100%|█████████▉| 5336/5362 [03:15<00:01, 25.85it/s]100%|█████████▉| 5339/5362 [03:16<00:00, 25.59it/s]100%|█████████▉| 5342/5362 [03:16<00:00, 25.66it/s]100%|█████████▉| 5345/5362 [03:16<00:00, 25.78it/s]100%|█████████▉| 5348/5362 [03:16<00:00, 25.81it/s]100%|█████████▉| 5351/5362 [03:16<00:00, 25.83it/s]100%|█████████▉| 5354/5362 [03:16<00:00, 24.93it/s]100%|█████████▉| 5357/5362 [03:16<00:00, 25.08it/s]100%|█████████▉| 5360/5362 [03:16<00:00, 24.48it/s]3388 Failed to open the input "/mnt/workspace/home/zhangjunan/audioldm_eval/audioldm_eval/test_musiccaps/audio/_fad_feature_cache.npy" (Invalid data found when processing input).
Exception raised from get_input_format_context at /__w/audio/audio/pytorch/audio/src/libtorio/ffmpeg/stream_reader/stream_reader.cpp:42 (most recent call first):
frame #0: c10::Error::Error(c10::SourceLocation, std::string) + 0x57 (0x7f0e2b8cf897 in /mnt/workspace/home/zhangjunan/.env/vevo2/lib/python3.10/site-packages/torch/lib/libc10.so)
frame #1: c10::detail::torchCheckFail(char const*, char const*, unsigned int, std::string const&) + 0x64 (0x7f0e2b87fb25 in /mnt/workspace/home/zhangjunan/.env/vevo2/lib/python3.10/site-packages/torch/lib/libc10.so)
frame #2: <unknown function> + 0x42334 (0x7f0c3806a334 in /mnt/workspace/home/zhangjunan/.env/vevo2/lib/python3.10/site-packages/torio/lib/libtorio_ffmpeg4.so)
frame #3: torio::io::StreamingMediaDecoder::StreamingMediaDecoder(std::string const&, std::optional<std::string> const&, std::optional<std::map<std::string, std::string, std::less<std::string>, std::allocator<std::pair<std::string const, std::string> > > > const&) + 0x14 (0x7f0c3806cd34 in /mnt/workspace/home/zhangjunan/.env/vevo2/lib/python3.10/site-packages/torio/lib/libtorio_ffmpeg4.so)
frame #4: <unknown function> + 0x3aa4e (0x7f0c2c087a4e in /mnt/workspace/home/zhangjunan/.env/vevo2/lib/python3.10/site-packages/torio/lib/_torio_ffmpeg4.so)
frame #5: <unknown function> + 0x32617 (0x7f0c2c07f617 in /mnt/workspace/home/zhangjunan/.env/vevo2/lib/python3.10/site-packages/torio/lib/_torio_ffmpeg4.so)
frame #6: python() [0x4fdcf7]
<omitting python frames>
frame #8: python() [0x509eda]
frame #9: python() [0x507a4c]
frame #10: python() [0x4f77e6]
frame #11: <unknown function> + 0xf6cb (0x7f0db19f46cb in /mnt/workspace/home/zhangjunan/.env/vevo2/lib/python3.10/site-packages/torchaudio/lib/_torchaudio.so)
frame #15: python() [0x5075b8]
frame #26: python() [0x543973]
frame #27: python() [0x5437d8]
frame #37: python() [0x509a7e]
frame #42: python() [0x5075b8]
frame #52: python() [0x5075b8]
frame #57: python() [0x532997]
frame #58: python() [0x5d01e9]
frame #61: python() [0x5117cf]

100%|██████████| 5362/5362 [03:16<00:00, 27.22it/s]
Save pickle at /mnt/workspace/home/zhangjunan/audioldm_eval/audioldm_eval/test_musiccaps/audioclassifier_logits_feature_cache.pkl
Extracting features from /mnt/workspace/home/zhangjunan/audioldm_eval/audioldm_eval/test_musiccaps/infer/epoch-0008_step-0541000_loss-0.316784.
  0%|          | 0/5360 [00:00<?, ?it/s]  0%|          | 1/5360 [00:00<27:29,  3.25it/s]  0%|          | 4/5360 [00:00<08:02, 11.11it/s]  0%|          | 7/5360 [00:00<05:36, 15.93it/s]  0%|          | 10/5360 [00:00<04:39, 19.12it/s]  0%|          | 13/5360 [00:00<04:11, 21.25it/s]  0%|          | 16/5360 [00:00<03:55, 22.68it/s]  0%|          | 19/5360 [00:01<03:45, 23.67it/s]  0%|          | 22/5360 [00:01<03:40, 24.20it/s]  0%|          | 25/5360 [00:01<03:35, 24.71it/s]  1%|          | 28/5360 [00:01<03:32, 25.07it/s]  1%|          | 31/5360 [00:01<03:30, 25.34it/s]  1%|          | 34/5360 [00:01<03:28, 25.51it/s]  1%|          | 37/5360 [00:01<03:27, 25.64it/s]  1%|          | 40/5360 [00:01<03:26, 25.72it/s]  1%|          | 43/5360 [00:01<03:26, 25.79it/s]  1%|          | 46/5360 [00:02<03:25, 25.83it/s]  1%|          | 49/5360 [00:02<03:25, 25.85it/s]  1%|          | 52/5360 [00:02<03:28, 25.45it/s]  1%|          | 55/5360 [00:02<03:28, 25.44it/s]  1%|          | 58/5360 [00:02<03:27, 25.58it/s]  1%|          | 61/5360 [00:02<03:26, 25.67it/s]  1%|          | 64/5360 [00:02<03:25, 25.73it/s]  1%|▏         | 67/5360 [00:02<03:25, 25.79it/s]  1%|▏         | 70/5360 [00:02<03:26, 25.68it/s]  1%|▏         | 73/5360 [00:03<03:27, 25.48it/s]  1%|▏         | 76/5360 [00:03<03:26, 25.59it/s]  1%|▏         | 79/5360 [00:03<03:25, 25.69it/s]  2%|▏         | 82/5360 [00:03<03:25, 25.75it/s]  2%|▏         | 85/5360 [00:03<03:24, 25.79it/s]  2%|▏         | 88/5360 [00:03<03:24, 25.83it/s]  2%|▏         | 91/5360 [00:03<03:23, 25.86it/s]  2%|▏         | 94/5360 [00:03<03:24, 25.73it/s]  2%|▏         | 97/5360 [00:04<03:24, 25.79it/s]  2%|▏         | 100/5360 [00:04<03:38, 24.12it/s]  2%|▏         | 103/5360 [00:04<03:33, 24.63it/s]  2%|▏         | 106/5360 [00:04<03:30, 25.00it/s]  2%|▏         | 109/5360 [00:04<03:27, 25.26it/s]  2%|▏         | 112/5360 [00:04<03:27, 25.33it/s]  2%|▏         | 115/5360 [00:04<03:26, 25.36it/s]  2%|▏         | 118/5360 [00:04<03:26, 25.39it/s]  2%|▏         | 121/5360 [00:04<03:26, 25.41it/s]  2%|▏         | 124/5360 [00:05<03:27, 25.28it/s]  2%|▏         | 127/5360 [00:05<03:25, 25.48it/s]  2%|▏         | 130/5360 [00:05<03:24, 25.61it/s]  2%|▏         | 133/5360 [00:05<03:24, 25.59it/s]  3%|▎         | 136/5360 [00:05<03:34, 24.36it/s]  3%|▎         | 139/5360 [00:05<03:26, 25.31it/s]  3%|▎         | 142/5360 [00:05<03:17, 26.38it/s]  3%|▎         | 145/5360 [00:05<03:14, 26.80it/s]  3%|▎         | 148/5360 [00:06<03:10, 27.35it/s]  3%|▎         | 151/5360 [00:06<03:15, 26.67it/s]  3%|▎         | 154/5360 [00:06<03:15, 26.62it/s]  3%|▎         | 157/5360 [00:06<03:17, 26.33it/s]  3%|▎         | 160/5360 [00:06<03:14, 26.70it/s]  3%|▎         | 163/5360 [00:06<03:10, 27.33it/s]  3%|▎         | 166/5360 [00:06<03:05, 28.05it/s]  3%|▎         | 169/5360 [00:06<03:09, 27.35it/s]  3%|▎         | 172/5360 [00:06<03:09, 27.42it/s]  3%|▎         | 176/5360 [00:07<03:06, 27.87it/s]  3%|▎         | 179/5360 [00:07<03:09, 27.38it/s]  3%|▎         | 182/5360 [00:07<03:04, 28.03it/s]  3%|▎         | 185/5360 [00:07<03:05, 27.93it/s]  4%|▎         | 188/5360 [00:07<03:05, 27.88it/s]  4%|▎         | 191/5360 [00:07<03:04, 27.95it/s]  4%|▎         | 194/5360 [00:07<03:04, 28.02it/s]  4%|▎         | 197/5360 [00:07<03:03, 28.18it/s]  4%|▎         | 200/5360 [00:07<03:08, 27.32it/s]  4%|▍         | 203/5360 [00:08<03:03, 28.05it/s]  4%|▍         | 207/5360 [00:08<03:02, 28.19it/s]  4%|▍         | 210/5360 [00:08<03:02, 28.16it/s]  4%|▍         | 214/5360 [00:08<02:59, 28.59it/s]  4%|▍         | 217/5360 [00:08<02:58, 28.77it/s]  4%|▍         | 220/5360 [00:08<03:04, 27.88it/s]  4%|▍         | 223/5360 [00:08<03:02, 28.12it/s]  4%|▍         | 226/5360 [00:08<03:01, 28.26it/s]  4%|▍         | 229/5360 [00:08<03:00, 28.46it/s]  4%|▍         | 232/5360 [00:09<03:03, 27.90it/s]  4%|▍         | 235/5360 [00:09<03:00, 28.32it/s]  4%|▍         | 239/5360 [00:09<02:57, 28.80it/s]  5%|▍         | 243/5360 [00:09<02:56, 29.00it/s]  5%|▍         | 246/5360 [00:09<02:57, 28.77it/s]  5%|▍         | 249/5360 [00:09<02:59, 28.50it/s]  5%|▍         | 252/5360 [00:09<03:00, 28.30it/s]  5%|▍         | 256/5360 [00:09<02:57, 28.68it/s]  5%|▍         | 259/5360 [00:09<03:02, 28.01it/s]  5%|▍         | 262/5360 [00:10<02:59, 28.46it/s]  5%|▍         | 265/5360 [00:10<03:03, 27.76it/s]  5%|▌         | 268/5360 [00:10<03:03, 27.74it/s]  5%|▌         | 272/5360 [00:10<03:00, 28.19it/s]  5%|▌         | 276/5360 [00:10<02:57, 28.58it/s]  5%|▌         | 280/5360 [00:10<02:57, 28.69it/s]  5%|▌         | 283/5360 [00:10<02:56, 28.83it/s]  5%|▌         | 286/5360 [00:10<02:57, 28.65it/s]  5%|▌         | 289/5360 [00:11<03:01, 27.91it/s]  5%|▌         | 292/5360 [00:11<03:01, 27.90it/s]  6%|▌         | 295/5360 [00:11<02:58, 28.35it/s]  6%|▌         | 298/5360 [00:11<02:56, 28.66it/s]  6%|▌         | 301/5360 [00:11<03:02, 27.76it/s]  6%|▌         | 305/5360 [00:11<02:59, 28.23it/s]  6%|▌         | 309/5360 [00:11<02:58, 28.29it/s]  6%|▌         | 312/5360 [00:11<02:59, 28.09it/s]  6%|▌         | 316/5360 [00:12<02:55, 28.69it/s]  6%|▌         | 320/5360 [00:12<02:54, 28.96it/s]  6%|▌         | 323/5360 [00:12<02:55, 28.75it/s]  6%|▌         | 326/5360 [00:12<02:56, 28.53it/s]  6%|▌         | 329/5360 [00:12<03:01, 27.70it/s]  6%|▌         | 333/5360 [00:12<02:58, 28.20it/s]  6%|▋         | 336/5360 [00:12<02:57, 28.36it/s]  6%|▋         | 339/5360 [00:12<02:55, 28.61it/s]  6%|▋         | 342/5360 [00:12<02:57, 28.23it/s]  6%|▋         | 345/5360 [00:13<03:03, 27.26it/s]  7%|▋         | 349/5360 [00:13<02:59, 27.87it/s]  7%|▋         | 352/5360 [00:13<02:56, 28.32it/s]  7%|▋         | 356/5360 [00:13<02:55, 28.59it/s]  7%|▋         | 360/5360 [00:13<02:53, 28.86it/s]  7%|▋         | 364/5360 [00:13<02:53, 28.83it/s]  7%|▋         | 367/5360 [00:13<02:52, 28.98it/s]  7%|▋         | 370/5360 [00:13<02:56, 28.30it/s]  7%|▋         | 374/5360 [00:14<02:54, 28.54it/s]  7%|▋         | 377/5360 [00:14<02:55, 28.41it/s]  7%|▋         | 381/5360 [00:14<02:52, 28.80it/s]  7%|▋         | 384/5360 [00:14<02:51, 28.93it/s]  7%|▋         | 387/5360 [00:14<02:57, 28.05it/s]  7%|▋         | 391/5360 [00:14<02:54, 28.44it/s]  7%|▋         | 394/5360 [00:14<02:52, 28.82it/s]  7%|▋         | 397/5360 [00:14<02:52, 28.73it/s]  7%|▋         | 400/5360 [00:14<02:52, 28.82it/s]  8%|▊         | 403/5360 [00:15<02:57, 27.93it/s]  8%|▊         | 406/5360 [00:15<02:53, 28.49it/s]  8%|▊         | 409/5360 [00:15<02:51, 28.82it/s]  8%|▊         | 412/5360 [00:15<02:52, 28.70it/s]  8%|▊         | 415/5360 [00:15<02:57, 27.90it/s]  8%|▊         | 418/5360 [00:15<02:59, 27.55it/s]  8%|▊         | 422/5360 [00:15<02:54, 28.24it/s]  8%|▊         | 426/5360 [00:15<02:52, 28.56it/s]  8%|▊         | 430/5360 [00:16<02:51, 28.68it/s]  8%|▊         | 434/5360 [00:16<02:52, 28.61it/s]  8%|▊         | 437/5360 [00:16<02:50, 28.85it/s]  8%|▊         | 440/5360 [00:16<02:51, 28.61it/s]  8%|▊         | 443/5360 [00:16<02:54, 28.20it/s]  8%|▊         | 447/5360 [00:16<02:51, 28.63it/s]  8%|▊         | 451/5360 [00:16<02:49, 28.91it/s]  8%|▊         | 454/5360 [00:16<02:48, 29.05it/s]  9%|▊         | 457/5360 [00:16<02:49, 28.95it/s]  9%|▊         | 460/5360 [00:17<02:50, 28.81it/s]  9%|▊         | 464/5360 [00:17<02:48, 29.05it/s]  9%|▊         | 468/5360 [00:17<02:48, 29.05it/s]  9%|▉         | 472/5360 [00:17<02:48, 29.04it/s]  9%|▉         | 475/5360 [00:17<02:50, 28.73it/s]  9%|▉         | 478/5360 [00:17<02:51, 28.49it/s]  9%|▉         | 481/5360 [00:17<02:53, 28.10it/s]  9%|▉         | 484/5360 [00:17<02:52, 28.19it/s]  9%|▉         | 488/5360 [00:18<02:51, 28.42it/s]  9%|▉         | 491/5360 [00:18<02:54, 27.89it/s]  9%|▉         | 494/5360 [00:18<02:54, 27.92it/s]  9%|▉         | 497/5360 [00:18<02:58, 27.30it/s]  9%|▉         | 500/5360 [00:18<02:54, 27.85it/s]  9%|▉         | 503/5360 [00:18<02:51, 28.25it/s]  9%|▉         | 506/5360 [00:18<02:53, 28.02it/s]  9%|▉         | 509/5360 [00:18<02:55, 27.70it/s] 10%|▉         | 512/5360 [00:18<02:53, 27.93it/s] 10%|▉         | 515/5360 [00:19<02:50, 28.42it/s] 10%|▉         | 518/5360 [00:19<02:55, 27.61it/s] 10%|▉         | 521/5360 [00:19<02:53, 27.87it/s] 10%|▉         | 524/5360 [00:19<02:52, 27.99it/s] 10%|▉         | 527/5360 [00:19<02:49, 28.46it/s] 10%|▉         | 530/5360 [00:19<02:54, 27.63it/s] 10%|▉         | 534/5360 [00:19<02:50, 28.26it/s] 10%|█         | 537/5360 [00:19<02:51, 28.15it/s] 10%|█         | 540/5360 [00:19<02:48, 28.55it/s] 10%|█         | 543/5360 [00:20<02:54, 27.62it/s] 10%|█         | 546/5360 [00:20<03:00, 26.74it/s] 10%|█         | 549/5360 [00:20<02:54, 27.51it/s] 10%|█         | 552/5360 [00:20<02:50, 28.17it/s] 10%|█         | 555/5360 [00:20<02:51, 27.94it/s] 10%|█         | 558/5360 [00:20<02:55, 27.29it/s] 10%|█         | 561/5360 [00:20<02:55, 27.32it/s] 11%|█         | 564/5360 [00:20<02:51, 27.90it/s] 11%|█         | 567/5360 [00:20<02:52, 27.85it/s] 11%|█         | 570/5360 [00:20<02:57, 27.01it/s] 11%|█         | 573/5360 [00:21<02:54, 27.44it/s] 11%|█         | 576/5360 [00:21<02:51, 27.85it/s] 11%|█         | 579/5360 [00:21<02:48, 28.31it/s] 11%|█         | 582/5360 [00:21<02:55, 27.18it/s] 11%|█         | 586/5360 [00:21<02:51, 27.79it/s] 11%|█         | 589/5360 [00:21<02:49, 28.08it/s] 11%|█         | 592/5360 [00:21<02:48, 28.32it/s] 11%|█         | 595/5360 [00:21<02:50, 27.90it/s] 11%|█         | 598/5360 [00:22<02:55, 27.09it/s] 11%|█         | 602/5360 [00:22<02:50, 27.92it/s] 11%|█▏        | 605/5360 [00:22<02:48, 28.22it/s] 11%|█▏        | 608/5360 [00:22<02:49, 28.05it/s] 11%|█▏        | 611/5360 [00:22<02:53, 27.38it/s] 11%|█▏        | 614/5360 [00:22<02:52, 27.58it/s] 12%|█▏        | 617/5360 [00:22<02:51, 27.66it/s] 12%|█▏        | 620/5360 [00:22<02:47, 28.23it/s] 12%|█▏        | 623/5360 [00:22<02:53, 27.35it/s] 12%|█▏        | 626/5360 [00:23<02:51, 27.65it/s] 12%|█▏        | 630/5360 [00:23<02:33, 30.87it/s] 12%|█▏        | 636/5360 [00:23<02:06, 37.21it/s] 12%|█▏        | 642/5360 [00:23<01:54, 41.39it/s] 12%|█▏        | 647/5360 [00:23<01:47, 43.71it/s] 12%|█▏        | 652/5360 [00:23<01:44, 45.18it/s] 12%|█▏        | 657/5360 [00:23<01:41, 46.53it/s] 12%|█▏        | 663/5360 [00:23<01:37, 48.09it/s] 12%|█▏        | 668/5360 [00:23<01:36, 48.60it/s] 13%|█▎        | 674/5360 [00:23<01:34, 49.52it/s] 13%|█▎        | 679/5360 [00:24<01:34, 49.40it/s] 13%|█▎        | 685/5360 [00:24<01:34, 49.64it/s] 13%|█▎        | 690/5360 [00:24<01:34, 49.49it/s] 13%|█▎        | 695/5360 [00:24<01:40, 46.23it/s] 13%|█▎        | 700/5360 [00:24<01:56, 40.01it/s] 13%|█▎        | 705/5360 [00:24<02:15, 34.35it/s] 13%|█▎        | 709/5360 [00:24<02:30, 30.93it/s] 13%|█▎        | 713/5360 [00:25<02:41, 28.86it/s] 13%|█▎        | 717/5360 [00:25<02:46, 27.88it/s] 13%|█▎        | 720/5360 [00:25<02:49, 27.40it/s] 13%|█▎        | 723/5360 [00:25<02:51, 27.01it/s] 14%|█▎        | 726/5360 [00:25<02:53, 26.71it/s] 14%|█▎        | 729/5360 [00:25<02:54, 26.49it/s] 14%|█▎        | 732/5360 [00:25<02:55, 26.31it/s] 14%|█▎        | 735/5360 [00:25<02:56, 26.19it/s] 14%|█▍        | 738/5360 [00:26<02:57, 26.11it/s] 14%|█▍        | 741/5360 [00:26<03:02, 25.36it/s] 14%|█▍        | 744/5360 [00:26<03:02, 25.25it/s] 14%|█▍        | 747/5360 [00:26<03:01, 25.43it/s] 14%|█▍        | 750/5360 [00:26<03:00, 25.56it/s] 14%|█▍        | 753/5360 [00:26<03:00, 25.53it/s] 14%|█▍        | 756/5360 [00:26<03:03, 25.09it/s] 14%|█▍        | 759/5360 [00:26<03:01, 25.32it/s] 14%|█▍        | 762/5360 [00:27<03:00, 25.48it/s] 14%|█▍        | 765/5360 [00:27<02:59, 25.60it/s] 14%|█▍        | 768/5360 [00:27<02:58, 25.69it/s] 14%|█▍        | 771/5360 [00:27<02:58, 25.75it/s] 14%|█▍        | 774/5360 [00:27<02:57, 25.79it/s] 14%|█▍        | 777/5360 [00:27<02:57, 25.82it/s] 15%|█▍        | 780/5360 [00:27<02:57, 25.84it/s] 15%|█▍        | 783/5360 [00:27<02:56, 25.86it/s] 15%|█▍        | 786/5360 [00:27<02:56, 25.86it/s] 15%|█▍        | 789/5360 [00:28<02:56, 25.88it/s] 15%|█▍        | 792/5360 [00:28<02:58, 25.59it/s] 15%|█▍        | 795/5360 [00:28<02:58, 25.54it/s] 15%|█▍        | 798/5360 [00:28<03:02, 24.96it/s] 15%|█▍        | 801/5360 [00:28<03:07, 24.34it/s] 15%|█▌        | 804/5360 [00:28<03:03, 24.78it/s] 15%|█▌        | 807/5360 [00:28<02:59, 25.43it/s] 15%|█▌        | 810/5360 [00:28<02:57, 25.58it/s] 15%|█▌        | 813/5360 [00:29<02:57, 25.68it/s] 15%|█▌        | 816/5360 [00:29<02:56, 25.75it/s] 15%|█▌        | 819/5360 [00:29<02:56, 25.80it/s] 15%|█▌        | 822/5360 [00:29<02:55, 25.84it/s] 15%|█▌        | 825/5360 [00:29<02:55, 25.88it/s] 15%|█▌        | 828/5360 [00:29<02:56, 25.61it/s] 16%|█▌        | 831/5360 [00:29<02:56, 25.70it/s] 16%|█▌        | 834/5360 [00:29<02:55, 25.76it/s] 16%|█▌        | 837/5360 [00:29<02:55, 25.81it/s] 16%|█▌        | 840/5360 [00:30<02:54, 25.85it/s] 16%|█▌        | 843/5360 [00:30<02:54, 25.87it/s] 16%|█▌        | 846/5360 [00:30<02:54, 25.89it/s] 16%|█▌        | 849/5360 [00:30<02:54, 25.91it/s] 16%|█▌        | 852/5360 [00:30<02:54, 25.91it/s] 16%|█▌        | 855/5360 [00:30<02:53, 25.92it/s] 16%|█▌        | 858/5360 [00:30<02:53, 25.92it/s] 16%|█▌        | 861/5360 [00:30<02:53, 25.92it/s] 16%|█▌        | 864/5360 [00:31<02:55, 25.64it/s] 16%|█▌        | 867/5360 [00:31<02:55, 25.59it/s] 16%|█▌        | 870/5360 [00:31<02:55, 25.54it/s] 16%|█▋        | 873/5360 [00:31<02:54, 25.66it/s] 16%|█▋        | 876/5360 [00:31<02:54, 25.73it/s] 16%|█▋        | 879/5360 [00:31<02:55, 25.51it/s] 16%|█▋        | 882/5360 [00:31<02:54, 25.63it/s] 17%|█▋        | 885/5360 [00:31<02:54, 25.71it/s] 17%|█▋        | 888/5360 [00:31<02:54, 25.63it/s] 17%|█▋        | 891/5360 [00:32<02:53, 25.72it/s] 17%|█▋        | 894/5360 [00:32<02:53, 25.78it/s] 17%|█▋        | 897/5360 [00:32<02:52, 25.81it/s] 17%|█▋        | 900/5360 [00:32<02:52, 25.84it/s] 17%|█▋        | 903/5360 [00:32<02:52, 25.87it/s] 17%|█▋        | 906/5360 [00:32<02:52, 25.75it/s] 17%|█▋        | 909/5360 [00:32<02:52, 25.79it/s] 17%|█▋        | 912/5360 [00:32<02:52, 25.82it/s] 17%|█▋        | 915/5360 [00:32<02:51, 25.85it/s] 17%|█▋        | 918/5360 [00:33<02:51, 25.86it/s] 17%|█▋        | 921/5360 [00:33<02:53, 25.61it/s] 17%|█▋        | 924/5360 [00:33<02:52, 25.70it/s] 17%|█▋        | 927/5360 [00:33<02:52, 25.75it/s] 17%|█▋        | 930/5360 [00:33<02:51, 25.80it/s] 17%|█▋        | 933/5360 [00:33<02:51, 25.84it/s] 17%|█▋        | 936/5360 [00:33<02:51, 25.87it/s] 18%|█▊        | 939/5360 [00:33<02:50, 25.89it/s] 18%|█▊        | 942/5360 [00:34<02:50, 25.90it/s] 18%|█▊        | 945/5360 [00:34<02:50, 25.91it/s] 18%|█▊        | 948/5360 [00:34<02:50, 25.92it/s] 18%|█▊        | 951/5360 [00:34<02:50, 25.90it/s] 18%|█▊        | 954/5360 [00:34<02:50, 25.90it/s] 18%|█▊        | 957/5360 [00:34<02:49, 25.91it/s] 18%|█▊        | 960/5360 [00:34<02:49, 25.92it/s] 18%|█▊        | 963/5360 [00:34<02:51, 25.65it/s] 18%|█▊        | 966/5360 [00:34<02:51, 25.59it/s] 18%|█▊        | 969/5360 [00:35<02:51, 25.56it/s] 18%|█▊        | 972/5360 [00:35<02:51, 25.65it/s] 18%|█▊        | 975/5360 [00:35<02:53, 25.33it/s] 18%|█▊        | 978/5360 [00:35<02:54, 25.10it/s] 18%|█▊        | 981/5360 [00:35<02:52, 25.33it/s] 18%|█▊        | 984/5360 [00:35<02:51, 25.50it/s] 18%|█▊        | 987/5360 [00:35<02:50, 25.62it/s] 18%|█▊        | 990/5360 [00:35<02:49, 25.71it/s] 19%|█▊        | 993/5360 [00:36<02:49, 25.77it/s] 19%|█▊        | 996/5360 [00:36<02:49, 25.81it/s] 19%|█▊        | 999/5360 [00:36<02:50, 25.57it/s] 19%|█▊        | 1002/5360 [00:36<02:43, 26.71it/s] 19%|█▉        | 1005/5360 [00:36<02:44, 26.40it/s] 19%|█▉        | 1008/5360 [00:36<02:39, 27.32it/s] 19%|█▉        | 1011/5360 [00:36<02:37, 27.60it/s] 19%|█▉        | 1014/5360 [00:36<02:34, 28.08it/s] 19%|█▉        | 1017/5360 [00:36<02:39, 27.28it/s] 19%|█▉        | 1020/5360 [00:37<02:38, 27.45it/s] 19%|█▉        | 1023/5360 [00:37<02:37, 27.59it/s] 19%|█▉        | 1026/5360 [00:37<02:36, 27.76it/s] 19%|█▉        | 1029/5360 [00:37<02:37, 27.45it/s] 19%|█▉        | 1032/5360 [00:37<02:38, 27.37it/s] 19%|█▉        | 1035/5360 [00:37<02:38, 27.28it/s] 19%|█▉        | 1038/5360 [00:37<02:36, 27.61it/s] 19%|█▉        | 1042/5360 [00:38<04:36, 15.60it/s] 19%|█▉        | 1045/5360 [00:38<04:07, 17.44it/s] 20%|█▉        | 1048/5360 [00:38<03:42, 19.38it/s] 20%|█▉        | 1051/5360 [00:38<03:22, 21.32it/s] 20%|█▉        | 1054/5360 [00:38<03:06, 23.09it/s] 20%|█▉        | 1057/5360 [00:38<02:55, 24.57it/s] 20%|█▉        | 1060/5360 [00:38<02:50, 25.25it/s] 20%|█▉        | 1063/5360 [00:38<02:42, 26.48it/s] 20%|█▉        | 1067/5360 [00:39<02:36, 27.41it/s] 20%|█▉        | 1070/5360 [00:39<02:40, 26.70it/s] 20%|██        | 1073/5360 [00:39<02:36, 27.32it/s] 20%|██        | 1076/5360 [00:39<02:40, 26.75it/s] 20%|██        | 1079/5360 [00:39<02:36, 27.39it/s] 20%|██        | 1082/5360 [00:39<02:34, 27.71it/s] 20%|██        | 1085/5360 [00:39<02:35, 27.55it/s] 20%|██        | 1088/5360 [00:39<02:34, 27.72it/s] 20%|██        | 1091/5360 [00:39<02:37, 27.11it/s] 20%|██        | 1095/5360 [00:40<02:33, 27.72it/s] 20%|██        | 1098/5360 [00:40<02:31, 28.19it/s] 21%|██        | 1101/5360 [00:40<02:31, 28.19it/s] 21%|██        | 1105/5360 [00:40<02:28, 28.68it/s] 21%|██        | 1109/5360 [00:40<02:27, 28.72it/s] 21%|██        | 1112/5360 [00:40<02:26, 28.91it/s] 21%|██        | 1115/5360 [00:40<02:31, 28.00it/s] 21%|██        | 1119/5360 [00:40<02:30, 28.25it/s] 21%|██        | 1122/5360 [00:40<02:28, 28.57it/s] 21%|██        | 1125/5360 [00:41<02:33, 27.57it/s] 21%|██        | 1128/5360 [00:41<02:31, 27.88it/s] 21%|██        | 1131/5360 [00:41<02:31, 27.84it/s] 21%|██        | 1134/5360 [00:41<02:31, 27.81it/s] 21%|██        | 1138/5360 [00:41<02:28, 28.39it/s] 21%|██▏       | 1141/5360 [00:41<02:29, 28.20it/s] 21%|██▏       | 1144/5360 [00:41<02:31, 27.75it/s] 21%|██▏       | 1147/5360 [00:41<02:29, 28.27it/s] 21%|██▏       | 1150/5360 [00:41<02:29, 28.10it/s] 22%|██▏       | 1153/5360 [00:42<02:29, 28.18it/s] 22%|██▏       | 1156/5360 [00:42<02:30, 27.89it/s] 22%|██▏       | 1159/5360 [00:42<02:33, 27.45it/s] 22%|██▏       | 1162/5360 [00:42<02:29, 28.04it/s] 22%|██▏       | 1166/5360 [00:42<02:26, 28.57it/s] 22%|██▏       | 1170/5360 [00:42<02:26, 28.69it/s] 22%|██▏       | 1173/5360 [00:42<02:25, 28.74it/s] 22%|██▏       | 1176/5360 [00:42<02:30, 27.89it/s] 22%|██▏       | 1179/5360 [00:43<02:29, 28.01it/s] 22%|██▏       | 1183/5360 [00:43<02:27, 28.38it/s] 22%|██▏       | 1186/5360 [00:43<02:26, 28.58it/s] 22%|██▏       | 1189/5360 [00:43<02:24, 28.80it/s] 22%|██▏       | 1192/5360 [00:43<02:29, 27.90it/s] 22%|██▏       | 1195/5360 [00:43<02:29, 27.85it/s] 22%|██▏       | 1199/5360 [00:43<02:26, 28.42it/s] 22%|██▏       | 1203/5360 [00:43<02:25, 28.54it/s] 22%|██▎       | 1206/5360 [00:43<02:26, 28.38it/s] 23%|██▎       | 1209/5360 [00:44<02:27, 28.16it/s] 23%|██▎       | 1212/5360 [00:44<02:29, 27.75it/s] 23%|██▎       | 1215/5360 [00:44<02:30, 27.52it/s] 23%|██▎       | 1219/5360 [00:44<02:26, 28.20it/s] 23%|██▎       | 1223/5360 [00:44<02:24, 28.64it/s] 23%|██▎       | 1226/5360 [00:44<02:22, 28.93it/s] 23%|██▎       | 1229/5360 [00:44<02:23, 28.85it/s] 23%|██▎       | 1232/5360 [00:44<02:29, 27.56it/s] 23%|██▎       | 1236/5360 [00:45<02:26, 28.19it/s] 23%|██▎       | 1239/5360 [00:45<02:24, 28.54it/s] 23%|██▎       | 1243/5360 [00:45<02:23, 28.65it/s] 23%|██▎       | 1247/5360 [00:45<02:22, 28.78it/s] 23%|██▎       | 1250/5360 [00:45<02:21, 28.97it/s] 23%|██▎       | 1253/5360 [00:45<02:24, 28.51it/s] 23%|██▎       | 1256/5360 [00:45<02:27, 27.89it/s] 24%|██▎       | 1260/5360 [00:45<02:25, 28.26it/s] 24%|██▎       | 1264/5360 [00:46<02:27, 27.77it/s] 24%|██▎       | 1267/5360 [00:46<02:25, 28.21it/s] 24%|██▎       | 1270/5360 [00:46<02:26, 27.86it/s] 24%|██▍       | 1273/5360 [00:46<02:26, 27.90it/s] 24%|██▍       | 1276/5360 [00:46<02:29, 27.29it/s] 24%|██▍       | 1279/5360 [00:46<02:25, 27.96it/s] 24%|██▍       | 1282/5360 [00:46<02:23, 28.43it/s] 24%|██▍       | 1285/5360 [00:46<02:24, 28.26it/s] 24%|██▍       | 1288/5360 [00:46<02:26, 27.73it/s] 24%|██▍       | 1291/5360 [00:46<02:25, 28.04it/s] 24%|██▍       | 1294/5360 [00:47<02:23, 28.43it/s] 24%|██▍       | 1297/5360 [00:47<02:24, 28.06it/s] 24%|██▍       | 1300/5360 [00:47<02:26, 27.69it/s] 24%|██▍       | 1303/5360 [00:47<02:24, 28.14it/s] 24%|██▍       | 1307/5360 [00:47<02:21, 28.64it/s] 24%|██▍       | 1311/5360 [00:47<02:20, 28.81it/s] 25%|██▍       | 1315/5360 [00:47<02:20, 28.79it/s] 25%|██▍       | 1318/5360 [00:47<02:19, 29.05it/s] 25%|██▍       | 1321/5360 [00:48<02:23, 28.13it/s] 25%|██▍       | 1325/5360 [00:48<02:20, 28.77it/s] 25%|██▍       | 1329/5360 [00:48<02:19, 28.95it/s] 25%|██▍       | 1332/5360 [00:48<02:19, 28.81it/s] 25%|██▍       | 1336/5360 [00:48<02:19, 28.89it/s] 25%|██▌       | 1340/5360 [00:48<02:17, 29.23it/s] 25%|██▌       | 1343/5360 [00:48<02:18, 28.92it/s] 25%|██▌       | 1346/5360 [00:48<02:23, 27.99it/s] 25%|██▌       | 1349/5360 [00:49<02:22, 28.24it/s] 25%|██▌       | 1352/5360 [00:49<02:20, 28.44it/s] 25%|██▌       | 1356/5360 [00:49<02:19, 28.78it/s] 25%|██▌       | 1359/5360 [00:49<02:18, 28.83it/s] 25%|██▌       | 1362/5360 [00:49<02:20, 28.53it/s] 25%|██▌       | 1366/5360 [00:49<02:18, 28.84it/s] 26%|██▌       | 1370/5360 [00:49<02:16, 29.17it/s] 26%|██▌       | 1374/5360 [00:49<02:16, 29.18it/s] 26%|██▌       | 1377/5360 [00:49<02:15, 29.33it/s] 26%|██▌       | 1380/5360 [00:50<02:21, 28.11it/s] 26%|██▌       | 1383/5360 [00:50<02:20, 28.35it/s] 26%|██▌       | 1387/5360 [00:50<02:19, 28.55it/s] 26%|██▌       | 1391/5360 [00:50<02:18, 28.68it/s] 26%|██▌       | 1395/5360 [00:50<02:17, 28.76it/s] 26%|██▌       | 1398/5360 [00:50<02:16, 28.99it/s] 26%|██▌       | 1401/5360 [00:50<02:20, 28.13it/s] 26%|██▌       | 1405/5360 [00:50<02:18, 28.55it/s] 26%|██▋       | 1409/5360 [00:51<02:17, 28.64it/s] 26%|██▋       | 1412/5360 [00:51<02:16, 28.92it/s] 26%|██▋       | 1415/5360 [00:51<02:18, 28.57it/s] 26%|██▋       | 1418/5360 [00:51<02:22, 27.73it/s] 27%|██▋       | 1421/5360 [00:51<02:21, 27.79it/s] 27%|██▋       | 1424/5360 [00:51<02:19, 28.24it/s] 27%|██▋       | 1427/5360 [00:51<02:20, 27.99it/s] 27%|██▋       | 1430/5360 [00:51<02:23, 27.38it/s] 27%|██▋       | 1433/5360 [00:51<02:23, 27.32it/s] 27%|██▋       | 1436/5360 [00:52<02:22, 27.48it/s] 27%|██▋       | 1439/5360 [00:52<02:20, 27.93it/s] 27%|██▋       | 1442/5360 [00:52<02:24, 27.13it/s] 27%|██▋       | 1446/5360 [00:52<02:21, 27.75it/s] 27%|██▋       | 1450/5360 [00:52<02:18, 28.26it/s] 27%|██▋       | 1454/5360 [00:52<02:15, 28.82it/s] 27%|██▋       | 1457/5360 [00:52<02:14, 29.05it/s] 27%|██▋       | 1460/5360 [00:52<02:18, 28.13it/s] 27%|██▋       | 1463/5360 [00:53<02:16, 28.49it/s] 27%|██▋       | 1466/5360 [00:53<02:18, 28.21it/s] 27%|██▋       | 1469/5360 [00:53<02:16, 28.60it/s] 27%|██▋       | 1472/5360 [00:53<02:21, 27.57it/s] 28%|██▊       | 1476/5360 [00:53<02:17, 28.21it/s] 28%|██▊       | 1479/5360 [00:53<02:18, 28.12it/s] 28%|██▊       | 1483/5360 [00:53<02:14, 28.86it/s] 28%|██▊       | 1486/5360 [00:53<02:14, 28.82it/s] 28%|██▊       | 1489/5360 [00:53<02:18, 27.88it/s] 28%|██▊       | 1493/5360 [00:54<02:15, 28.50it/s] 28%|██▊       | 1497/5360 [00:54<02:14, 28.64it/s] 28%|██▊       | 1500/5360 [00:54<02:15, 28.39it/s] 28%|██▊       | 1503/5360 [00:54<02:24, 26.61it/s] 28%|██▊       | 1507/5360 [00:54<02:21, 27.18it/s] 28%|██▊       | 1510/5360 [00:54<02:18, 27.76it/s] 28%|██▊       | 1513/5360 [00:54<02:24, 26.70it/s] 28%|██▊       | 1516/5360 [00:54<02:23, 26.72it/s] 28%|██▊       | 1520/5360 [00:55<02:19, 27.57it/s] 28%|██▊       | 1524/5360 [00:55<02:16, 28.00it/s] 29%|██▊       | 1528/5360 [00:55<02:15, 28.23it/s] 29%|██▊       | 1531/5360 [00:55<02:13, 28.60it/s] 29%|██▊       | 1537/5360 [00:55<01:49, 35.00it/s] 29%|██▉       | 1543/5360 [00:55<01:36, 39.65it/s] 29%|██▉       | 1549/5360 [00:55<01:29, 42.77it/s] 29%|██▉       | 1555/5360 [00:55<01:24, 45.28it/s] 29%|██▉       | 1561/5360 [00:56<01:20, 47.06it/s] 29%|██▉       | 1567/5360 [00:56<01:18, 48.20it/s] 29%|██▉       | 1573/5360 [00:56<01:17, 48.81it/s] 29%|██▉       | 1579/5360 [00:56<01:16, 49.64it/s] 30%|██▉       | 1585/5360 [00:56<01:15, 49.95it/s] 30%|██▉       | 1590/5360 [00:56<01:18, 47.78it/s] 30%|██▉       | 1595/5360 [00:56<01:18, 47.76it/s] 30%|██▉       | 1600/5360 [00:56<01:26, 43.65it/s] 30%|██▉       | 1605/5360 [00:57<01:43, 36.30it/s] 30%|███       | 1609/5360 [00:57<01:54, 32.87it/s] 30%|███       | 1613/5360 [00:57<02:03, 30.46it/s] 30%|███       | 1617/5360 [00:57<02:08, 29.06it/s] 30%|███       | 1621/5360 [00:57<02:13, 28.10it/s] 30%|███       | 1624/5360 [00:57<02:16, 27.44it/s] 30%|███       | 1627/5360 [00:57<02:18, 27.03it/s] 30%|███       | 1630/5360 [00:58<02:20, 26.47it/s] 30%|███       | 1633/5360 [00:58<02:22, 26.17it/s] 31%|███       | 1636/5360 [00:58<02:22, 26.10it/s] 31%|███       | 1639/5360 [00:58<02:22, 26.03it/s] 31%|███       | 1642/5360 [00:58<02:23, 26.00it/s] 31%|███       | 1645/5360 [00:58<02:23, 25.97it/s] 31%|███       | 1648/5360 [00:58<02:27, 25.12it/s] 31%|███       | 1651/5360 [00:58<02:30, 24.70it/s] 31%|███       | 1654/5360 [00:59<02:29, 24.79it/s] 31%|███       | 1657/5360 [00:59<02:29, 24.72it/s] 31%|███       | 1660/5360 [00:59<02:30, 24.53it/s] 31%|███       | 1663/5360 [00:59<02:34, 23.91it/s] 31%|███       | 1666/5360 [00:59<02:34, 23.97it/s] 31%|███       | 1669/5360 [00:59<02:33, 24.01it/s] 31%|███       | 1672/5360 [00:59<02:33, 24.04it/s] 31%|███▏      | 1675/5360 [00:59<02:33, 24.08it/s] 31%|███▏      | 1678/5360 [01:00<02:32, 24.19it/s] 31%|███▏      | 1681/5360 [01:00<02:33, 23.92it/s] 31%|███▏      | 1684/5360 [01:00<02:33, 23.98it/s] 31%|███▏      | 1687/5360 [01:00<02:33, 23.91it/s] 32%|███▏      | 1690/5360 [01:00<02:32, 24.09it/s] 32%|███▏      | 1693/5360 [01:00<02:31, 24.21it/s] 32%|███▏      | 1696/5360 [01:00<02:30, 24.31it/s] 32%|███▏      | 1699/5360 [01:00<02:30, 24.38it/s] 32%|███▏      | 1702/5360 [01:00<02:25, 25.22it/s] 32%|███▏      | 1705/5360 [01:01<02:29, 24.50it/s] 32%|███▏      | 1708/5360 [01:01<02:30, 24.26it/s] 32%|███▏      | 1711/5360 [01:01<02:30, 24.23it/s] 32%|███▏      | 1714/5360 [01:01<02:33, 23.72it/s] 32%|███▏      | 1717/5360 [01:01<02:34, 23.52it/s] 32%|███▏      | 1720/5360 [01:01<02:35, 23.44it/s] 32%|███▏      | 1723/5360 [01:01<02:33, 23.76it/s] 32%|███▏      | 1726/5360 [01:02<02:32, 23.86it/s] 32%|███▏      | 1729/5360 [01:02<02:30, 24.07it/s] 32%|███▏      | 1732/5360 [01:02<02:29, 24.21it/s] 32%|███▏      | 1735/5360 [01:02<02:30, 24.07it/s] 32%|███▏      | 1738/5360 [01:02<02:30, 24.02it/s] 32%|███▏      | 1741/5360 [01:02<02:44, 21.98it/s] 33%|███▎      | 1744/5360 [01:02<02:38, 22.81it/s] 33%|███▎      | 1747/5360 [01:02<02:35, 23.29it/s] 33%|███▎      | 1750/5360 [01:03<02:32, 23.65it/s] 33%|███▎      | 1753/5360 [01:03<02:31, 23.77it/s] 33%|███▎      | 1756/5360 [01:03<02:32, 23.64it/s] 33%|███▎      | 1759/5360 [01:03<02:33, 23.53it/s] 33%|███▎      | 1762/5360 [01:03<02:32, 23.60it/s] 33%|███▎      | 1765/5360 [01:03<02:30, 23.88it/s] 33%|███▎      | 1768/5360 [01:03<02:32, 23.59it/s] 33%|███▎      | 1771/5360 [01:03<02:31, 23.64it/s] 33%|███▎      | 1774/5360 [01:04<02:32, 23.56it/s] 33%|███▎      | 1777/5360 [01:04<02:32, 23.50it/s] 33%|███▎      | 1780/5360 [01:04<02:31, 23.57it/s] 33%|███▎      | 1783/5360 [01:04<02:31, 23.61it/s] 33%|███▎      | 1786/5360 [01:04<02:30, 23.77it/s] 33%|███▎      | 1789/5360 [01:04<02:28, 24.00it/s] 33%|███▎      | 1792/5360 [01:04<02:28, 24.03it/s] 33%|███▎      | 1795/5360 [01:04<02:29, 23.83it/s] 34%|███▎      | 1798/5360 [01:05<02:29, 23.80it/s] 34%|███▎      | 1801/5360 [01:05<02:29, 23.77it/s] 34%|███▎      | 1804/5360 [01:05<02:29, 23.76it/s] 34%|███▎      | 1807/5360 [01:05<02:28, 23.88it/s] 34%|███▍      | 1810/5360 [01:05<02:27, 24.08it/s] 34%|███▍      | 1813/5360 [01:05<02:26, 24.22it/s] 34%|███▍      | 1816/5360 [01:05<02:25, 24.31it/s] 34%|███▍      | 1819/5360 [01:05<02:26, 24.25it/s] 34%|███▍      | 1822/5360 [01:06<02:26, 24.21it/s] 34%|███▍      | 1825/5360 [01:06<02:26, 24.19it/s] 34%|███▍      | 1828/5360 [01:06<02:26, 24.17it/s] 34%|███▍      | 1831/5360 [01:06<02:26, 24.05it/s] 34%|███▍      | 1834/5360 [01:06<02:25, 24.19it/s] 34%|███▍      | 1837/5360 [01:06<02:26, 24.05it/s] 34%|███▍      | 1840/5360 [01:06<02:26, 24.07it/s] 34%|███▍      | 1843/5360 [01:06<02:27, 23.85it/s] 34%|███▍      | 1846/5360 [01:07<02:27, 23.83it/s] 34%|███▍      | 1849/5360 [01:07<02:26, 24.03it/s] 35%|███▍      | 1852/5360 [01:07<02:27, 23.81it/s] 35%|███▍      | 1855/5360 [01:07<02:28, 23.68it/s] 35%|███▍      | 1858/5360 [01:07<02:27, 23.68it/s] 35%|███▍      | 1861/5360 [01:07<02:29, 23.48it/s] 35%|███▍      | 1864/5360 [01:07<02:27, 23.77it/s] 35%|███▍      | 1867/5360 [01:07<02:26, 23.89it/s] 35%|███▍      | 1870/5360 [01:08<02:21, 24.59it/s] 35%|███▍      | 1873/5360 [01:08<02:17, 25.33it/s] 35%|███▌      | 1876/5360 [01:08<02:17, 25.25it/s] 35%|███▌      | 1879/5360 [01:08<02:19, 24.98it/s] 35%|███▌      | 1882/5360 [01:08<02:17, 25.38it/s] 35%|███▌      | 1885/5360 [01:08<02:13, 25.94it/s] 35%|███▌      | 1888/5360 [01:08<02:12, 26.26it/s] 35%|███▌      | 1891/5360 [01:08<02:11, 26.36it/s] 35%|███▌      | 1894/5360 [01:08<02:08, 26.89it/s] 35%|███▌      | 1897/5360 [01:09<02:10, 26.44it/s] 35%|███▌      | 1900/5360 [01:09<02:10, 26.53it/s] 36%|███▌      | 1903/5360 [01:09<02:12, 26.13it/s] 36%|███▌      | 1906/5360 [01:09<02:08, 26.81it/s] 36%|███▌      | 1909/5360 [01:09<02:05, 27.40it/s] 36%|███▌      | 1912/5360 [01:09<02:12, 25.94it/s] 36%|███▌      | 1915/5360 [01:09<02:09, 26.51it/s] 36%|███▌      | 1918/5360 [01:09<02:12, 25.99it/s] 36%|███▌      | 1921/5360 [01:09<02:08, 26.78it/s] 36%|███▌      | 1924/5360 [01:10<02:07, 27.03it/s] 36%|███▌      | 1928/5360 [01:10<02:03, 27.77it/s] 36%|███▌      | 1931/5360 [01:10<02:06, 27.13it/s] 36%|███▌      | 1934/5360 [01:10<02:04, 27.43it/s] 36%|███▌      | 1937/5360 [01:10<02:08, 26.72it/s] 36%|███▌      | 1940/5360 [01:10<02:07, 26.77it/s] 36%|███▋      | 1943/5360 [01:10<02:05, 27.23it/s] 36%|███▋      | 1946/5360 [01:10<02:03, 27.65it/s] 36%|███▋      | 1949/5360 [01:10<02:02, 27.92it/s] 36%|███▋      | 1952/5360 [01:11<02:08, 26.50it/s] 36%|███▋      | 1955/5360 [01:11<02:08, 26.49it/s] 37%|███▋      | 1958/5360 [01:11<02:06, 26.99it/s] 37%|███▋      | 1961/5360 [01:11<02:05, 27.13it/s] 37%|███▋      | 1964/5360 [01:11<02:02, 27.72it/s] 37%|███▋      | 1967/5360 [01:11<02:05, 27.13it/s] 37%|███▋      | 1970/5360 [01:11<02:05, 26.99it/s] 37%|███▋      | 1973/5360 [01:11<02:07, 26.65it/s] 37%|███▋      | 1976/5360 [01:11<02:03, 27.35it/s] 37%|███▋      | 1979/5360 [01:12<02:02, 27.69it/s] 37%|███▋      | 1982/5360 [01:12<02:06, 26.67it/s] 37%|███▋      | 1985/5360 [01:12<02:13, 25.33it/s] 37%|███▋      | 1988/5360 [01:12<02:09, 26.12it/s] 37%|███▋      | 1991/5360 [01:12<02:06, 26.69it/s] 37%|███▋      | 1994/5360 [01:12<02:05, 26.88it/s] 37%|███▋      | 1997/5360 [01:12<02:04, 27.03it/s] 37%|███▋      | 2000/5360 [01:12<02:07, 26.35it/s] 37%|███▋      | 2003/5360 [01:13<02:08, 26.04it/s] 37%|███▋      | 2007/5360 [01:13<02:03, 27.09it/s] 38%|███▊      | 2011/5360 [01:13<02:01, 27.61it/s] 38%|███▊      | 2014/5360 [01:13<02:00, 27.74it/s] 38%|███▊      | 2017/5360 [01:13<02:01, 27.57it/s] 38%|███▊      | 2020/5360 [01:13<01:59, 27.95it/s] 38%|███▊      | 2023/5360 [01:13<02:00, 27.78it/s] 38%|███▊      | 2027/5360 [01:13<01:58, 28.18it/s] 38%|███▊      | 2030/5360 [01:13<01:57, 28.38it/s] 38%|███▊      | 2033/5360 [01:14<02:01, 27.45it/s] 38%|███▊      | 2036/5360 [01:14<01:58, 27.93it/s] 38%|███▊      | 2039/5360 [01:14<02:03, 26.93it/s] 38%|███▊      | 2042/5360 [01:14<02:03, 26.77it/s] 38%|███▊      | 2046/5360 [01:14<01:52, 29.46it/s] 38%|███▊      | 2049/5360 [01:14<01:53, 29.16it/s] 38%|███▊      | 2052/5360 [01:14<01:55, 28.68it/s] 38%|███▊      | 2055/5360 [01:14<01:55, 28.51it/s] 38%|███▊      | 2058/5360 [01:14<01:57, 27.99it/s] 38%|███▊      | 2061/5360 [01:15<02:03, 26.80it/s] 39%|███▊      | 2064/5360 [01:15<02:01, 27.15it/s] 39%|███▊      | 2067/5360 [01:15<02:01, 27.07it/s] 39%|███▊      | 2070/5360 [01:15<02:05, 26.27it/s] 39%|███▊      | 2073/5360 [01:15<02:03, 26.67it/s] 39%|███▊      | 2076/5360 [01:15<02:00, 27.22it/s] 39%|███▉      | 2079/5360 [01:15<01:58, 27.65it/s] 39%|███▉      | 2082/5360 [01:15<02:03, 26.50it/s] 39%|███▉      | 2085/5360 [01:15<02:03, 26.60it/s] 39%|███▉      | 2088/5360 [01:16<01:59, 27.46it/s] 39%|███▉      | 2091/5360 [01:16<01:58, 27.54it/s] 39%|███▉      | 2094/5360 [01:16<01:59, 27.39it/s] 39%|███▉      | 2097/5360 [01:16<01:58, 27.44it/s] 39%|███▉      | 2101/5360 [01:16<01:56, 28.05it/s] 39%|███▉      | 2104/5360 [01:16<01:56, 28.02it/s] 39%|███▉      | 2107/5360 [01:16<01:55, 28.20it/s] 39%|███▉      | 2110/5360 [01:16<01:59, 27.28it/s] 39%|███▉      | 2113/5360 [01:17<02:00, 27.02it/s] 39%|███▉      | 2116/5360 [01:17<02:00, 26.91it/s] 40%|███▉      | 2119/5360 [01:17<02:00, 26.93it/s] 40%|███▉      | 2122/5360 [01:17<01:58, 27.27it/s] 40%|███▉      | 2125/5360 [01:17<01:58, 27.24it/s] 40%|███▉      | 2128/5360 [01:17<02:02, 26.29it/s] 40%|███▉      | 2131/5360 [01:17<01:59, 26.93it/s] 40%|███▉      | 2134/5360 [01:17<01:59, 26.94it/s] 40%|███▉      | 2137/5360 [01:17<02:00, 26.79it/s] 40%|███▉      | 2140/5360 [01:18<01:59, 26.89it/s] 40%|███▉      | 2143/5360 [01:18<02:05, 25.63it/s] 40%|████      | 2146/5360 [01:18<02:10, 24.65it/s] 40%|████      | 2149/5360 [01:18<02:05, 25.56it/s] 40%|████      | 2153/5360 [01:18<02:00, 26.70it/s] 40%|████      | 2156/5360 [01:18<02:01, 26.42it/s] 40%|████      | 2159/5360 [01:18<01:57, 27.17it/s] 40%|████      | 2162/5360 [01:18<01:59, 26.66it/s] 40%|████      | 2165/5360 [01:18<02:01, 26.33it/s] 40%|████      | 2169/5360 [01:19<01:57, 27.24it/s] 41%|████      | 2172/5360 [01:19<01:58, 26.89it/s] 41%|████      | 2175/5360 [01:19<01:57, 27.10it/s] 41%|████      | 2178/5360 [01:19<01:57, 27.10it/s] 41%|████      | 2181/5360 [01:19<01:57, 27.10it/s] 41%|████      | 2184/5360 [01:19<02:01, 26.11it/s] 41%|████      | 2187/5360 [01:19<01:57, 27.08it/s] 41%|████      | 2191/5360 [01:19<01:51, 28.34it/s] 41%|████      | 2194/5360 [01:20<01:50, 28.59it/s] 41%|████      | 2197/5360 [01:20<01:55, 27.35it/s] 41%|████      | 2200/5360 [01:20<01:57, 26.97it/s] 41%|████      | 2203/5360 [01:20<01:54, 27.61it/s] 41%|████      | 2206/5360 [01:20<01:53, 27.71it/s] 41%|████      | 2209/5360 [01:20<01:53, 27.69it/s] 41%|████▏     | 2212/5360 [01:20<01:58, 26.56it/s] 41%|████▏     | 2215/5360 [01:20<01:58, 26.46it/s] 41%|████▏     | 2218/5360 [01:20<02:01, 25.96it/s] 41%|████▏     | 2222/5360 [01:21<01:57, 26.68it/s] 42%|████▏     | 2225/5360 [01:21<01:57, 26.74it/s] 42%|████▏     | 2228/5360 [01:21<01:55, 27.03it/s] 42%|████▏     | 2231/5360 [01:21<01:58, 26.46it/s] 42%|████▏     | 2234/5360 [01:21<01:58, 26.36it/s] 42%|████▏     | 2237/5360 [01:21<01:58, 26.32it/s] 42%|████▏     | 2240/5360 [01:21<02:00, 25.95it/s] 42%|████▏     | 2243/5360 [01:21<01:58, 26.21it/s] 42%|████▏     | 2246/5360 [01:21<01:58, 26.26it/s] 42%|████▏     | 2249/5360 [01:22<02:01, 25.66it/s] 42%|████▏     | 2252/5360 [01:22<02:03, 25.20it/s] 42%|████▏     | 2255/5360 [01:22<01:58, 26.23it/s] 42%|████▏     | 2259/5360 [01:22<01:54, 27.05it/s] 42%|████▏     | 2262/5360 [01:22<01:52, 27.45it/s] 42%|████▏     | 2265/5360 [01:22<01:56, 26.53it/s] 42%|████▏     | 2268/5360 [01:22<01:57, 26.28it/s] 42%|████▏     | 2271/5360 [01:22<01:54, 26.89it/s] 42%|████▏     | 2274/5360 [01:23<01:54, 27.07it/s] 42%|████▏     | 2277/5360 [01:23<01:52, 27.37it/s] 43%|████▎     | 2280/5360 [01:23<01:56, 26.52it/s] 43%|████▎     | 2283/5360 [01:23<01:54, 26.85it/s] 43%|████▎     | 2286/5360 [01:23<01:52, 27.31it/s] 43%|████▎     | 2289/5360 [01:23<01:52, 27.28it/s] 43%|████▎     | 2292/5360 [01:23<01:56, 26.28it/s] 43%|████▎     | 2295/5360 [01:23<01:53, 26.89it/s] 43%|████▎     | 2298/5360 [01:23<01:52, 27.11it/s] 43%|████▎     | 2301/5360 [01:24<01:50, 27.67it/s] 43%|████▎     | 2304/5360 [01:24<01:55, 26.52it/s] 43%|████▎     | 2307/5360 [01:24<01:55, 26.40it/s] 43%|████▎     | 2310/5360 [01:24<01:54, 26.65it/s] 43%|████▎     | 2313/5360 [01:24<01:55, 26.38it/s] 43%|████▎     | 2316/5360 [01:24<01:53, 26.72it/s] 43%|████▎     | 2319/5360 [01:24<01:58, 25.72it/s] 43%|████▎     | 2322/5360 [01:24<01:54, 26.46it/s] 43%|████▎     | 2325/5360 [01:24<01:51, 27.27it/s] 43%|████▎     | 2328/5360 [01:25<01:49, 27.64it/s] 43%|████▎     | 2331/5360 [01:25<01:52, 26.90it/s] 44%|████▎     | 2334/5360 [01:25<01:52, 26.82it/s] 44%|████▎     | 2337/5360 [01:25<01:51, 27.05it/s] 44%|████▎     | 2340/5360 [01:25<01:52, 26.94it/s] 44%|████▎     | 2343/5360 [01:25<01:53, 26.56it/s] 44%|████▍     | 2346/5360 [01:25<01:55, 26.13it/s] 44%|████▍     | 2349/5360 [01:25<01:51, 26.93it/s] 44%|████▍     | 2352/5360 [01:25<01:51, 27.02it/s] 44%|████▍     | 2355/5360 [01:26<01:51, 26.91it/s] 44%|████▍     | 2358/5360 [01:26<01:53, 26.35it/s] 44%|████▍     | 2361/5360 [01:26<01:49, 27.27it/s] 44%|████▍     | 2365/5360 [01:26<01:48, 27.73it/s] 44%|████▍     | 2368/5360 [01:26<01:47, 27.92it/s] 44%|████▍     | 2371/5360 [01:26<01:50, 26.97it/s] 44%|████▍     | 2374/5360 [01:26<01:49, 27.35it/s] 44%|████▍     | 2377/5360 [01:26<01:49, 27.35it/s] 44%|████▍     | 2380/5360 [01:26<01:49, 27.19it/s] 44%|████▍     | 2383/5360 [01:27<01:51, 26.72it/s] 45%|████▍     | 2386/5360 [01:27<01:55, 25.82it/s] 45%|████▍     | 2389/5360 [01:27<01:52, 26.45it/s] 45%|████▍     | 2392/5360 [01:27<01:48, 27.27it/s] 45%|████▍     | 2395/5360 [01:27<01:48, 27.28it/s] 45%|████▍     | 2399/5360 [01:27<01:37, 30.31it/s] 45%|████▍     | 2403/5360 [01:27<01:36, 30.56it/s] 45%|████▍     | 2407/5360 [01:27<01:39, 29.65it/s] 45%|████▌     | 2412/5360 [01:28<01:26, 33.92it/s] 45%|████▌     | 2416/5360 [01:28<01:32, 31.73it/s] 45%|████▌     | 2420/5360 [01:28<01:37, 30.13it/s] 45%|████▌     | 2424/5360 [01:28<01:41, 29.06it/s] 45%|████▌     | 2427/5360 [01:28<01:44, 28.12it/s] 45%|████▌     | 2431/5360 [01:28<01:34, 30.87it/s] 45%|████▌     | 2436/5360 [01:28<01:24, 34.50it/s] 46%|████▌     | 2441/5360 [01:28<01:17, 37.60it/s] 46%|████▌     | 2446/5360 [01:29<01:13, 39.60it/s] 46%|████▌     | 2451/5360 [01:29<01:10, 41.40it/s] 46%|████▌     | 2456/5360 [01:29<01:08, 42.22it/s] 46%|████▌     | 2461/5360 [01:29<01:07, 43.13it/s] 46%|████▌     | 2466/5360 [01:29<01:06, 43.85it/s] 46%|████▌     | 2471/5360 [01:29<01:05, 44.42it/s] 46%|████▌     | 2476/5360 [01:29<01:04, 44.59it/s] 46%|████▋     | 2481/5360 [01:29<01:03, 45.03it/s] 46%|████▋     | 2486/5360 [01:29<01:09, 41.63it/s] 46%|████▋     | 2491/5360 [01:30<01:09, 41.38it/s] 47%|████▋     | 2496/5360 [01:30<01:18, 36.50it/s] 47%|████▋     | 2500/5360 [01:30<01:28, 32.28it/s] 47%|████▋     | 2504/5360 [01:30<01:36, 29.52it/s] 47%|████▋     | 2508/5360 [01:30<01:42, 27.74it/s] 47%|████▋     | 2511/5360 [01:30<01:47, 26.43it/s] 47%|████▋     | 2514/5360 [01:30<01:51, 25.46it/s] 47%|████▋     | 2517/5360 [01:31<01:55, 24.64it/s] 47%|████▋     | 2520/5360 [01:31<01:57, 24.16it/s] 47%|████▋     | 2523/5360 [01:31<01:56, 24.26it/s] 47%|████▋     | 2526/5360 [01:31<01:57, 24.10it/s] 47%|████▋     | 2529/5360 [01:31<01:57, 24.12it/s] 47%|████▋     | 2532/5360 [01:31<01:57, 24.12it/s] 47%|████▋     | 2535/5360 [01:31<01:57, 24.10it/s] 47%|████▋     | 2538/5360 [01:32<01:59, 23.52it/s] 47%|████▋     | 2541/5360 [01:32<01:58, 23.69it/s] 47%|████▋     | 2544/5360 [01:32<01:58, 23.71it/s] 48%|████▊     | 2547/5360 [01:32<01:58, 23.71it/s] 48%|████▊     | 2550/5360 [01:32<01:59, 23.57it/s] 48%|████▊     | 2553/5360 [01:32<02:01, 23.05it/s] 48%|████▊     | 2556/5360 [01:32<02:02, 22.83it/s] 48%|████▊     | 2559/5360 [01:32<02:01, 23.05it/s] 48%|████▊     | 2562/5360 [01:33<02:00, 23.14it/s] 48%|████▊     | 2565/5360 [01:33<01:59, 23.42it/s] 48%|████▊     | 2568/5360 [01:33<01:58, 23.63it/s] 48%|████▊     | 2571/5360 [01:33<01:57, 23.76it/s] 48%|████▊     | 2574/5360 [01:33<01:57, 23.76it/s] 48%|████▊     | 2577/5360 [01:33<01:58, 23.52it/s] 48%|████▊     | 2580/5360 [01:33<01:57, 23.69it/s] 48%|████▊     | 2583/5360 [01:33<01:57, 23.69it/s] 48%|████▊     | 2586/5360 [01:34<01:56, 23.74it/s] 48%|████▊     | 2589/5360 [01:34<01:56, 23.71it/s] 48%|████▊     | 2592/5360 [01:34<01:55, 23.96it/s] 48%|████▊     | 2595/5360 [01:34<01:55, 23.89it/s] 48%|████▊     | 2598/5360 [01:34<01:55, 23.85it/s] 49%|████▊     | 2601/5360 [01:34<01:55, 23.82it/s] 49%|████▊     | 2604/5360 [01:34<01:56, 23.68it/s] 49%|████▊     | 2607/5360 [01:34<01:55, 23.82it/s] 49%|████▊     | 2610/5360 [01:35<01:54, 24.04it/s] 49%|████▉     | 2613/5360 [01:35<01:54, 23.94it/s] 49%|████▉     | 2616/5360 [01:35<01:54, 23.88it/s] 49%|████▉     | 2619/5360 [01:35<01:56, 23.60it/s] 49%|████▉     | 2622/5360 [01:35<01:55, 23.72it/s] 49%|████▉     | 2625/5360 [01:35<01:54, 23.86it/s] 49%|████▉     | 2628/5360 [01:35<01:55, 23.69it/s] 49%|████▉     | 2631/5360 [01:35<01:55, 23.59it/s] 49%|████▉     | 2634/5360 [01:36<01:55, 23.62it/s] 49%|████▉     | 2637/5360 [01:36<01:54, 23.76it/s] 49%|████▉     | 2640/5360 [01:36<01:54, 23.76it/s] 49%|████▉     | 2643/5360 [01:36<01:54, 23.75it/s] 49%|████▉     | 2646/5360 [01:36<01:54, 23.74it/s] 49%|████▉     | 2649/5360 [01:36<01:54, 23.75it/s] 49%|████▉     | 2652/5360 [01:36<01:54, 23.62it/s] 50%|████▉     | 2655/5360 [01:36<01:54, 23.66it/s] 50%|████▉     | 2658/5360 [01:37<01:54, 23.56it/s] 50%|████▉     | 2661/5360 [01:37<01:53, 23.72it/s] 50%|████▉     | 2664/5360 [01:37<01:53, 23.85it/s] 50%|████▉     | 2667/5360 [01:37<01:54, 23.46it/s] 50%|████▉     | 2670/5360 [01:37<01:54, 23.54it/s] 50%|████▉     | 2673/5360 [01:37<01:53, 23.71it/s] 50%|████▉     | 2676/5360 [01:37<01:53, 23.59it/s] 50%|████▉     | 2679/5360 [01:37<01:53, 23.63it/s] 50%|█████     | 2682/5360 [01:38<01:52, 23.78it/s] 50%|█████     | 2685/5360 [01:38<01:52, 23.88it/s] 50%|█████     | 2688/5360 [01:38<01:52, 23.83it/s] 50%|█████     | 2691/5360 [01:38<01:51, 23.93it/s] 50%|█████     | 2694/5360 [01:38<01:51, 23.88it/s] 50%|█████     | 2697/5360 [01:38<01:51, 23.84it/s] 50%|█████     | 2700/5360 [01:38<01:51, 23.93it/s] 50%|█████     | 2703/5360 [01:38<01:50, 24.11it/s] 50%|█████     | 2706/5360 [01:39<01:50, 24.12it/s] 51%|█████     | 2709/5360 [01:39<01:49, 24.10it/s] 51%|█████     | 2712/5360 [01:39<01:50, 24.00it/s] 51%|█████     | 2715/5360 [01:39<01:50, 23.91it/s] 51%|█████     | 2718/5360 [01:39<01:49, 24.10it/s] 51%|█████     | 2721/5360 [01:39<01:48, 24.23it/s] 51%|█████     | 2724/5360 [01:39<01:48, 24.33it/s] 51%|█████     | 2727/5360 [01:39<01:47, 24.53it/s] 51%|█████     | 2730/5360 [01:40<01:46, 24.66it/s] 51%|█████     | 2733/5360 [01:40<01:46, 24.76it/s] 51%|█████     | 2736/5360 [01:40<01:46, 24.70it/s] 51%|█████     | 2739/5360 [01:40<01:44, 25.05it/s] 51%|█████     | 2742/5360 [01:40<01:44, 25.17it/s] 51%|█████     | 2745/5360 [01:40<01:44, 25.12it/s] 51%|█████▏    | 2748/5360 [01:40<01:44, 24.94it/s] 51%|█████▏    | 2751/5360 [01:40<01:45, 24.82it/s] 51%|█████▏    | 2754/5360 [01:41<01:44, 24.87it/s] 51%|█████▏    | 2757/5360 [01:41<01:45, 24.66it/s] 51%|█████▏    | 2760/5360 [01:41<01:41, 25.55it/s] 52%|█████▏    | 2763/5360 [01:41<01:37, 26.55it/s] 52%|█████▏    | 2766/5360 [01:41<01:37, 26.50it/s] 52%|█████▏    | 2769/5360 [01:41<01:37, 26.57it/s] 52%|█████▏    | 2772/5360 [01:41<01:37, 26.52it/s] 52%|█████▏    | 2775/5360 [01:41<01:36, 26.66it/s] 52%|█████▏    | 2778/5360 [01:41<01:33, 27.55it/s] 52%|█████▏    | 2781/5360 [01:42<01:34, 27.32it/s] 52%|█████▏    | 2784/5360 [01:42<01:33, 27.55it/s] 52%|█████▏    | 2787/5360 [01:42<01:33, 27.42it/s] 52%|█████▏    | 2790/5360 [01:42<01:33, 27.38it/s] 52%|█████▏    | 2793/5360 [01:42<01:31, 28.10it/s] 52%|█████▏    | 2796/5360 [01:42<01:33, 27.40it/s] 52%|█████▏    | 2799/5360 [01:42<01:31, 28.03it/s] 52%|█████▏    | 2802/5360 [01:42<01:30, 28.20it/s] 52%|█████▏    | 2805/5360 [01:42<01:29, 28.44it/s] 52%|█████▏    | 2808/5360 [01:43<01:32, 27.64it/s] 52%|█████▏    | 2811/5360 [01:43<01:31, 28.00it/s] 52%|█████▎    | 2814/5360 [01:43<01:29, 28.31it/s] 53%|█████▎    | 2818/5360 [01:43<01:28, 28.61it/s] 53%|█████▎    | 2821/5360 [01:43<01:27, 28.88it/s] 53%|█████▎    | 2824/5360 [01:43<01:30, 27.87it/s] 53%|█████▎    | 2827/5360 [01:43<01:34, 26.77it/s] 53%|█████▎    | 2830/5360 [01:43<01:31, 27.59it/s] 53%|█████▎    | 2833/5360 [01:43<01:30, 27.96it/s] 53%|█████▎    | 2836/5360 [01:43<01:28, 28.47it/s] 53%|█████▎    | 2839/5360 [01:44<01:31, 27.55it/s] 53%|█████▎    | 2843/5360 [01:44<01:30, 27.87it/s] 53%|█████▎    | 2846/5360 [01:44<01:29, 28.09it/s] 53%|█████▎    | 2849/5360 [01:44<01:27, 28.59it/s] 53%|█████▎    | 2852/5360 [01:44<01:28, 28.44it/s] 53%|█████▎    | 2855/5360 [01:44<01:29, 27.86it/s] 53%|█████▎    | 2858/5360 [01:44<01:30, 27.65it/s] 53%|█████▎    | 2861/5360 [01:44<01:29, 27.79it/s] 53%|█████▎    | 2865/5360 [01:45<01:27, 28.36it/s] 54%|█████▎    | 2868/5360 [01:45<01:27, 28.64it/s] 54%|█████▎    | 2871/5360 [01:45<01:28, 28.17it/s] 54%|█████▎    | 2874/5360 [01:45<01:30, 27.58it/s] 54%|█████▎    | 2878/5360 [01:45<01:28, 28.03it/s] 54%|█████▍    | 2882/5360 [01:45<01:26, 28.51it/s] 54%|█████▍    | 2885/5360 [01:45<01:25, 28.85it/s] 54%|█████▍    | 2888/5360 [01:45<01:25, 29.07it/s] 54%|█████▍    | 2891/5360 [01:45<01:27, 28.06it/s] 54%|█████▍    | 2895/5360 [01:46<01:26, 28.39it/s] 54%|█████▍    | 2899/5360 [01:46<01:25, 28.63it/s] 54%|█████▍    | 2903/5360 [01:46<01:24, 29.01it/s] 54%|█████▍    | 2907/5360 [01:46<01:23, 29.48it/s] 54%|█████▍    | 2910/5360 [01:46<01:22, 29.58it/s] 54%|█████▍    | 2913/5360 [01:46<01:23, 29.31it/s] 54%|█████▍    | 2916/5360 [01:46<01:26, 28.27it/s] 54%|█████▍    | 2919/5360 [01:46<01:27, 28.06it/s] 55%|█████▍    | 2922/5360 [01:47<01:25, 28.38it/s] 55%|█████▍    | 2925/5360 [01:47<01:24, 28.68it/s] 55%|█████▍    | 2928/5360 [01:47<01:27, 27.77it/s] 55%|█████▍    | 2932/5360 [01:47<01:26, 28.14it/s] 55%|█████▍    | 2936/5360 [01:47<01:25, 28.48it/s] 55%|█████▍    | 2940/5360 [01:47<01:23, 29.00it/s] 55%|█████▍    | 2944/5360 [01:47<01:23, 28.99it/s] 55%|█████▌    | 2948/5360 [01:47<01:23, 29.01it/s] 55%|█████▌    | 2951/5360 [01:48<01:25, 28.29it/s] 55%|█████▌    | 2954/5360 [01:48<01:25, 28.20it/s] 55%|█████▌    | 2957/5360 [01:48<01:25, 27.94it/s] 55%|█████▌    | 2960/5360 [01:48<01:26, 27.65it/s] 55%|█████▌    | 2964/5360 [01:48<01:25, 28.12it/s] 55%|█████▌    | 2967/5360 [01:48<01:25, 28.09it/s] 55%|█████▌    | 2970/5360 [01:48<01:23, 28.53it/s] 55%|█████▌    | 2973/5360 [01:48<01:25, 28.00it/s] 56%|█████▌    | 2976/5360 [01:48<01:26, 27.54it/s] 56%|█████▌    | 2979/5360 [01:49<01:26, 27.53it/s] 56%|█████▌    | 2983/5360 [01:49<01:24, 28.07it/s] 56%|█████▌    | 2987/5360 [01:49<01:24, 27.94it/s] 56%|█████▌    | 2990/5360 [01:49<01:27, 26.97it/s] 56%|█████▌    | 2993/5360 [01:49<01:26, 27.30it/s] 56%|█████▌    | 2996/5360 [01:49<01:24, 27.86it/s] 56%|█████▌    | 2999/5360 [01:49<01:27, 27.11it/s] 56%|█████▌    | 3002/5360 [01:49<01:24, 27.80it/s] 56%|█████▌    | 3005/5360 [01:49<01:23, 28.21it/s] 56%|█████▌    | 3009/5360 [01:50<01:23, 28.17it/s] 56%|█████▌    | 3012/5360 [01:50<01:23, 28.05it/s] 56%|█████▋    | 3015/5360 [01:50<01:24, 27.68it/s] 56%|█████▋    | 3018/5360 [01:50<01:26, 27.20it/s] 56%|█████▋    | 3021/5360 [01:50<01:25, 27.37it/s] 56%|█████▋    | 3024/5360 [01:50<01:23, 27.88it/s] 56%|█████▋    | 3027/5360 [01:50<01:21, 28.45it/s] 57%|█████▋    | 3030/5360 [01:50<01:26, 26.98it/s] 57%|█████▋    | 3034/5360 [01:51<01:23, 27.74it/s] 57%|█████▋    | 3037/5360 [01:51<01:22, 28.22it/s] 57%|█████▋    | 3040/5360 [01:51<01:20, 28.66it/s] 57%|█████▋    | 3043/5360 [01:51<01:20, 28.82it/s] 57%|█████▋    | 3046/5360 [01:51<01:23, 27.57it/s] 57%|█████▋    | 3050/5360 [01:51<01:22, 28.09it/s] 57%|█████▋    | 3053/5360 [01:51<01:20, 28.49it/s] 57%|█████▋    | 3056/5360 [01:51<01:21, 28.28it/s] 57%|█████▋    | 3059/5360 [01:51<01:21, 28.21it/s] 57%|█████▋    | 3062/5360 [01:52<01:23, 27.46it/s] 57%|█████▋    | 3065/5360 [01:52<01:26, 26.60it/s] 57%|█████▋    | 3068/5360 [01:52<01:24, 27.17it/s] 57%|█████▋    | 3071/5360 [01:52<01:28, 25.95it/s] 57%|█████▋    | 3075/5360 [01:52<01:23, 27.50it/s] 57%|█████▋    | 3078/5360 [01:52<01:22, 27.78it/s] 57%|█████▋    | 3081/5360 [01:52<01:23, 27.28it/s] 58%|█████▊    | 3084/5360 [01:52<01:22, 27.54it/s] 58%|█████▊    | 3087/5360 [01:52<01:22, 27.71it/s] 58%|█████▊    | 3091/5360 [01:53<01:20, 28.31it/s] 58%|█████▊    | 3095/5360 [01:53<01:19, 28.55it/s] 58%|█████▊    | 3098/5360 [01:53<01:18, 28.90it/s] 58%|█████▊    | 3101/5360 [01:53<01:20, 28.00it/s] 58%|█████▊    | 3104/5360 [01:53<01:20, 28.07it/s] 58%|█████▊    | 3107/5360 [01:53<01:19, 28.34it/s] 58%|█████▊    | 3111/5360 [01:53<01:18, 28.50it/s] 58%|█████▊    | 3114/5360 [01:53<01:18, 28.71it/s] 58%|█████▊    | 3117/5360 [01:54<01:22, 27.23it/s] 58%|█████▊    | 3120/5360 [01:54<01:22, 27.16it/s] 58%|█████▊    | 3124/5360 [01:54<01:20, 27.76it/s] 58%|█████▊    | 3127/5360 [01:54<01:20, 27.88it/s] 58%|█████▊    | 3130/5360 [01:54<01:20, 27.61it/s] 58%|█████▊    | 3133/5360 [01:54<01:20, 27.63it/s] 59%|█████▊    | 3136/5360 [01:54<01:22, 26.89it/s] 59%|█████▊    | 3139/5360 [01:54<01:22, 27.03it/s] 59%|█████▊    | 3142/5360 [01:54<01:21, 27.19it/s] 59%|█████▊    | 3145/5360 [01:55<01:20, 27.52it/s] 59%|█████▊    | 3148/5360 [01:55<01:20, 27.55it/s] 59%|█████▉    | 3151/5360 [01:55<01:21, 27.21it/s] 59%|█████▉    | 3154/5360 [01:55<01:20, 27.57it/s] 59%|█████▉    | 3157/5360 [01:55<01:21, 26.95it/s] 59%|█████▉    | 3160/5360 [01:55<01:19, 27.74it/s] 59%|█████▉    | 3163/5360 [01:55<01:18, 27.87it/s] 59%|█████▉    | 3166/5360 [01:55<01:19, 27.67it/s] 59%|█████▉    | 3169/5360 [01:55<01:24, 25.88it/s] 59%|█████▉    | 3172/5360 [01:56<01:24, 26.00it/s] 59%|█████▉    | 3176/5360 [01:56<01:20, 27.21it/s] 59%|█████▉    | 3179/5360 [01:56<01:18, 27.92it/s] 59%|█████▉    | 3182/5360 [01:56<01:18, 27.80it/s] 59%|█████▉    | 3185/5360 [01:56<01:19, 27.41it/s] 59%|█████▉    | 3188/5360 [01:56<01:17, 28.04it/s] 60%|█████▉    | 3192/5360 [01:56<01:16, 28.43it/s] 60%|█████▉    | 3195/5360 [01:56<01:15, 28.57it/s] 60%|█████▉    | 3198/5360 [01:56<01:17, 27.92it/s] 60%|█████▉    | 3201/5360 [01:57<01:17, 27.98it/s] 60%|█████▉    | 3205/5360 [01:57<01:15, 28.68it/s] 60%|█████▉    | 3208/5360 [01:57<01:15, 28.44it/s] 60%|█████▉    | 3211/5360 [01:57<01:17, 27.64it/s] 60%|█████▉    | 3214/5360 [01:57<01:16, 28.12it/s] 60%|██████    | 3217/5360 [01:57<01:15, 28.36it/s] 60%|██████    | 3220/5360 [01:57<01:17, 27.73it/s] 60%|██████    | 3223/5360 [01:57<01:17, 27.73it/s] 60%|██████    | 3226/5360 [01:57<01:16, 27.81it/s] 60%|██████    | 3229/5360 [01:58<01:15, 28.05it/s] 60%|██████    | 3232/5360 [01:58<01:17, 27.37it/s] 60%|██████    | 3235/5360 [01:58<01:16, 27.84it/s] 60%|██████    | 3238/5360 [01:58<01:14, 28.31it/s] 60%|██████    | 3241/5360 [01:58<01:14, 28.38it/s] 61%|██████    | 3244/5360 [01:58<01:19, 26.78it/s] 61%|██████    | 3247/5360 [01:58<01:22, 25.61it/s] 61%|██████    | 3250/5360 [01:58<01:21, 26.00it/s] 61%|██████    | 3253/5360 [01:58<01:17, 27.05it/s] 61%|██████    | 3256/5360 [01:59<01:18, 26.69it/s] 61%|██████    | 3259/5360 [01:59<01:16, 27.36it/s] 61%|██████    | 3262/5360 [01:59<01:15, 27.89it/s] 61%|██████    | 3265/5360 [01:59<01:14, 28.01it/s] 61%|██████    | 3270/5360 [01:59<01:05, 32.05it/s] 61%|██████    | 3274/5360 [01:59<01:06, 31.16it/s] 61%|██████    | 3278/5360 [01:59<01:09, 29.90it/s] 61%|██████    | 3281/5360 [01:59<01:10, 29.46it/s] 61%|██████▏   | 3284/5360 [02:00<01:13, 28.38it/s] 61%|██████▏   | 3288/5360 [02:00<01:11, 28.82it/s] 61%|██████▏   | 3293/5360 [02:00<01:02, 32.84it/s] 62%|██████▏   | 3299/5360 [02:00<00:53, 38.36it/s] 62%|██████▏   | 3305/5360 [02:00<00:48, 42.35it/s] 62%|██████▏   | 3311/5360 [02:00<00:45, 45.18it/s] 62%|██████▏   | 3317/5360 [02:00<00:43, 47.21it/s] 62%|██████▏   | 3323/5360 [02:00<00:41, 48.56it/s] 62%|██████▏   | 3329/5360 [02:00<00:41, 49.28it/s] 62%|██████▏   | 3335/5360 [02:01<00:40, 49.97it/s] 62%|██████▏   | 3341/5360 [02:01<00:39, 50.53it/s] 62%|██████▏   | 3347/5360 [02:01<00:39, 50.90it/s] 63%|██████▎   | 3353/5360 [02:01<00:40, 49.81it/s] 63%|██████▎   | 3358/5360 [02:01<00:43, 45.84it/s] 63%|██████▎   | 3363/5360 [02:01<00:52, 37.84it/s] 63%|██████▎   | 3368/5360 [02:01<00:59, 33.36it/s] 63%|██████▎   | 3372/5360 [02:02<01:03, 31.17it/s] 63%|██████▎   | 3376/5360 [02:02<01:07, 29.49it/s] 63%|██████▎   | 3380/5360 [02:02<01:09, 28.43it/s] 63%|██████▎   | 3383/5360 [02:02<01:11, 27.58it/s] 63%|██████▎   | 3386/5360 [02:02<01:12, 27.15it/s] 63%|██████▎   | 3389/5360 [02:02<01:13, 26.81it/s] 63%|██████▎   | 3392/5360 [02:02<01:14, 26.56it/s] 63%|██████▎   | 3395/5360 [02:02<01:14, 26.37it/s] 63%|██████▎   | 3398/5360 [02:03<01:15, 25.95it/s] 63%|██████▎   | 3401/5360 [02:03<01:16, 25.67it/s] 64%|██████▎   | 3404/5360 [02:03<01:16, 25.74it/s] 64%|██████▎   | 3407/5360 [02:03<01:15, 25.77it/s] 64%|██████▎   | 3410/5360 [02:03<01:15, 25.80it/s] 64%|██████▎   | 3413/5360 [02:03<01:15, 25.84it/s] 64%|██████▎   | 3416/5360 [02:03<01:15, 25.85it/s] 64%|██████▍   | 3419/5360 [02:03<01:15, 25.87it/s] 64%|██████▍   | 3422/5360 [02:04<01:14, 25.89it/s] 64%|██████▍   | 3425/5360 [02:04<01:14, 25.88it/s] 64%|██████▍   | 3428/5360 [02:04<01:14, 25.88it/s] 64%|██████▍   | 3431/5360 [02:04<01:14, 25.89it/s] 64%|██████▍   | 3434/5360 [02:04<01:14, 25.89it/s] 64%|██████▍   | 3437/5360 [02:04<01:14, 25.75it/s] 64%|██████▍   | 3440/5360 [02:04<01:15, 25.52it/s] 64%|██████▍   | 3443/5360 [02:04<01:14, 25.63it/s] 64%|██████▍   | 3446/5360 [02:04<01:14, 25.56it/s] 64%|██████▍   | 3449/5360 [02:05<01:14, 25.67it/s] 64%|██████▍   | 3452/5360 [02:05<01:15, 25.32it/s] 64%|██████▍   | 3455/5360 [02:05<01:15, 25.09it/s] 65%|██████▍   | 3458/5360 [02:05<01:15, 25.31it/s] 65%|██████▍   | 3461/5360 [02:05<01:14, 25.48it/s] 65%|██████▍   | 3464/5360 [02:05<01:14, 25.60it/s] 65%|██████▍   | 3467/5360 [02:05<01:12, 26.00it/s] 65%|██████▍   | 3470/5360 [02:05<01:12, 25.97it/s] 65%|██████▍   | 3473/5360 [02:06<01:13, 25.68it/s] 65%|██████▍   | 3476/5360 [02:06<01:15, 24.92it/s] 65%|██████▍   | 3479/5360 [02:06<01:14, 25.09it/s] 65%|██████▍   | 3482/5360 [02:06<01:14, 25.33it/s] 65%|██████▌   | 3485/5360 [02:06<01:13, 25.51it/s] 65%|██████▌   | 3488/5360 [02:06<01:13, 25.64it/s] 65%|██████▌   | 3491/5360 [02:06<01:13, 25.59it/s] 65%|██████▌   | 3494/5360 [02:06<01:12, 25.68it/s] 65%|██████▌   | 3497/5360 [02:06<01:13, 25.33it/s] 65%|██████▌   | 3500/5360 [02:07<01:12, 25.53it/s] 65%|██████▌   | 3503/5360 [02:07<01:12, 25.49it/s] 65%|██████▌   | 3506/5360 [02:07<01:13, 25.07it/s] 65%|██████▌   | 3509/5360 [02:07<01:13, 25.06it/s] 66%|██████▌   | 3512/5360 [02:07<01:13, 25.30it/s] 66%|██████▌   | 3515/5360 [02:07<01:12, 25.49it/s] 66%|██████▌   | 3518/5360 [02:07<01:13, 25.20it/s] 66%|██████▌   | 3521/5360 [02:07<01:13, 24.88it/s] 66%|██████▌   | 3524/5360 [02:08<01:12, 25.17it/s] 66%|██████▌   | 3527/5360 [02:08<01:12, 25.24it/s] 66%|██████▌   | 3530/5360 [02:08<01:11, 25.44it/s] 66%|██████▌   | 3533/5360 [02:08<01:11, 25.46it/s] 66%|██████▌   | 3536/5360 [02:08<01:11, 25.59it/s] 66%|██████▌   | 3539/5360 [02:08<01:10, 25.68it/s] 66%|██████▌   | 3542/5360 [02:08<01:10, 25.75it/s] 66%|██████▌   | 3545/5360 [02:08<01:10, 25.79it/s] 66%|██████▌   | 3548/5360 [02:08<01:10, 25.54it/s] 66%|██████▋   | 3551/5360 [02:09<01:10, 25.66it/s] 66%|██████▋   | 3554/5360 [02:09<01:11, 25.44it/s] 66%|██████▋   | 3557/5360 [02:09<01:11, 25.17it/s] 66%|██████▋   | 3560/5360 [02:09<01:12, 24.99it/s] 66%|██████▋   | 3563/5360 [02:09<01:11, 25.13it/s] 67%|██████▋   | 3566/5360 [02:09<01:11, 25.21it/s] 67%|██████▋   | 3569/5360 [02:09<01:10, 25.41it/s] 67%|██████▋   | 3572/5360 [02:09<01:09, 25.55it/s] 67%|██████▋   | 3575/5360 [02:10<01:09, 25.67it/s] 67%|██████▋   | 3578/5360 [02:10<01:09, 25.73it/s] 67%|██████▋   | 3581/5360 [02:10<01:08, 25.80it/s] 67%|██████▋   | 3584/5360 [02:10<01:08, 25.82it/s] 67%|██████▋   | 3587/5360 [02:10<01:08, 25.85it/s] 67%|██████▋   | 3590/5360 [02:10<01:08, 25.86it/s] 67%|██████▋   | 3593/5360 [02:10<01:09, 25.61it/s] 67%|██████▋   | 3596/5360 [02:10<01:08, 25.69it/s] 67%|██████▋   | 3599/5360 [02:10<01:09, 25.46it/s] 67%|██████▋   | 3602/5360 [02:11<01:09, 25.33it/s] 67%|██████▋   | 3605/5360 [02:11<01:08, 25.48it/s] 67%|██████▋   | 3608/5360 [02:11<01:09, 25.35it/s] 67%|██████▋   | 3611/5360 [02:11<01:10, 24.96it/s] 67%|██████▋   | 3614/5360 [02:11<01:09, 24.99it/s] 67%|██████▋   | 3617/5360 [02:11<01:09, 25.25it/s] 68%|██████▊   | 3620/5360 [02:11<01:08, 25.45it/s] 68%|██████▊   | 3623/5360 [02:11<01:08, 25.45it/s] 68%|██████▊   | 3626/5360 [02:12<01:07, 25.60it/s] 68%|██████▊   | 3629/5360 [02:12<01:07, 25.68it/s] 68%|██████▊   | 3632/5360 [02:12<01:16, 22.69it/s] 68%|██████▊   | 3635/5360 [02:12<01:14, 23.23it/s] 68%|██████▊   | 3638/5360 [02:12<01:12, 23.63it/s] 68%|██████▊   | 3641/5360 [02:12<01:11, 24.14it/s] 68%|██████▊   | 3644/5360 [02:12<01:11, 23.90it/s] 68%|██████▊   | 3647/5360 [02:12<01:10, 24.22it/s] 68%|██████▊   | 3650/5360 [02:13<01:09, 24.71it/s] 68%|██████▊   | 3653/5360 [02:13<01:08, 25.05it/s] 68%|██████▊   | 3656/5360 [02:13<01:05, 25.94it/s] 68%|██████▊   | 3659/5360 [02:13<01:03, 26.61it/s] 68%|██████▊   | 3662/5360 [02:13<01:03, 26.61it/s] 68%|██████▊   | 3665/5360 [02:13<01:03, 26.76it/s] 68%|██████▊   | 3668/5360 [02:13<01:02, 27.15it/s] 69%|██████▊   | 3672/5360 [02:13<01:00, 28.12it/s] 69%|██████▊   | 3675/5360 [02:13<01:00, 28.05it/s] 69%|██████▊   | 3678/5360 [02:14<00:59, 28.17it/s] 69%|██████▊   | 3681/5360 [02:14<01:01, 27.21it/s] 69%|██████▊   | 3684/5360 [02:14<01:00, 27.89it/s] 69%|██████▉   | 3688/5360 [02:14<00:59, 28.31it/s] 69%|██████▉   | 3692/5360 [02:14<00:58, 28.58it/s] 69%|██████▉   | 3696/5360 [02:14<00:57, 28.77it/s] 69%|██████▉   | 3699/5360 [02:14<00:57, 28.77it/s] 69%|██████▉   | 3703/5360 [02:14<00:57, 28.81it/s] 69%|██████▉   | 3706/5360 [02:15<00:56, 29.08it/s] 69%|██████▉   | 3709/5360 [02:15<00:58, 28.12it/s] 69%|██████▉   | 3712/5360 [02:15<00:58, 28.20it/s] 69%|██████▉   | 3715/5360 [02:15<00:59, 27.84it/s] 69%|██████▉   | 3718/5360 [02:15<00:58, 28.29it/s] 69%|██████▉   | 3721/5360 [02:15<00:59, 27.70it/s] 69%|██████▉   | 3724/5360 [02:15<01:01, 26.80it/s] 70%|██████▉   | 3728/5360 [02:15<00:59, 27.55it/s] 70%|██████▉   | 3731/5360 [02:15<00:57, 28.16it/s] 70%|██████▉   | 3735/5360 [02:16<00:57, 28.49it/s] 70%|██████▉   | 3739/5360 [02:16<00:56, 28.64it/s] 70%|██████▉   | 3743/5360 [02:16<00:56, 28.86it/s] 70%|██████▉   | 3747/5360 [02:16<00:55, 28.94it/s] 70%|██████▉   | 3750/5360 [02:16<00:55, 29.01it/s] 70%|███████   | 3753/5360 [02:16<00:56, 28.46it/s] 70%|███████   | 3756/5360 [02:16<00:57, 27.90it/s] 70%|███████   | 3760/5360 [02:16<00:56, 28.31it/s] 70%|███████   | 3763/5360 [02:17<00:56, 28.14it/s] 70%|███████   | 3766/5360 [02:17<00:56, 28.16it/s] 70%|███████   | 3769/5360 [02:17<00:56, 28.31it/s] 70%|███████   | 3772/5360 [02:17<00:57, 27.75it/s] 70%|███████   | 3775/5360 [02:17<00:56, 28.25it/s] 70%|███████   | 3778/5360 [02:17<00:56, 27.99it/s] 71%|███████   | 3781/5360 [02:17<00:55, 28.40it/s] 71%|███████   | 3784/5360 [02:17<00:56, 27.84it/s] 71%|███████   | 3787/5360 [02:17<00:55, 28.35it/s] 71%|███████   | 3791/5360 [02:18<00:54, 28.76it/s] 71%|███████   | 3795/5360 [02:18<00:53, 28.99it/s] 71%|███████   | 3799/5360 [02:18<00:54, 28.75it/s] 71%|███████   | 3803/5360 [02:18<00:53, 28.87it/s] 71%|███████   | 3807/5360 [02:18<00:53, 29.13it/s] 71%|███████   | 3810/5360 [02:18<00:53, 28.82it/s] 71%|███████   | 3813/5360 [02:18<00:54, 28.16it/s] 71%|███████   | 3817/5360 [02:18<00:53, 28.78it/s] 71%|███████▏  | 3820/5360 [02:19<00:52, 29.09it/s] 71%|███████▏  | 3823/5360 [02:19<00:53, 28.82it/s] 71%|███████▏  | 3826/5360 [02:19<00:54, 28.02it/s] 71%|███████▏  | 3829/5360 [02:19<00:53, 28.48it/s] 71%|███████▏  | 3832/5360 [02:19<02:03, 12.42it/s] 72%|███████▏  | 3835/5360 [02:20<01:43, 14.79it/s] 72%|███████▏  | 3838/5360 [02:20<01:38, 15.40it/s] 72%|███████▏  | 3841/5360 [02:20<01:25, 17.77it/s] 72%|███████▏  | 3844/5360 [02:20<01:17, 19.65it/s] 72%|███████▏  | 3847/5360 [02:20<01:09, 21.72it/s] 72%|███████▏  | 3850/5360 [02:20<01:04, 23.38it/s] 72%|███████▏  | 3854/5360 [02:20<00:59, 25.49it/s] 72%|███████▏  | 3857/5360 [02:20<00:57, 25.99it/s] 72%|███████▏  | 3860/5360 [02:21<00:56, 26.46it/s] 72%|███████▏  | 3864/5360 [02:21<00:54, 27.64it/s] 72%|███████▏  | 3867/5360 [02:21<00:53, 27.67it/s] 72%|███████▏  | 3871/5360 [02:21<00:52, 28.29it/s] 72%|███████▏  | 3874/5360 [02:21<00:51, 28.71it/s] 72%|███████▏  | 3877/5360 [02:21<00:53, 27.87it/s] 72%|███████▏  | 3880/5360 [02:21<00:52, 28.25it/s] 72%|███████▏  | 3883/5360 [02:21<00:52, 28.26it/s] 72%|███████▎  | 3886/5360 [02:21<00:51, 28.38it/s] 73%|███████▎  | 3889/5360 [02:22<00:53, 27.72it/s] 73%|███████▎  | 3892/5360 [02:22<00:54, 27.07it/s] 73%|███████▎  | 3895/5360 [02:22<00:54, 26.74it/s] 73%|███████▎  | 3899/5360 [02:22<00:52, 27.72it/s] 73%|███████▎  | 3902/5360 [02:22<00:52, 27.72it/s] 73%|███████▎  | 3905/5360 [02:22<00:51, 28.19it/s] 73%|███████▎  | 3908/5360 [02:22<00:52, 27.90it/s] 73%|███████▎  | 3912/5360 [02:22<00:51, 28.13it/s] 73%|███████▎  | 3916/5360 [02:23<00:50, 28.43it/s] 73%|███████▎  | 3919/5360 [02:23<00:51, 27.92it/s] 73%|███████▎  | 3922/5360 [02:23<00:51, 27.72it/s] 73%|███████▎  | 3925/5360 [02:23<00:51, 27.81it/s] 73%|███████▎  | 3928/5360 [02:23<00:52, 27.39it/s] 73%|███████▎  | 3931/5360 [02:23<00:52, 27.26it/s] 73%|███████▎  | 3934/5360 [02:23<00:52, 27.28it/s] 73%|███████▎  | 3938/5360 [02:23<00:50, 28.05it/s] 74%|███████▎  | 3942/5360 [02:23<00:50, 27.98it/s] 74%|███████▎  | 3945/5360 [02:24<00:50, 27.78it/s] 74%|███████▎  | 3948/5360 [02:24<00:51, 27.52it/s] 74%|███████▎  | 3951/5360 [02:24<00:51, 27.36it/s] 74%|███████▍  | 3955/5360 [02:24<00:50, 28.00it/s] 74%|███████▍  | 3958/5360 [02:24<00:49, 28.13it/s] 74%|███████▍  | 3961/5360 [02:24<00:49, 28.05it/s] 74%|███████▍  | 3964/5360 [02:24<00:50, 27.63it/s] 74%|███████▍  | 3967/5360 [02:24<00:51, 27.26it/s] 74%|███████▍  | 3970/5360 [02:24<00:50, 27.66it/s] 74%|███████▍  | 3974/5360 [02:25<00:48, 28.86it/s] 74%|███████▍  | 3977/5360 [02:25<00:47, 29.13it/s] 74%|███████▍  | 3980/5360 [02:25<00:49, 27.64it/s] 74%|███████▍  | 3983/5360 [02:25<00:49, 28.00it/s] 74%|███████▍  | 3986/5360 [02:25<00:48, 28.08it/s] 74%|███████▍  | 3990/5360 [02:25<00:47, 28.54it/s] 74%|███████▍  | 3993/5360 [02:25<00:47, 28.88it/s] 75%|███████▍  | 3996/5360 [02:25<00:49, 27.50it/s] 75%|███████▍  | 3999/5360 [02:25<00:48, 27.88it/s] 75%|███████▍  | 4003/5360 [02:26<00:48, 28.26it/s] 75%|███████▍  | 4006/5360 [02:26<00:47, 28.47it/s] 75%|███████▍  | 4009/5360 [02:26<00:47, 28.42it/s] 75%|███████▍  | 4012/5360 [02:26<00:47, 28.18it/s] 75%|███████▍  | 4015/5360 [02:26<00:47, 28.52it/s] 75%|███████▍  | 4018/5360 [02:26<00:46, 28.87it/s] 75%|███████▌  | 4021/5360 [02:26<00:48, 27.72it/s] 75%|███████▌  | 4025/5360 [02:26<00:46, 28.59it/s] 75%|███████▌  | 4028/5360 [02:27<00:46, 28.49it/s] 75%|███████▌  | 4031/5360 [02:27<00:45, 28.90it/s] 75%|███████▌  | 4034/5360 [02:27<00:47, 27.64it/s] 75%|███████▌  | 4037/5360 [02:27<00:48, 27.43it/s] 75%|███████▌  | 4040/5360 [02:27<00:48, 26.96it/s] 75%|███████▌  | 4043/5360 [02:27<00:48, 27.39it/s] 75%|███████▌  | 4046/5360 [02:27<00:48, 27.08it/s] 76%|███████▌  | 4049/5360 [02:27<00:48, 26.83it/s] 76%|███████▌  | 4052/5360 [02:27<00:47, 27.46it/s] 76%|███████▌  | 4055/5360 [02:28<00:48, 27.08it/s] 76%|███████▌  | 4058/5360 [02:28<00:48, 27.03it/s] 76%|███████▌  | 4061/5360 [02:28<00:47, 27.38it/s] 76%|███████▌  | 4064/5360 [02:28<00:46, 27.82it/s] 76%|███████▌  | 4067/5360 [02:28<00:46, 27.99it/s] 76%|███████▌  | 4070/5360 [02:28<00:47, 27.33it/s] 76%|███████▌  | 4074/5360 [02:28<00:46, 27.85it/s] 76%|███████▌  | 4078/5360 [02:28<00:45, 28.40it/s] 76%|███████▌  | 4082/5360 [02:28<00:44, 28.84it/s] 76%|███████▌  | 4086/5360 [02:29<00:43, 29.10it/s] 76%|███████▋  | 4089/5360 [02:29<00:43, 29.06it/s] 76%|███████▋  | 4092/5360 [02:29<00:45, 28.17it/s] 76%|███████▋  | 4096/5360 [02:29<00:44, 28.51it/s] 76%|███████▋  | 4100/5360 [02:29<00:43, 28.87it/s] 77%|███████▋  | 4103/5360 [02:29<00:43, 29.08it/s] 77%|███████▋  | 4106/5360 [02:29<00:43, 29.07it/s] 77%|███████▋  | 4109/5360 [02:29<00:44, 28.18it/s] 77%|███████▋  | 4113/5360 [02:30<00:43, 28.57it/s] 77%|███████▋  | 4116/5360 [02:30<00:43, 28.58it/s] 77%|███████▋  | 4119/5360 [02:30<00:45, 27.27it/s] 77%|███████▋  | 4122/5360 [02:30<00:46, 26.83it/s] 77%|███████▋  | 4125/5360 [02:30<00:47, 26.11it/s] 77%|███████▋  | 4128/5360 [02:30<00:47, 26.01it/s] 77%|███████▋  | 4132/5360 [02:30<00:45, 27.06it/s] 77%|███████▋  | 4135/5360 [02:30<00:44, 27.45it/s] 77%|███████▋  | 4138/5360 [02:31<01:24, 14.39it/s] 77%|███████▋  | 4141/5360 [02:31<01:14, 16.45it/s] 77%|███████▋  | 4144/5360 [02:31<01:05, 18.67it/s] 77%|███████▋  | 4147/5360 [02:31<00:57, 20.97it/s] 77%|███████▋  | 4150/5360 [02:31<01:11, 16.88it/s] 77%|███████▋  | 4153/5360 [02:32<01:05, 18.29it/s] 78%|███████▊  | 4156/5360 [02:32<01:12, 16.61it/s] 78%|███████▊  | 4162/5360 [02:32<00:49, 24.17it/s] 78%|███████▊  | 4168/5360 [02:32<00:38, 30.70it/s] 78%|███████▊  | 4174/5360 [02:32<00:33, 35.89it/s] 78%|███████▊  | 4180/5360 [02:32<00:29, 39.72it/s] 78%|███████▊  | 4186/5360 [02:32<00:27, 42.92it/s] 78%|███████▊  | 4192/5360 [02:32<00:25, 44.94it/s] 78%|███████▊  | 4197/5360 [02:33<00:25, 45.63it/s] 78%|███████▊  | 4202/5360 [02:33<00:24, 46.41it/s] 79%|███████▊  | 4208/5360 [02:33<00:24, 47.46it/s] 79%|███████▊  | 4213/5360 [02:33<00:24, 47.01it/s] 79%|███████▊  | 4218/5360 [02:33<00:25, 45.11it/s] 79%|███████▉  | 4223/5360 [02:33<00:30, 37.12it/s] 79%|███████▉  | 4227/5360 [02:33<00:33, 33.51it/s] 79%|███████▉  | 4231/5360 [02:34<00:36, 31.10it/s] 79%|███████▉  | 4235/5360 [02:34<00:38, 29.49it/s] 79%|███████▉  | 4239/5360 [02:34<00:39, 28.38it/s] 79%|███████▉  | 4242/5360 [02:34<00:40, 27.77it/s] 79%|███████▉  | 4245/5360 [02:34<00:40, 27.28it/s] 79%|███████▉  | 4248/5360 [02:34<00:41, 26.91it/s] 79%|███████▉  | 4251/5360 [02:34<00:41, 26.62it/s] 79%|███████▉  | 4254/5360 [02:34<00:41, 26.41it/s] 79%|███████▉  | 4257/5360 [02:35<00:41, 26.27it/s] 79%|███████▉  | 4260/5360 [02:35<00:42, 26.15it/s] 80%|███████▉  | 4263/5360 [02:35<00:42, 26.08it/s] 80%|███████▉  | 4266/5360 [02:35<00:42, 26.02it/s] 80%|███████▉  | 4269/5360 [02:35<00:41, 25.98it/s] 80%|███████▉  | 4272/5360 [02:35<00:41, 25.95it/s] 80%|███████▉  | 4275/5360 [02:35<00:41, 25.94it/s] 80%|███████▉  | 4278/5360 [02:35<00:41, 25.92it/s] 80%|███████▉  | 4281/5360 [02:35<00:41, 25.93it/s] 80%|███████▉  | 4284/5360 [02:36<00:41, 25.92it/s] 80%|███████▉  | 4287/5360 [02:36<00:41, 25.92it/s] 80%|████████  | 4290/5360 [02:36<00:41, 25.91it/s] 80%|████████  | 4293/5360 [02:36<00:41, 25.91it/s] 80%|████████  | 4296/5360 [02:36<00:41, 25.89it/s] 80%|████████  | 4299/5360 [02:36<00:40, 25.90it/s] 80%|████████  | 4302/5360 [02:36<00:40, 25.88it/s] 80%|████████  | 4305/5360 [02:36<00:40, 25.89it/s] 80%|████████  | 4308/5360 [02:37<00:40, 25.89it/s] 80%|████████  | 4311/5360 [02:37<00:40, 25.91it/s] 80%|████████  | 4314/5360 [02:37<00:40, 25.89it/s] 81%|████████  | 4317/5360 [02:37<00:40, 25.89it/s] 81%|████████  | 4320/5360 [02:37<00:40, 25.88it/s] 81%|████████  | 4323/5360 [02:37<00:40, 25.75it/s] 81%|████████  | 4326/5360 [02:37<00:40, 25.65it/s] 81%|████████  | 4329/5360 [02:37<00:38, 26.46it/s] 81%|████████  | 4332/5360 [02:37<00:39, 26.35it/s] 81%|████████  | 4335/5360 [02:38<00:39, 26.21it/s] 81%|████████  | 4338/5360 [02:38<00:39, 26.12it/s] 81%|████████  | 4341/5360 [02:38<00:39, 26.06it/s] 81%|████████  | 4344/5360 [02:38<00:39, 26.03it/s] 81%|████████  | 4347/5360 [02:38<00:38, 26.00it/s] 81%|████████  | 4350/5360 [02:38<00:38, 25.97it/s] 81%|████████  | 4353/5360 [02:38<00:39, 25.82it/s] 81%|████████▏ | 4356/5360 [02:38<00:38, 25.84it/s] 81%|████████▏ | 4359/5360 [02:38<00:38, 25.86it/s] 81%|████████▏ | 4362/5360 [02:39<00:38, 25.73it/s] 81%|████████▏ | 4365/5360 [02:39<00:38, 25.79it/s] 81%|████████▏ | 4368/5360 [02:39<00:38, 25.82it/s] 82%|████████▏ | 4371/5360 [02:39<00:38, 25.43it/s] 82%|████████▏ | 4374/5360 [02:39<00:38, 25.57it/s] 82%|████████▏ | 4377/5360 [02:39<00:38, 25.53it/s] 82%|████████▏ | 4380/5360 [02:39<00:38, 25.52it/s] 82%|████████▏ | 4383/5360 [02:39<00:38, 25.36it/s] 82%|████████▏ | 4386/5360 [02:40<00:38, 25.39it/s] 82%|████████▏ | 4389/5360 [02:40<00:38, 25.53it/s] 82%|████████▏ | 4392/5360 [02:40<00:37, 25.49it/s] 82%|████████▏ | 4395/5360 [02:40<00:37, 25.49it/s] 82%|████████▏ | 4398/5360 [02:40<00:37, 25.62it/s] 82%|████████▏ | 4401/5360 [02:40<00:37, 25.72it/s] 82%|████████▏ | 4404/5360 [02:40<00:37, 25.62it/s] 82%|████████▏ | 4407/5360 [02:40<00:37, 25.57it/s] 82%|████████▏ | 4410/5360 [02:40<00:37, 25.55it/s] 82%|████████▏ | 4413/5360 [02:41<00:36, 25.65it/s] 82%|████████▏ | 4416/5360 [02:41<00:37, 25.18it/s] 82%|████████▏ | 4419/5360 [02:41<00:37, 25.40it/s] 82%|████████▎ | 4422/5360 [02:41<00:36, 25.55it/s] 83%|████████▎ | 4425/5360 [02:41<00:36, 25.65it/s] 83%|████████▎ | 4428/5360 [02:41<00:36, 25.59it/s] 83%|████████▎ | 4431/5360 [02:41<00:36, 25.68it/s] 83%|████████▎ | 4434/5360 [02:41<00:36, 25.46it/s] 83%|████████▎ | 4437/5360 [02:42<00:36, 25.45it/s] 83%|████████▎ | 4440/5360 [02:42<00:35, 25.58it/s] 83%|████████▎ | 4443/5360 [02:42<00:36, 25.27it/s] 83%|████████▎ | 4446/5360 [02:42<00:36, 25.33it/s] 83%|████████▎ | 4449/5360 [02:42<00:35, 25.35it/s] 83%|████████▎ | 4452/5360 [02:42<00:35, 25.51it/s] 83%|████████▎ | 4455/5360 [02:42<00:35, 25.48it/s] 83%|████████▎ | 4458/5360 [02:42<00:35, 25.60it/s] 83%|████████▎ | 4461/5360 [02:42<00:35, 25.55it/s] 83%|████████▎ | 4464/5360 [02:43<00:35, 25.12it/s] 83%|████████▎ | 4467/5360 [02:43<00:35, 25.34it/s] 83%|████████▎ | 4470/5360 [02:43<00:35, 25.10it/s] 83%|████████▎ | 4473/5360 [02:43<00:36, 24.55it/s] 84%|████████▎ | 4476/5360 [02:43<00:35, 24.69it/s] 84%|████████▎ | 4479/5360 [02:43<00:35, 25.04it/s] 84%|████████▎ | 4482/5360 [02:43<00:34, 25.29it/s] 84%|████████▎ | 4485/5360 [02:43<00:34, 25.20it/s] 84%|████████▎ | 4488/5360 [02:44<00:34, 25.26it/s] 84%|████████▍ | 4491/5360 [02:44<00:34, 25.18it/s] 84%|████████▍ | 4494/5360 [02:44<00:34, 25.38it/s] 84%|████████▍ | 4497/5360 [02:44<00:34, 25.27it/s] 84%|████████▍ | 4500/5360 [02:44<00:33, 25.32it/s] 84%|████████▍ | 4503/5360 [02:44<00:33, 25.49it/s] 84%|████████▍ | 4506/5360 [02:44<00:33, 25.62it/s] 84%|████████▍ | 4509/5360 [02:44<00:33, 25.71it/s] 84%|████████▍ | 4512/5360 [02:44<00:32, 25.78it/s] 84%|████████▍ | 4515/5360 [02:45<00:32, 25.81it/s] 84%|████████▍ | 4518/5360 [02:45<00:32, 25.84it/s] 84%|████████▍ | 4521/5360 [02:45<00:32, 25.87it/s] 84%|████████▍ | 4524/5360 [02:45<00:32, 25.87it/s] 84%|████████▍ | 4527/5360 [02:45<00:31, 26.38it/s] 85%|████████▍ | 4530/5360 [02:45<00:30, 26.97it/s] 85%|████████▍ | 4533/5360 [02:45<00:31, 26.56it/s] 85%|████████▍ | 4536/5360 [02:45<00:30, 26.96it/s] 85%|████████▍ | 4539/5360 [02:45<00:30, 26.90it/s] 85%|████████▍ | 4542/5360 [02:46<00:29, 27.58it/s] 85%|████████▍ | 4545/5360 [02:46<00:29, 27.97it/s] 85%|████████▍ | 4548/5360 [02:46<00:29, 27.29it/s] 85%|████████▍ | 4551/5360 [02:46<00:30, 26.91it/s] 85%|████████▍ | 4554/5360 [02:46<00:29, 27.48it/s] 85%|████████▌ | 4557/5360 [02:46<00:29, 27.43it/s] 85%|████████▌ | 4560/5360 [02:46<00:28, 28.13it/s] 85%|████████▌ | 4563/5360 [02:46<00:29, 27.27it/s] 85%|████████▌ | 4567/5360 [02:47<00:28, 27.94it/s] 85%|████████▌ | 4570/5360 [02:47<00:28, 28.19it/s] 85%|████████▌ | 4573/5360 [02:47<00:27, 28.65it/s] 85%|████████▌ | 4576/5360 [02:47<00:27, 28.94it/s] 85%|████████▌ | 4579/5360 [02:47<00:27, 27.98it/s] 86%|████████▌ | 4583/5360 [02:47<00:27, 28.41it/s] 86%|████████▌ | 4587/5360 [02:47<00:27, 28.48it/s] 86%|████████▌ | 4590/5360 [02:47<00:28, 27.48it/s] 86%|████████▌ | 4593/5360 [02:47<00:28, 27.38it/s] 86%|████████▌ | 4596/5360 [02:48<00:28, 26.79it/s] 86%|████████▌ | 4599/5360 [02:48<00:27, 27.51it/s] 86%|████████▌ | 4602/5360 [02:48<00:28, 27.00it/s] 86%|████████▌ | 4605/5360 [02:48<00:27, 27.58it/s] 86%|████████▌ | 4608/5360 [02:48<00:26, 28.03it/s] 86%|████████▌ | 4612/5360 [02:48<00:26, 28.42it/s] 86%|████████▌ | 4615/5360 [02:48<00:26, 28.58it/s] 86%|████████▌ | 4618/5360 [02:48<00:26, 27.76it/s] 86%|████████▌ | 4621/5360 [02:48<00:26, 28.17it/s] 86%|████████▋ | 4624/5360 [02:49<00:25, 28.44it/s] 86%|████████▋ | 4627/5360 [02:49<00:25, 28.60it/s] 86%|████████▋ | 4630/5360 [02:49<00:26, 27.76it/s] 86%|████████▋ | 4633/5360 [02:49<00:26, 27.92it/s] 86%|████████▋ | 4636/5360 [02:49<00:25, 27.93it/s] 87%|████████▋ | 4640/5360 [02:49<00:25, 28.66it/s] 87%|████████▋ | 4644/5360 [02:49<00:24, 28.90it/s] 87%|████████▋ | 4648/5360 [02:49<00:24, 28.98it/s] 87%|████████▋ | 4651/5360 [02:49<00:24, 28.98it/s] 87%|████████▋ | 4654/5360 [02:50<00:25, 27.60it/s] 87%|████████▋ | 4657/5360 [02:50<00:25, 27.65it/s] 87%|████████▋ | 4660/5360 [02:50<00:25, 27.97it/s] 87%|████████▋ | 4664/5360 [02:50<00:24, 28.32it/s] 87%|████████▋ | 4668/5360 [02:50<00:24, 28.52it/s] 87%|████████▋ | 4671/5360 [02:50<00:23, 28.84it/s] 87%|████████▋ | 4674/5360 [02:50<00:24, 27.95it/s] 87%|████████▋ | 4678/5360 [02:50<00:24, 28.41it/s] 87%|████████▋ | 4682/5360 [02:51<00:23, 28.58it/s] 87%|████████▋ | 4685/5360 [02:51<00:23, 28.28it/s] 87%|████████▋ | 4688/5360 [02:51<00:23, 28.64it/s] 88%|████████▊ | 4691/5360 [02:51<00:23, 28.65it/s] 88%|████████▊ | 4694/5360 [02:51<00:23, 27.81it/s] 88%|████████▊ | 4697/5360 [02:51<00:23, 28.39it/s] 88%|████████▊ | 4700/5360 [02:51<00:22, 28.78it/s] 88%|████████▊ | 4703/5360 [02:51<00:22, 28.96it/s] 88%|████████▊ | 4706/5360 [02:51<00:23, 28.15it/s] 88%|████████▊ | 4710/5360 [02:52<00:22, 28.75it/s] 88%|████████▊ | 4713/5360 [02:52<00:22, 29.07it/s] 88%|████████▊ | 4716/5360 [02:52<00:22, 29.00it/s] 88%|████████▊ | 4719/5360 [02:52<00:22, 28.01it/s] 88%|████████▊ | 4722/5360 [02:52<00:22, 28.23it/s] 88%|████████▊ | 4726/5360 [02:52<00:22, 28.66it/s] 88%|████████▊ | 4729/5360 [02:52<00:21, 28.98it/s] 88%|████████▊ | 4732/5360 [02:52<00:21, 29.12it/s] 88%|████████▊ | 4735/5360 [02:52<00:21, 28.55it/s] 88%|████████▊ | 4739/5360 [02:53<00:21, 28.74it/s] 88%|████████▊ | 4743/5360 [02:53<00:21, 28.90it/s] 89%|████████▊ | 4747/5360 [02:53<00:21, 29.00it/s] 89%|████████▊ | 4751/5360 [02:53<00:20, 29.23it/s] 89%|████████▊ | 4755/5360 [02:53<00:20, 29.16it/s] 89%|████████▉ | 4759/5360 [02:53<00:20, 29.16it/s] 89%|████████▉ | 4762/5360 [02:53<00:20, 28.94it/s] 89%|████████▉ | 4765/5360 [02:53<00:21, 28.17it/s] 89%|████████▉ | 4769/5360 [02:54<00:20, 28.52it/s] 89%|████████▉ | 4772/5360 [02:54<00:20, 28.89it/s] 89%|████████▉ | 4776/5360 [02:54<00:20, 28.92it/s] 89%|████████▉ | 4779/5360 [02:54<00:19, 29.19it/s] 89%|████████▉ | 4782/5360 [02:54<00:19, 29.28it/s] 89%|████████▉ | 4785/5360 [02:54<00:19, 28.86it/s] 89%|████████▉ | 4789/5360 [02:54<00:19, 28.87it/s] 89%|████████▉ | 4792/5360 [02:54<00:19, 28.98it/s] 89%|████████▉ | 4796/5360 [02:55<00:19, 28.95it/s] 90%|████████▉ | 4800/5360 [02:55<00:19, 28.98it/s] 90%|████████▉ | 4804/5360 [02:55<00:19, 29.10it/s] 90%|████████▉ | 4807/5360 [02:55<00:19, 28.88it/s] 90%|████████▉ | 4810/5360 [02:55<00:19, 27.77it/s] 90%|████████▉ | 4814/5360 [02:55<00:19, 28.27it/s] 90%|████████▉ | 4818/5360 [02:55<00:18, 28.79it/s] 90%|████████▉ | 4821/5360 [02:55<00:18, 28.90it/s] 90%|█████████ | 4824/5360 [02:56<00:18, 28.65it/s] 90%|█████████ | 4827/5360 [02:56<00:18, 28.26it/s] 90%|█████████ | 4830/5360 [02:56<00:18, 28.49it/s] 90%|█████████ | 4834/5360 [02:56<00:18, 28.71it/s] 90%|█████████ | 4838/5360 [02:56<00:18, 28.99it/s] 90%|█████████ | 4842/5360 [02:56<00:17, 29.33it/s] 90%|█████████ | 4845/5360 [02:56<00:17, 29.47it/s] 90%|█████████ | 4848/5360 [02:56<00:18, 28.41it/s] 91%|█████████ | 4851/5360 [02:56<00:17, 28.69it/s] 91%|█████████ | 4854/5360 [02:57<00:17, 28.92it/s] 91%|█████████ | 4857/5360 [02:57<00:17, 29.17it/s] 91%|█████████ | 4860/5360 [02:57<00:17, 28.14it/s] 91%|█████████ | 4863/5360 [02:57<00:17, 28.12it/s] 91%|█████████ | 4867/5360 [02:57<00:17, 28.50it/s] 91%|█████████ | 4870/5360 [02:57<00:17, 28.75it/s] 91%|█████████ | 4873/5360 [02:57<00:16, 28.71it/s] 91%|█████████ | 4876/5360 [02:57<00:17, 27.43it/s] 91%|█████████ | 4879/5360 [02:57<00:17, 27.45it/s] 91%|█████████ | 4882/5360 [02:58<00:17, 27.56it/s] 91%|█████████ | 4885/5360 [02:58<00:17, 27.49it/s] 91%|█████████ | 4888/5360 [02:58<00:16, 28.17it/s] 91%|█████████▏| 4891/5360 [02:58<00:16, 27.64it/s] 91%|█████████▏| 4894/5360 [02:58<00:16, 27.87it/s] 91%|█████████▏| 4897/5360 [02:58<00:16, 28.25it/s] 91%|█████████▏| 4900/5360 [02:58<00:16, 27.90it/s] 91%|█████████▏| 4903/5360 [02:58<00:16, 27.49it/s] 92%|█████████▏| 4906/5360 [02:58<00:16, 27.35it/s] 92%|█████████▏| 4909/5360 [02:59<00:16, 27.71it/s] 92%|█████████▏| 4912/5360 [02:59<00:16, 27.93it/s] 92%|█████████▏| 4915/5360 [02:59<00:16, 27.12it/s] 92%|█████████▏| 4918/5360 [02:59<00:15, 27.84it/s] 92%|█████████▏| 4921/5360 [02:59<00:15, 27.82it/s] 92%|█████████▏| 4924/5360 [02:59<00:15, 27.41it/s] 92%|█████████▏| 4927/5360 [02:59<00:15, 27.70it/s] 92%|█████████▏| 4931/5360 [02:59<00:15, 28.19it/s] 92%|█████████▏| 4934/5360 [02:59<00:15, 28.36it/s] 92%|█████████▏| 4937/5360 [03:00<00:14, 28.53it/s] 92%|█████████▏| 4940/5360 [03:00<00:15, 27.92it/s] 92%|█████████▏| 4943/5360 [03:00<00:14, 27.84it/s] 92%|█████████▏| 4947/5360 [03:00<00:14, 28.29it/s] 92%|█████████▏| 4950/5360 [03:00<00:14, 28.22it/s] 92%|█████████▏| 4953/5360 [03:00<00:14, 27.54it/s] 92%|█████████▏| 4957/5360 [03:00<00:14, 28.11it/s] 93%|█████████▎| 4960/5360 [03:00<00:14, 27.82it/s] 93%|█████████▎| 4963/5360 [03:00<00:14, 27.91it/s] 93%|█████████▎| 4966/5360 [03:01<00:14, 27.90it/s] 93%|█████████▎| 4969/5360 [03:01<00:14, 27.31it/s] 93%|█████████▎| 4973/5360 [03:01<00:13, 27.94it/s] 93%|█████████▎| 4976/5360 [03:01<00:13, 27.53it/s] 93%|█████████▎| 4979/5360 [03:01<00:13, 27.90it/s] 93%|█████████▎| 4982/5360 [03:01<00:13, 27.98it/s] 93%|█████████▎| 4985/5360 [03:01<00:13, 27.34it/s] 93%|█████████▎| 4988/5360 [03:01<00:14, 26.11it/s] 93%|█████████▎| 4991/5360 [03:02<00:14, 25.89it/s] 93%|█████████▎| 4994/5360 [03:02<00:13, 26.78it/s] 93%|█████████▎| 4997/5360 [03:02<00:13, 27.41it/s] 93%|█████████▎| 5000/5360 [03:02<00:13, 26.73it/s] 93%|█████████▎| 5003/5360 [03:02<00:13, 25.93it/s] 93%|█████████▎| 5006/5360 [03:02<00:13, 26.04it/s] 93%|█████████▎| 5009/5360 [03:02<00:13, 26.75it/s] 94%|█████████▎| 5013/5360 [03:02<00:12, 27.58it/s] 94%|█████████▎| 5016/5360 [03:02<00:12, 27.88it/s] 94%|█████████▎| 5019/5360 [03:03<00:12, 26.94it/s] 94%|█████████▎| 5022/5360 [03:03<00:12, 26.28it/s] 94%|█████████▍| 5025/5360 [03:03<00:12, 26.73it/s] 94%|█████████▍| 5028/5360 [03:03<00:12, 26.17it/s] 94%|█████████▍| 5031/5360 [03:03<00:12, 26.10it/s] 94%|█████████▍| 5034/5360 [03:03<00:12, 26.38it/s] 94%|█████████▍| 5037/5360 [03:03<00:12, 26.39it/s] 94%|█████████▍| 5040/5360 [03:03<00:12, 26.62it/s] 94%|█████████▍| 5043/5360 [03:03<00:11, 27.07it/s] 94%|█████████▍| 5046/5360 [03:04<00:11, 27.20it/s] 94%|█████████▍| 5049/5360 [03:04<00:11, 27.54it/s] 94%|█████████▍| 5053/5360 [03:04<00:10, 28.07it/s] 94%|█████████▍| 5057/5360 [03:04<00:10, 28.41it/s] 94%|█████████▍| 5061/5360 [03:04<00:10, 28.52it/s] 94%|█████████▍| 5065/5360 [03:04<00:10, 28.38it/s] 95%|█████████▍| 5068/5360 [03:04<00:10, 27.99it/s] 95%|█████████▍| 5071/5360 [03:04<00:10, 26.76it/s] 95%|█████████▍| 5074/5360 [03:05<00:10, 27.32it/s] 95%|█████████▍| 5078/5360 [03:05<00:10, 27.89it/s] 95%|█████████▍| 5081/5360 [03:05<00:09, 28.26it/s] 95%|█████████▍| 5084/5360 [03:05<00:10, 27.56it/s] 95%|█████████▍| 5088/5360 [03:05<00:09, 28.13it/s] 95%|█████████▍| 5091/5360 [03:05<00:09, 28.02it/s] 95%|█████████▌| 5095/5360 [03:05<00:09, 28.71it/s] 95%|█████████▌| 5098/5360 [03:05<00:09, 29.02it/s] 95%|█████████▌| 5101/5360 [03:06<00:09, 27.93it/s] 95%|█████████▌| 5104/5360 [03:06<00:09, 28.31it/s] 95%|█████████▌| 5108/5360 [03:06<00:08, 28.49it/s] 95%|█████████▌| 5111/5360 [03:06<00:08, 28.61it/s] 95%|█████████▌| 5114/5360 [03:06<00:08, 27.79it/s] 95%|█████████▌| 5118/5360 [03:06<00:08, 28.29it/s] 96%|█████████▌| 5121/5360 [03:06<00:08, 28.05it/s] 96%|█████████▌| 5125/5360 [03:06<00:08, 28.39it/s] 96%|█████████▌| 5128/5360 [03:06<00:08, 28.42it/s] 96%|█████████▌| 5131/5360 [03:07<00:08, 27.67it/s] 96%|█████████▌| 5135/5360 [03:07<00:07, 28.24it/s] 96%|█████████▌| 5138/5360 [03:07<00:07, 28.35it/s] 96%|█████████▌| 5142/5360 [03:07<00:07, 28.76it/s] 96%|█████████▌| 5146/5360 [03:07<00:07, 28.70it/s] 96%|█████████▌| 5149/5360 [03:07<00:07, 28.48it/s] 96%|█████████▌| 5152/5360 [03:07<00:07, 27.74it/s] 96%|█████████▌| 5155/5360 [03:07<00:07, 28.21it/s] 96%|█████████▌| 5158/5360 [03:08<00:07, 28.56it/s] 96%|█████████▋| 5161/5360 [03:08<00:07, 27.81it/s] 96%|█████████▋| 5164/5360 [03:08<00:07, 27.99it/s] 96%|█████████▋| 5168/5360 [03:08<00:06, 28.30it/s] 96%|█████████▋| 5172/5360 [03:08<00:06, 28.62it/s] 97%|█████████▋| 5175/5360 [03:08<00:06, 28.79it/s] 97%|█████████▋| 5178/5360 [03:08<00:06, 28.00it/s] 97%|█████████▋| 5182/5360 [03:08<00:06, 28.37it/s] 97%|█████████▋| 5186/5360 [03:09<00:06, 28.88it/s] 97%|█████████▋| 5189/5360 [03:09<00:05, 28.98it/s] 97%|█████████▋| 5192/5360 [03:09<00:05, 28.08it/s] 97%|█████████▋| 5195/5360 [03:09<00:05, 28.28it/s] 97%|█████████▋| 5198/5360 [03:09<00:05, 28.15it/s] 97%|█████████▋| 5201/5360 [03:09<00:05, 27.94it/s] 97%|█████████▋| 5204/5360 [03:09<00:05, 26.85it/s] 97%|█████████▋| 5209/5360 [03:09<00:04, 32.66it/s] 97%|█████████▋| 5214/5360 [03:09<00:03, 36.95it/s] 97%|█████████▋| 5219/5360 [03:09<00:03, 39.93it/s] 97%|█████████▋| 5224/5360 [03:10<00:03, 41.92it/s] 98%|█████████▊| 5229/5360 [03:10<00:03, 43.40it/s] 98%|█████████▊| 5234/5360 [03:10<00:02, 44.36it/s] 98%|█████████▊| 5239/5360 [03:10<00:02, 45.20it/s] 98%|█████████▊| 5244/5360 [03:10<00:02, 45.72it/s] 98%|█████████▊| 5249/5360 [03:10<00:02, 46.05it/s] 98%|█████████▊| 5254/5360 [03:10<00:02, 44.64it/s] 98%|█████████▊| 5259/5360 [03:10<00:02, 44.44it/s] 98%|█████████▊| 5264/5360 [03:10<00:02, 43.34it/s] 98%|█████████▊| 5269/5360 [03:11<00:02, 42.59it/s] 98%|█████████▊| 5274/5360 [03:11<00:02, 34.24it/s] 98%|█████████▊| 5278/5360 [03:11<00:02, 30.82it/s] 99%|█████████▊| 5282/5360 [03:11<00:02, 28.60it/s] 99%|█████████▊| 5286/5360 [03:11<00:02, 27.24it/s] 99%|█████████▊| 5289/5360 [03:11<00:02, 26.45it/s] 99%|█████████▊| 5292/5360 [03:12<00:02, 25.84it/s] 99%|█████████▉| 5295/5360 [03:12<00:02, 25.49it/s] 99%|█████████▉| 5298/5360 [03:12<00:02, 25.21it/s] 99%|█████████▉| 5301/5360 [03:12<00:02, 24.90it/s] 99%|█████████▉| 5304/5360 [03:12<00:02, 24.54it/s] 99%|█████████▉| 5307/5360 [03:12<00:02, 24.16it/s] 99%|█████████▉| 5310/5360 [03:12<00:02, 23.93it/s] 99%|█████████▉| 5313/5360 [03:12<00:01, 23.84it/s] 99%|█████████▉| 5316/5360 [03:13<00:01, 23.58it/s] 99%|█████████▉| 5319/5360 [03:13<00:01, 23.86it/s] 99%|█████████▉| 5322/5360 [03:13<00:01, 23.11it/s] 99%|█████████▉| 5325/5360 [03:13<00:01, 23.29it/s] 99%|█████████▉| 5328/5360 [03:13<00:01, 23.64it/s] 99%|█████████▉| 5331/5360 [03:13<00:01, 23.79it/s]100%|█████████▉| 5334/5360 [03:13<00:01, 23.88it/s]100%|█████████▉| 5337/5360 [03:13<00:00, 23.83it/s]100%|█████████▉| 5340/5360 [03:14<00:00, 23.79it/s]100%|█████████▉| 5343/5360 [03:14<00:00, 23.62it/s]100%|█████████▉| 5346/5360 [03:14<00:00, 23.65it/s]100%|█████████▉| 5349/5360 [03:14<00:00, 23.43it/s]100%|█████████▉| 5352/5360 [03:14<00:00, 23.52it/s]100%|█████████▉| 5355/5360 [03:14<00:00, 23.69it/s]100%|█████████▉| 5358/5360 [03:14<00:00, 23.45it/s]100%|██████████| 5360/5360 [03:15<00:00, 27.48it/s]
Save pickle at /mnt/workspace/home/zhangjunan/audioldm_eval/audioldm_eval/test_musiccaps/infer/epoch-0008_step-0541000_loss-0.316784classifier_logits_feature_cache.pkl
KL: Assuming that `input2` is "pseudo" target and `input1` is prediction. KL(input2_i||input1_i)
-oP-XX28B0s.wav is not in the generation result
Computing Inception Score
Computing Frechet Distance
frechet_audio_distance: 3.4604254
kullback_leibler_divergence_sigmoid: 1.2769735
kullback_leibler_divergence_softmax: 0.0151066
inception_score_mean: 1.0094335
inception_score_std: 0.0000484
frechet_distance: 0.8881566


None
KL_Sigmoid:  1.27697; KL:  0.01511; PSNR: nan SSIM: nan ISc:  1.00943 (0.000048); KID: nan (nan) FD:  0.88816; FAD: 3.46043 LSD: nan
Save json file at /mnt/workspace/home/zhangjunan/audioldm_eval/audioldm_eval/test_musiccaps/infer/2025-02-26-17:18:20_epoch-0008_step-0541000_loss-0.316784.json
Using cache found in /mnt/workspace/home/.cache/torch/hub/harritaylor_torchvggish_master
WARNING: feature_extractor_cqt requires the libray 'nnAudio'
Generted files /mnt/workspace/home/zhangjunan/audioldm_eval/audioldm_eval/test_musiccaps/infer/epoch-0008_step-0541000_loss-0.316784
Target files /mnt/workspace/home/zhangjunan/audioldm_eval/audioldm_eval/test_musiccaps/audio
+Two path have 5360 intersection files out of total 5360 & 5362 files. Processing two folder with same_name=True
Loading data to RAM
  0%|          | 0/5360 [00:00<?, ?it/s]  0%|          | 1/5360 [00:00<27:21,  3.26it/s]  0%|          | 23/5360 [00:00<01:15, 70.72it/s]  1%|          | 36/5360 [00:00<01:05, 81.15it/s]  1%|          | 60/5360 [00:00<00:44, 119.05it/s]  2%|▏         | 84/5360 [00:00<00:35, 146.62it/s]  2%|▏         | 101/5360 [00:00<00:34, 152.21it/s]  2%|▏         | 118/5360 [00:01<00:35, 149.17it/s]  3%|▎         | 138/5360 [00:01<00:32, 158.85it/s]  3%|▎         | 160/5360 [00:01<00:29, 175.68it/s]  3%|▎         | 179/5360 [00:01<00:31, 166.67it/s]  4%|▍         | 204/5360 [00:01<00:28, 183.46it/s]  4%|▍         | 228/5360 [00:01<00:27, 189.27it/s]  5%|▍         | 257/5360 [00:01<00:24, 205.21it/s]  5%|▌         | 281/5360 [00:01<00:25, 202.67it/s]  6%|▌         | 307/5360 [00:01<00:24, 208.00it/s]  6%|▌         | 330/5360 [00:02<00:23, 212.59it/s]  7%|▋         | 362/5360 [00:02<00:21, 232.52it/s]  7%|▋         | 389/5360 [00:02<00:21, 229.00it/s]  8%|▊         | 412/5360 [00:02<00:22, 216.21it/s]  8%|▊         | 434/5360 [00:02<00:22, 214.96it/s]  9%|▊         | 458/5360 [00:02<00:22, 215.69it/s]  9%|▉         | 488/5360 [00:02<00:22, 220.22it/s] 10%|▉         | 512/5360 [00:02<00:21, 225.02it/s] 10%|▉         | 535/5360 [00:02<00:21, 221.41it/s] 10%|█         | 558/5360 [00:03<00:24, 199.35it/s] 11%|█         | 587/5360 [00:03<00:21, 220.03it/s] 11%|█▏        | 611/5360 [00:03<00:23, 204.88it/s] 12%|█▏        | 635/5360 [00:03<00:22, 205.82it/s] 12%|█▏        | 659/5360 [00:03<00:21, 214.42it/s] 13%|█▎        | 684/5360 [00:03<00:20, 223.39it/s] 13%|█▎        | 707/5360 [00:03<00:20, 222.80it/s] 14%|█▎        | 733/5360 [00:03<00:20, 222.87it/s] 14%|█▍        | 756/5360 [00:03<00:21, 215.83it/s] 15%|█▍        | 778/5360 [00:04<00:22, 207.28it/s] 15%|█▍        | 799/5360 [00:04<00:22, 199.09it/s] 15%|█▌        | 820/5360 [00:04<00:22, 198.03it/s] 16%|█▌        | 844/5360 [00:04<00:22, 204.50it/s] 16%|█▌        | 869/5360 [00:04<00:20, 213.98it/s] 17%|█▋        | 893/5360 [00:04<00:22, 200.78it/s] 17%|█▋        | 918/5360 [00:04<00:20, 213.66it/s] 18%|█▊        | 941/5360 [00:04<00:22, 196.88it/s] 18%|█▊        | 966/5360 [00:05<00:21, 201.66it/s] 19%|█▊        | 996/5360 [00:05<00:20, 213.99it/s] 19%|█▉        | 1021/5360 [00:05<00:19, 219.61it/s] 20%|█▉        | 1051/5360 [00:05<00:17, 241.13it/s] 20%|██        | 1082/5360 [00:05<00:16, 260.02it/s] 21%|██        | 1109/5360 [00:05<00:17, 243.22it/s] 21%|██        | 1134/5360 [00:05<00:17, 244.75it/s] 22%|██▏       | 1160/5360 [00:05<00:18, 231.36it/s] 22%|██▏       | 1184/5360 [00:05<00:18, 230.90it/s] 23%|██▎       | 1208/5360 [00:06<00:18, 220.71it/s] 23%|██▎       | 1231/5360 [00:06<00:19, 210.53it/s] 24%|██▎       | 1264/5360 [00:06<00:18, 223.77it/s] 24%|██▍       | 1289/5360 [00:06<00:17, 227.24it/s] 24%|██▍       | 1312/5360 [00:06<00:19, 212.28it/s] 25%|██▍       | 1334/5360 [00:06<00:19, 201.55it/s] 25%|██▌       | 1355/5360 [00:06<00:23, 172.30it/s] 26%|██▌       | 1377/5360 [00:06<00:22, 174.77it/s] 26%|██▌       | 1401/5360 [00:07<00:21, 186.50it/s] 27%|██▋       | 1427/5360 [00:07<00:19, 200.48it/s] 27%|██▋       | 1459/5360 [00:07<00:18, 216.46it/s] 28%|██▊       | 1486/5360 [00:07<00:17, 224.83it/s] 28%|██▊       | 1516/5360 [00:07<00:15, 242.57it/s] 29%|██▉       | 1541/5360 [00:07<00:16, 228.45it/s] 29%|██▉       | 1568/5360 [00:07<00:16, 234.75it/s] 30%|██▉       | 1592/5360 [00:07<00:16, 232.30it/s] 30%|███       | 1616/5360 [00:07<00:16, 230.43it/s] 31%|███       | 1648/5360 [00:08<00:15, 240.29it/s] 31%|███▏      | 1680/5360 [00:08<00:14, 255.83it/s] 32%|███▏      | 1712/5360 [00:08<00:13, 260.70it/s] 33%|███▎      | 1744/5360 [00:08<00:13, 264.99it/s] 33%|███▎      | 1776/5360 [00:08<00:12, 279.64it/s] 34%|███▎      | 1805/5360 [00:08<00:14, 248.95it/s] 34%|███▍      | 1831/5360 [00:08<00:14, 243.25it/s] 35%|███▍      | 1856/5360 [00:08<00:15, 233.24it/s] 35%|███▌      | 1880/5360 [00:09<00:15, 227.50it/s] 36%|███▌      | 1906/5360 [00:09<00:14, 235.47it/s] 36%|███▌      | 1930/5360 [00:09<00:14, 229.48it/s] 37%|███▋      | 1962/5360 [00:09<00:13, 245.52it/s] 37%|███▋      | 2003/5360 [00:09<00:11, 281.77it/s] 38%|███▊      | 2042/5360 [00:09<00:10, 311.10it/s] 39%|███▉      | 2077/5360 [00:09<00:10, 315.18it/s] 39%|███▉      | 2117/5360 [00:09<00:09, 331.15it/s] 40%|████      | 2158/5360 [00:09<00:09, 352.40it/s] 41%|████      | 2194/5360 [00:09<00:09, 351.45it/s] 42%|████▏     | 2234/5360 [00:10<00:08, 361.84it/s] 42%|████▏     | 2274/5360 [00:10<00:08, 365.29it/s] 43%|████▎     | 2315/5360 [00:10<00:08, 358.22it/s] 44%|████▍     | 2351/5360 [00:10<00:08, 354.34it/s] 45%|████▍     | 2387/5360 [00:10<00:09, 328.81it/s] 45%|████▌     | 2421/5360 [00:10<00:10, 274.24it/s] 46%|████▌     | 2471/5360 [00:10<00:09, 311.50it/s] 47%|████▋     | 2504/5360 [00:11<00:10, 272.18it/s] 47%|████▋     | 2545/5360 [00:11<00:09, 298.57it/s] 48%|████▊     | 2595/5360 [00:11<00:08, 336.16it/s] 49%|████▉     | 2646/5360 [00:11<00:07, 368.50it/s] 50%|█████     | 2694/5360 [00:11<00:06, 387.62it/s] 51%|█████     | 2742/5360 [00:11<00:06, 402.73it/s] 52%|█████▏    | 2784/5360 [00:11<00:06, 399.13it/s] 53%|█████▎    | 2831/5360 [00:11<00:06, 407.45it/s] 54%|█████▎    | 2879/5360 [00:11<00:05, 421.29it/s] 55%|█████▍    | 2922/5360 [00:11<00:05, 422.95it/s] 55%|█████▌    | 2965/5360 [00:12<00:06, 347.80it/s] 56%|█████▌    | 3003/5360 [00:12<00:06, 353.76it/s] 57%|█████▋    | 3064/5360 [00:12<00:05, 415.04it/s] 58%|█████▊    | 3122/5360 [00:12<00:04, 452.26it/s] 59%|█████▉    | 3169/5360 [00:12<00:04, 442.21it/s] 60%|██████    | 3219/5360 [00:12<00:04, 441.67it/s] 61%|██████    | 3264/5360 [00:12<00:04, 429.33it/s] 62%|██████▏   | 3308/5360 [00:12<00:04, 430.48it/s] 63%|██████▎   | 3354/5360 [00:13<00:04, 420.72it/s] 63%|██████▎   | 3403/5360 [00:13<00:04, 437.80it/s] 64%|██████▍   | 3448/5360 [00:13<00:04, 440.29it/s] 65%|██████▌   | 3495/5360 [00:13<00:04, 448.82it/s] 66%|██████▌   | 3541/5360 [00:13<00:04, 450.10it/s] 67%|██████▋   | 3593/5360 [00:13<00:03, 454.58it/s] 68%|██████▊   | 3639/5360 [00:13<00:03, 431.93it/s] 69%|██████▊   | 3683/5360 [00:13<00:03, 429.32it/s] 70%|██████▉   | 3727/5360 [00:13<00:03, 422.97it/s] 70%|███████   | 3774/5360 [00:13<00:03, 434.50it/s] 71%|███████   | 3818/5360 [00:14<00:03, 426.35it/s] 72%|███████▏  | 3864/5360 [00:14<00:03, 419.91it/s] 73%|███████▎  | 3913/5360 [00:14<00:03, 435.65it/s] 74%|███████▍  | 3957/5360 [00:14<00:03, 415.28it/s] 75%|███████▍  | 3999/5360 [00:14<00:03, 413.91it/s] 75%|███████▌  | 4041/5360 [00:14<00:03, 407.31it/s] 76%|███████▌  | 4082/5360 [00:14<00:03, 403.16it/s] 77%|███████▋  | 4137/5360 [00:14<00:02, 424.65it/s] 78%|███████▊  | 4180/5360 [00:14<00:02, 419.56it/s] 79%|███████▉  | 4228/5360 [00:15<00:02, 422.97it/s] 80%|███████▉  | 4273/5360 [00:15<00:02, 430.36it/s] 81%|████████  | 4322/5360 [00:15<00:02, 433.72it/s] 82%|████████▏ | 4370/5360 [00:15<00:02, 428.67it/s] 83%|████████▎ | 4425/5360 [00:15<00:02, 451.33it/s] 83%|████████▎ | 4473/5360 [00:15<00:01, 456.40it/s] 84%|████████▍ | 4521/5360 [00:15<00:01, 460.37it/s] 85%|████████▌ | 4577/5360 [00:15<00:01, 480.93it/s] 86%|████████▋ | 4626/5360 [00:15<00:01, 479.65it/s] 87%|████████▋ | 4678/5360 [00:16<00:01, 484.91it/s] 88%|████████▊ | 4727/5360 [00:16<00:01, 470.47it/s] 89%|████████▉ | 4779/5360 [00:16<00:01, 470.36it/s] 90%|█████████ | 4827/5360 [00:16<00:01, 459.65it/s] 91%|█████████ | 4874/5360 [00:16<00:01, 443.80it/s] 92%|█████████▏| 4919/5360 [00:16<00:01, 435.80it/s] 93%|█████████▎| 4968/5360 [00:16<00:00, 446.04it/s] 94%|█████████▎| 5013/5360 [00:16<00:00, 380.24it/s] 94%|█████████▍| 5053/5360 [00:16<00:00, 360.37it/s] 95%|█████████▍| 5091/5360 [00:17<00:00, 345.76it/s] 96%|█████████▌| 5127/5360 [00:17<00:00, 344.33it/s] 96%|█████████▋| 5162/5360 [00:17<00:00, 340.33it/s] 97%|█████████▋| 5197/5360 [00:17<00:00, 340.96it/s] 98%|█████████▊| 5232/5360 [00:17<00:00, 328.67it/s] 98%|█████████▊| 5270/5360 [00:17<00:00, 323.36it/s] 99%|█████████▉| 5308/5360 [00:17<00:00, 337.64it/s]100%|█████████▉| 5348/5360 [00:17<00:00, 343.14it/s]100%|██████████| 5360/5360 [00:17<00:00, 299.53it/s]
  0%|          | 0/5360 [00:00<?, ?it/s]  0%|          | 1/5360 [00:00<1:14:14,  1.20it/s]  0%|          | 3/5360 [00:01<25:04,  3.56it/s]    0%|          | 5/5360 [00:01<15:26,  5.78it/s]  0%|          | 7/5360 [00:01<12:42,  7.02it/s]  0%|          | 9/5360 [00:01<11:18,  7.88it/s]  0%|          | 11/5360 [00:01<10:41,  8.34it/s]  0%|          | 13/5360 [00:01<09:33,  9.33it/s]  0%|          | 15/5360 [00:02<09:27,  9.42it/s]  0%|          | 17/5360 [00:02<08:59,  9.90it/s]  0%|          | 19/5360 [00:02<09:06,  9.78it/s]  0%|          | 21/5360 [00:02<08:40, 10.26it/s]  0%|          | 23/5360 [00:02<08:58,  9.90it/s]  0%|          | 25/5360 [00:03<09:04,  9.79it/s]  1%|          | 27/5360 [00:03<09:05,  9.78it/s]  1%|          | 29/5360 [00:03<08:15, 10.76it/s]  1%|          | 31/5360 [00:03<08:16, 10.73it/s]  1%|          | 33/5360 [00:03<07:55, 11.20it/s]  1%|          | 35/5360 [00:03<07:34, 11.71it/s]  1%|          | 37/5360 [00:04<08:02, 11.02it/s]  1%|          | 39/5360 [00:04<07:21, 12.06it/s]  1%|          | 41/5360 [00:04<07:52, 11.25it/s]  1%|          | 43/5360 [00:04<07:57, 11.13it/s]  1%|          | 45/5360 [00:04<08:21, 10.59it/s]  1%|          | 47/5360 [00:05<08:54,  9.94it/s]  1%|          | 49/5360 [00:05<08:47, 10.06it/s]  1%|          | 51/5360 [00:05<09:17,  9.52it/s]  1%|          | 53/5360 [00:05<08:58,  9.86it/s]  1%|          | 55/5360 [00:05<08:46, 10.07it/s]  1%|          | 57/5360 [00:06<08:30, 10.39it/s]  1%|          | 59/5360 [00:06<08:38, 10.22it/s]  1%|          | 61/5360 [00:06<08:15, 10.69it/s]  1%|          | 63/5360 [00:06<08:17, 10.65it/s]  1%|          | 65/5360 [00:06<08:01, 11.00it/s]  1%|▏         | 67/5360 [00:07<08:14, 10.71it/s]  1%|▏         | 69/5360 [00:07<08:21, 10.56it/s]  1%|▏         | 71/5360 [00:07<08:07, 10.86it/s]  1%|▏         | 73/5360 [00:07<08:22, 10.52it/s]  1%|▏         | 75/5360 [00:07<08:07, 10.83it/s]  1%|▏         | 77/5360 [00:07<08:08, 10.82it/s]  1%|▏         | 79/5360 [00:08<08:07, 10.83it/s]  2%|▏         | 81/5360 [00:08<07:57, 11.05it/s]  2%|▏         | 83/5360 [00:08<07:57, 11.06it/s]  2%|▏         | 85/5360 [00:08<08:04, 10.88it/s]  2%|▏         | 87/5360 [00:08<07:57, 11.05it/s]  2%|▏         | 89/5360 [00:09<07:51, 11.17it/s]  2%|▏         | 91/5360 [00:09<07:22, 11.90it/s]  2%|▏         | 93/5360 [00:09<07:38, 11.49it/s]  2%|▏         | 95/5360 [00:09<07:20, 11.96it/s]  2%|▏         | 97/5360 [00:09<07:27, 11.76it/s]  2%|▏         | 99/5360 [00:09<07:19, 11.98it/s]  2%|▏         | 101/5360 [00:10<07:04, 12.38it/s]  2%|▏         | 103/5360 [00:10<07:14, 12.09it/s]  2%|▏         | 105/5360 [00:10<06:50, 12.80it/s]  2%|▏         | 107/5360 [00:10<07:12, 12.13it/s]  2%|▏         | 109/5360 [00:10<07:38, 11.45it/s]  2%|▏         | 111/5360 [00:10<07:17, 12.01it/s]  2%|▏         | 113/5360 [00:11<07:06, 12.31it/s]  2%|▏         | 115/5360 [00:11<07:12, 12.12it/s]  2%|▏         | 117/5360 [00:11<06:52, 12.70it/s]  2%|▏         | 119/5360 [00:11<07:45, 11.26it/s]  2%|▏         | 121/5360 [00:11<08:35, 10.17it/s]  2%|▏         | 123/5360 [00:12<09:06,  9.58it/s]  2%|▏         | 124/5360 [00:12<09:03,  9.63it/s]  2%|▏         | 126/5360 [00:12<08:42, 10.01it/s]  2%|▏         | 128/5360 [00:12<08:43,  9.99it/s]  2%|▏         | 130/5360 [00:12<07:43, 11.29it/s]  2%|▏         | 132/5360 [00:12<07:36, 11.45it/s]  2%|▎         | 134/5360 [00:13<07:52, 11.05it/s]  3%|▎         | 136/5360 [00:13<07:26, 11.69it/s]  3%|▎         | 138/5360 [00:13<07:14, 12.01it/s]  3%|▎         | 140/5360 [00:13<07:26, 11.69it/s]  3%|▎         | 142/5360 [00:13<07:01, 12.38it/s]  3%|▎         | 145/5360 [00:13<06:03, 14.36it/s]  3%|▎         | 147/5360 [00:13<06:01, 14.42it/s]  3%|▎         | 149/5360 [00:14<06:42, 12.96it/s]  3%|▎         | 151/5360 [00:14<06:45, 12.83it/s]  3%|▎         | 153/5360 [00:14<06:52, 12.61it/s]  3%|▎         | 155/5360 [00:14<06:26, 13.46it/s]  3%|▎         | 157/5360 [00:14<06:05, 14.25it/s]  3%|▎         | 159/5360 [00:14<06:10, 14.06it/s]  3%|▎         | 161/5360 [00:15<06:26, 13.46it/s]  3%|▎         | 163/5360 [00:15<06:31, 13.26it/s]  3%|▎         | 165/5360 [00:15<06:16, 13.78it/s]  3%|▎         | 167/5360 [00:15<07:03, 12.27it/s]  3%|▎         | 169/5360 [00:15<07:24, 11.69it/s]  3%|▎         | 171/5360 [00:15<07:37, 11.35it/s]  3%|▎         | 173/5360 [00:16<07:06, 12.17it/s]  3%|▎         | 175/5360 [00:16<06:52, 12.56it/s]  3%|▎         | 177/5360 [00:16<06:38, 13.00it/s]  3%|▎         | 179/5360 [00:16<06:25, 13.45it/s]  3%|▎         | 181/5360 [00:16<06:32, 13.20it/s]  3%|▎         | 183/5360 [00:16<06:28, 13.31it/s]  3%|▎         | 185/5360 [00:16<06:13, 13.85it/s]  3%|▎         | 187/5360 [00:17<06:15, 13.77it/s]  4%|▎         | 189/5360 [00:17<06:04, 14.20it/s]  4%|▎         | 191/5360 [00:17<06:09, 14.00it/s]  4%|▎         | 193/5360 [00:17<06:11, 13.92it/s]  4%|▎         | 195/5360 [00:17<06:22, 13.52it/s]  4%|▎         | 197/5360 [00:17<06:23, 13.48it/s]  4%|▎         | 199/5360 [00:17<06:40, 12.90it/s]  4%|▍         | 201/5360 [00:18<06:33, 13.12it/s]  4%|▍         | 203/5360 [00:18<06:56, 12.38it/s]  4%|▍         | 205/5360 [00:18<06:55, 12.41it/s]  4%|▍         | 207/5360 [00:18<07:13, 11.87it/s]  4%|▍         | 209/5360 [00:18<07:33, 11.37it/s]  4%|▍         | 211/5360 [00:18<07:07, 12.04it/s]  4%|▍         | 213/5360 [00:19<07:14, 11.86it/s]  4%|▍         | 215/5360 [00:19<06:54, 12.42it/s]  4%|▍         | 217/5360 [00:19<06:50, 12.54it/s]  4%|▍         | 219/5360 [00:19<06:58, 12.29it/s]  4%|▍         | 221/5360 [00:19<06:30, 13.17it/s]  4%|▍         | 223/5360 [00:19<06:47, 12.60it/s]  4%|▍         | 225/5360 [00:20<07:09, 11.96it/s]  4%|▍         | 227/5360 [00:20<07:05, 12.07it/s]  4%|▍         | 229/5360 [00:20<06:51, 12.48it/s]  4%|▍         | 231/5360 [00:20<07:26, 11.49it/s]  4%|▍         | 233/5360 [00:20<06:38, 12.87it/s]  4%|▍         | 235/5360 [00:20<07:26, 11.47it/s]  4%|▍         | 237/5360 [00:21<07:12, 11.85it/s]  4%|▍         | 239/5360 [00:21<07:28, 11.43it/s]  4%|▍         | 241/5360 [00:21<07:01, 12.14it/s]  5%|▍         | 243/5360 [00:21<07:22, 11.57it/s]  5%|▍         | 245/5360 [00:21<07:15, 11.75it/s]  5%|▍         | 247/5360 [00:21<07:39, 11.12it/s]  5%|▍         | 249/5360 [00:22<08:03, 10.57it/s]  5%|▍         | 251/5360 [00:22<07:51, 10.84it/s]  5%|▍         | 253/5360 [00:22<07:36, 11.19it/s]  5%|▍         | 255/5360 [00:22<07:56, 10.70it/s]  5%|▍         | 257/5360 [00:22<07:38, 11.13it/s]  5%|▍         | 259/5360 [00:23<07:58, 10.66it/s]  5%|▍         | 261/5360 [00:23<08:03, 10.55it/s]  5%|▍         | 263/5360 [00:23<08:12, 10.36it/s]  5%|▍         | 265/5360 [00:23<08:06, 10.47it/s]  5%|▍         | 267/5360 [00:23<08:02, 10.56it/s]  5%|▌         | 269/5360 [00:24<08:06, 10.47it/s]  5%|▌         | 271/5360 [00:24<08:19, 10.19it/s]  5%|▌         | 273/5360 [00:24<08:19, 10.19it/s]  5%|▌         | 275/5360 [00:24<07:44, 10.96it/s]  5%|▌         | 277/5360 [00:24<08:00, 10.58it/s]  5%|▌         | 279/5360 [00:24<07:54, 10.72it/s]  5%|▌         | 281/5360 [00:25<07:13, 11.72it/s]  5%|▌         | 283/5360 [00:25<07:49, 10.81it/s]  5%|▌         | 285/5360 [00:25<07:12, 11.73it/s]  5%|▌         | 287/5360 [00:25<07:12, 11.73it/s]  5%|▌         | 289/5360 [00:25<07:43, 10.95it/s]  5%|▌         | 291/5360 [00:25<07:08, 11.84it/s]  5%|▌         | 293/5360 [00:26<07:31, 11.21it/s]  6%|▌         | 295/5360 [00:26<07:06, 11.86it/s]  6%|▌         | 297/5360 [00:26<07:03, 11.95it/s]  6%|▌         | 299/5360 [00:26<07:35, 11.12it/s]  6%|▌         | 301/5360 [00:26<08:21, 10.09it/s]  6%|▌         | 303/5360 [00:27<08:31,  9.88it/s]  6%|▌         | 305/5360 [00:27<08:42,  9.68it/s]  6%|▌         | 307/5360 [00:27<08:14, 10.22it/s]  6%|▌         | 309/5360 [00:27<08:19, 10.11it/s]  6%|▌         | 311/5360 [00:27<07:43, 10.89it/s]  6%|▌         | 313/5360 [00:28<07:53, 10.66it/s]  6%|▌         | 315/5360 [00:28<07:52, 10.67it/s]  6%|▌         | 317/5360 [00:28<07:17, 11.53it/s]  6%|▌         | 319/5360 [00:28<06:54, 12.17it/s]  6%|▌         | 321/5360 [00:28<07:18, 11.50it/s]  6%|▌         | 323/5360 [00:28<07:26, 11.29it/s]  6%|▌         | 325/5360 [00:29<07:17, 11.52it/s]  6%|▌         | 327/5360 [00:29<07:24, 11.33it/s]  6%|▌         | 329/5360 [00:29<07:08, 11.74it/s]  6%|▌         | 331/5360 [00:29<07:33, 11.10it/s]  6%|▌         | 333/5360 [00:29<07:19, 11.43it/s]  6%|▋         | 335/5360 [00:30<07:39, 10.94it/s]  6%|▋         | 337/5360 [00:30<07:22, 11.35it/s]  6%|▋         | 339/5360 [00:30<07:10, 11.67it/s]  6%|▋         | 341/5360 [00:30<07:40, 10.89it/s]  6%|▋         | 343/5360 [00:30<07:18, 11.44it/s]  6%|▋         | 345/5360 [00:30<07:21, 11.35it/s]  6%|▋         | 347/5360 [00:31<07:04, 11.82it/s]  7%|▋         | 349/5360 [00:31<07:23, 11.31it/s]  7%|▋         | 351/5360 [00:31<07:09, 11.66it/s]  7%|▋         | 353/5360 [00:31<07:01, 11.88it/s]  7%|▋         | 355/5360 [00:31<07:06, 11.72it/s]  7%|▋         | 357/5360 [00:31<07:19, 11.38it/s]  7%|▋         | 359/5360 [00:32<07:25, 11.23it/s]  7%|▋         | 361/5360 [00:32<07:07, 11.70it/s]  7%|▋         | 363/5360 [00:32<07:13, 11.52it/s]  7%|▋         | 365/5360 [00:32<07:16, 11.44it/s]  7%|▋         | 367/5360 [00:32<06:47, 12.27it/s]  7%|▋         | 369/5360 [00:32<06:18, 13.19it/s]  7%|▋         | 371/5360 [00:33<06:20, 13.10it/s]  7%|▋         | 373/5360 [00:33<06:09, 13.51it/s]  7%|▋         | 375/5360 [00:33<06:23, 12.99it/s]  7%|▋         | 377/5360 [00:33<06:12, 13.39it/s]  7%|▋         | 379/5360 [00:33<06:38, 12.50it/s]  7%|▋         | 381/5360 [00:33<06:56, 11.94it/s]  7%|▋         | 383/5360 [00:33<06:34, 12.61it/s]  7%|▋         | 385/5360 [00:34<07:34, 10.95it/s]  7%|▋         | 387/5360 [00:34<07:59, 10.36it/s]  7%|▋         | 389/5360 [00:34<09:08,  9.06it/s]  7%|▋         | 391/5360 [00:34<09:07,  9.08it/s]  7%|▋         | 392/5360 [00:35<09:04,  9.13it/s]  7%|▋         | 394/5360 [00:35<07:48, 10.61it/s]  7%|▋         | 396/5360 [00:35<07:40, 10.77it/s]  7%|▋         | 398/5360 [00:35<07:31, 10.98it/s]  7%|▋         | 400/5360 [00:35<07:12, 11.46it/s]  8%|▊         | 402/5360 [00:35<06:52, 12.02it/s]  8%|▊         | 404/5360 [00:36<07:08, 11.56it/s]  8%|▊         | 406/5360 [00:36<06:41, 12.35it/s]  8%|▊         | 408/5360 [00:36<06:27, 12.79it/s]  8%|▊         | 410/5360 [00:36<06:01, 13.71it/s]  8%|▊         | 412/5360 [00:36<05:37, 14.64it/s]  8%|▊         | 414/5360 [00:36<05:24, 15.25it/s]  8%|▊         | 416/5360 [00:36<05:38, 14.61it/s]  8%|▊         | 418/5360 [00:36<05:51, 14.05it/s]  8%|▊         | 420/5360 [00:37<06:04, 13.55it/s]  8%|▊         | 422/5360 [00:37<06:01, 13.65it/s]  8%|▊         | 424/5360 [00:37<05:49, 14.11it/s]  8%|▊         | 426/5360 [00:37<06:39, 12.36it/s]  8%|▊         | 428/5360 [00:37<06:48, 12.07it/s]  8%|▊         | 430/5360 [00:37<07:10, 11.46it/s]  8%|▊         | 432/5360 [00:38<07:06, 11.55it/s]  8%|▊         | 434/5360 [00:38<06:33, 12.50it/s]  8%|▊         | 436/5360 [00:38<06:09, 13.33it/s]  8%|▊         | 438/5360 [00:38<05:56, 13.81it/s]  8%|▊         | 440/5360 [00:38<05:44, 14.29it/s]  8%|▊         | 442/5360 [00:38<05:43, 14.31it/s]  8%|▊         | 444/5360 [00:38<05:36, 14.61it/s]  8%|▊         | 446/5360 [00:39<05:56, 13.78it/s]  8%|▊         | 448/5360 [00:39<05:54, 13.84it/s]  8%|▊         | 450/5360 [00:39<05:52, 13.94it/s]  8%|▊         | 452/5360 [00:39<05:51, 13.94it/s]  8%|▊         | 454/5360 [00:39<05:39, 14.46it/s]  9%|▊         | 456/5360 [00:39<05:36, 14.56it/s]  9%|▊         | 458/5360 [00:39<05:47, 14.12it/s]  9%|▊         | 460/5360 [00:40<06:20, 12.88it/s]  9%|▊         | 462/5360 [00:40<06:33, 12.46it/s]  9%|▊         | 464/5360 [00:40<06:44, 12.09it/s]  9%|▊         | 466/5360 [00:40<06:17, 12.96it/s]  9%|▊         | 468/5360 [00:40<06:23, 12.76it/s]  9%|▉         | 470/5360 [00:40<06:30, 12.54it/s]  9%|▉         | 472/5360 [00:41<06:27, 12.63it/s]  9%|▉         | 474/5360 [00:41<06:41, 12.16it/s]  9%|▉         | 476/5360 [00:41<06:23, 12.75it/s]  9%|▉         | 478/5360 [00:41<06:59, 11.65it/s]  9%|▉         | 480/5360 [00:41<06:58, 11.67it/s]  9%|▉         | 482/5360 [00:41<06:45, 12.04it/s]  9%|▉         | 484/5360 [00:42<06:54, 11.76it/s]  9%|▉         | 486/5360 [00:42<07:08, 11.38it/s]  9%|▉         | 488/5360 [00:42<07:06, 11.43it/s]  9%|▉         | 490/5360 [00:42<06:58, 11.63it/s]  9%|▉         | 492/5360 [00:42<07:01, 11.55it/s]  9%|▉         | 494/5360 [00:43<07:19, 11.08it/s]  9%|▉         | 496/5360 [00:43<07:17, 11.11it/s]  9%|▉         | 498/5360 [00:43<07:30, 10.79it/s]  9%|▉         | 500/5360 [00:43<07:36, 10.64it/s]  9%|▉         | 502/5360 [00:43<07:08, 11.34it/s]  9%|▉         | 504/5360 [00:43<07:11, 11.25it/s]  9%|▉         | 506/5360 [00:44<06:48, 11.89it/s]  9%|▉         | 508/5360 [00:44<07:34, 10.67it/s] 10%|▉         | 510/5360 [00:44<07:46, 10.39it/s] 10%|▉         | 512/5360 [00:44<07:56, 10.18it/s] 10%|▉         | 514/5360 [00:44<07:26, 10.85it/s] 10%|▉         | 516/5360 [00:45<08:14,  9.79it/s] 10%|▉         | 518/5360 [00:45<08:09,  9.89it/s] 10%|▉         | 520/5360 [00:45<07:39, 10.52it/s] 10%|▉         | 522/5360 [00:45<07:28, 10.79it/s] 10%|▉         | 524/5360 [00:45<07:45, 10.38it/s] 10%|▉         | 526/5360 [00:46<07:42, 10.46it/s] 10%|▉         | 528/5360 [00:46<07:37, 10.57it/s] 10%|▉         | 530/5360 [00:46<07:25, 10.83it/s] 10%|▉         | 532/5360 [00:46<07:45, 10.37it/s] 10%|▉         | 534/5360 [00:46<07:14, 11.11it/s] 10%|█         | 536/5360 [00:46<07:28, 10.75it/s] 10%|█         | 538/5360 [00:47<07:17, 11.02it/s] 10%|█         | 540/5360 [00:47<07:19, 10.96it/s] 10%|█         | 542/5360 [00:47<07:16, 11.05it/s] 10%|█         | 544/5360 [00:47<07:32, 10.63it/s] 10%|█         | 546/5360 [00:47<07:06, 11.29it/s] 10%|█         | 548/5360 [00:48<07:04, 11.35it/s] 10%|█         | 550/5360 [00:48<06:49, 11.75it/s] 10%|█         | 552/5360 [00:48<06:54, 11.60it/s] 10%|█         | 554/5360 [00:48<07:01, 11.41it/s] 10%|█         | 556/5360 [00:48<07:04, 11.32it/s] 10%|█         | 558/5360 [00:48<07:10, 11.16it/s] 10%|█         | 560/5360 [00:49<07:00, 11.42it/s] 10%|█         | 562/5360 [00:49<07:13, 11.07it/s] 11%|█         | 564/5360 [00:49<07:46, 10.27it/s] 11%|█         | 566/5360 [00:49<08:17,  9.63it/s] 11%|█         | 568/5360 [00:49<08:03,  9.90it/s] 11%|█         | 570/5360 [00:50<07:37, 10.47it/s] 11%|█         | 572/5360 [00:50<07:12, 11.06it/s] 11%|█         | 574/5360 [00:50<06:56, 11.49it/s] 11%|█         | 576/5360 [00:50<07:07, 11.18it/s] 11%|█         | 578/5360 [00:50<06:54, 11.53it/s] 11%|█         | 580/5360 [00:50<06:39, 11.97it/s] 11%|█         | 582/5360 [00:51<06:39, 11.95it/s] 11%|█         | 584/5360 [00:51<06:58, 11.42it/s] 11%|█         | 586/5360 [00:51<07:11, 11.06it/s] 11%|█         | 588/5360 [00:51<06:34, 12.10it/s] 11%|█         | 590/5360 [00:51<06:14, 12.73it/s] 11%|█         | 592/5360 [00:51<06:35, 12.06it/s] 11%|█         | 594/5360 [00:52<06:17, 12.61it/s] 11%|█         | 596/5360 [00:52<06:43, 11.81it/s] 11%|█         | 598/5360 [00:52<06:53, 11.51it/s] 11%|█         | 600/5360 [00:52<06:37, 11.98it/s] 11%|█         | 602/5360 [00:52<06:44, 11.77it/s] 11%|█▏        | 604/5360 [00:52<06:36, 12.00it/s] 11%|█▏        | 606/5360 [00:53<06:24, 12.38it/s] 11%|█▏        | 608/5360 [00:53<06:28, 12.23it/s] 11%|█▏        | 610/5360 [00:53<06:23, 12.40it/s] 11%|█▏        | 612/5360 [00:53<06:23, 12.38it/s] 11%|█▏        | 614/5360 [00:53<06:05, 12.98it/s] 11%|█▏        | 616/5360 [00:53<06:24, 12.35it/s] 12%|█▏        | 618/5360 [00:54<06:02, 13.10it/s] 12%|█▏        | 620/5360 [00:54<06:08, 12.87it/s] 12%|█▏        | 622/5360 [00:54<06:16, 12.59it/s] 12%|█▏        | 624/5360 [00:54<06:29, 12.16it/s] 12%|█▏        | 626/5360 [00:54<06:51, 11.50it/s] 12%|█▏        | 628/5360 [00:54<06:41, 11.78it/s] 12%|█▏        | 630/5360 [00:55<06:59, 11.28it/s] 12%|█▏        | 632/5360 [00:55<06:42, 11.74it/s] 12%|█▏        | 635/5360 [00:55<05:52, 13.40it/s] 12%|█▏        | 637/5360 [00:55<05:38, 13.94it/s] 12%|█▏        | 639/5360 [00:55<05:32, 14.21it/s] 12%|█▏        | 641/5360 [00:55<05:40, 13.86it/s] 12%|█▏        | 643/5360 [00:55<05:55, 13.26it/s] 12%|█▏        | 645/5360 [00:56<06:45, 11.64it/s] 12%|█▏        | 647/5360 [00:56<07:08, 10.99it/s] 12%|█▏        | 649/5360 [00:56<07:02, 11.16it/s] 12%|█▏        | 651/5360 [00:56<06:57, 11.28it/s] 12%|█▏        | 653/5360 [00:56<06:27, 12.15it/s] 12%|█▏        | 655/5360 [00:57<06:04, 12.90it/s] 12%|█▏        | 657/5360 [00:57<05:56, 13.20it/s] 12%|█▏        | 659/5360 [00:57<06:13, 12.60it/s] 12%|█▏        | 661/5360 [00:57<06:08, 12.73it/s] 12%|█▏        | 663/5360 [00:57<06:28, 12.09it/s] 12%|█▏        | 665/5360 [00:57<06:05, 12.85it/s] 12%|█▏        | 667/5360 [00:57<06:19, 12.35it/s] 12%|█▏        | 669/5360 [00:58<06:43, 11.62it/s] 13%|█▎        | 671/5360 [00:58<06:18, 12.40it/s] 13%|█▎        | 673/5360 [00:58<06:31, 11.98it/s] 13%|█▎        | 675/5360 [00:58<06:25, 12.15it/s] 13%|█▎        | 677/5360 [00:58<06:36, 11.82it/s] 13%|█▎        | 679/5360 [00:58<06:28, 12.05it/s] 13%|█▎        | 681/5360 [00:59<06:23, 12.19it/s] 13%|█▎        | 683/5360 [00:59<06:08, 12.69it/s] 13%|█▎        | 685/5360 [00:59<06:14, 12.49it/s] 13%|█▎        | 687/5360 [00:59<06:32, 11.90it/s] 13%|█▎        | 689/5360 [00:59<05:54, 13.18it/s] 13%|█▎        | 691/5360 [00:59<05:28, 14.23it/s] 13%|█▎        | 693/5360 [00:59<05:12, 14.94it/s] 13%|█▎        | 695/5360 [01:00<05:23, 14.42it/s] 13%|█▎        | 697/5360 [01:00<05:17, 14.70it/s] 13%|█▎        | 699/5360 [01:00<05:10, 14.99it/s] 13%|█▎        | 701/5360 [01:00<05:12, 14.91it/s] 13%|█▎        | 703/5360 [01:00<05:07, 15.16it/s] 13%|█▎        | 705/5360 [01:00<05:34, 13.92it/s] 13%|█▎        | 707/5360 [01:01<06:02, 12.83it/s] 13%|█▎        | 709/5360 [01:01<05:47, 13.39it/s] 13%|█▎        | 711/5360 [01:01<06:31, 11.86it/s] 13%|█▎        | 713/5360 [01:01<06:44, 11.49it/s] 13%|█▎        | 715/5360 [01:01<07:02, 11.00it/s] 13%|█▎        | 717/5360 [01:01<07:06, 10.90it/s] 13%|█▎        | 719/5360 [01:02<06:41, 11.57it/s] 13%|█▎        | 721/5360 [01:02<06:17, 12.28it/s] 13%|█▎        | 723/5360 [01:02<06:43, 11.50it/s] 14%|█▎        | 725/5360 [01:02<06:26, 12.00it/s] 14%|█▎        | 727/5360 [01:02<06:41, 11.53it/s] 14%|█▎        | 729/5360 [01:02<06:38, 11.62it/s] 14%|█▎        | 731/5360 [01:03<06:27, 11.95it/s] 14%|█▎        | 733/5360 [01:03<06:49, 11.29it/s] 14%|█▎        | 735/5360 [01:03<06:45, 11.42it/s] 14%|█▍        | 737/5360 [01:03<06:46, 11.39it/s] 14%|█▍        | 739/5360 [01:03<06:51, 11.24it/s] 14%|█▍        | 741/5360 [01:03<06:31, 11.81it/s] 14%|█▍        | 743/5360 [01:04<06:11, 12.42it/s] 14%|█▍        | 745/5360 [01:04<06:31, 11.79it/s] 14%|█▍        | 747/5360 [01:04<06:08, 12.51it/s] 14%|█▍        | 749/5360 [01:04<06:25, 11.95it/s] 14%|█▍        | 751/5360 [01:04<06:34, 11.69it/s] 14%|█▍        | 753/5360 [01:04<06:27, 11.88it/s] 14%|█▍        | 755/5360 [01:05<06:23, 12.00it/s] 14%|█▍        | 757/5360 [01:05<06:33, 11.70it/s] 14%|█▍        | 759/5360 [01:05<06:12, 12.34it/s] 14%|█▍        | 761/5360 [01:05<06:21, 12.06it/s] 14%|█▍        | 763/5360 [01:05<06:25, 11.91it/s] 14%|█▍        | 765/5360 [01:06<06:46, 11.31it/s] 14%|█▍        | 767/5360 [01:06<07:01, 10.88it/s] 14%|█▍        | 769/5360 [01:06<06:39, 11.50it/s] 14%|█▍        | 771/5360 [01:06<06:12, 12.32it/s] 14%|█▍        | 773/5360 [01:06<06:22, 11.99it/s] 14%|█▍        | 775/5360 [01:06<06:30, 11.74it/s] 14%|█▍        | 777/5360 [01:07<06:40, 11.44it/s] 15%|█▍        | 779/5360 [01:07<06:17, 12.14it/s] 15%|█▍        | 781/5360 [01:07<06:42, 11.37it/s] 15%|█▍        | 783/5360 [01:07<06:45, 11.30it/s] 15%|█▍        | 785/5360 [01:07<06:41, 11.39it/s] 15%|█▍        | 787/5360 [01:07<06:35, 11.56it/s] 15%|█▍        | 789/5360 [01:08<07:19, 10.40it/s] 15%|█▍        | 791/5360 [01:08<07:09, 10.65it/s] 15%|█▍        | 793/5360 [01:08<07:22, 10.33it/s] 15%|█▍        | 795/5360 [01:08<07:16, 10.47it/s] 15%|█▍        | 797/5360 [01:08<07:05, 10.71it/s] 15%|█▍        | 799/5360 [01:09<07:19, 10.38it/s] 15%|█▍        | 801/5360 [01:09<06:48, 11.17it/s] 15%|█▍        | 803/5360 [01:09<06:49, 11.12it/s] 15%|█▌        | 805/5360 [01:09<06:22, 11.92it/s] 15%|█▌        | 807/5360 [01:09<06:20, 11.96it/s] 15%|█▌        | 809/5360 [01:09<06:09, 12.33it/s] 15%|█▌        | 811/5360 [01:10<06:12, 12.22it/s] 15%|█▌        | 813/5360 [01:10<06:10, 12.28it/s] 15%|█▌        | 815/5360 [01:10<06:48, 11.12it/s] 15%|█▌        | 817/5360 [01:10<07:25, 10.19it/s] 15%|█▌        | 819/5360 [01:10<07:59,  9.48it/s] 15%|█▌        | 821/5360 [01:11<07:36,  9.95it/s] 15%|█▌        | 823/5360 [01:11<06:55, 10.91it/s] 15%|█▌        | 825/5360 [01:11<06:51, 11.02it/s] 15%|█▌        | 827/5360 [01:11<06:33, 11.52it/s] 15%|█▌        | 829/5360 [01:11<06:41, 11.29it/s] 16%|█▌        | 831/5360 [01:11<06:27, 11.68it/s] 16%|█▌        | 833/5360 [01:12<06:46, 11.13it/s] 16%|█▌        | 835/5360 [01:12<06:38, 11.35it/s] 16%|█▌        | 837/5360 [01:12<06:54, 10.90it/s] 16%|█▌        | 839/5360 [01:12<06:52, 10.95it/s] 16%|█▌        | 841/5360 [01:12<06:45, 11.13it/s] 16%|█▌        | 843/5360 [01:12<06:19, 11.89it/s] 16%|█▌        | 845/5360 [01:13<06:33, 11.46it/s] 16%|█▌        | 847/5360 [01:13<06:34, 11.44it/s] 16%|█▌        | 849/5360 [01:13<06:47, 11.06it/s] 16%|█▌        | 851/5360 [01:13<06:42, 11.20it/s] 16%|█▌        | 853/5360 [01:13<06:15, 12.01it/s] 16%|█▌        | 855/5360 [01:14<06:27, 11.62it/s] 16%|█▌        | 857/5360 [01:14<06:01, 12.44it/s] 16%|█▌        | 859/5360 [01:14<06:13, 12.06it/s] 16%|█▌        | 861/5360 [01:14<06:08, 12.22it/s] 16%|█▌        | 863/5360 [01:14<05:54, 12.67it/s] 16%|█▌        | 865/5360 [01:14<06:06, 12.25it/s] 16%|█▌        | 867/5360 [01:14<05:46, 12.97it/s] 16%|█▌        | 869/5360 [01:15<05:46, 12.95it/s] 16%|█▋        | 871/5360 [01:15<06:23, 11.70it/s] 16%|█▋        | 873/5360 [01:15<06:21, 11.76it/s] 16%|█▋        | 875/5360 [01:15<06:24, 11.66it/s] 16%|█▋        | 877/5360 [01:15<06:12, 12.03it/s] 16%|█▋        | 879/5360 [01:15<05:44, 13.02it/s] 16%|█▋        | 881/5360 [01:16<05:22, 13.88it/s] 16%|█▋        | 883/5360 [01:16<05:03, 14.75it/s] 17%|█▋        | 885/5360 [01:16<04:51, 15.37it/s] 17%|█▋        | 887/5360 [01:16<04:55, 15.15it/s] 17%|█▋        | 890/5360 [01:16<04:40, 15.92it/s] 17%|█▋        | 892/5360 [01:16<05:20, 13.96it/s] 17%|█▋        | 894/5360 [01:16<05:57, 12.48it/s] 17%|█▋        | 896/5360 [01:17<06:24, 11.60it/s] 17%|█▋        | 898/5360 [01:17<07:03, 10.54it/s] 17%|█▋        | 900/5360 [01:17<06:22, 11.66it/s] 17%|█▋        | 902/5360 [01:17<06:15, 11.87it/s] 17%|█▋        | 904/5360 [01:17<05:51, 12.67it/s] 17%|█▋        | 906/5360 [01:17<05:43, 12.96it/s] 17%|█▋        | 908/5360 [01:18<05:58, 12.42it/s] 17%|█▋        | 910/5360 [01:18<06:05, 12.16it/s] 17%|█▋        | 912/5360 [01:18<06:09, 12.04it/s] 17%|█▋        | 914/5360 [01:18<05:56, 12.47it/s] 17%|█▋        | 916/5360 [01:18<06:18, 11.75it/s] 17%|█▋        | 918/5360 [01:18<05:56, 12.46it/s] 17%|█▋        | 920/5360 [01:19<05:33, 13.31it/s] 17%|█▋        | 922/5360 [01:19<05:45, 12.84it/s] 17%|█▋        | 924/5360 [01:19<06:09, 12.01it/s] 17%|█▋        | 926/5360 [01:19<05:45, 12.85it/s] 17%|█▋        | 928/5360 [01:19<06:01, 12.27it/s] 17%|█▋        | 930/5360 [01:19<05:51, 12.59it/s] 17%|█▋        | 932/5360 [01:20<06:07, 12.04it/s] 17%|█▋        | 934/5360 [01:20<06:07, 12.03it/s] 17%|█▋        | 936/5360 [01:20<06:14, 11.81it/s] 18%|█▊        | 938/5360 [01:20<06:24, 11.51it/s] 18%|█▊        | 940/5360 [01:20<06:04, 12.13it/s] 18%|█▊        | 942/5360 [01:20<06:00, 12.26it/s] 18%|█▊        | 944/5360 [01:21<05:56, 12.39it/s] 18%|█▊        | 946/5360 [01:21<06:00, 12.24it/s] 18%|█▊        | 948/5360 [01:21<06:00, 12.24it/s] 18%|█▊        | 950/5360 [01:21<06:16, 11.72it/s] 18%|█▊        | 952/5360 [01:21<06:24, 11.48it/s] 18%|█▊        | 954/5360 [01:21<06:20, 11.57it/s] 18%|█▊        | 956/5360 [01:22<06:21, 11.54it/s] 18%|█▊        | 958/5360 [01:22<06:00, 12.23it/s] 18%|█▊        | 960/5360 [01:22<05:51, 12.52it/s] 18%|█▊        | 962/5360 [01:22<05:50, 12.54it/s] 18%|█▊        | 964/5360 [01:22<05:30, 13.29it/s] 18%|█▊        | 966/5360 [01:22<05:18, 13.80it/s] 18%|█▊        | 968/5360 [01:22<05:06, 14.35it/s] 18%|█▊        | 970/5360 [01:23<05:29, 13.32it/s] 18%|█▊        | 972/5360 [01:23<05:48, 12.60it/s] 18%|█▊        | 974/5360 [01:23<05:56, 12.30it/s] 18%|█▊        | 976/5360 [01:23<06:10, 11.84it/s] 18%|█▊        | 978/5360 [01:23<06:38, 10.99it/s] 18%|█▊        | 980/5360 [01:24<07:05, 10.31it/s] 18%|█▊        | 982/5360 [01:24<07:22,  9.90it/s] 18%|█▊        | 984/5360 [01:24<07:23,  9.87it/s] 18%|█▊        | 986/5360 [01:24<07:04, 10.30it/s] 18%|█▊        | 988/5360 [01:24<06:36, 11.01it/s] 18%|█▊        | 990/5360 [01:25<06:52, 10.58it/s] 19%|█▊        | 992/5360 [01:25<07:03, 10.30it/s] 19%|█▊        | 994/5360 [01:25<07:06, 10.24it/s] 19%|█▊        | 996/5360 [01:25<07:06, 10.23it/s] 19%|█▊        | 998/5360 [01:25<06:46, 10.74it/s] 19%|█▊        | 1000/5360 [01:26<07:14, 10.05it/s] 19%|█▊        | 1002/5360 [01:26<07:20,  9.90it/s] 19%|█▊        | 1004/5360 [01:26<07:29,  9.69it/s] 19%|█▉        | 1006/5360 [01:26<07:11, 10.10it/s] 19%|█▉        | 1008/5360 [01:26<07:40,  9.44it/s] 19%|█▉        | 1009/5360 [01:27<07:41,  9.42it/s] 19%|█▉        | 1010/5360 [01:27<07:49,  9.27it/s] 19%|█▉        | 1012/5360 [01:27<07:29,  9.67it/s] 19%|█▉        | 1013/5360 [01:27<07:37,  9.50it/s] 19%|█▉        | 1015/5360 [01:27<07:33,  9.57it/s] 19%|█▉        | 1016/5360 [01:27<07:31,  9.62it/s] 19%|█▉        | 1018/5360 [01:27<07:30,  9.64it/s] 19%|█▉        | 1019/5360 [01:28<07:30,  9.63it/s] 19%|█▉        | 1020/5360 [01:28<07:27,  9.70it/s] 19%|█▉        | 1021/5360 [01:28<07:27,  9.69it/s] 19%|█▉        | 1022/5360 [01:28<07:38,  9.46it/s] 19%|█▉        | 1024/5360 [01:28<07:31,  9.60it/s] 19%|█▉        | 1025/5360 [01:28<07:29,  9.65it/s] 19%|█▉        | 1027/5360 [01:28<07:28,  9.66it/s] 19%|█▉        | 1029/5360 [01:29<07:04, 10.21it/s] 19%|█▉        | 1031/5360 [01:29<07:13,  9.99it/s] 19%|█▉        | 1032/5360 [01:29<07:18,  9.87it/s] 19%|█▉        | 1033/5360 [01:29<07:31,  9.59it/s] 19%|█▉        | 1035/5360 [01:29<07:22,  9.78it/s] 19%|█▉        | 1037/5360 [01:29<07:21,  9.78it/s] 19%|█▉        | 1038/5360 [01:30<07:41,  9.36it/s] 19%|█▉        | 1039/5360 [01:30<07:47,  9.25it/s] 19%|█▉        | 1040/5360 [01:30<07:42,  9.33it/s] 19%|█▉        | 1041/5360 [01:30<07:44,  9.31it/s] 19%|█▉        | 1043/5360 [01:30<07:18,  9.84it/s] 19%|█▉        | 1044/5360 [01:30<08:18,  8.66it/s] 19%|█▉        | 1045/5360 [01:30<08:25,  8.54it/s] 20%|█▉        | 1046/5360 [01:30<08:23,  8.57it/s] 20%|█▉        | 1047/5360 [01:31<08:16,  8.68it/s] 20%|█▉        | 1048/5360 [01:31<08:08,  8.82it/s] 20%|█▉        | 1049/5360 [01:31<08:11,  8.76it/s] 20%|█▉        | 1050/5360 [01:31<08:02,  8.93it/s] 20%|█▉        | 1051/5360 [01:31<08:10,  8.79it/s] 20%|█▉        | 1052/5360 [01:31<08:47,  8.17it/s] 20%|█▉        | 1053/5360 [01:31<08:52,  8.08it/s] 20%|█▉        | 1054/5360 [01:31<08:32,  8.40it/s] 20%|█▉        | 1055/5360 [01:31<08:21,  8.58it/s] 20%|█▉        | 1056/5360 [01:32<08:16,  8.67it/s] 20%|█▉        | 1057/5360 [01:32<08:02,  8.92it/s] 20%|█▉        | 1059/5360 [01:32<07:49,  9.17it/s] 20%|█▉        | 1060/5360 [01:32<07:56,  9.03it/s] 20%|█▉        | 1061/5360 [01:32<07:55,  9.04it/s] 20%|█▉        | 1062/5360 [01:32<08:00,  8.94it/s] 20%|█▉        | 1063/5360 [01:32<08:28,  8.44it/s] 20%|█▉        | 1064/5360 [01:33<08:17,  8.63it/s] 20%|█▉        | 1065/5360 [01:33<07:59,  8.95it/s] 20%|█▉        | 1066/5360 [01:33<07:53,  9.06it/s] 20%|█▉        | 1067/5360 [01:33<07:53,  9.06it/s] 20%|█▉        | 1068/5360 [01:33<07:48,  9.17it/s] 20%|█▉        | 1069/5360 [01:33<07:45,  9.21it/s] 20%|█▉        | 1070/5360 [01:33<07:43,  9.26it/s] 20%|██        | 1072/5360 [01:33<07:23,  9.67it/s] 20%|██        | 1073/5360 [01:33<07:56,  9.01it/s] 20%|██        | 1074/5360 [01:34<07:57,  8.97it/s] 20%|██        | 1075/5360 [01:34<07:48,  9.15it/s] 20%|██        | 1076/5360 [01:34<07:45,  9.21it/s] 20%|██        | 1077/5360 [01:34<07:36,  9.38it/s] 20%|██        | 1078/5360 [01:34<07:36,  9.38it/s] 20%|██        | 1079/5360 [01:34<07:37,  9.35it/s] 20%|██        | 1080/5360 [01:34<07:43,  9.23it/s] 20%|██        | 1081/5360 [01:34<07:59,  8.93it/s] 20%|██        | 1082/5360 [01:34<08:13,  8.66it/s] 20%|██        | 1083/5360 [01:35<08:24,  8.47it/s] 20%|██        | 1084/5360 [01:35<09:15,  7.70it/s] 20%|██        | 1085/5360 [01:35<09:11,  7.76it/s] 20%|██        | 1086/5360 [01:35<08:52,  8.03it/s] 20%|██        | 1087/5360 [01:35<08:37,  8.26it/s] 20%|██        | 1088/5360 [01:35<08:35,  8.29it/s] 20%|██        | 1089/5360 [01:35<08:14,  8.63it/s] 20%|██        | 1091/5360 [01:36<07:42,  9.24it/s] 20%|██        | 1093/5360 [01:36<06:53, 10.31it/s] 20%|██        | 1095/5360 [01:36<07:05, 10.03it/s] 20%|██        | 1097/5360 [01:36<06:34, 10.81it/s] 21%|██        | 1099/5360 [01:36<06:34, 10.81it/s] 21%|██        | 1101/5360 [01:36<06:31, 10.88it/s] 21%|██        | 1103/5360 [01:37<06:40, 10.62it/s] 21%|██        | 1105/5360 [01:37<06:49, 10.40it/s] 21%|██        | 1107/5360 [01:37<06:34, 10.77it/s] 21%|██        | 1109/5360 [01:37<06:35, 10.76it/s] 21%|██        | 1111/5360 [01:37<06:55, 10.23it/s] 21%|██        | 1113/5360 [01:38<08:44,  8.10it/s] 21%|██        | 1114/5360 [01:38<10:23,  6.81it/s] 21%|██        | 1115/5360 [01:38<09:54,  7.14it/s] 21%|██        | 1117/5360 [01:38<08:27,  8.36it/s] 21%|██        | 1118/5360 [01:38<08:19,  8.49it/s] 21%|██        | 1120/5360 [01:39<07:44,  9.13it/s] 21%|██        | 1122/5360 [01:39<07:02, 10.03it/s] 21%|██        | 1124/5360 [01:39<06:55, 10.18it/s] 21%|██        | 1126/5360 [01:39<07:01, 10.06it/s] 21%|██        | 1128/5360 [01:39<06:51, 10.28it/s] 21%|██        | 1130/5360 [01:40<06:59, 10.08it/s] 21%|██        | 1132/5360 [01:40<06:39, 10.58it/s] 21%|██        | 1134/5360 [01:40<06:58, 10.10it/s] 21%|██        | 1136/5360 [01:40<06:58, 10.09it/s] 21%|██        | 1138/5360 [01:40<06:48, 10.34it/s] 21%|██▏       | 1140/5360 [01:40<06:34, 10.69it/s] 21%|██▏       | 1142/5360 [01:41<06:42, 10.48it/s] 21%|██▏       | 1144/5360 [01:41<06:50, 10.28it/s] 21%|██▏       | 1146/5360 [01:41<06:52, 10.23it/s] 21%|██▏       | 1148/5360 [01:41<06:56, 10.12it/s] 21%|██▏       | 1150/5360 [01:42<07:05,  9.90it/s] 21%|██▏       | 1151/5360 [01:42<07:14,  9.69it/s] 21%|██▏       | 1152/5360 [01:42<07:14,  9.69it/s] 22%|██▏       | 1153/5360 [01:42<07:15,  9.65it/s] 22%|██▏       | 1155/5360 [01:42<07:01,  9.98it/s] 22%|██▏       | 1157/5360 [01:42<07:02,  9.95it/s] 22%|██▏       | 1158/5360 [01:42<07:02,  9.95it/s] 22%|██▏       | 1159/5360 [01:42<07:20,  9.53it/s] 22%|██▏       | 1161/5360 [01:43<07:09,  9.78it/s] 22%|██▏       | 1162/5360 [01:43<07:22,  9.49it/s] 22%|██▏       | 1163/5360 [01:43<07:19,  9.54it/s] 22%|██▏       | 1164/5360 [01:43<07:15,  9.62it/s] 22%|██▏       | 1165/5360 [01:43<07:19,  9.54it/s] 22%|██▏       | 1167/5360 [01:43<06:50, 10.20it/s] 22%|██▏       | 1169/5360 [01:43<07:14,  9.64it/s] 22%|██▏       | 1171/5360 [01:44<06:50, 10.21it/s] 22%|██▏       | 1173/5360 [01:44<07:12,  9.69it/s] 22%|██▏       | 1174/5360 [01:44<07:20,  9.50it/s] 22%|██▏       | 1175/5360 [01:44<07:52,  8.85it/s] 22%|██▏       | 1176/5360 [01:44<08:31,  8.18it/s] 22%|██▏       | 1177/5360 [01:44<08:31,  8.18it/s] 22%|██▏       | 1178/5360 [01:45<08:27,  8.24it/s] 22%|██▏       | 1179/5360 [01:45<08:31,  8.17it/s] 22%|██▏       | 1180/5360 [01:45<08:16,  8.43it/s] 22%|██▏       | 1181/5360 [01:45<07:56,  8.77it/s] 22%|██▏       | 1182/5360 [01:45<07:52,  8.85it/s] 22%|██▏       | 1184/5360 [01:45<07:32,  9.22it/s] 22%|██▏       | 1185/5360 [01:45<07:27,  9.32it/s] 22%|██▏       | 1187/5360 [01:45<07:05,  9.80it/s] 22%|██▏       | 1188/5360 [01:46<07:18,  9.51it/s] 22%|██▏       | 1189/5360 [01:46<07:30,  9.27it/s] 22%|██▏       | 1190/5360 [01:46<07:23,  9.40it/s] 22%|██▏       | 1191/5360 [01:46<07:16,  9.54it/s] 22%|██▏       | 1192/5360 [01:46<07:34,  9.17it/s] 22%|██▏       | 1194/5360 [01:46<07:33,  9.19it/s] 22%|██▏       | 1195/5360 [01:46<07:32,  9.20it/s] 22%|██▏       | 1196/5360 [01:46<08:02,  8.62it/s] 22%|██▏       | 1197/5360 [01:47<08:31,  8.14it/s] 22%|██▏       | 1198/5360 [01:47<08:35,  8.08it/s] 22%|██▏       | 1199/5360 [01:47<09:13,  7.52it/s] 22%|██▏       | 1200/5360 [01:47<09:05,  7.63it/s] 22%|██▏       | 1201/5360 [01:47<09:49,  7.06it/s] 22%|██▏       | 1202/5360 [01:47<09:21,  7.40it/s] 22%|██▏       | 1203/5360 [01:47<08:43,  7.94it/s] 22%|██▏       | 1204/5360 [01:48<08:16,  8.36it/s] 22%|██▏       | 1205/5360 [01:48<08:08,  8.50it/s] 22%|██▎       | 1206/5360 [01:48<08:35,  8.05it/s] 23%|██▎       | 1207/5360 [01:48<08:42,  7.95it/s] 23%|██▎       | 1208/5360 [01:48<08:39,  8.00it/s] 23%|██▎       | 1210/5360 [01:48<08:14,  8.38it/s] 23%|██▎       | 1211/5360 [01:48<08:10,  8.47it/s] 23%|██▎       | 1213/5360 [01:49<07:35,  9.11it/s] 23%|██▎       | 1214/5360 [01:49<07:35,  9.10it/s] 23%|██▎       | 1216/5360 [01:49<07:20,  9.40it/s] 23%|██▎       | 1217/5360 [01:49<07:24,  9.32it/s] 23%|██▎       | 1218/5360 [01:49<07:37,  9.05it/s] 23%|██▎       | 1219/5360 [01:49<07:38,  9.03it/s] 23%|██▎       | 1220/5360 [01:49<07:36,  9.08it/s] 23%|██▎       | 1222/5360 [01:50<07:30,  9.18it/s] 23%|██▎       | 1223/5360 [01:50<07:44,  8.91it/s] 23%|██▎       | 1224/5360 [01:50<07:49,  8.81it/s] 23%|██▎       | 1225/5360 [01:50<07:55,  8.70it/s] 23%|██▎       | 1226/5360 [01:50<07:49,  8.80it/s] 23%|██▎       | 1227/5360 [01:50<07:39,  9.00it/s] 23%|██▎       | 1228/5360 [01:50<07:58,  8.64it/s] 23%|██▎       | 1229/5360 [01:50<07:57,  8.66it/s] 23%|██▎       | 1230/5360 [01:51<08:31,  8.08it/s] 23%|██▎       | 1231/5360 [01:51<08:04,  8.52it/s] 23%|██▎       | 1232/5360 [01:51<07:53,  8.72it/s] 23%|██▎       | 1233/5360 [01:51<07:48,  8.81it/s] 23%|██▎       | 1234/5360 [01:51<07:38,  8.99it/s] 23%|██▎       | 1235/5360 [01:51<07:38,  9.00it/s] 23%|██▎       | 1236/5360 [01:51<07:32,  9.11it/s] 23%|██▎       | 1237/5360 [01:51<07:46,  8.84it/s] 23%|██▎       | 1238/5360 [01:51<07:38,  9.00it/s] 23%|██▎       | 1240/5360 [01:52<07:34,  9.07it/s] 23%|██▎       | 1241/5360 [01:52<07:42,  8.90it/s] 23%|██▎       | 1242/5360 [01:52<07:36,  9.03it/s] 23%|██▎       | 1243/5360 [01:52<07:36,  9.03it/s] 23%|██▎       | 1244/5360 [01:52<08:02,  8.54it/s] 23%|██▎       | 1245/5360 [01:52<07:59,  8.59it/s] 23%|██▎       | 1246/5360 [01:52<07:46,  8.81it/s] 23%|██▎       | 1247/5360 [01:52<07:42,  8.88it/s] 23%|██▎       | 1248/5360 [01:53<07:40,  8.93it/s] 23%|██▎       | 1249/5360 [01:53<07:45,  8.82it/s] 23%|██▎       | 1250/5360 [01:53<07:44,  8.84it/s] 23%|██▎       | 1251/5360 [01:53<07:46,  8.80it/s] 23%|██▎       | 1252/5360 [01:53<08:01,  8.53it/s] 23%|██▎       | 1253/5360 [01:53<07:58,  8.58it/s] 23%|██▎       | 1254/5360 [01:53<08:06,  8.43it/s] 23%|██▎       | 1255/5360 [01:53<07:56,  8.61it/s] 23%|██▎       | 1256/5360 [01:53<07:48,  8.76it/s] 23%|██▎       | 1257/5360 [01:54<07:46,  8.79it/s] 23%|██▎       | 1258/5360 [01:54<07:50,  8.72it/s] 23%|██▎       | 1259/5360 [01:54<07:52,  8.68it/s] 24%|██▎       | 1260/5360 [01:54<08:10,  8.36it/s] 24%|██▎       | 1261/5360 [01:54<08:02,  8.50it/s] 24%|██▎       | 1262/5360 [01:54<08:00,  8.53it/s] 24%|██▎       | 1264/5360 [01:54<07:48,  8.75it/s] 24%|██▎       | 1265/5360 [01:54<07:48,  8.74it/s] 24%|██▎       | 1266/5360 [01:55<07:40,  8.89it/s] 24%|██▎       | 1267/5360 [01:55<08:21,  8.16it/s] 24%|██▎       | 1268/5360 [01:55<08:17,  8.22it/s] 24%|██▎       | 1269/5360 [01:55<08:16,  8.23it/s] 24%|██▎       | 1270/5360 [01:55<08:04,  8.45it/s] 24%|██▎       | 1271/5360 [01:55<08:26,  8.07it/s] 24%|██▎       | 1272/5360 [01:55<07:59,  8.53it/s] 24%|██▍       | 1273/5360 [01:55<08:12,  8.30it/s] 24%|██▍       | 1274/5360 [01:56<08:16,  8.23it/s] 24%|██▍       | 1275/5360 [01:56<08:02,  8.46it/s] 24%|██▍       | 1276/5360 [01:56<08:29,  8.02it/s] 24%|██▍       | 1277/5360 [01:56<08:14,  8.26it/s] 24%|██▍       | 1278/5360 [01:56<08:01,  8.47it/s] 24%|██▍       | 1279/5360 [01:56<08:16,  8.22it/s] 24%|██▍       | 1280/5360 [01:56<08:13,  8.27it/s] 24%|██▍       | 1281/5360 [01:56<08:18,  8.19it/s] 24%|██▍       | 1282/5360 [01:57<08:05,  8.41it/s] 24%|██▍       | 1283/5360 [01:57<08:01,  8.47it/s] 24%|██▍       | 1284/5360 [01:57<08:02,  8.45it/s] 24%|██▍       | 1285/5360 [01:57<07:53,  8.60it/s] 24%|██▍       | 1286/5360 [01:57<07:52,  8.62it/s] 24%|██▍       | 1287/5360 [01:57<07:37,  8.90it/s] 24%|██▍       | 1288/5360 [01:57<07:37,  8.91it/s] 24%|██▍       | 1289/5360 [01:57<07:39,  8.85it/s] 24%|██▍       | 1290/5360 [01:57<07:24,  9.15it/s] 24%|██▍       | 1292/5360 [01:58<07:19,  9.25it/s] 24%|██▍       | 1293/5360 [01:58<07:12,  9.40it/s] 24%|██▍       | 1294/5360 [01:58<07:15,  9.34it/s] 24%|██▍       | 1296/5360 [01:58<06:57,  9.74it/s] 24%|██▍       | 1297/5360 [01:58<07:08,  9.48it/s] 24%|██▍       | 1298/5360 [01:58<07:04,  9.57it/s] 24%|██▍       | 1300/5360 [01:58<06:30, 10.39it/s] 24%|██▍       | 1302/5360 [01:59<06:14, 10.83it/s] 24%|██▍       | 1304/5360 [01:59<06:54,  9.80it/s] 24%|██▍       | 1305/5360 [01:59<06:54,  9.79it/s] 24%|██▍       | 1306/5360 [01:59<06:59,  9.66it/s] 24%|██▍       | 1308/5360 [01:59<07:00,  9.63it/s] 24%|██▍       | 1309/5360 [01:59<07:09,  9.43it/s] 24%|██▍       | 1311/5360 [02:00<06:26, 10.47it/s] 24%|██▍       | 1313/5360 [02:00<06:34, 10.26it/s] 25%|██▍       | 1315/5360 [02:00<06:53,  9.78it/s] 25%|██▍       | 1316/5360 [02:00<07:10,  9.40it/s] 25%|██▍       | 1317/5360 [02:00<07:13,  9.32it/s] 25%|██▍       | 1318/5360 [02:00<07:57,  8.46it/s] 25%|██▍       | 1319/5360 [02:00<08:05,  8.32it/s] 25%|██▍       | 1320/5360 [02:01<08:05,  8.32it/s] 25%|██▍       | 1321/5360 [02:01<08:27,  7.96it/s] 25%|██▍       | 1322/5360 [02:01<08:00,  8.40it/s] 25%|██▍       | 1324/5360 [02:01<07:10,  9.38it/s] 25%|██▍       | 1325/5360 [02:01<07:04,  9.51it/s] 25%|██▍       | 1326/5360 [02:01<07:02,  9.54it/s] 25%|██▍       | 1327/5360 [02:01<06:58,  9.63it/s] 25%|██▍       | 1329/5360 [02:02<06:37, 10.13it/s] 25%|██▍       | 1331/5360 [02:02<06:32, 10.26it/s] 25%|██▍       | 1333/5360 [02:02<06:33, 10.23it/s] 25%|██▍       | 1335/5360 [02:02<06:29, 10.33it/s] 25%|██▍       | 1337/5360 [02:02<06:39, 10.07it/s] 25%|██▍       | 1339/5360 [02:02<06:36, 10.14it/s] 25%|██▌       | 1341/5360 [02:03<06:04, 11.02it/s] 25%|██▌       | 1343/5360 [02:03<06:17, 10.64it/s] 25%|██▌       | 1345/5360 [02:03<06:11, 10.80it/s] 25%|██▌       | 1347/5360 [02:03<06:18, 10.61it/s] 25%|██▌       | 1349/5360 [02:03<06:43,  9.93it/s] 25%|██▌       | 1351/5360 [02:04<06:06, 10.95it/s] 25%|██▌       | 1353/5360 [02:04<06:17, 10.60it/s] 25%|██▌       | 1355/5360 [02:04<05:51, 11.39it/s] 25%|██▌       | 1357/5360 [02:04<05:53, 11.31it/s] 25%|██▌       | 1359/5360 [02:04<05:50, 11.41it/s] 25%|██▌       | 1361/5360 [02:04<06:07, 10.89it/s] 25%|██▌       | 1363/5360 [02:05<05:46, 11.52it/s] 25%|██▌       | 1365/5360 [02:05<06:09, 10.82it/s] 26%|██▌       | 1367/5360 [02:05<06:10, 10.79it/s] 26%|██▌       | 1369/5360 [02:05<06:21, 10.45it/s] 26%|██▌       | 1371/5360 [02:05<06:16, 10.61it/s] 26%|██▌       | 1373/5360 [02:06<06:28, 10.25it/s] 26%|██▌       | 1375/5360 [02:06<06:31, 10.17it/s] 26%|██▌       | 1377/5360 [02:06<06:34, 10.09it/s] 26%|██▌       | 1379/5360 [02:06<06:27, 10.27it/s] 26%|██▌       | 1381/5360 [02:06<06:27, 10.27it/s] 26%|██▌       | 1383/5360 [02:07<06:54,  9.60it/s] 26%|██▌       | 1384/5360 [02:07<07:02,  9.41it/s] 26%|██▌       | 1385/5360 [02:07<07:22,  8.99it/s] 26%|██▌       | 1386/5360 [02:07<07:26,  8.91it/s] 26%|██▌       | 1387/5360 [02:07<07:26,  8.90it/s] 26%|██▌       | 1388/5360 [02:07<07:21,  8.99it/s] 26%|██▌       | 1389/5360 [02:07<07:20,  9.01it/s] 26%|██▌       | 1391/5360 [02:08<06:35, 10.03it/s] 26%|██▌       | 1392/5360 [02:08<07:35,  8.72it/s] 26%|██▌       | 1394/5360 [02:08<07:14,  9.12it/s] 26%|██▌       | 1395/5360 [02:08<07:29,  8.83it/s] 26%|██▌       | 1396/5360 [02:08<07:40,  8.61it/s] 26%|██▌       | 1397/5360 [02:08<07:26,  8.88it/s] 26%|██▌       | 1399/5360 [02:08<07:04,  9.33it/s] 26%|██▌       | 1400/5360 [02:09<07:01,  9.40it/s] 26%|██▌       | 1401/5360 [02:09<07:23,  8.93it/s] 26%|██▌       | 1402/5360 [02:09<07:51,  8.40it/s] 26%|██▌       | 1403/5360 [02:09<07:54,  8.33it/s] 26%|██▌       | 1404/5360 [02:09<08:23,  7.85it/s] 26%|██▌       | 1405/5360 [02:09<08:28,  7.77it/s] 26%|██▌       | 1406/5360 [02:09<08:49,  7.47it/s] 26%|██▋       | 1407/5360 [02:09<08:47,  7.50it/s] 26%|██▋       | 1408/5360 [02:10<08:25,  7.82it/s] 26%|██▋       | 1409/5360 [02:10<08:10,  8.06it/s] 26%|██▋       | 1410/5360 [02:10<07:49,  8.42it/s] 26%|██▋       | 1411/5360 [02:10<07:41,  8.55it/s] 26%|██▋       | 1412/5360 [02:10<07:51,  8.38it/s] 26%|██▋       | 1414/5360 [02:10<07:36,  8.64it/s] 26%|██▋       | 1416/5360 [02:10<07:21,  8.93it/s] 26%|██▋       | 1418/5360 [02:11<07:07,  9.22it/s] 26%|██▋       | 1420/5360 [02:11<06:50,  9.59it/s] 27%|██▋       | 1421/5360 [02:11<06:56,  9.45it/s] 27%|██▋       | 1422/5360 [02:11<07:08,  9.20it/s] 27%|██▋       | 1423/5360 [02:11<07:03,  9.29it/s] 27%|██▋       | 1424/5360 [02:11<07:04,  9.28it/s] 27%|██▋       | 1425/5360 [02:11<07:06,  9.22it/s] 27%|██▋       | 1426/5360 [02:12<06:59,  9.38it/s] 27%|██▋       | 1428/5360 [02:12<06:29, 10.09it/s] 27%|██▋       | 1429/5360 [02:12<06:46,  9.68it/s] 27%|██▋       | 1430/5360 [02:12<06:47,  9.65it/s] 27%|██▋       | 1432/5360 [02:12<06:41,  9.78it/s] 27%|██▋       | 1434/5360 [02:12<07:08,  9.16it/s] 27%|██▋       | 1435/5360 [02:12<07:07,  9.18it/s] 27%|██▋       | 1437/5360 [02:13<07:06,  9.20it/s] 27%|██▋       | 1438/5360 [02:13<07:13,  9.05it/s] 27%|██▋       | 1439/5360 [02:13<07:15,  9.01it/s] 27%|██▋       | 1440/5360 [02:13<07:06,  9.19it/s] 27%|██▋       | 1441/5360 [02:13<07:14,  9.02it/s] 27%|██▋       | 1442/5360 [02:13<07:09,  9.11it/s] 27%|██▋       | 1444/5360 [02:13<06:59,  9.32it/s] 27%|██▋       | 1445/5360 [02:14<06:55,  9.43it/s] 27%|██▋       | 1446/5360 [02:14<06:53,  9.47it/s] 27%|██▋       | 1448/5360 [02:14<06:05, 10.69it/s] 27%|██▋       | 1450/5360 [02:14<06:29, 10.05it/s] 27%|██▋       | 1452/5360 [02:14<06:44,  9.67it/s] 27%|██▋       | 1454/5360 [02:14<06:33,  9.94it/s] 27%|██▋       | 1456/5360 [02:15<06:41,  9.73it/s] 27%|██▋       | 1457/5360 [02:15<06:45,  9.63it/s] 27%|██▋       | 1458/5360 [02:15<06:50,  9.51it/s] 27%|██▋       | 1459/5360 [02:15<07:13,  8.99it/s] 27%|██▋       | 1461/5360 [02:15<07:03,  9.21it/s] 27%|██▋       | 1462/5360 [02:15<07:19,  8.88it/s] 27%|██▋       | 1463/5360 [02:15<07:19,  8.87it/s] 27%|██▋       | 1464/5360 [02:16<07:24,  8.76it/s] 27%|██▋       | 1465/5360 [02:16<07:12,  9.01it/s] 27%|██▋       | 1466/5360 [02:16<07:35,  8.56it/s] 27%|██▋       | 1467/5360 [02:16<07:28,  8.68it/s] 27%|██▋       | 1468/5360 [02:16<07:33,  8.59it/s] 27%|██▋       | 1469/5360 [02:16<07:26,  8.71it/s] 27%|██▋       | 1470/5360 [02:16<07:42,  8.41it/s] 27%|██▋       | 1471/5360 [02:16<07:37,  8.50it/s] 27%|██▋       | 1472/5360 [02:17<07:32,  8.59it/s] 27%|██▋       | 1473/5360 [02:17<07:27,  8.68it/s] 28%|██▊       | 1474/5360 [02:17<08:17,  7.82it/s] 28%|██▊       | 1475/5360 [02:17<07:59,  8.10it/s] 28%|██▊       | 1476/5360 [02:17<07:59,  8.11it/s] 28%|██▊       | 1478/5360 [02:17<07:17,  8.88it/s] 28%|██▊       | 1479/5360 [02:17<07:37,  8.48it/s] 28%|██▊       | 1480/5360 [02:17<07:43,  8.38it/s] 28%|██▊       | 1481/5360 [02:18<07:36,  8.49it/s] 28%|██▊       | 1482/5360 [02:18<07:32,  8.57it/s] 28%|██▊       | 1483/5360 [02:18<07:16,  8.89it/s] 28%|██▊       | 1484/5360 [02:18<07:11,  8.97it/s] 28%|██▊       | 1485/5360 [02:18<07:17,  8.85it/s] 28%|██▊       | 1486/5360 [02:18<07:27,  8.66it/s] 28%|██▊       | 1487/5360 [02:18<07:24,  8.71it/s] 28%|██▊       | 1488/5360 [02:18<07:30,  8.60it/s] 28%|██▊       | 1489/5360 [02:19<07:24,  8.71it/s] 28%|██▊       | 1491/5360 [02:19<07:15,  8.89it/s] 28%|██▊       | 1492/5360 [02:19<07:20,  8.77it/s] 28%|██▊       | 1493/5360 [02:19<07:07,  9.05it/s] 28%|██▊       | 1494/5360 [02:19<07:04,  9.10it/s] 28%|██▊       | 1496/5360 [02:19<07:18,  8.82it/s] 28%|██▊       | 1497/5360 [02:19<07:18,  8.82it/s] 28%|██▊       | 1499/5360 [02:20<07:36,  8.46it/s] 28%|██▊       | 1501/5360 [02:20<07:14,  8.89it/s] 28%|██▊       | 1502/5360 [02:20<07:16,  8.84it/s] 28%|██▊       | 1504/5360 [02:20<06:50,  9.39it/s] 28%|██▊       | 1505/5360 [02:20<07:05,  9.06it/s] 28%|██▊       | 1506/5360 [02:20<07:04,  9.07it/s] 28%|██▊       | 1507/5360 [02:21<07:01,  9.14it/s] 28%|██▊       | 1509/5360 [02:21<06:35,  9.74it/s] 28%|██▊       | 1510/5360 [02:21<06:52,  9.33it/s] 28%|██▊       | 1512/5360 [02:21<06:40,  9.60it/s] 28%|██▊       | 1513/5360 [02:21<06:46,  9.47it/s] 28%|██▊       | 1514/5360 [02:21<06:44,  9.51it/s] 28%|██▊       | 1516/5360 [02:21<06:40,  9.60it/s] 28%|██▊       | 1517/5360 [02:22<06:49,  9.40it/s] 28%|██▊       | 1518/5360 [02:22<07:12,  8.89it/s] 28%|██▊       | 1520/5360 [02:22<07:31,  8.51it/s] 28%|██▊       | 1521/5360 [02:22<07:22,  8.68it/s] 28%|██▊       | 1522/5360 [02:22<07:24,  8.63it/s] 28%|██▊       | 1524/5360 [02:22<06:55,  9.23it/s] 28%|██▊       | 1526/5360 [02:23<06:40,  9.57it/s] 28%|██▊       | 1527/5360 [02:23<07:01,  9.10it/s] 29%|██▊       | 1528/5360 [02:23<07:09,  8.92it/s] 29%|██▊       | 1529/5360 [02:23<07:07,  8.96it/s] 29%|██▊       | 1530/5360 [02:23<07:06,  8.97it/s] 29%|██▊       | 1531/5360 [02:23<07:25,  8.60it/s] 29%|██▊       | 1532/5360 [02:23<07:20,  8.69it/s] 29%|██▊       | 1533/5360 [02:23<07:09,  8.91it/s] 29%|██▊       | 1534/5360 [02:23<06:57,  9.16it/s] 29%|██▊       | 1536/5360 [02:24<06:39,  9.58it/s] 29%|██▊       | 1537/5360 [02:24<06:39,  9.56it/s] 29%|██▊       | 1539/5360 [02:24<06:08, 10.38it/s] 29%|██▉       | 1541/5360 [02:24<05:53, 10.82it/s] 29%|██▉       | 1543/5360 [02:24<06:08, 10.35it/s] 29%|██▉       | 1545/5360 [02:25<06:22,  9.98it/s] 29%|██▉       | 1547/5360 [02:25<05:51, 10.85it/s] 29%|██▉       | 1549/5360 [02:25<05:58, 10.64it/s] 29%|██▉       | 1551/5360 [02:25<05:52, 10.79it/s] 29%|██▉       | 1553/5360 [02:25<05:47, 10.95it/s] 29%|██▉       | 1555/5360 [02:25<05:51, 10.84it/s] 29%|██▉       | 1557/5360 [02:26<06:13, 10.19it/s] 29%|██▉       | 1559/5360 [02:26<06:36,  9.59it/s] 29%|██▉       | 1560/5360 [02:26<06:41,  9.47it/s] 29%|██▉       | 1562/5360 [02:26<06:00, 10.52it/s] 29%|██▉       | 1564/5360 [02:26<06:07, 10.32it/s] 29%|██▉       | 1566/5360 [02:27<05:55, 10.68it/s] 29%|██▉       | 1568/5360 [02:27<05:51, 10.79it/s] 29%|██▉       | 1570/5360 [02:27<05:49, 10.84it/s] 29%|██▉       | 1572/5360 [02:27<05:51, 10.77it/s] 29%|██▉       | 1574/5360 [02:27<05:48, 10.87it/s] 29%|██▉       | 1576/5360 [02:27<05:56, 10.60it/s] 29%|██▉       | 1578/5360 [02:28<05:35, 11.27it/s] 29%|██▉       | 1580/5360 [02:28<05:39, 11.14it/s] 30%|██▉       | 1582/5360 [02:28<05:55, 10.64it/s] 30%|██▉       | 1584/5360 [02:28<05:49, 10.81it/s] 30%|██▉       | 1586/5360 [02:28<05:58, 10.53it/s] 30%|██▉       | 1588/5360 [02:29<06:10, 10.19it/s] 30%|██▉       | 1590/5360 [02:29<05:58, 10.53it/s] 30%|██▉       | 1592/5360 [02:29<05:54, 10.64it/s] 30%|██▉       | 1594/5360 [02:29<06:07, 10.24it/s] 30%|██▉       | 1596/5360 [02:29<06:06, 10.27it/s] 30%|██▉       | 1598/5360 [02:30<06:17,  9.97it/s] 30%|██▉       | 1600/5360 [02:30<06:15, 10.02it/s] 30%|██▉       | 1602/5360 [02:30<06:33,  9.55it/s] 30%|██▉       | 1603/5360 [02:30<06:37,  9.45it/s] 30%|██▉       | 1604/5360 [02:30<06:45,  9.26it/s] 30%|██▉       | 1606/5360 [02:30<06:24,  9.76it/s] 30%|███       | 1608/5360 [02:31<06:25,  9.74it/s] 30%|███       | 1609/5360 [02:31<06:30,  9.61it/s] 30%|███       | 1611/5360 [02:31<06:14, 10.01it/s] 30%|███       | 1613/5360 [02:31<06:10, 10.11it/s] 30%|███       | 1615/5360 [02:31<06:08, 10.17it/s] 30%|███       | 1617/5360 [02:31<06:05, 10.25it/s] 30%|███       | 1619/5360 [02:32<06:02, 10.32it/s] 30%|███       | 1621/5360 [02:32<06:13, 10.01it/s] 30%|███       | 1623/5360 [02:32<06:25,  9.70it/s] 30%|███       | 1624/5360 [02:32<06:34,  9.48it/s] 30%|███       | 1625/5360 [02:32<06:40,  9.32it/s] 30%|███       | 1626/5360 [02:32<06:47,  9.15it/s] 30%|███       | 1627/5360 [02:33<07:09,  8.69it/s] 30%|███       | 1628/5360 [02:33<07:32,  8.25it/s] 30%|███       | 1629/5360 [02:33<07:28,  8.32it/s] 30%|███       | 1630/5360 [02:33<07:35,  8.19it/s] 30%|███       | 1631/5360 [02:33<07:49,  7.94it/s] 30%|███       | 1632/5360 [02:33<07:48,  7.95it/s] 30%|███       | 1633/5360 [02:33<07:27,  8.32it/s] 30%|███       | 1634/5360 [02:33<07:21,  8.44it/s] 31%|███       | 1635/5360 [02:34<07:12,  8.61it/s] 31%|███       | 1636/5360 [02:34<07:06,  8.74it/s] 31%|███       | 1637/5360 [02:34<06:54,  8.98it/s] 31%|███       | 1638/5360 [02:34<06:53,  8.99it/s] 31%|███       | 1640/5360 [02:34<06:45,  9.18it/s] 31%|███       | 1641/5360 [02:34<06:40,  9.28it/s] 31%|███       | 1642/5360 [02:34<06:36,  9.37it/s] 31%|███       | 1643/5360 [02:34<06:36,  9.38it/s] 31%|███       | 1645/5360 [02:35<06:23,  9.68it/s] 31%|███       | 1647/5360 [02:35<06:20,  9.77it/s] 31%|███       | 1648/5360 [02:35<06:28,  9.56it/s] 31%|███       | 1649/5360 [02:35<06:25,  9.62it/s] 31%|███       | 1650/5360 [02:35<06:43,  9.19it/s] 31%|███       | 1652/5360 [02:35<06:25,  9.62it/s] 31%|███       | 1654/5360 [02:36<06:22,  9.68it/s] 31%|███       | 1655/5360 [02:36<06:49,  9.05it/s] 31%|███       | 1656/5360 [02:36<06:49,  9.05it/s] 31%|███       | 1657/5360 [02:36<06:43,  9.18it/s] 31%|███       | 1659/5360 [02:36<06:29,  9.50it/s] 31%|███       | 1660/5360 [02:36<06:28,  9.53it/s] 31%|███       | 1662/5360 [02:36<05:59, 10.28it/s] 31%|███       | 1664/5360 [02:37<06:27,  9.54it/s] 31%|███       | 1665/5360 [02:37<06:32,  9.40it/s] 31%|███       | 1666/5360 [02:37<06:42,  9.18it/s] 31%|███       | 1668/5360 [02:37<06:04, 10.13it/s] 31%|███       | 1670/5360 [02:37<06:08, 10.01it/s] 31%|███       | 1671/5360 [02:37<06:15,  9.84it/s] 31%|███       | 1672/5360 [02:37<06:22,  9.65it/s] 31%|███       | 1674/5360 [02:38<06:15,  9.83it/s] 31%|███▏      | 1675/5360 [02:38<06:21,  9.65it/s] 31%|███▏      | 1677/5360 [02:38<06:14,  9.82it/s] 31%|███▏      | 1678/5360 [02:38<06:23,  9.60it/s] 31%|███▏      | 1679/5360 [02:38<06:26,  9.51it/s] 31%|███▏      | 1681/5360 [02:38<06:18,  9.71it/s] 31%|███▏      | 1683/5360 [02:39<06:06, 10.04it/s] 31%|███▏      | 1685/5360 [02:39<05:57, 10.29it/s] 31%|███▏      | 1687/5360 [02:39<06:02, 10.12it/s] 32%|███▏      | 1689/5360 [02:39<06:30,  9.40it/s] 32%|███▏      | 1690/5360 [02:39<06:34,  9.31it/s] 32%|███▏      | 1691/5360 [02:39<06:31,  9.37it/s] 32%|███▏      | 1692/5360 [02:40<06:33,  9.33it/s] 32%|███▏      | 1693/5360 [02:40<06:27,  9.47it/s] 32%|███▏      | 1694/5360 [02:40<06:26,  9.49it/s] 32%|███▏      | 1695/5360 [02:40<06:43,  9.09it/s] 32%|███▏      | 1696/5360 [02:40<06:34,  9.29it/s] 32%|███▏      | 1698/5360 [02:40<06:17,  9.69it/s] 32%|███▏      | 1699/5360 [02:40<06:22,  9.57it/s] 32%|███▏      | 1700/5360 [02:40<06:50,  8.91it/s] 32%|███▏      | 1701/5360 [02:40<06:40,  9.15it/s] 32%|███▏      | 1702/5360 [02:41<06:40,  9.13it/s] 32%|███▏      | 1703/5360 [02:41<06:32,  9.32it/s] 32%|███▏      | 1704/5360 [02:41<06:37,  9.20it/s] 32%|███▏      | 1705/5360 [02:41<06:35,  9.24it/s] 32%|███▏      | 1707/5360 [02:41<06:25,  9.48it/s] 32%|███▏      | 1708/5360 [02:41<06:26,  9.45it/s] 32%|███▏      | 1709/5360 [02:41<06:34,  9.26it/s] 32%|███▏      | 1711/5360 [02:42<05:50, 10.42it/s] 32%|███▏      | 1713/5360 [02:42<06:21,  9.56it/s] 32%|███▏      | 1714/5360 [02:42<06:33,  9.26it/s] 32%|███▏      | 1715/5360 [02:42<06:29,  9.37it/s] 32%|███▏      | 1716/5360 [02:42<07:11,  8.44it/s] 32%|███▏      | 1717/5360 [02:42<07:03,  8.59it/s] 32%|███▏      | 1719/5360 [02:42<06:23,  9.50it/s] 32%|███▏      | 1720/5360 [02:43<06:24,  9.47it/s] 32%|███▏      | 1721/5360 [02:43<06:34,  9.23it/s] 32%|███▏      | 1723/5360 [02:43<06:15,  9.68it/s] 32%|███▏      | 1725/5360 [02:43<06:15,  9.67it/s] 32%|███▏      | 1726/5360 [02:43<06:15,  9.67it/s] 32%|███▏      | 1728/5360 [02:43<06:20,  9.54it/s] 32%|███▏      | 1729/5360 [02:43<06:23,  9.48it/s] 32%|███▏      | 1730/5360 [02:44<06:30,  9.30it/s] 32%|███▏      | 1732/5360 [02:44<05:39, 10.67it/s] 32%|███▏      | 1734/5360 [02:44<05:33, 10.87it/s] 32%|███▏      | 1736/5360 [02:44<04:57, 12.18it/s] 32%|███▏      | 1738/5360 [02:44<05:08, 11.73it/s] 32%|███▏      | 1740/5360 [02:44<05:36, 10.74it/s] 32%|███▎      | 1742/5360 [02:45<05:18, 11.36it/s] 33%|███▎      | 1744/5360 [02:45<04:59, 12.06it/s] 33%|███▎      | 1746/5360 [02:45<05:07, 11.77it/s] 33%|███▎      | 1748/5360 [02:45<05:10, 11.62it/s] 33%|███▎      | 1750/5360 [02:45<05:39, 10.63it/s] 33%|███▎      | 1752/5360 [02:46<06:07,  9.81it/s] 33%|███▎      | 1754/5360 [02:46<06:19,  9.51it/s] 33%|███▎      | 1755/5360 [02:46<06:47,  8.85it/s] 33%|███▎      | 1756/5360 [02:46<06:45,  8.88it/s] 33%|███▎      | 1758/5360 [02:46<05:39, 10.60it/s] 33%|███▎      | 1760/5360 [02:46<05:16, 11.37it/s] 33%|███▎      | 1762/5360 [02:46<05:09, 11.61it/s] 33%|███▎      | 1764/5360 [02:47<05:22, 11.17it/s] 33%|███▎      | 1766/5360 [02:47<05:01, 11.92it/s] 33%|███▎      | 1768/5360 [02:47<04:55, 12.17it/s] 33%|███▎      | 1770/5360 [02:47<04:55, 12.13it/s] 33%|███▎      | 1772/5360 [02:47<04:33, 13.10it/s] 33%|███▎      | 1774/5360 [02:47<04:41, 12.76it/s] 33%|███▎      | 1776/5360 [02:48<04:18, 13.87it/s] 33%|███▎      | 1778/5360 [02:48<04:26, 13.43it/s] 33%|███▎      | 1780/5360 [02:48<04:23, 13.58it/s] 33%|███▎      | 1782/5360 [02:48<04:11, 14.21it/s] 33%|███▎      | 1784/5360 [02:48<04:06, 14.51it/s] 33%|███▎      | 1786/5360 [02:48<04:39, 12.79it/s] 33%|███▎      | 1788/5360 [02:48<04:58, 11.98it/s] 33%|███▎      | 1790/5360 [02:49<05:02, 11.79it/s] 33%|███▎      | 1792/5360 [02:49<05:07, 11.61it/s] 33%|███▎      | 1794/5360 [02:49<04:33, 13.05it/s] 34%|███▎      | 1796/5360 [02:49<04:04, 14.56it/s] 34%|███▎      | 1798/5360 [02:49<04:08, 14.35it/s] 34%|███▎      | 1800/5360 [02:49<04:20, 13.68it/s] 34%|███▎      | 1802/5360 [02:50<04:15, 13.95it/s] 34%|███▎      | 1804/5360 [02:50<04:24, 13.45it/s] 34%|███▎      | 1806/5360 [02:50<04:14, 13.99it/s] 34%|███▎      | 1808/5360 [02:50<04:03, 14.56it/s] 34%|███▍      | 1810/5360 [02:50<04:08, 14.28it/s] 34%|███▍      | 1812/5360 [02:50<04:08, 14.29it/s] 34%|███▍      | 1814/5360 [02:50<04:08, 14.28it/s] 34%|███▍      | 1816/5360 [02:50<04:05, 14.42it/s] 34%|███▍      | 1818/5360 [02:51<04:13, 13.98it/s] 34%|███▍      | 1820/5360 [02:51<04:23, 13.45it/s] 34%|███▍      | 1822/5360 [02:51<04:30, 13.08it/s] 34%|███▍      | 1824/5360 [02:51<04:23, 13.42it/s] 34%|███▍      | 1826/5360 [02:51<04:42, 12.49it/s] 34%|███▍      | 1828/5360 [02:51<04:34, 12.87it/s] 34%|███▍      | 1830/5360 [02:52<04:15, 13.83it/s] 34%|███▍      | 1832/5360 [02:52<04:46, 12.33it/s] 34%|███▍      | 1834/5360 [02:52<04:33, 12.89it/s] 34%|███▍      | 1836/5360 [02:52<04:46, 12.29it/s] 34%|███▍      | 1838/5360 [02:52<05:04, 11.56it/s] 34%|███▍      | 1840/5360 [02:52<04:51, 12.07it/s] 34%|███▍      | 1842/5360 [02:53<04:56, 11.86it/s] 34%|███▍      | 1844/5360 [02:53<04:46, 12.28it/s] 34%|███▍      | 1846/5360 [02:53<04:41, 12.46it/s] 34%|███▍      | 1848/5360 [02:53<04:55, 11.89it/s] 35%|███▍      | 1850/5360 [02:53<04:47, 12.23it/s] 35%|███▍      | 1852/5360 [02:53<04:43, 12.39it/s] 35%|███▍      | 1854/5360 [02:54<04:25, 13.22it/s] 35%|███▍      | 1856/5360 [02:54<04:36, 12.66it/s] 35%|███▍      | 1858/5360 [02:54<04:52, 11.99it/s] 35%|███▍      | 1860/5360 [02:54<04:31, 12.88it/s] 35%|███▍      | 1862/5360 [02:54<04:22, 13.33it/s] 35%|███▍      | 1864/5360 [02:54<04:34, 12.73it/s] 35%|███▍      | 1866/5360 [02:54<04:27, 13.04it/s] 35%|███▍      | 1868/5360 [02:55<04:47, 12.13it/s] 35%|███▍      | 1870/5360 [02:55<05:24, 10.76it/s] 35%|███▍      | 1872/5360 [02:55<06:07,  9.49it/s] 35%|███▍      | 1874/5360 [02:55<05:58,  9.72it/s] 35%|███▌      | 1876/5360 [02:55<05:21, 10.83it/s] 35%|███▌      | 1878/5360 [02:56<05:18, 10.94it/s] 35%|███▌      | 1880/5360 [02:56<05:11, 11.16it/s] 35%|███▌      | 1882/5360 [02:56<05:22, 10.79it/s] 35%|███▌      | 1884/5360 [02:56<05:26, 10.64it/s] 35%|███▌      | 1886/5360 [02:56<05:31, 10.47it/s] 35%|███▌      | 1888/5360 [02:57<05:10, 11.20it/s] 35%|███▌      | 1890/5360 [02:57<05:08, 11.25it/s] 35%|███▌      | 1892/5360 [02:57<05:02, 11.45it/s] 35%|███▌      | 1894/5360 [02:57<05:06, 11.29it/s] 35%|███▌      | 1896/5360 [02:57<05:05, 11.33it/s] 35%|███▌      | 1898/5360 [02:57<05:03, 11.39it/s] 35%|███▌      | 1900/5360 [02:58<05:17, 10.90it/s] 35%|███▌      | 1902/5360 [02:58<05:05, 11.34it/s] 36%|███▌      | 1904/5360 [02:58<05:03, 11.37it/s] 36%|███▌      | 1906/5360 [02:58<05:17, 10.89it/s] 36%|███▌      | 1908/5360 [02:58<05:15, 10.94it/s] 36%|███▌      | 1910/5360 [02:59<05:01, 11.45it/s] 36%|███▌      | 1912/5360 [02:59<05:04, 11.32it/s] 36%|███▌      | 1914/5360 [02:59<04:55, 11.65it/s] 36%|███▌      | 1916/5360 [02:59<05:02, 11.37it/s] 36%|███▌      | 1918/5360 [02:59<05:06, 11.22it/s] 36%|███▌      | 1920/5360 [02:59<04:48, 11.93it/s] 36%|███▌      | 1922/5360 [03:00<04:51, 11.78it/s] 36%|███▌      | 1924/5360 [03:00<04:55, 11.64it/s] 36%|███▌      | 1926/5360 [03:00<04:46, 12.00it/s] 36%|███▌      | 1928/5360 [03:00<04:58, 11.51it/s] 36%|███▌      | 1930/5360 [03:00<05:02, 11.34it/s] 36%|███▌      | 1932/5360 [03:00<04:53, 11.67it/s] 36%|███▌      | 1934/5360 [03:01<05:17, 10.77it/s] 36%|███▌      | 1936/5360 [03:01<05:16, 10.82it/s] 36%|███▌      | 1938/5360 [03:01<05:05, 11.20it/s] 36%|███▌      | 1940/5360 [03:01<04:55, 11.58it/s] 36%|███▌      | 1942/5360 [03:01<05:28, 10.42it/s] 36%|███▋      | 1944/5360 [03:02<05:30, 10.34it/s] 36%|███▋      | 1946/5360 [03:02<05:31, 10.31it/s] 36%|███▋      | 1948/5360 [03:02<05:25, 10.47it/s] 36%|███▋      | 1950/5360 [03:02<05:33, 10.21it/s] 36%|███▋      | 1952/5360 [03:02<05:36, 10.12it/s] 36%|███▋      | 1954/5360 [03:03<05:34, 10.18it/s] 36%|███▋      | 1956/5360 [03:03<05:38, 10.06it/s] 37%|███▋      | 1958/5360 [03:03<05:11, 10.93it/s] 37%|███▋      | 1960/5360 [03:03<05:35, 10.13it/s] 37%|███▋      | 1962/5360 [03:03<05:38, 10.05it/s] 37%|███▋      | 1964/5360 [03:04<05:17, 10.70it/s] 37%|███▋      | 1966/5360 [03:04<05:29, 10.29it/s] 37%|███▋      | 1968/5360 [03:04<05:21, 10.55it/s] 37%|███▋      | 1970/5360 [03:04<05:32, 10.19it/s] 37%|███▋      | 1972/5360 [03:04<05:14, 10.79it/s] 37%|███▋      | 1974/5360 [03:04<05:21, 10.53it/s] 37%|███▋      | 1976/5360 [03:05<05:09, 10.94it/s] 37%|███▋      | 1978/5360 [03:05<05:30, 10.23it/s] 37%|███▋      | 1980/5360 [03:05<05:42,  9.88it/s] 37%|███▋      | 1982/5360 [03:05<05:30, 10.22it/s] 37%|███▋      | 1984/5360 [03:05<05:31, 10.20it/s] 37%|███▋      | 1986/5360 [03:06<05:34, 10.08it/s] 37%|███▋      | 1988/5360 [03:06<05:34, 10.07it/s] 37%|███▋      | 1990/5360 [03:06<05:13, 10.75it/s] 37%|███▋      | 1992/5360 [03:06<05:22, 10.45it/s] 37%|███▋      | 1994/5360 [03:06<05:19, 10.54it/s] 37%|███▋      | 1996/5360 [03:07<05:17, 10.59it/s] 37%|███▋      | 1998/5360 [03:07<05:15, 10.65it/s] 37%|███▋      | 2000/5360 [03:07<05:19, 10.51it/s] 37%|███▋      | 2002/5360 [03:07<05:22, 10.41it/s] 37%|███▋      | 2004/5360 [03:07<05:00, 11.17it/s] 37%|███▋      | 2006/5360 [03:08<05:07, 10.92it/s] 37%|███▋      | 2008/5360 [03:08<05:08, 10.85it/s] 38%|███▊      | 2010/5360 [03:08<04:49, 11.55it/s] 38%|███▊      | 2012/5360 [03:08<05:00, 11.15it/s] 38%|███▊      | 2014/5360 [03:08<04:46, 11.66it/s] 38%|███▊      | 2016/5360 [03:08<05:00, 11.14it/s] 38%|███▊      | 2018/5360 [03:09<04:51, 11.45it/s] 38%|███▊      | 2020/5360 [03:09<04:57, 11.24it/s] 38%|███▊      | 2022/5360 [03:09<05:17, 10.52it/s] 38%|███▊      | 2024/5360 [03:09<05:19, 10.45it/s] 38%|███▊      | 2026/5360 [03:09<05:07, 10.84it/s] 38%|███▊      | 2028/5360 [03:09<04:39, 11.93it/s] 38%|███▊      | 2030/5360 [03:10<04:43, 11.76it/s] 38%|███▊      | 2032/5360 [03:10<04:43, 11.75it/s] 38%|███▊      | 2034/5360 [03:10<04:52, 11.37it/s] 38%|███▊      | 2036/5360 [03:10<04:50, 11.44it/s] 38%|███▊      | 2038/5360 [03:10<04:20, 12.76it/s] 38%|███▊      | 2040/5360 [03:10<04:04, 13.60it/s] 38%|███▊      | 2042/5360 [03:11<03:49, 14.46it/s] 38%|███▊      | 2044/5360 [03:11<04:01, 13.73it/s] 38%|███▊      | 2046/5360 [03:11<04:14, 13.04it/s] 38%|███▊      | 2048/5360 [03:11<04:34, 12.08it/s] 38%|███▊      | 2050/5360 [03:11<04:51, 11.35it/s] 38%|███▊      | 2052/5360 [03:11<04:48, 11.48it/s] 38%|███▊      | 2054/5360 [03:12<04:22, 12.59it/s] 38%|███▊      | 2056/5360 [03:12<04:12, 13.10it/s] 38%|███▊      | 2058/5360 [03:12<04:00, 13.71it/s] 38%|███▊      | 2060/5360 [03:12<03:54, 14.07it/s] 38%|███▊      | 2062/5360 [03:12<04:06, 13.37it/s] 39%|███▊      | 2064/5360 [03:12<04:01, 13.67it/s] 39%|███▊      | 2066/5360 [03:12<04:00, 13.71it/s] 39%|███▊      | 2068/5360 [03:13<03:59, 13.75it/s] 39%|███▊      | 2070/5360 [03:13<04:05, 13.42it/s] 39%|███▊      | 2072/5360 [03:13<04:19, 12.68it/s] 39%|███▊      | 2074/5360 [03:13<04:15, 12.87it/s] 39%|███▊      | 2076/5360 [03:13<04:29, 12.20it/s] 39%|███▉      | 2078/5360 [03:13<04:24, 12.39it/s] 39%|███▉      | 2080/5360 [03:14<04:18, 12.68it/s] 39%|███▉      | 2082/5360 [03:14<04:32, 12.04it/s] 39%|███▉      | 2085/5360 [03:14<03:52, 14.11it/s] 39%|███▉      | 2087/5360 [03:14<03:34, 15.27it/s] 39%|███▉      | 2090/5360 [03:14<03:16, 16.64it/s] 39%|███▉      | 2093/5360 [03:14<03:04, 17.72it/s] 39%|███▉      | 2095/5360 [03:14<03:02, 17.86it/s] 39%|███▉      | 2097/5360 [03:14<03:11, 17.00it/s] 39%|███▉      | 2099/5360 [03:15<03:13, 16.89it/s] 39%|███▉      | 2101/5360 [03:15<03:10, 17.08it/s] 39%|███▉      | 2103/5360 [03:15<03:13, 16.85it/s] 39%|███▉      | 2105/5360 [03:15<03:12, 16.92it/s] 39%|███▉      | 2107/5360 [03:15<03:17, 16.48it/s] 39%|███▉      | 2109/5360 [03:15<03:38, 14.88it/s] 39%|███▉      | 2111/5360 [03:15<03:58, 13.61it/s] 39%|███▉      | 2113/5360 [03:16<04:20, 12.44it/s] 39%|███▉      | 2115/5360 [03:16<04:20, 12.47it/s] 39%|███▉      | 2117/5360 [03:16<04:02, 13.36it/s] 40%|███▉      | 2119/5360 [03:16<04:09, 12.97it/s] 40%|███▉      | 2121/5360 [03:16<04:20, 12.42it/s] 40%|███▉      | 2123/5360 [03:16<04:20, 12.43it/s] 40%|███▉      | 2125/5360 [03:17<04:19, 12.45it/s] 40%|███▉      | 2127/5360 [03:17<04:16, 12.61it/s] 40%|███▉      | 2129/5360 [03:17<04:07, 13.04it/s] 40%|███▉      | 2131/5360 [03:17<04:04, 13.19it/s] 40%|███▉      | 2133/5360 [03:17<04:28, 12.04it/s] 40%|███▉      | 2135/5360 [03:17<04:35, 11.72it/s] 40%|███▉      | 2137/5360 [03:18<04:23, 12.21it/s] 40%|███▉      | 2139/5360 [03:18<04:48, 11.18it/s] 40%|███▉      | 2141/5360 [03:18<04:34, 11.74it/s] 40%|███▉      | 2143/5360 [03:18<04:42, 11.39it/s] 40%|████      | 2145/5360 [03:18<04:41, 11.41it/s] 40%|████      | 2147/5360 [03:18<04:41, 11.42it/s] 40%|████      | 2149/5360 [03:19<04:58, 10.77it/s] 40%|████      | 2151/5360 [03:19<04:32, 11.77it/s] 40%|████      | 2153/5360 [03:19<04:45, 11.22it/s] 40%|████      | 2155/5360 [03:19<04:27, 11.97it/s] 40%|████      | 2157/5360 [03:19<04:15, 12.56it/s] 40%|████      | 2159/5360 [03:19<04:34, 11.66it/s] 40%|████      | 2161/5360 [03:20<04:45, 11.19it/s] 40%|████      | 2163/5360 [03:20<04:47, 11.13it/s] 40%|████      | 2165/5360 [03:20<04:36, 11.57it/s] 40%|████      | 2167/5360 [03:20<04:22, 12.15it/s] 40%|████      | 2169/5360 [03:20<04:38, 11.47it/s] 41%|████      | 2171/5360 [03:21<04:34, 11.63it/s] 41%|████      | 2173/5360 [03:21<04:28, 11.88it/s] 41%|████      | 2175/5360 [03:21<04:24, 12.06it/s] 41%|████      | 2177/5360 [03:21<04:26, 11.95it/s] 41%|████      | 2179/5360 [03:21<04:25, 11.98it/s] 41%|████      | 2181/5360 [03:21<04:43, 11.23it/s] 41%|████      | 2183/5360 [03:22<04:40, 11.34it/s] 41%|████      | 2185/5360 [03:22<04:55, 10.73it/s] 41%|████      | 2187/5360 [03:22<05:03, 10.45it/s] 41%|████      | 2189/5360 [03:22<04:52, 10.84it/s] 41%|████      | 2191/5360 [03:22<05:07, 10.30it/s] 41%|████      | 2193/5360 [03:23<05:00, 10.53it/s] 41%|████      | 2195/5360 [03:23<04:56, 10.69it/s] 41%|████      | 2197/5360 [03:23<05:21,  9.83it/s] 41%|████      | 2199/5360 [03:23<05:04, 10.37it/s] 41%|████      | 2201/5360 [03:23<05:07, 10.26it/s] 41%|████      | 2203/5360 [03:23<04:55, 10.68it/s] 41%|████      | 2205/5360 [03:24<04:59, 10.53it/s] 41%|████      | 2207/5360 [03:24<04:56, 10.64it/s] 41%|████      | 2209/5360 [03:24<05:02, 10.40it/s] 41%|████▏     | 2211/5360 [03:24<04:53, 10.73it/s] 41%|████▏     | 2213/5360 [03:24<05:00, 10.48it/s] 41%|████▏     | 2215/5360 [03:25<04:49, 10.88it/s] 41%|████▏     | 2217/5360 [03:25<05:05, 10.28it/s] 41%|████▏     | 2219/5360 [03:25<04:43, 11.07it/s] 41%|████▏     | 2221/5360 [03:25<04:54, 10.66it/s] 41%|████▏     | 2223/5360 [03:25<04:59, 10.49it/s] 42%|████▏     | 2225/5360 [03:26<05:06, 10.21it/s] 42%|████▏     | 2227/5360 [03:26<04:57, 10.54it/s] 42%|████▏     | 2229/5360 [03:26<05:07, 10.19it/s] 42%|████▏     | 2231/5360 [03:26<04:58, 10.48it/s] 42%|████▏     | 2233/5360 [03:26<04:48, 10.84it/s] 42%|████▏     | 2235/5360 [03:27<04:55, 10.58it/s] 42%|████▏     | 2237/5360 [03:27<05:02, 10.31it/s] 42%|████▏     | 2239/5360 [03:27<05:01, 10.37it/s] 42%|████▏     | 2241/5360 [03:27<05:11, 10.00it/s] 42%|████▏     | 2243/5360 [03:27<04:58, 10.46it/s] 42%|████▏     | 2245/5360 [03:27<04:54, 10.57it/s] 42%|████▏     | 2247/5360 [03:28<04:44, 10.93it/s] 42%|████▏     | 2249/5360 [03:28<04:38, 11.18it/s] 42%|████▏     | 2251/5360 [03:28<04:48, 10.78it/s] 42%|████▏     | 2253/5360 [03:28<04:38, 11.14it/s] 42%|████▏     | 2255/5360 [03:28<04:33, 11.36it/s] 42%|████▏     | 2257/5360 [03:29<04:44, 10.90it/s] 42%|████▏     | 2259/5360 [03:29<04:46, 10.82it/s] 42%|████▏     | 2261/5360 [03:29<04:36, 11.23it/s] 42%|████▏     | 2263/5360 [03:29<04:18, 11.98it/s] 42%|████▏     | 2265/5360 [03:29<04:30, 11.43it/s] 42%|████▏     | 2267/5360 [03:30<05:07, 10.04it/s] 42%|████▏     | 2269/5360 [03:30<05:08, 10.03it/s] 42%|████▏     | 2271/5360 [03:30<05:16,  9.77it/s] 42%|████▏     | 2273/5360 [03:30<04:47, 10.73it/s] 42%|████▏     | 2275/5360 [03:30<04:27, 11.54it/s] 42%|████▏     | 2277/5360 [03:30<04:36, 11.13it/s] 43%|████▎     | 2279/5360 [03:31<04:25, 11.62it/s] 43%|████▎     | 2281/5360 [03:31<04:42, 10.89it/s] 43%|████▎     | 2283/5360 [03:31<04:42, 10.90it/s] 43%|████▎     | 2285/5360 [03:31<04:37, 11.10it/s] 43%|████▎     | 2287/5360 [03:31<04:34, 11.19it/s] 43%|████▎     | 2289/5360 [03:31<04:25, 11.56it/s] 43%|████▎     | 2291/5360 [03:32<04:28, 11.43it/s] 43%|████▎     | 2293/5360 [03:32<04:06, 12.43it/s] 43%|████▎     | 2295/5360 [03:32<03:57, 12.92it/s] 43%|████▎     | 2297/5360 [03:32<03:58, 12.82it/s] 43%|████▎     | 2299/5360 [03:32<03:59, 12.76it/s] 43%|████▎     | 2301/5360 [03:32<03:49, 13.31it/s] 43%|████▎     | 2303/5360 [03:33<03:51, 13.20it/s] 43%|████▎     | 2305/5360 [03:33<03:41, 13.77it/s] 43%|████▎     | 2307/5360 [03:33<03:51, 13.21it/s] 43%|████▎     | 2309/5360 [03:33<03:46, 13.44it/s] 43%|████▎     | 2311/5360 [03:33<04:01, 12.62it/s] 43%|████▎     | 2313/5360 [03:33<04:09, 12.21it/s] 43%|████▎     | 2315/5360 [03:33<04:21, 11.63it/s] 43%|████▎     | 2317/5360 [03:34<04:04, 12.45it/s] 43%|████▎     | 2319/5360 [03:34<03:50, 13.21it/s] 43%|████▎     | 2321/5360 [03:34<03:42, 13.65it/s] 43%|████▎     | 2323/5360 [03:34<03:45, 13.46it/s] 43%|████▎     | 2325/5360 [03:34<04:14, 11.92it/s] 43%|████▎     | 2327/5360 [03:34<04:10, 12.11it/s] 43%|████▎     | 2329/5360 [03:35<04:11, 12.04it/s] 43%|████▎     | 2331/5360 [03:35<03:51, 13.09it/s] 44%|████▎     | 2333/5360 [03:35<03:32, 14.28it/s] 44%|████▎     | 2335/5360 [03:35<03:33, 14.15it/s] 44%|████▎     | 2337/5360 [03:35<03:33, 14.14it/s] 44%|████▎     | 2339/5360 [03:35<03:28, 14.47it/s] 44%|████▎     | 2341/5360 [03:35<03:26, 14.61it/s] 44%|████▎     | 2344/5360 [03:36<03:01, 16.66it/s] 44%|████▍     | 2346/5360 [03:36<02:55, 17.18it/s] 44%|████▍     | 2348/5360 [03:36<02:56, 17.10it/s] 44%|████▍     | 2350/5360 [03:36<03:00, 16.70it/s] 44%|████▍     | 2352/5360 [03:36<02:57, 16.97it/s] 44%|████▍     | 2354/5360 [03:36<03:15, 15.34it/s] 44%|████▍     | 2356/5360 [03:36<03:27, 14.50it/s] 44%|████▍     | 2358/5360 [03:36<03:35, 13.94it/s] 44%|████▍     | 2360/5360 [03:37<03:47, 13.16it/s] 44%|████▍     | 2362/5360 [03:37<03:54, 12.81it/s] 44%|████▍     | 2364/5360 [03:37<04:09, 12.01it/s] 44%|████▍     | 2366/5360 [03:37<04:08, 12.04it/s] 44%|████▍     | 2368/5360 [03:37<04:21, 11.45it/s] 44%|████▍     | 2370/5360 [03:37<03:55, 12.70it/s] 44%|████▍     | 2372/5360 [03:38<03:35, 13.85it/s] 44%|████▍     | 2374/5360 [03:38<03:35, 13.88it/s] 44%|████▍     | 2376/5360 [03:38<03:29, 14.22it/s] 44%|████▍     | 2378/5360 [03:38<03:43, 13.37it/s] 44%|████▍     | 2380/5360 [03:38<03:50, 12.94it/s] 44%|████▍     | 2382/5360 [03:38<03:40, 13.51it/s] 44%|████▍     | 2384/5360 [03:38<03:26, 14.38it/s] 45%|████▍     | 2386/5360 [03:39<03:22, 14.72it/s] 45%|████▍     | 2388/5360 [03:39<03:30, 14.10it/s] 45%|████▍     | 2390/5360 [03:39<03:29, 14.18it/s] 45%|████▍     | 2392/5360 [03:39<03:39, 13.52it/s] 45%|████▍     | 2394/5360 [03:39<03:23, 14.58it/s] 45%|████▍     | 2396/5360 [03:39<03:30, 14.07it/s] 45%|████▍     | 2398/5360 [03:39<03:38, 13.56it/s] 45%|████▍     | 2400/5360 [03:40<03:48, 12.95it/s] 45%|████▍     | 2402/5360 [03:40<03:54, 12.61it/s] 45%|████▍     | 2404/5360 [03:40<03:41, 13.37it/s] 45%|████▍     | 2406/5360 [03:40<03:54, 12.58it/s] 45%|████▍     | 2408/5360 [03:40<03:56, 12.51it/s] 45%|████▍     | 2410/5360 [03:40<04:14, 11.59it/s] 45%|████▌     | 2412/5360 [03:41<04:20, 11.30it/s] 45%|████▌     | 2414/5360 [03:41<04:00, 12.27it/s] 45%|████▌     | 2416/5360 [03:41<04:25, 11.08it/s] 45%|████▌     | 2418/5360 [03:41<04:23, 11.15it/s] 45%|████▌     | 2420/5360 [03:41<04:12, 11.64it/s] 45%|████▌     | 2422/5360 [03:42<04:25, 11.06it/s] 45%|████▌     | 2424/5360 [03:42<04:26, 11.02it/s] 45%|████▌     | 2426/5360 [03:42<04:11, 11.67it/s] 45%|████▌     | 2428/5360 [03:42<04:13, 11.56it/s] 45%|████▌     | 2430/5360 [03:42<04:21, 11.20it/s] 45%|████▌     | 2432/5360 [03:42<04:22, 11.16it/s] 45%|████▌     | 2434/5360 [03:43<04:17, 11.36it/s] 45%|████▌     | 2436/5360 [03:43<04:28, 10.91it/s] 45%|████▌     | 2438/5360 [03:43<04:20, 11.22it/s] 46%|████▌     | 2440/5360 [03:43<04:25, 11.02it/s] 46%|████▌     | 2442/5360 [03:43<04:41, 10.37it/s] 46%|████▌     | 2444/5360 [03:44<04:37, 10.50it/s] 46%|████▌     | 2446/5360 [03:44<04:44, 10.24it/s] 46%|████▌     | 2448/5360 [03:44<04:28, 10.86it/s] 46%|████▌     | 2450/5360 [03:44<04:30, 10.77it/s] 46%|████▌     | 2452/5360 [03:44<04:34, 10.59it/s] 46%|████▌     | 2454/5360 [03:44<04:38, 10.45it/s] 46%|████▌     | 2456/5360 [03:45<04:27, 10.84it/s] 46%|████▌     | 2458/5360 [03:45<04:36, 10.51it/s] 46%|████▌     | 2460/5360 [03:45<04:37, 10.45it/s] 46%|████▌     | 2462/5360 [03:45<04:44, 10.18it/s] 46%|████▌     | 2464/5360 [03:45<04:25, 10.90it/s] 46%|████▌     | 2466/5360 [03:46<04:33, 10.58it/s] 46%|████▌     | 2468/5360 [03:46<04:38, 10.37it/s] 46%|████▌     | 2470/5360 [03:46<04:49,  9.97it/s] 46%|████▌     | 2472/5360 [03:46<04:52,  9.86it/s] 46%|████▌     | 2473/5360 [03:46<04:53,  9.84it/s] 46%|████▌     | 2475/5360 [03:47<04:51,  9.89it/s] 46%|████▌     | 2477/5360 [03:47<04:46, 10.07it/s] 46%|████▋     | 2479/5360 [03:47<04:44, 10.13it/s] 46%|████▋     | 2481/5360 [03:47<04:38, 10.35it/s] 46%|████▋     | 2483/5360 [03:47<04:50,  9.89it/s] 46%|████▋     | 2484/5360 [03:47<04:53,  9.81it/s] 46%|████▋     | 2485/5360 [03:48<04:56,  9.70it/s] 46%|████▋     | 2487/5360 [03:48<04:51,  9.85it/s] 46%|████▋     | 2488/5360 [03:48<04:54,  9.74it/s] 46%|████▋     | 2489/5360 [03:48<05:07,  9.33it/s] 46%|████▋     | 2490/5360 [03:48<05:03,  9.46it/s] 46%|████▋     | 2491/5360 [03:48<05:21,  8.92it/s] 46%|████▋     | 2492/5360 [03:48<05:23,  8.86it/s] 47%|████▋     | 2493/5360 [03:48<05:20,  8.93it/s] 47%|████▋     | 2494/5360 [03:49<05:17,  9.02it/s] 47%|████▋     | 2495/5360 [03:49<05:14,  9.10it/s] 47%|████▋     | 2496/5360 [03:49<05:14,  9.12it/s] 47%|████▋     | 2497/5360 [03:49<05:13,  9.14it/s] 47%|████▋     | 2498/5360 [03:49<05:21,  8.90it/s] 47%|████▋     | 2499/5360 [03:49<05:14,  9.10it/s] 47%|████▋     | 2501/5360 [03:49<04:50,  9.85it/s] 47%|████▋     | 2502/5360 [03:49<05:19,  8.94it/s] 47%|████▋     | 2503/5360 [03:50<05:15,  9.05it/s] 47%|████▋     | 2504/5360 [03:50<05:13,  9.12it/s] 47%|████▋     | 2505/5360 [03:50<05:09,  9.23it/s] 47%|████▋     | 2507/5360 [03:50<04:31, 10.50it/s] 47%|████▋     | 2509/5360 [03:50<04:41, 10.13it/s] 47%|████▋     | 2511/5360 [03:50<04:56,  9.62it/s] 47%|████▋     | 2512/5360 [03:50<04:54,  9.66it/s] 47%|████▋     | 2513/5360 [03:51<04:53,  9.71it/s] 47%|████▋     | 2515/5360 [03:51<04:43, 10.02it/s] 47%|████▋     | 2517/5360 [03:51<04:40, 10.12it/s] 47%|████▋     | 2519/5360 [03:51<04:44,  9.99it/s] 47%|████▋     | 2521/5360 [03:51<04:46,  9.90it/s] 47%|████▋     | 2522/5360 [03:51<04:58,  9.52it/s] 47%|████▋     | 2523/5360 [03:52<05:18,  8.90it/s] 47%|████▋     | 2524/5360 [03:52<05:15,  8.99it/s] 47%|████▋     | 2525/5360 [03:52<05:30,  8.58it/s] 47%|████▋     | 2526/5360 [03:52<05:46,  8.19it/s] 47%|████▋     | 2527/5360 [03:52<05:50,  8.07it/s] 47%|████▋     | 2528/5360 [03:52<06:05,  7.75it/s] 47%|████▋     | 2529/5360 [03:52<05:54,  7.98it/s] 47%|████▋     | 2530/5360 [03:52<05:51,  8.06it/s] 47%|████▋     | 2532/5360 [03:53<05:36,  8.41it/s] 47%|████▋     | 2534/5360 [03:53<05:20,  8.83it/s] 47%|████▋     | 2536/5360 [03:53<05:11,  9.07it/s] 47%|████▋     | 2537/5360 [03:53<05:06,  9.21it/s] 47%|████▋     | 2538/5360 [03:53<05:14,  8.96it/s] 47%|████▋     | 2540/5360 [03:54<04:46,  9.84it/s] 47%|████▋     | 2541/5360 [03:54<05:02,  9.33it/s] 47%|████▋     | 2542/5360 [03:54<05:13,  8.98it/s] 47%|████▋     | 2544/5360 [03:54<05:05,  9.22it/s] 48%|████▊     | 2546/5360 [03:54<04:49,  9.73it/s] 48%|████▊     | 2548/5360 [03:54<04:44,  9.90it/s] 48%|████▊     | 2549/5360 [03:54<04:59,  9.38it/s] 48%|████▊     | 2551/5360 [03:55<04:56,  9.48it/s] 48%|████▊     | 2553/5360 [03:55<04:43,  9.90it/s] 48%|████▊     | 2554/5360 [03:55<04:48,  9.74it/s] 48%|████▊     | 2556/5360 [03:55<04:41,  9.98it/s] 48%|████▊     | 2558/5360 [03:55<04:37, 10.10it/s] 48%|████▊     | 2560/5360 [03:56<04:28, 10.44it/s] 48%|████▊     | 2562/5360 [03:56<04:32, 10.26it/s] 48%|████▊     | 2564/5360 [03:56<04:37, 10.08it/s] 48%|████▊     | 2566/5360 [03:56<04:34, 10.19it/s] 48%|████▊     | 2568/5360 [03:56<04:54,  9.49it/s] 48%|████▊     | 2569/5360 [03:57<04:59,  9.32it/s] 48%|████▊     | 2570/5360 [03:57<04:57,  9.39it/s] 48%|████▊     | 2572/5360 [03:57<04:42,  9.88it/s] 48%|████▊     | 2573/5360 [03:57<04:41,  9.89it/s] 48%|████▊     | 2575/5360 [03:57<04:16, 10.87it/s] 48%|████▊     | 2577/5360 [03:57<04:15, 10.90it/s] 48%|████▊     | 2579/5360 [03:57<04:09, 11.13it/s] 48%|████▊     | 2581/5360 [03:58<04:10, 11.07it/s] 48%|████▊     | 2583/5360 [03:58<04:07, 11.22it/s] 48%|████▊     | 2585/5360 [03:58<04:11, 11.04it/s] 48%|████▊     | 2587/5360 [03:58<04:26, 10.42it/s] 48%|████▊     | 2589/5360 [03:59<05:34,  8.29it/s] 48%|████▊     | 2590/5360 [03:59<05:35,  8.25it/s] 48%|████▊     | 2591/5360 [03:59<05:41,  8.10it/s] 48%|████▊     | 2592/5360 [03:59<05:31,  8.34it/s] 48%|████▊     | 2594/5360 [03:59<05:04,  9.08it/s] 48%|████▊     | 2596/5360 [03:59<04:46,  9.63it/s] 48%|████▊     | 2598/5360 [03:59<04:37,  9.96it/s] 49%|████▊     | 2600/5360 [04:00<04:27, 10.32it/s] 49%|████▊     | 2602/5360 [04:00<04:33, 10.08it/s] 49%|████▊     | 2604/5360 [04:00<04:21, 10.54it/s] 49%|████▊     | 2606/5360 [04:00<04:22, 10.47it/s] 49%|████▊     | 2608/5360 [04:00<04:27, 10.29it/s] 49%|████▊     | 2610/5360 [04:01<04:27, 10.30it/s] 49%|████▊     | 2612/5360 [04:01<04:18, 10.62it/s] 49%|████▉     | 2614/5360 [04:01<04:30, 10.17it/s] 49%|████▉     | 2616/5360 [04:01<04:16, 10.71it/s] 49%|████▉     | 2618/5360 [04:01<04:08, 11.02it/s] 49%|████▉     | 2620/5360 [04:02<04:12, 10.84it/s] 49%|████▉     | 2622/5360 [04:02<04:13, 10.81it/s] 49%|████▉     | 2624/5360 [04:02<04:21, 10.45it/s] 49%|████▉     | 2626/5360 [04:02<04:09, 10.96it/s] 49%|████▉     | 2628/5360 [04:02<04:15, 10.68it/s] 49%|████▉     | 2630/5360 [04:02<04:17, 10.61it/s] 49%|████▉     | 2632/5360 [04:03<04:15, 10.70it/s] 49%|████▉     | 2634/5360 [04:03<04:26, 10.25it/s] 49%|████▉     | 2636/5360 [04:03<04:42,  9.65it/s] 49%|████▉     | 2638/5360 [04:03<04:39,  9.75it/s] 49%|████▉     | 2640/5360 [04:03<04:36,  9.83it/s] 49%|████▉     | 2641/5360 [04:04<04:43,  9.58it/s] 49%|████▉     | 2643/5360 [04:04<04:25, 10.24it/s] 49%|████▉     | 2645/5360 [04:04<04:28, 10.10it/s] 49%|████▉     | 2647/5360 [04:04<04:04, 11.11it/s] 49%|████▉     | 2649/5360 [04:04<04:13, 10.70it/s] 49%|████▉     | 2651/5360 [04:05<04:21, 10.37it/s] 49%|████▉     | 2653/5360 [04:05<04:43,  9.56it/s] 50%|████▉     | 2654/5360 [04:05<04:48,  9.39it/s] 50%|████▉     | 2655/5360 [04:05<04:54,  9.17it/s] 50%|████▉     | 2656/5360 [04:05<04:55,  9.16it/s] 50%|████▉     | 2658/5360 [04:05<05:03,  8.91it/s] 50%|████▉     | 2659/5360 [04:05<05:01,  8.95it/s] 50%|████▉     | 2660/5360 [04:06<05:05,  8.82it/s] 50%|████▉     | 2661/5360 [04:06<05:05,  8.83it/s] 50%|████▉     | 2662/5360 [04:06<05:01,  8.95it/s] 50%|████▉     | 2663/5360 [04:06<04:56,  9.08it/s] 50%|████▉     | 2664/5360 [04:06<04:59,  9.02it/s] 50%|████▉     | 2665/5360 [04:06<04:54,  9.17it/s] 50%|████▉     | 2666/5360 [04:06<05:03,  8.87it/s] 50%|████▉     | 2667/5360 [04:06<05:15,  8.53it/s] 50%|████▉     | 2669/5360 [04:07<05:09,  8.69it/s] 50%|████▉     | 2670/5360 [04:07<05:03,  8.85it/s] 50%|████▉     | 2671/5360 [04:07<05:04,  8.83it/s] 50%|████▉     | 2672/5360 [04:07<05:02,  8.89it/s] 50%|████▉     | 2673/5360 [04:07<05:00,  8.95it/s] 50%|████▉     | 2674/5360 [04:07<04:59,  8.98it/s] 50%|████▉     | 2675/5360 [04:07<04:59,  8.97it/s] 50%|████▉     | 2676/5360 [04:07<05:00,  8.94it/s] 50%|████▉     | 2677/5360 [04:07<04:56,  9.06it/s] 50%|████▉     | 2678/5360 [04:08<04:55,  9.06it/s] 50%|████▉     | 2679/5360 [04:08<05:07,  8.72it/s] 50%|█████     | 2680/5360 [04:08<05:09,  8.67it/s] 50%|█████     | 2681/5360 [04:08<05:12,  8.58it/s] 50%|█████     | 2682/5360 [04:08<05:08,  8.67it/s] 50%|█████     | 2683/5360 [04:08<05:11,  8.60it/s] 50%|█████     | 2684/5360 [04:08<05:02,  8.85it/s] 50%|█████     | 2685/5360 [04:08<04:57,  8.98it/s] 50%|█████     | 2686/5360 [04:09<04:57,  8.97it/s] 50%|█████     | 2687/5360 [04:09<05:13,  8.54it/s] 50%|█████     | 2689/5360 [04:09<05:02,  8.83it/s] 50%|█████     | 2690/5360 [04:09<05:10,  8.59it/s] 50%|█████     | 2691/5360 [04:09<05:07,  8.69it/s] 50%|█████     | 2693/5360 [04:09<05:15,  8.45it/s] 50%|█████     | 2694/5360 [04:09<05:17,  8.39it/s] 50%|█████     | 2695/5360 [04:10<05:06,  8.70it/s] 50%|█████     | 2697/5360 [04:10<04:59,  8.88it/s] 50%|█████     | 2698/5360 [04:10<05:04,  8.73it/s] 50%|█████     | 2699/5360 [04:10<05:09,  8.59it/s] 50%|█████     | 2700/5360 [04:10<05:11,  8.55it/s] 50%|█████     | 2701/5360 [04:10<05:06,  8.67it/s] 50%|█████     | 2702/5360 [04:10<04:59,  8.88it/s] 50%|█████     | 2703/5360 [04:10<05:04,  8.73it/s] 50%|█████     | 2705/5360 [04:11<05:12,  8.49it/s] 50%|█████     | 2706/5360 [04:11<05:12,  8.49it/s] 51%|█████     | 2707/5360 [04:11<05:38,  7.84it/s] 51%|█████     | 2708/5360 [04:11<05:30,  8.03it/s] 51%|█████     | 2709/5360 [04:11<05:22,  8.22it/s] 51%|█████     | 2710/5360 [04:11<05:19,  8.30it/s] 51%|█████     | 2711/5360 [04:11<05:05,  8.68it/s] 51%|█████     | 2712/5360 [04:12<05:02,  8.76it/s] 51%|█████     | 2713/5360 [04:12<04:55,  8.96it/s] 51%|█████     | 2714/5360 [04:12<05:18,  8.32it/s] 51%|█████     | 2715/5360 [04:12<05:29,  8.02it/s] 51%|█████     | 2716/5360 [04:12<05:50,  7.54it/s] 51%|█████     | 2718/5360 [04:12<05:08,  8.55it/s] 51%|█████     | 2719/5360 [04:12<05:11,  8.47it/s] 51%|█████     | 2720/5360 [04:13<05:20,  8.23it/s] 51%|█████     | 2721/5360 [04:13<05:12,  8.45it/s] 51%|█████     | 2722/5360 [04:13<05:01,  8.75it/s] 51%|█████     | 2723/5360 [04:13<05:00,  8.78it/s] 51%|█████     | 2724/5360 [04:13<05:09,  8.51it/s] 51%|█████     | 2725/5360 [04:13<05:05,  8.62it/s] 51%|█████     | 2726/5360 [04:13<05:16,  8.33it/s] 51%|█████     | 2728/5360 [04:13<04:50,  9.07it/s] 51%|█████     | 2729/5360 [04:14<05:09,  8.49it/s] 51%|█████     | 2731/5360 [04:14<04:37,  9.49it/s] 51%|█████     | 2732/5360 [04:14<04:41,  9.35it/s] 51%|█████     | 2733/5360 [04:14<04:51,  9.03it/s] 51%|█████     | 2734/5360 [04:14<04:45,  9.20it/s] 51%|█████     | 2735/5360 [04:14<04:42,  9.30it/s] 51%|█████     | 2736/5360 [04:14<04:47,  9.12it/s] 51%|█████     | 2737/5360 [04:14<04:47,  9.11it/s] 51%|█████     | 2739/5360 [04:15<04:41,  9.32it/s] 51%|█████     | 2740/5360 [04:15<04:40,  9.33it/s] 51%|█████     | 2742/5360 [04:15<04:45,  9.16it/s] 51%|█████     | 2743/5360 [04:15<04:46,  9.14it/s] 51%|█████     | 2744/5360 [04:15<04:49,  9.04it/s] 51%|█████     | 2745/5360 [04:15<04:56,  8.81it/s] 51%|█████     | 2746/5360 [04:15<05:26,  8.00it/s] 51%|█████▏    | 2747/5360 [04:16<05:29,  7.93it/s] 51%|█████▏    | 2748/5360 [04:16<05:49,  7.48it/s] 51%|█████▏    | 2749/5360 [04:16<05:39,  7.69it/s] 51%|█████▏    | 2750/5360 [04:16<05:22,  8.10it/s] 51%|█████▏    | 2752/5360 [04:16<05:00,  8.68it/s] 51%|█████▏    | 2753/5360 [04:16<05:08,  8.44it/s] 51%|█████▏    | 2755/5360 [04:17<04:48,  9.03it/s] 51%|█████▏    | 2756/5360 [04:17<05:19,  8.16it/s] 51%|█████▏    | 2757/5360 [04:17<05:05,  8.51it/s] 51%|█████▏    | 2759/5360 [04:17<04:47,  9.05it/s] 51%|█████▏    | 2760/5360 [04:17<04:44,  9.14it/s] 52%|█████▏    | 2762/5360 [04:17<04:25,  9.77it/s] 52%|█████▏    | 2763/5360 [04:17<04:26,  9.76it/s] 52%|█████▏    | 2764/5360 [04:18<04:55,  8.78it/s] 52%|█████▏    | 2766/5360 [04:18<04:54,  8.80it/s] 52%|█████▏    | 2768/5360 [04:18<04:44,  9.12it/s] 52%|█████▏    | 2769/5360 [04:18<04:40,  9.24it/s] 52%|█████▏    | 2770/5360 [04:18<04:40,  9.25it/s] 52%|█████▏    | 2771/5360 [04:18<04:39,  9.27it/s] 52%|█████▏    | 2772/5360 [04:18<04:37,  9.33it/s] 52%|█████▏    | 2773/5360 [04:18<04:39,  9.26it/s] 52%|█████▏    | 2774/5360 [04:19<04:38,  9.27it/s] 52%|█████▏    | 2775/5360 [04:19<04:38,  9.27it/s] 52%|█████▏    | 2776/5360 [04:19<04:41,  9.18it/s] 52%|█████▏    | 2777/5360 [04:19<04:39,  9.25it/s] 52%|█████▏    | 2779/5360 [04:19<04:24,  9.75it/s] 52%|█████▏    | 2780/5360 [04:19<04:38,  9.27it/s] 52%|█████▏    | 2781/5360 [04:19<04:35,  9.35it/s] 52%|█████▏    | 2782/5360 [04:19<04:32,  9.47it/s] 52%|█████▏    | 2783/5360 [04:20<04:28,  9.59it/s] 52%|█████▏    | 2785/5360 [04:20<04:00, 10.71it/s] 52%|█████▏    | 2787/5360 [04:20<04:08, 10.37it/s] 52%|█████▏    | 2789/5360 [04:20<04:09, 10.29it/s] 52%|█████▏    | 2791/5360 [04:20<04:16, 10.03it/s] 52%|█████▏    | 2793/5360 [04:20<04:08, 10.33it/s] 52%|█████▏    | 2795/5360 [04:21<04:01, 10.62it/s] 52%|█████▏    | 2797/5360 [04:21<03:54, 10.92it/s] 52%|█████▏    | 2799/5360 [04:21<03:53, 10.96it/s] 52%|█████▏    | 2801/5360 [04:21<03:51, 11.06it/s] 52%|█████▏    | 2803/5360 [04:21<03:45, 11.33it/s] 52%|█████▏    | 2805/5360 [04:22<03:59, 10.65it/s] 52%|█████▏    | 2807/5360 [04:22<04:03, 10.49it/s] 52%|█████▏    | 2809/5360 [04:22<04:18,  9.86it/s] 52%|█████▏    | 2810/5360 [04:22<04:27,  9.53it/s] 52%|█████▏    | 2811/5360 [04:22<04:37,  9.18it/s] 52%|█████▏    | 2812/5360 [04:22<04:44,  8.96it/s] 52%|█████▏    | 2813/5360 [04:22<04:48,  8.84it/s] 52%|█████▎    | 2814/5360 [04:23<04:58,  8.52it/s] 53%|█████▎    | 2815/5360 [04:23<04:49,  8.78it/s] 53%|█████▎    | 2816/5360 [04:23<04:59,  8.49it/s] 53%|█████▎    | 2817/5360 [04:23<04:46,  8.87it/s] 53%|█████▎    | 2818/5360 [04:23<04:37,  9.15it/s] 53%|█████▎    | 2819/5360 [04:23<04:36,  9.19it/s] 53%|█████▎    | 2820/5360 [04:23<04:33,  9.29it/s] 53%|█████▎    | 2822/5360 [04:23<03:56, 10.73it/s] 53%|█████▎    | 2824/5360 [04:24<03:57, 10.67it/s] 53%|█████▎    | 2826/5360 [04:24<04:03, 10.42it/s] 53%|█████▎    | 2828/5360 [04:24<04:05, 10.31it/s] 53%|█████▎    | 2830/5360 [04:24<04:04, 10.34it/s] 53%|█████▎    | 2832/5360 [04:24<04:11, 10.06it/s] 53%|█████▎    | 2834/5360 [04:25<04:00, 10.52it/s] 53%|█████▎    | 2836/5360 [04:25<03:53, 10.83it/s] 53%|█████▎    | 2838/5360 [04:25<03:57, 10.60it/s] 53%|█████▎    | 2840/5360 [04:25<03:53, 10.77it/s] 53%|█████▎    | 2842/5360 [04:25<03:55, 10.71it/s] 53%|█████▎    | 2844/5360 [04:25<03:53, 10.75it/s] 53%|█████▎    | 2846/5360 [04:26<03:56, 10.62it/s] 53%|█████▎    | 2848/5360 [04:26<03:52, 10.82it/s] 53%|█████▎    | 2850/5360 [04:26<03:58, 10.52it/s] 53%|█████▎    | 2852/5360 [04:26<03:45, 11.12it/s] 53%|█████▎    | 2854/5360 [04:26<03:49, 10.94it/s] 53%|█████▎    | 2856/5360 [04:27<03:50, 10.85it/s] 53%|█████▎    | 2858/5360 [04:27<03:49, 10.91it/s] 53%|█████▎    | 2860/5360 [04:27<03:40, 11.34it/s] 53%|█████▎    | 2862/5360 [04:27<03:46, 11.05it/s] 53%|█████▎    | 2864/5360 [04:27<03:41, 11.29it/s] 53%|█████▎    | 2866/5360 [04:28<03:47, 10.95it/s] 54%|█████▎    | 2868/5360 [04:28<03:36, 11.54it/s] 54%|█████▎    | 2870/5360 [04:28<03:45, 11.03it/s] 54%|█████▎    | 2872/5360 [04:28<03:44, 11.08it/s] 54%|█████▎    | 2874/5360 [04:28<03:54, 10.59it/s] 54%|█████▎    | 2876/5360 [04:28<04:02, 10.23it/s] 54%|█████▎    | 2878/5360 [04:29<04:19,  9.55it/s] 54%|█████▎    | 2880/5360 [04:29<04:18,  9.60it/s] 54%|█████▍    | 2881/5360 [04:29<04:18,  9.60it/s] 54%|█████▍    | 2882/5360 [04:29<04:21,  9.48it/s] 54%|█████▍    | 2883/5360 [04:29<04:22,  9.43it/s] 54%|█████▍    | 2885/5360 [04:29<04:15,  9.70it/s] 54%|█████▍    | 2886/5360 [04:30<04:28,  9.23it/s] 54%|█████▍    | 2887/5360 [04:30<04:41,  8.77it/s] 54%|█████▍    | 2888/5360 [04:30<04:47,  8.59it/s] 54%|█████▍    | 2889/5360 [04:30<04:42,  8.74it/s] 54%|█████▍    | 2891/5360 [04:30<04:37,  8.88it/s] 54%|█████▍    | 2893/5360 [04:30<04:57,  8.29it/s] 54%|█████▍    | 2894/5360 [04:31<04:55,  8.35it/s] 54%|█████▍    | 2895/5360 [04:31<04:52,  8.42it/s] 54%|█████▍    | 2896/5360 [04:31<04:48,  8.53it/s] 54%|█████▍    | 2898/5360 [04:31<04:52,  8.42it/s] 54%|█████▍    | 2899/5360 [04:31<04:44,  8.64it/s] 54%|█████▍    | 2901/5360 [04:31<04:44,  8.63it/s] 54%|█████▍    | 2902/5360 [04:31<04:56,  8.29it/s] 54%|█████▍    | 2903/5360 [04:32<04:51,  8.42it/s] 54%|█████▍    | 2904/5360 [04:32<04:42,  8.70it/s] 54%|█████▍    | 2905/5360 [04:32<04:46,  8.57it/s] 54%|█████▍    | 2906/5360 [04:32<04:48,  8.51it/s] 54%|█████▍    | 2907/5360 [04:32<04:43,  8.64it/s] 54%|█████▍    | 2908/5360 [04:32<04:55,  8.30it/s] 54%|█████▍    | 2909/5360 [04:32<05:01,  8.14it/s] 54%|█████▍    | 2910/5360 [04:32<04:54,  8.31it/s] 54%|█████▍    | 2911/5360 [04:33<04:43,  8.64it/s] 54%|█████▍    | 2913/5360 [04:33<04:40,  8.72it/s] 54%|█████▍    | 2914/5360 [04:33<04:39,  8.77it/s] 54%|█████▍    | 2915/5360 [04:33<04:38,  8.77it/s] 54%|█████▍    | 2916/5360 [04:33<04:35,  8.87it/s] 54%|█████▍    | 2917/5360 [04:33<04:35,  8.87it/s] 54%|█████▍    | 2918/5360 [04:33<04:32,  8.96it/s] 54%|█████▍    | 2919/5360 [04:33<04:40,  8.70it/s] 54%|█████▍    | 2920/5360 [04:34<04:38,  8.77it/s] 54%|█████▍    | 2921/5360 [04:34<04:43,  8.60it/s] 55%|█████▍    | 2922/5360 [04:34<04:56,  8.22it/s] 55%|█████▍    | 2923/5360 [04:34<04:54,  8.28it/s] 55%|█████▍    | 2924/5360 [04:34<04:49,  8.42it/s] 55%|█████▍    | 2925/5360 [04:34<04:36,  8.81it/s] 55%|█████▍    | 2927/5360 [04:34<04:27,  9.10it/s] 55%|█████▍    | 2928/5360 [04:34<04:52,  8.32it/s] 55%|█████▍    | 2929/5360 [04:35<05:01,  8.06it/s] 55%|█████▍    | 2930/5360 [04:35<04:56,  8.21it/s] 55%|█████▍    | 2931/5360 [04:35<04:45,  8.50it/s] 55%|█████▍    | 2932/5360 [04:35<04:39,  8.68it/s] 55%|█████▍    | 2933/5360 [04:35<04:41,  8.63it/s] 55%|█████▍    | 2934/5360 [04:35<04:51,  8.32it/s] 55%|█████▍    | 2935/5360 [04:35<04:48,  8.40it/s] 55%|█████▍    | 2937/5360 [04:36<04:44,  8.52it/s] 55%|█████▍    | 2938/5360 [04:36<04:34,  8.82it/s] 55%|█████▍    | 2939/5360 [04:36<04:37,  8.72it/s] 55%|█████▍    | 2940/5360 [04:36<04:38,  8.69it/s] 55%|█████▍    | 2941/5360 [04:36<04:40,  8.61it/s] 55%|█████▍    | 2942/5360 [04:36<04:44,  8.51it/s] 55%|█████▍    | 2943/5360 [04:36<04:34,  8.80it/s] 55%|█████▍    | 2944/5360 [04:36<04:29,  8.97it/s] 55%|█████▍    | 2945/5360 [04:36<04:28,  8.98it/s] 55%|█████▍    | 2946/5360 [04:37<04:21,  9.23it/s] 55%|█████▍    | 2947/5360 [04:37<04:32,  8.86it/s] 55%|█████▌    | 2949/5360 [04:37<04:33,  8.83it/s] 55%|█████▌    | 2950/5360 [04:37<04:32,  8.84it/s] 55%|█████▌    | 2951/5360 [04:37<04:41,  8.55it/s] 55%|█████▌    | 2952/5360 [04:37<04:54,  8.19it/s] 55%|█████▌    | 2953/5360 [04:37<04:42,  8.52it/s] 55%|█████▌    | 2954/5360 [04:37<04:45,  8.42it/s] 55%|█████▌    | 2955/5360 [04:38<04:35,  8.73it/s] 55%|█████▌    | 2956/5360 [04:38<04:28,  8.94it/s] 55%|█████▌    | 2958/5360 [04:38<04:20,  9.23it/s] 55%|█████▌    | 2960/5360 [04:38<04:09,  9.64it/s] 55%|█████▌    | 2961/5360 [04:38<04:11,  9.54it/s] 55%|█████▌    | 2962/5360 [04:38<04:23,  9.12it/s] 55%|█████▌    | 2963/5360 [04:38<04:24,  9.07it/s] 55%|█████▌    | 2964/5360 [04:39<04:18,  9.26it/s] 55%|█████▌    | 2966/5360 [04:39<04:07,  9.68it/s] 55%|█████▌    | 2967/5360 [04:39<04:10,  9.54it/s] 55%|█████▌    | 2968/5360 [04:39<04:22,  9.10it/s] 55%|█████▌    | 2969/5360 [04:39<04:19,  9.22it/s] 55%|█████▌    | 2970/5360 [04:39<04:23,  9.06it/s] 55%|█████▌    | 2972/5360 [04:39<04:35,  8.68it/s] 55%|█████▌    | 2973/5360 [04:40<04:38,  8.58it/s] 55%|█████▌    | 2974/5360 [04:40<05:28,  7.26it/s] 56%|█████▌    | 2975/5360 [04:40<05:49,  6.83it/s] 56%|█████▌    | 2976/5360 [04:40<05:45,  6.91it/s] 56%|█████▌    | 2977/5360 [04:40<05:20,  7.44it/s] 56%|█████▌    | 2979/5360 [04:40<04:33,  8.70it/s] 56%|█████▌    | 2981/5360 [04:41<04:17,  9.25it/s] 56%|█████▌    | 2983/5360 [04:41<04:05,  9.69it/s] 56%|█████▌    | 2985/5360 [04:41<03:49, 10.35it/s] 56%|█████▌    | 2987/5360 [04:41<04:00,  9.87it/s] 56%|█████▌    | 2989/5360 [04:41<03:55, 10.07it/s] 56%|█████▌    | 2991/5360 [04:42<03:56, 10.01it/s] 56%|█████▌    | 2993/5360 [04:42<03:56,  9.99it/s] 56%|█████▌    | 2995/5360 [04:42<03:58,  9.93it/s] 56%|█████▌    | 2996/5360 [04:42<04:08,  9.50it/s] 56%|█████▌    | 2997/5360 [04:42<04:09,  9.47it/s] 56%|█████▌    | 2998/5360 [04:42<04:11,  9.41it/s] 56%|█████▌    | 2999/5360 [04:42<04:18,  9.14it/s] 56%|█████▌    | 3000/5360 [04:43<04:25,  8.88it/s] 56%|█████▌    | 3001/5360 [04:43<04:22,  8.98it/s] 56%|█████▌    | 3003/5360 [04:43<03:38, 10.78it/s] 56%|█████▌    | 3005/5360 [04:43<03:46, 10.42it/s] 56%|█████▌    | 3007/5360 [04:43<03:40, 10.68it/s] 56%|█████▌    | 3009/5360 [04:43<03:40, 10.64it/s] 56%|█████▌    | 3011/5360 [04:43<03:31, 11.12it/s] 56%|█████▌    | 3013/5360 [04:44<03:38, 10.75it/s] 56%|█████▋    | 3015/5360 [04:44<03:28, 11.25it/s] 56%|█████▋    | 3017/5360 [04:44<03:46, 10.36it/s] 56%|█████▋    | 3019/5360 [04:44<04:00,  9.75it/s] 56%|█████▋    | 3021/5360 [04:45<04:00,  9.71it/s] 56%|█████▋    | 3023/5360 [04:45<03:49, 10.17it/s] 56%|█████▋    | 3025/5360 [04:45<03:54,  9.97it/s] 56%|█████▋    | 3027/5360 [04:45<03:39, 10.65it/s] 57%|█████▋    | 3029/5360 [04:45<03:38, 10.67it/s] 57%|█████▋    | 3031/5360 [04:45<03:39, 10.63it/s] 57%|█████▋    | 3033/5360 [04:46<03:39, 10.61it/s] 57%|█████▋    | 3035/5360 [04:46<03:29, 11.08it/s] 57%|█████▋    | 3037/5360 [04:46<03:50, 10.08it/s] 57%|█████▋    | 3039/5360 [04:46<03:38, 10.61it/s] 57%|█████▋    | 3041/5360 [04:46<03:39, 10.56it/s] 57%|█████▋    | 3043/5360 [04:47<03:30, 11.00it/s] 57%|█████▋    | 3045/5360 [04:47<03:36, 10.71it/s] 57%|█████▋    | 3047/5360 [04:47<03:39, 10.55it/s] 57%|█████▋    | 3049/5360 [04:47<03:38, 10.60it/s] 57%|█████▋    | 3051/5360 [04:47<03:30, 10.96it/s] 57%|█████▋    | 3053/5360 [04:47<03:25, 11.21it/s] 57%|█████▋    | 3055/5360 [04:48<03:32, 10.84it/s] 57%|█████▋    | 3057/5360 [04:48<03:47, 10.11it/s] 57%|█████▋    | 3059/5360 [04:48<04:05,  9.38it/s] 57%|█████▋    | 3061/5360 [04:48<04:07,  9.28it/s] 57%|█████▋    | 3062/5360 [04:48<04:06,  9.32it/s] 57%|█████▋    | 3064/5360 [04:49<03:47, 10.11it/s] 57%|█████▋    | 3066/5360 [04:49<03:54,  9.76it/s] 57%|█████▋    | 3068/5360 [04:49<03:48, 10.04it/s] 57%|█████▋    | 3070/5360 [04:49<03:34, 10.69it/s] 57%|█████▋    | 3072/5360 [04:49<03:51,  9.90it/s] 57%|█████▋    | 3074/5360 [04:50<03:44, 10.19it/s] 57%|█████▋    | 3076/5360 [04:50<03:35, 10.61it/s] 57%|█████▋    | 3078/5360 [04:50<03:46, 10.05it/s] 57%|█████▋    | 3080/5360 [04:50<03:47, 10.04it/s] 57%|█████▊    | 3082/5360 [04:50<03:45, 10.09it/s] 58%|█████▊    | 3084/5360 [04:51<03:51,  9.81it/s] 58%|█████▊    | 3085/5360 [04:51<03:55,  9.67it/s] 58%|█████▊    | 3086/5360 [04:51<03:54,  9.69it/s] 58%|█████▊    | 3088/5360 [04:51<03:58,  9.52it/s] 58%|█████▊    | 3089/5360 [04:51<04:02,  9.38it/s] 58%|█████▊    | 3090/5360 [04:51<04:01,  9.39it/s] 58%|█████▊    | 3091/5360 [04:51<04:03,  9.30it/s] 58%|█████▊    | 3092/5360 [04:52<04:05,  9.24it/s] 58%|█████▊    | 3093/5360 [04:52<04:01,  9.39it/s] 58%|█████▊    | 3094/5360 [04:52<04:13,  8.94it/s] 58%|█████▊    | 3096/5360 [04:52<03:48,  9.90it/s] 58%|█████▊    | 3098/5360 [04:52<04:09,  9.05it/s] 58%|█████▊    | 3100/5360 [04:52<04:03,  9.27it/s] 58%|█████▊    | 3101/5360 [04:52<04:04,  9.23it/s] 58%|█████▊    | 3102/5360 [04:53<04:02,  9.31it/s] 58%|█████▊    | 3103/5360 [04:53<04:07,  9.12it/s] 58%|█████▊    | 3104/5360 [04:53<04:12,  8.93it/s] 58%|█████▊    | 3105/5360 [04:53<04:15,  8.83it/s] 58%|█████▊    | 3106/5360 [04:53<04:12,  8.94it/s] 58%|█████▊    | 3107/5360 [04:53<04:06,  9.16it/s] 58%|█████▊    | 3108/5360 [04:53<04:01,  9.34it/s] 58%|█████▊    | 3110/5360 [04:53<03:52,  9.67it/s] 58%|█████▊    | 3112/5360 [04:54<03:54,  9.60it/s] 58%|█████▊    | 3113/5360 [04:54<04:05,  9.16it/s] 58%|█████▊    | 3114/5360 [04:54<04:01,  9.30it/s] 58%|█████▊    | 3116/5360 [04:54<03:55,  9.54it/s] 58%|█████▊    | 3117/5360 [04:54<04:06,  9.11it/s] 58%|█████▊    | 3118/5360 [04:54<04:14,  8.80it/s] 58%|█████▊    | 3119/5360 [04:54<04:12,  8.88it/s] 58%|█████▊    | 3120/5360 [04:55<04:30,  8.28it/s] 58%|█████▊    | 3121/5360 [04:55<04:37,  8.07it/s] 58%|█████▊    | 3122/5360 [04:55<04:27,  8.36it/s] 58%|█████▊    | 3124/5360 [04:55<04:22,  8.53it/s] 58%|█████▊    | 3125/5360 [04:55<04:25,  8.41it/s] 58%|█████▊    | 3126/5360 [04:55<04:20,  8.58it/s] 58%|█████▊    | 3127/5360 [04:55<04:43,  7.87it/s] 58%|█████▊    | 3128/5360 [04:56<04:38,  8.01it/s] 58%|█████▊    | 3129/5360 [04:56<04:23,  8.47it/s] 58%|█████▊    | 3130/5360 [04:56<04:27,  8.34it/s] 58%|█████▊    | 3131/5360 [04:56<04:27,  8.33it/s] 58%|█████▊    | 3132/5360 [04:56<04:18,  8.61it/s] 58%|█████▊    | 3133/5360 [04:56<04:20,  8.56it/s] 58%|█████▊    | 3134/5360 [04:56<04:24,  8.42it/s] 58%|█████▊    | 3135/5360 [04:56<04:20,  8.55it/s] 59%|█████▊    | 3136/5360 [04:56<04:13,  8.78it/s] 59%|█████▊    | 3137/5360 [04:57<04:13,  8.76it/s] 59%|█████▊    | 3138/5360 [04:57<04:14,  8.74it/s] 59%|█████▊    | 3140/5360 [04:57<04:09,  8.88it/s] 59%|█████▊    | 3141/5360 [04:57<04:16,  8.64it/s] 59%|█████▊    | 3142/5360 [04:57<04:08,  8.91it/s] 59%|█████▊    | 3143/5360 [04:57<04:10,  8.84it/s] 59%|█████▊    | 3144/5360 [04:57<04:20,  8.49it/s] 59%|█████▊    | 3145/5360 [04:58<04:24,  8.36it/s] 59%|█████▊    | 3146/5360 [04:58<04:28,  8.24it/s] 59%|█████▊    | 3147/5360 [04:58<04:22,  8.42it/s] 59%|█████▊    | 3148/5360 [04:58<04:21,  8.47it/s] 59%|█████▉    | 3149/5360 [04:58<04:15,  8.64it/s] 59%|█████▉    | 3151/5360 [04:58<04:11,  8.80it/s] 59%|█████▉    | 3152/5360 [04:58<04:10,  8.82it/s] 59%|█████▉    | 3153/5360 [04:58<04:09,  8.86it/s] 59%|█████▉    | 3154/5360 [04:59<04:16,  8.61it/s] 59%|█████▉    | 3155/5360 [04:59<04:11,  8.77it/s] 59%|█████▉    | 3156/5360 [04:59<04:32,  8.08it/s] 59%|█████▉    | 3157/5360 [04:59<04:26,  8.28it/s] 59%|█████▉    | 3158/5360 [04:59<04:19,  8.49it/s] 59%|█████▉    | 3159/5360 [04:59<04:22,  8.40it/s] 59%|█████▉    | 3160/5360 [04:59<04:21,  8.40it/s] 59%|█████▉    | 3161/5360 [04:59<04:19,  8.46it/s] 59%|█████▉    | 3162/5360 [05:00<04:37,  7.93it/s] 59%|█████▉    | 3163/5360 [05:00<04:25,  8.26it/s] 59%|█████▉    | 3165/5360 [05:00<03:37, 10.09it/s] 59%|█████▉    | 3166/5360 [05:00<03:46,  9.70it/s] 59%|█████▉    | 3167/5360 [05:00<03:46,  9.69it/s] 59%|█████▉    | 3169/5360 [05:00<03:43,  9.80it/s] 59%|█████▉    | 3170/5360 [05:00<03:47,  9.62it/s] 59%|█████▉    | 3172/5360 [05:01<03:35, 10.13it/s] 59%|█████▉    | 3173/5360 [05:01<03:38,  9.99it/s] 59%|█████▉    | 3174/5360 [05:01<03:42,  9.81it/s] 59%|█████▉    | 3175/5360 [05:01<03:46,  9.64it/s] 59%|█████▉    | 3176/5360 [05:01<03:51,  9.43it/s] 59%|█████▉    | 3177/5360 [05:01<03:51,  9.42it/s] 59%|█████▉    | 3178/5360 [05:01<03:52,  9.40it/s] 59%|█████▉    | 3180/5360 [05:01<03:50,  9.45it/s] 59%|█████▉    | 3181/5360 [05:01<03:55,  9.27it/s] 59%|█████▉    | 3182/5360 [05:02<04:04,  8.90it/s] 59%|█████▉    | 3183/5360 [05:02<04:08,  8.75it/s] 59%|█████▉    | 3184/5360 [05:02<04:12,  8.62it/s] 59%|█████▉    | 3185/5360 [05:02<04:21,  8.33it/s] 59%|█████▉    | 3186/5360 [05:02<04:09,  8.72it/s] 59%|█████▉    | 3187/5360 [05:02<04:27,  8.12it/s] 59%|█████▉    | 3188/5360 [05:02<04:18,  8.42it/s] 59%|█████▉    | 3189/5360 [05:02<04:08,  8.75it/s] 60%|█████▉    | 3191/5360 [05:03<03:42,  9.73it/s] 60%|█████▉    | 3192/5360 [05:03<03:51,  9.38it/s] 60%|█████▉    | 3194/5360 [05:03<03:25, 10.54it/s] 60%|█████▉    | 3196/5360 [05:03<03:20, 10.79it/s] 60%|█████▉    | 3198/5360 [05:03<03:28, 10.35it/s] 60%|█████▉    | 3200/5360 [05:03<03:23, 10.60it/s] 60%|█████▉    | 3202/5360 [05:04<03:17, 10.95it/s] 60%|█████▉    | 3204/5360 [05:04<03:12, 11.18it/s] 60%|█████▉    | 3206/5360 [05:04<03:22, 10.66it/s] 60%|█████▉    | 3208/5360 [05:04<03:23, 10.58it/s] 60%|█████▉    | 3210/5360 [05:04<03:26, 10.41it/s] 60%|█████▉    | 3212/5360 [05:05<03:14, 11.06it/s] 60%|█████▉    | 3214/5360 [05:05<03:29, 10.23it/s] 60%|██████    | 3216/5360 [05:05<03:34, 10.00it/s] 60%|██████    | 3218/5360 [05:05<03:34,  9.99it/s] 60%|██████    | 3220/5360 [05:05<03:18, 10.79it/s] 60%|██████    | 3222/5360 [05:05<03:04, 11.59it/s] 60%|██████    | 3224/5360 [05:06<02:56, 12.11it/s] 60%|██████    | 3226/5360 [05:06<02:58, 11.93it/s] 60%|██████    | 3228/5360 [05:06<02:58, 11.92it/s] 60%|██████    | 3230/5360 [05:06<03:12, 11.08it/s] 60%|██████    | 3232/5360 [05:06<03:17, 10.78it/s] 60%|██████    | 3234/5360 [05:07<03:19, 10.65it/s] 60%|██████    | 3236/5360 [05:07<03:03, 11.55it/s] 60%|██████    | 3238/5360 [05:07<03:00, 11.75it/s] 60%|██████    | 3240/5360 [05:07<02:52, 12.26it/s] 60%|██████    | 3242/5360 [05:07<02:50, 12.45it/s] 61%|██████    | 3244/5360 [05:07<02:51, 12.36it/s] 61%|██████    | 3246/5360 [05:08<02:50, 12.38it/s] 61%|██████    | 3248/5360 [05:08<02:54, 12.14it/s] 61%|██████    | 3250/5360 [05:08<02:46, 12.65it/s] 61%|██████    | 3252/5360 [05:08<02:40, 13.10it/s] 61%|██████    | 3254/5360 [05:08<02:38, 13.27it/s] 61%|██████    | 3256/5360 [05:08<02:41, 13.02it/s] 61%|██████    | 3258/5360 [05:08<02:35, 13.55it/s] 61%|██████    | 3260/5360 [05:09<02:43, 12.85it/s] 61%|██████    | 3262/5360 [05:09<02:47, 12.53it/s] 61%|██████    | 3264/5360 [05:09<02:50, 12.26it/s] 61%|██████    | 3266/5360 [05:09<02:54, 12.00it/s] 61%|██████    | 3268/5360 [05:09<02:47, 12.49it/s] 61%|██████    | 3270/5360 [05:09<02:59, 11.62it/s] 61%|██████    | 3272/5360 [05:10<03:07, 11.12it/s] 61%|██████    | 3274/5360 [05:10<03:15, 10.69it/s] 61%|██████    | 3276/5360 [05:10<02:57, 11.71it/s] 61%|██████    | 3278/5360 [05:10<02:55, 11.84it/s] 61%|██████    | 3280/5360 [05:10<02:48, 12.36it/s] 61%|██████    | 3282/5360 [05:10<02:54, 11.93it/s] 61%|██████▏   | 3284/5360 [05:11<02:48, 12.32it/s] 61%|██████▏   | 3286/5360 [05:11<02:56, 11.73it/s] 61%|██████▏   | 3288/5360 [05:11<03:02, 11.36it/s] 61%|██████▏   | 3290/5360 [05:11<03:05, 11.18it/s] 61%|██████▏   | 3292/5360 [05:11<03:09, 10.91it/s] 61%|██████▏   | 3294/5360 [05:12<02:57, 11.64it/s] 61%|██████▏   | 3296/5360 [05:12<03:04, 11.17it/s] 62%|██████▏   | 3298/5360 [05:12<03:04, 11.17it/s] 62%|██████▏   | 3300/5360 [05:12<02:59, 11.46it/s] 62%|██████▏   | 3302/5360 [05:12<02:53, 11.89it/s] 62%|██████▏   | 3304/5360 [05:12<02:56, 11.67it/s] 62%|██████▏   | 3306/5360 [05:13<03:01, 11.31it/s] 62%|██████▏   | 3308/5360 [05:13<03:08, 10.89it/s] 62%|██████▏   | 3310/5360 [05:13<02:58, 11.49it/s] 62%|██████▏   | 3312/5360 [05:13<03:05, 11.04it/s] 62%|██████▏   | 3314/5360 [05:13<02:52, 11.86it/s] 62%|██████▏   | 3316/5360 [05:13<02:57, 11.52it/s] 62%|██████▏   | 3318/5360 [05:14<02:50, 11.97it/s] 62%|██████▏   | 3320/5360 [05:14<02:53, 11.77it/s] 62%|██████▏   | 3322/5360 [05:14<02:49, 12.02it/s] 62%|██████▏   | 3324/5360 [05:14<02:51, 11.87it/s] 62%|██████▏   | 3326/5360 [05:14<02:59, 11.33it/s] 62%|██████▏   | 3328/5360 [05:14<03:06, 10.90it/s] 62%|██████▏   | 3330/5360 [05:15<03:06, 10.87it/s] 62%|██████▏   | 3332/5360 [05:15<03:12, 10.56it/s] 62%|██████▏   | 3334/5360 [05:15<02:57, 11.44it/s] 62%|██████▏   | 3336/5360 [05:15<03:08, 10.76it/s] 62%|██████▏   | 3338/5360 [05:15<03:07, 10.80it/s] 62%|██████▏   | 3340/5360 [05:16<03:02, 11.07it/s] 62%|██████▏   | 3342/5360 [05:16<03:04, 10.93it/s] 62%|██████▏   | 3344/5360 [05:16<03:17, 10.23it/s] 62%|██████▏   | 3346/5360 [05:16<03:17, 10.19it/s] 62%|██████▏   | 3348/5360 [05:16<03:19, 10.09it/s] 62%|██████▎   | 3350/5360 [05:17<03:22,  9.92it/s] 63%|██████▎   | 3351/5360 [05:17<03:23,  9.88it/s] 63%|██████▎   | 3353/5360 [05:17<03:22,  9.93it/s] 63%|██████▎   | 3355/5360 [05:17<03:08, 10.62it/s] 63%|██████▎   | 3357/5360 [05:17<03:22,  9.87it/s] 63%|██████▎   | 3359/5360 [05:17<03:14, 10.29it/s] 63%|██████▎   | 3361/5360 [05:18<03:08, 10.60it/s] 63%|██████▎   | 3363/5360 [05:18<03:14, 10.25it/s] 63%|██████▎   | 3365/5360 [05:18<03:22,  9.86it/s] 63%|██████▎   | 3367/5360 [05:18<03:20,  9.96it/s] 63%|██████▎   | 3369/5360 [05:18<03:11, 10.41it/s] 63%|██████▎   | 3371/5360 [05:19<03:15, 10.17it/s] 63%|██████▎   | 3373/5360 [05:19<03:14, 10.23it/s] 63%|██████▎   | 3375/5360 [05:19<03:14, 10.18it/s] 63%|██████▎   | 3377/5360 [05:19<03:04, 10.75it/s] 63%|██████▎   | 3379/5360 [05:19<03:13, 10.24it/s] 63%|██████▎   | 3381/5360 [05:20<03:23,  9.72it/s] 63%|██████▎   | 3383/5360 [05:20<03:17, 10.00it/s] 63%|██████▎   | 3385/5360 [05:20<03:09, 10.41it/s] 63%|██████▎   | 3387/5360 [05:20<03:17,  9.98it/s] 63%|██████▎   | 3389/5360 [05:20<03:18,  9.94it/s] 63%|██████▎   | 3391/5360 [05:21<03:10, 10.36it/s] 63%|██████▎   | 3393/5360 [05:21<03:11, 10.30it/s] 63%|██████▎   | 3395/5360 [05:21<03:16, 10.02it/s] 63%|██████▎   | 3397/5360 [05:21<03:17,  9.94it/s] 63%|██████▎   | 3398/5360 [05:21<03:21,  9.74it/s] 63%|██████▎   | 3400/5360 [05:22<03:15, 10.00it/s] 63%|██████▎   | 3402/5360 [05:22<03:06, 10.52it/s] 64%|██████▎   | 3404/5360 [05:22<03:11, 10.23it/s] 64%|██████▎   | 3406/5360 [05:22<03:14, 10.05it/s] 64%|██████▎   | 3408/5360 [05:22<03:03, 10.63it/s] 64%|██████▎   | 3410/5360 [05:22<03:03, 10.62it/s] 64%|██████▎   | 3412/5360 [05:23<03:01, 10.72it/s] 64%|██████▎   | 3414/5360 [05:23<03:01, 10.75it/s] 64%|██████▎   | 3416/5360 [05:23<03:01, 10.71it/s] 64%|██████▍   | 3418/5360 [05:23<03:06, 10.40it/s] 64%|██████▍   | 3420/5360 [05:23<02:55, 11.08it/s] 64%|██████▍   | 3422/5360 [05:24<03:08, 10.29it/s] 64%|██████▍   | 3424/5360 [05:24<03:17,  9.82it/s] 64%|██████▍   | 3426/5360 [05:24<03:24,  9.45it/s] 64%|██████▍   | 3427/5360 [05:24<03:24,  9.46it/s] 64%|██████▍   | 3429/5360 [05:24<03:13,  9.98it/s] 64%|██████▍   | 3431/5360 [05:25<02:55, 10.97it/s] 64%|██████▍   | 3433/5360 [05:25<02:53, 11.12it/s] 64%|██████▍   | 3435/5360 [05:25<02:53, 11.11it/s] 64%|██████▍   | 3437/5360 [05:25<02:48, 11.42it/s] 64%|██████▍   | 3439/5360 [05:25<02:51, 11.22it/s] 64%|██████▍   | 3441/5360 [05:25<02:42, 11.80it/s] 64%|██████▍   | 3443/5360 [05:26<02:47, 11.47it/s] 64%|██████▍   | 3445/5360 [05:26<02:45, 11.55it/s] 64%|██████▍   | 3447/5360 [05:26<02:38, 12.10it/s] 64%|██████▍   | 3449/5360 [05:26<02:39, 11.96it/s] 64%|██████▍   | 3451/5360 [05:26<02:44, 11.61it/s] 64%|██████▍   | 3453/5360 [05:26<02:30, 12.63it/s] 64%|██████▍   | 3455/5360 [05:26<02:21, 13.42it/s] 64%|██████▍   | 3457/5360 [05:27<02:42, 11.72it/s] 65%|██████▍   | 3459/5360 [05:27<02:45, 11.48it/s] 65%|██████▍   | 3461/5360 [05:27<02:42, 11.68it/s] 65%|██████▍   | 3463/5360 [05:27<02:39, 11.87it/s] 65%|██████▍   | 3465/5360 [05:27<02:50, 11.15it/s] 65%|██████▍   | 3467/5360 [05:28<02:41, 11.76it/s] 65%|██████▍   | 3469/5360 [05:28<02:41, 11.72it/s] 65%|██████▍   | 3471/5360 [05:28<02:46, 11.38it/s] 65%|██████▍   | 3473/5360 [05:28<02:43, 11.51it/s] 65%|██████▍   | 3475/5360 [05:28<02:46, 11.34it/s] 65%|██████▍   | 3477/5360 [05:28<02:45, 11.40it/s] 65%|██████▍   | 3479/5360 [05:29<02:34, 12.15it/s] 65%|██████▍   | 3481/5360 [05:29<02:31, 12.44it/s] 65%|██████▍   | 3483/5360 [05:29<02:28, 12.63it/s] 65%|██████▌   | 3485/5360 [05:29<02:25, 12.89it/s] 65%|██████▌   | 3487/5360 [05:29<02:21, 13.25it/s] 65%|██████▌   | 3489/5360 [05:29<02:31, 12.38it/s] 65%|██████▌   | 3491/5360 [05:30<02:34, 12.12it/s] 65%|██████▌   | 3493/5360 [05:30<02:44, 11.33it/s] 65%|██████▌   | 3495/5360 [05:30<02:34, 12.06it/s] 65%|██████▌   | 3497/5360 [05:30<02:22, 13.09it/s] 65%|██████▌   | 3499/5360 [05:30<02:32, 12.23it/s] 65%|██████▌   | 3501/5360 [05:30<02:33, 12.11it/s] 65%|██████▌   | 3503/5360 [05:30<02:24, 12.82it/s] 65%|██████▌   | 3505/5360 [05:31<02:26, 12.66it/s] 65%|██████▌   | 3507/5360 [05:31<02:27, 12.55it/s] 65%|██████▌   | 3509/5360 [05:31<02:17, 13.44it/s] 66%|██████▌   | 3511/5360 [05:31<02:20, 13.11it/s] 66%|██████▌   | 3513/5360 [05:31<02:27, 12.51it/s] 66%|██████▌   | 3515/5360 [05:31<02:26, 12.57it/s] 66%|██████▌   | 3517/5360 [05:32<02:28, 12.42it/s] 66%|██████▌   | 3519/5360 [05:32<02:19, 13.24it/s] 66%|██████▌   | 3521/5360 [05:32<02:19, 13.15it/s] 66%|██████▌   | 3523/5360 [05:32<02:19, 13.13it/s] 66%|██████▌   | 3525/5360 [05:32<02:14, 13.67it/s] 66%|██████▌   | 3527/5360 [05:32<02:29, 12.23it/s] 66%|██████▌   | 3529/5360 [05:33<02:34, 11.82it/s] 66%|██████▌   | 3531/5360 [05:33<02:48, 10.85it/s] 66%|██████▌   | 3533/5360 [05:33<02:30, 12.12it/s] 66%|██████▌   | 3535/5360 [05:33<02:16, 13.41it/s] 66%|██████▌   | 3537/5360 [05:33<02:24, 12.60it/s] 66%|██████▌   | 3539/5360 [05:33<02:27, 12.37it/s] 66%|██████▌   | 3541/5360 [05:33<02:20, 12.91it/s] 66%|██████▌   | 3543/5360 [05:34<02:27, 12.34it/s] 66%|██████▌   | 3545/5360 [05:34<02:24, 12.53it/s] 66%|██████▌   | 3547/5360 [05:34<02:30, 12.05it/s] 66%|██████▌   | 3549/5360 [05:34<02:35, 11.65it/s] 66%|██████▋   | 3551/5360 [05:34<02:39, 11.34it/s] 66%|██████▋   | 3553/5360 [05:35<02:43, 11.05it/s] 66%|██████▋   | 3555/5360 [05:35<02:47, 10.78it/s] 66%|██████▋   | 3557/5360 [05:35<02:47, 10.79it/s] 66%|██████▋   | 3559/5360 [05:35<02:46, 10.80it/s] 66%|██████▋   | 3561/5360 [05:35<02:48, 10.65it/s] 66%|██████▋   | 3563/5360 [05:35<02:33, 11.72it/s] 67%|██████▋   | 3565/5360 [05:36<02:44, 10.92it/s] 67%|██████▋   | 3567/5360 [05:36<02:45, 10.81it/s] 67%|██████▋   | 3569/5360 [05:36<02:43, 10.96it/s] 67%|██████▋   | 3571/5360 [05:36<02:46, 10.72it/s] 67%|██████▋   | 3573/5360 [05:36<02:37, 11.32it/s] 67%|██████▋   | 3575/5360 [05:37<02:42, 11.00it/s] 67%|██████▋   | 3577/5360 [05:37<02:34, 11.57it/s] 67%|██████▋   | 3579/5360 [05:37<02:28, 11.97it/s] 67%|██████▋   | 3581/5360 [05:37<02:32, 11.68it/s] 67%|██████▋   | 3583/5360 [05:37<02:30, 11.83it/s] 67%|██████▋   | 3585/5360 [05:37<02:34, 11.46it/s] 67%|██████▋   | 3587/5360 [05:38<02:35, 11.41it/s] 67%|██████▋   | 3589/5360 [05:38<02:28, 11.94it/s] 67%|██████▋   | 3591/5360 [05:38<02:41, 10.94it/s] 67%|██████▋   | 3593/5360 [05:38<02:45, 10.67it/s] 67%|██████▋   | 3595/5360 [05:38<02:32, 11.61it/s] 67%|██████▋   | 3597/5360 [05:38<02:33, 11.51it/s] 67%|██████▋   | 3599/5360 [05:39<02:39, 11.05it/s] 67%|██████▋   | 3601/5360 [05:39<02:44, 10.67it/s] 67%|██████▋   | 3603/5360 [05:39<02:50, 10.28it/s] 67%|██████▋   | 3605/5360 [05:39<02:53, 10.09it/s] 67%|██████▋   | 3607/5360 [05:39<02:42, 10.81it/s] 67%|██████▋   | 3609/5360 [05:40<02:44, 10.68it/s] 67%|██████▋   | 3611/5360 [05:40<02:52, 10.13it/s] 67%|██████▋   | 3613/5360 [05:40<02:50, 10.26it/s] 67%|██████▋   | 3615/5360 [05:40<02:40, 10.84it/s] 67%|██████▋   | 3617/5360 [05:40<02:44, 10.63it/s] 68%|██████▊   | 3619/5360 [05:41<02:47, 10.41it/s] 68%|██████▊   | 3621/5360 [05:41<02:42, 10.73it/s] 68%|██████▊   | 3623/5360 [05:41<02:45, 10.50it/s] 68%|██████▊   | 3625/5360 [05:41<02:38, 10.92it/s] 68%|██████▊   | 3627/5360 [05:41<02:55,  9.86it/s] 68%|██████▊   | 3629/5360 [05:42<02:41, 10.71it/s] 68%|██████▊   | 3631/5360 [05:42<02:45, 10.46it/s] 68%|██████▊   | 3633/5360 [05:42<02:42, 10.63it/s] 68%|██████▊   | 3635/5360 [05:42<02:29, 11.54it/s] 68%|██████▊   | 3637/5360 [05:42<02:39, 10.83it/s] 68%|██████▊   | 3639/5360 [05:42<02:40, 10.69it/s] 68%|██████▊   | 3641/5360 [05:43<02:37, 10.89it/s] 68%|██████▊   | 3643/5360 [05:43<02:33, 11.21it/s] 68%|██████▊   | 3645/5360 [05:43<02:46, 10.30it/s] 68%|██████▊   | 3647/5360 [05:43<02:53,  9.88it/s] 68%|██████▊   | 3649/5360 [05:44<03:06,  9.17it/s] 68%|██████▊   | 3651/5360 [05:44<02:48, 10.14it/s] 68%|██████▊   | 3653/5360 [05:44<02:49, 10.09it/s] 68%|██████▊   | 3655/5360 [05:44<02:47, 10.16it/s] 68%|██████▊   | 3657/5360 [05:44<02:42, 10.46it/s] 68%|██████▊   | 3659/5360 [05:44<02:33, 11.07it/s] 68%|██████▊   | 3661/5360 [05:45<02:38, 10.70it/s] 68%|██████▊   | 3663/5360 [05:45<02:32, 11.16it/s] 68%|██████▊   | 3665/5360 [05:45<02:30, 11.24it/s] 68%|██████▊   | 3667/5360 [05:45<02:30, 11.24it/s] 68%|██████▊   | 3669/5360 [05:45<02:40, 10.57it/s] 68%|██████▊   | 3671/5360 [05:46<02:43, 10.36it/s] 69%|██████▊   | 3673/5360 [05:46<02:28, 11.39it/s] 69%|██████▊   | 3675/5360 [05:46<02:35, 10.81it/s] 69%|██████▊   | 3677/5360 [05:46<02:39, 10.53it/s] 69%|██████▊   | 3679/5360 [05:46<02:31, 11.12it/s] 69%|██████▊   | 3681/5360 [05:46<02:29, 11.23it/s] 69%|██████▊   | 3683/5360 [05:47<02:36, 10.70it/s] 69%|██████▉   | 3685/5360 [05:47<02:39, 10.49it/s] 69%|██████▉   | 3687/5360 [05:47<02:28, 11.26it/s] 69%|██████▉   | 3689/5360 [05:47<02:38, 10.55it/s] 69%|██████▉   | 3691/5360 [05:47<02:37, 10.61it/s] 69%|██████▉   | 3693/5360 [05:48<02:41, 10.32it/s] 69%|██████▉   | 3695/5360 [05:48<02:31, 10.96it/s] 69%|██████▉   | 3697/5360 [05:48<02:31, 10.95it/s] 69%|██████▉   | 3699/5360 [05:48<02:34, 10.73it/s] 69%|██████▉   | 3701/5360 [05:48<02:32, 10.91it/s] 69%|██████▉   | 3703/5360 [05:48<02:24, 11.44it/s] 69%|██████▉   | 3705/5360 [05:49<02:29, 11.06it/s] 69%|██████▉   | 3707/5360 [05:49<02:24, 11.42it/s] 69%|██████▉   | 3709/5360 [05:49<02:24, 11.44it/s] 69%|██████▉   | 3711/5360 [05:49<02:23, 11.46it/s] 69%|██████▉   | 3713/5360 [05:49<02:17, 12.00it/s] 69%|██████▉   | 3715/5360 [05:49<02:26, 11.22it/s] 69%|██████▉   | 3717/5360 [05:50<02:30, 10.90it/s] 69%|██████▉   | 3719/5360 [05:50<02:32, 10.75it/s] 69%|██████▉   | 3721/5360 [05:50<02:34, 10.64it/s] 69%|██████▉   | 3723/5360 [05:50<02:31, 10.79it/s] 69%|██████▉   | 3725/5360 [05:50<02:23, 11.43it/s] 70%|██████▉   | 3727/5360 [05:51<02:24, 11.27it/s] 70%|██████▉   | 3729/5360 [05:51<02:25, 11.18it/s] 70%|██████▉   | 3731/5360 [05:51<02:23, 11.37it/s] 70%|██████▉   | 3733/5360 [05:51<02:36, 10.43it/s] 70%|██████▉   | 3735/5360 [05:51<02:35, 10.47it/s] 70%|██████▉   | 3737/5360 [05:51<02:15, 12.00it/s] 70%|██████▉   | 3739/5360 [05:52<02:01, 13.34it/s] 70%|██████▉   | 3741/5360 [05:52<02:15, 11.97it/s] 70%|██████▉   | 3743/5360 [05:52<02:19, 11.63it/s] 70%|██████▉   | 3745/5360 [05:52<02:27, 10.94it/s] 70%|██████▉   | 3747/5360 [05:52<02:10, 12.39it/s] 70%|██████▉   | 3749/5360 [05:52<01:59, 13.51it/s] 70%|██████▉   | 3751/5360 [05:53<01:56, 13.85it/s] 70%|███████   | 3753/5360 [05:53<01:49, 14.68it/s] 70%|███████   | 3755/5360 [05:53<01:52, 14.31it/s] 70%|███████   | 3757/5360 [05:53<02:03, 12.98it/s] 70%|███████   | 3759/5360 [05:53<02:11, 12.19it/s] 70%|███████   | 3761/5360 [05:53<02:16, 11.67it/s] 70%|███████   | 3763/5360 [05:53<02:03, 12.91it/s] 70%|███████   | 3765/5360 [05:54<02:00, 13.21it/s] 70%|███████   | 3767/5360 [05:54<02:00, 13.21it/s] 70%|███████   | 3769/5360 [05:54<01:55, 13.77it/s] 70%|███████   | 3771/5360 [05:54<01:52, 14.14it/s] 70%|███████   | 3773/5360 [05:54<02:00, 13.15it/s] 70%|███████   | 3775/5360 [05:54<01:59, 13.26it/s] 70%|███████   | 3777/5360 [05:55<02:04, 12.71it/s] 71%|███████   | 3779/5360 [05:55<02:07, 12.40it/s] 71%|███████   | 3781/5360 [05:55<02:00, 13.10it/s] 71%|███████   | 3783/5360 [05:55<01:56, 13.51it/s] 71%|███████   | 3785/5360 [05:55<01:58, 13.30it/s] 71%|███████   | 3787/5360 [05:55<02:03, 12.79it/s] 71%|███████   | 3789/5360 [05:55<02:05, 12.48it/s] 71%|███████   | 3791/5360 [05:56<02:01, 12.90it/s] 71%|███████   | 3793/5360 [05:56<01:56, 13.43it/s] 71%|███████   | 3795/5360 [05:56<02:02, 12.82it/s] 71%|███████   | 3797/5360 [05:56<02:05, 12.47it/s] 71%|███████   | 3799/5360 [05:56<02:00, 12.98it/s] 71%|███████   | 3801/5360 [05:56<02:01, 12.83it/s] 71%|███████   | 3803/5360 [05:57<02:05, 12.39it/s] 71%|███████   | 3805/5360 [05:57<02:01, 12.77it/s] 71%|███████   | 3807/5360 [05:57<02:03, 12.59it/s] 71%|███████   | 3809/5360 [05:57<01:58, 13.06it/s] 71%|███████   | 3811/5360 [05:57<02:05, 12.36it/s] 71%|███████   | 3813/5360 [05:57<02:12, 11.71it/s] 71%|███████   | 3815/5360 [05:58<02:04, 12.45it/s] 71%|███████   | 3817/5360 [05:58<02:10, 11.85it/s] 71%|███████▏  | 3819/5360 [05:58<02:11, 11.69it/s] 71%|███████▏  | 3821/5360 [05:58<02:10, 11.82it/s] 71%|███████▏  | 3823/5360 [05:58<02:09, 11.88it/s] 71%|███████▏  | 3825/5360 [05:58<02:11, 11.70it/s] 71%|███████▏  | 3827/5360 [05:59<02:18, 11.10it/s] 71%|███████▏  | 3829/5360 [05:59<02:06, 12.10it/s] 71%|███████▏  | 3831/5360 [05:59<02:15, 11.26it/s] 72%|███████▏  | 3833/5360 [05:59<02:19, 10.97it/s] 72%|███████▏  | 3835/5360 [05:59<02:24, 10.57it/s] 72%|███████▏  | 3837/5360 [06:00<02:22, 10.69it/s] 72%|███████▏  | 3839/5360 [06:00<02:21, 10.75it/s] 72%|███████▏  | 3841/5360 [06:00<02:19, 10.87it/s] 72%|███████▏  | 3843/5360 [06:00<02:23, 10.54it/s] 72%|███████▏  | 3845/5360 [06:00<02:20, 10.80it/s] 72%|███████▏  | 3847/5360 [06:00<02:24, 10.47it/s] 72%|███████▏  | 3849/5360 [06:01<02:27, 10.24it/s] 72%|███████▏  | 3851/5360 [06:01<02:25, 10.36it/s] 72%|███████▏  | 3853/5360 [06:01<02:27, 10.19it/s] 72%|███████▏  | 3855/5360 [06:01<02:29, 10.06it/s] 72%|███████▏  | 3857/5360 [06:01<02:25, 10.33it/s] 72%|███████▏  | 3859/5360 [06:02<02:21, 10.58it/s] 72%|███████▏  | 3861/5360 [06:02<02:25, 10.29it/s] 72%|███████▏  | 3863/5360 [06:02<02:23, 10.46it/s] 72%|███████▏  | 3865/5360 [06:02<02:24, 10.32it/s] 72%|███████▏  | 3867/5360 [06:02<02:19, 10.68it/s] 72%|███████▏  | 3869/5360 [06:03<02:09, 11.49it/s] 72%|███████▏  | 3871/5360 [06:03<02:14, 11.11it/s] 72%|███████▏  | 3873/5360 [06:03<02:14, 11.05it/s] 72%|███████▏  | 3875/5360 [06:03<02:10, 11.42it/s] 72%|███████▏  | 3877/5360 [06:03<02:14, 11.03it/s] 72%|███████▏  | 3879/5360 [06:03<02:23, 10.29it/s] 72%|███████▏  | 3881/5360 [06:04<02:36,  9.47it/s] 72%|███████▏  | 3882/5360 [06:04<02:37,  9.36it/s] 72%|███████▏  | 3884/5360 [06:04<02:30,  9.82it/s] 72%|███████▎  | 3886/5360 [06:04<02:19, 10.59it/s] 73%|███████▎  | 3888/5360 [06:04<02:18, 10.67it/s] 73%|███████▎  | 3890/5360 [06:05<02:10, 11.29it/s] 73%|███████▎  | 3892/5360 [06:05<02:12, 11.04it/s] 73%|███████▎  | 3894/5360 [06:05<02:14, 10.91it/s] 73%|███████▎  | 3896/5360 [06:05<02:04, 11.77it/s] 73%|███████▎  | 3898/5360 [06:05<02:11, 11.10it/s] 73%|███████▎  | 3900/5360 [06:05<02:12, 11.01it/s] 73%|███████▎  | 3902/5360 [06:06<02:09, 11.29it/s] 73%|███████▎  | 3904/5360 [06:06<02:10, 11.17it/s] 73%|███████▎  | 3906/5360 [06:06<02:01, 11.96it/s] 73%|███████▎  | 3908/5360 [06:06<02:12, 10.97it/s] 73%|███████▎  | 3910/5360 [06:06<02:08, 11.32it/s] 73%|███████▎  | 3912/5360 [06:07<02:14, 10.74it/s] 73%|███████▎  | 3914/5360 [06:07<02:14, 10.76it/s] 73%|███████▎  | 3916/5360 [06:07<02:12, 10.87it/s] 73%|███████▎  | 3918/5360 [06:07<02:12, 10.89it/s] 73%|███████▎  | 3920/5360 [06:07<02:14, 10.70it/s] 73%|███████▎  | 3922/5360 [06:07<02:15, 10.63it/s] 73%|███████▎  | 3924/5360 [06:08<02:18, 10.40it/s] 73%|███████▎  | 3926/5360 [06:08<02:17, 10.46it/s] 73%|███████▎  | 3928/5360 [06:08<02:06, 11.35it/s] 73%|███████▎  | 3930/5360 [06:08<02:07, 11.22it/s] 73%|███████▎  | 3932/5360 [06:08<02:09, 11.03it/s] 73%|███████▎  | 3934/5360 [06:09<02:12, 10.72it/s] 73%|███████▎  | 3936/5360 [06:09<02:08, 11.07it/s] 73%|███████▎  | 3938/5360 [06:09<02:04, 11.42it/s] 74%|███████▎  | 3940/5360 [06:09<02:04, 11.44it/s] 74%|███████▎  | 3942/5360 [06:09<01:57, 12.06it/s] 74%|███████▎  | 3944/5360 [06:09<01:58, 11.99it/s] 74%|███████▎  | 3946/5360 [06:10<01:57, 12.05it/s] 74%|███████▎  | 3948/5360 [06:10<01:51, 12.67it/s] 74%|███████▎  | 3950/5360 [06:10<01:52, 12.55it/s] 74%|███████▎  | 3952/5360 [06:10<02:06, 11.17it/s] 74%|███████▍  | 3954/5360 [06:10<02:10, 10.79it/s] 74%|███████▍  | 3956/5360 [06:10<02:15, 10.35it/s] 74%|███████▍  | 3958/5360 [06:11<02:18, 10.09it/s] 74%|███████▍  | 3960/5360 [06:11<02:17, 10.17it/s] 74%|███████▍  | 3962/5360 [06:11<02:09, 10.76it/s] 74%|███████▍  | 3964/5360 [06:11<02:19,  9.99it/s] 74%|███████▍  | 3966/5360 [06:12<02:25,  9.60it/s] 74%|███████▍  | 3967/5360 [06:12<02:26,  9.53it/s] 74%|███████▍  | 3968/5360 [06:12<02:31,  9.17it/s] 74%|███████▍  | 3970/5360 [06:12<02:24,  9.64it/s] 74%|███████▍  | 3971/5360 [06:12<02:23,  9.66it/s] 74%|███████▍  | 3972/5360 [06:12<02:24,  9.58it/s] 74%|███████▍  | 3973/5360 [06:12<02:29,  9.30it/s] 74%|███████▍  | 3975/5360 [06:12<02:27,  9.36it/s] 74%|███████▍  | 3976/5360 [06:13<02:37,  8.77it/s] 74%|███████▍  | 3977/5360 [06:13<02:42,  8.51it/s] 74%|███████▍  | 3979/5360 [06:13<02:24,  9.57it/s] 74%|███████▍  | 3981/5360 [06:13<02:14, 10.26it/s] 74%|███████▍  | 3983/5360 [06:13<02:07, 10.83it/s] 74%|███████▍  | 3985/5360 [06:13<02:04, 11.03it/s] 74%|███████▍  | 3987/5360 [06:14<02:04, 11.05it/s] 74%|███████▍  | 3989/5360 [06:14<02:01, 11.25it/s] 74%|███████▍  | 3991/5360 [06:14<02:01, 11.30it/s] 74%|███████▍  | 3993/5360 [06:14<02:01, 11.28it/s] 75%|███████▍  | 3995/5360 [06:14<02:04, 11.00it/s] 75%|███████▍  | 3997/5360 [06:15<02:06, 10.75it/s] 75%|███████▍  | 3999/5360 [06:15<02:13, 10.22it/s] 75%|███████▍  | 4001/5360 [06:15<02:15, 10.01it/s] 75%|███████▍  | 4003/5360 [06:15<02:21,  9.61it/s] 75%|███████▍  | 4005/5360 [06:15<02:11, 10.30it/s] 75%|███████▍  | 4007/5360 [06:16<02:14, 10.08it/s] 75%|███████▍  | 4009/5360 [06:16<02:08, 10.52it/s] 75%|███████▍  | 4011/5360 [06:16<02:02, 11.01it/s] 75%|███████▍  | 4013/5360 [06:16<02:04, 10.80it/s] 75%|███████▍  | 4015/5360 [06:16<02:02, 11.02it/s] 75%|███████▍  | 4017/5360 [06:16<02:01, 11.03it/s] 75%|███████▍  | 4019/5360 [06:17<01:57, 11.39it/s] 75%|███████▌  | 4021/5360 [06:17<01:54, 11.66it/s] 75%|███████▌  | 4023/5360 [06:17<01:52, 11.86it/s] 75%|███████▌  | 4025/5360 [06:17<01:53, 11.73it/s] 75%|███████▌  | 4027/5360 [06:17<01:56, 11.43it/s] 75%|███████▌  | 4029/5360 [06:17<02:01, 10.93it/s] 75%|███████▌  | 4031/5360 [06:18<02:02, 10.89it/s] 75%|███████▌  | 4033/5360 [06:18<02:09, 10.22it/s] 75%|███████▌  | 4035/5360 [06:18<02:02, 10.85it/s] 75%|███████▌  | 4037/5360 [06:18<02:07, 10.37it/s] 75%|███████▌  | 4039/5360 [06:18<02:09, 10.23it/s] 75%|███████▌  | 4041/5360 [06:19<02:11, 10.00it/s] 75%|███████▌  | 4043/5360 [06:19<02:16,  9.67it/s] 75%|███████▌  | 4045/5360 [06:19<02:13,  9.86it/s] 75%|███████▌  | 4046/5360 [06:19<02:21,  9.26it/s] 76%|███████▌  | 4048/5360 [06:19<02:11,  9.96it/s] 76%|███████▌  | 4050/5360 [06:20<02:21,  9.28it/s] 76%|███████▌  | 4052/5360 [06:20<02:17,  9.53it/s] 76%|███████▌  | 4054/5360 [06:20<02:13,  9.80it/s] 76%|███████▌  | 4056/5360 [06:20<02:13,  9.73it/s] 76%|███████▌  | 4057/5360 [06:20<02:14,  9.68it/s] 76%|███████▌  | 4058/5360 [06:20<02:22,  9.16it/s] 76%|███████▌  | 4059/5360 [06:21<02:21,  9.22it/s] 76%|███████▌  | 4060/5360 [06:21<02:22,  9.14it/s] 76%|███████▌  | 4061/5360 [06:21<02:26,  8.90it/s] 76%|███████▌  | 4062/5360 [06:21<02:25,  8.89it/s] 76%|███████▌  | 4063/5360 [06:21<02:23,  9.03it/s] 76%|███████▌  | 4064/5360 [06:21<02:22,  9.07it/s] 76%|███████▌  | 4066/5360 [06:21<02:24,  8.93it/s] 76%|███████▌  | 4067/5360 [06:21<02:29,  8.63it/s] 76%|███████▌  | 4068/5360 [06:22<02:27,  8.74it/s] 76%|███████▌  | 4069/5360 [06:22<02:32,  8.46it/s] 76%|███████▌  | 4070/5360 [06:22<02:32,  8.49it/s] 76%|███████▌  | 4071/5360 [06:22<02:27,  8.73it/s] 76%|███████▌  | 4072/5360 [06:22<02:29,  8.63it/s] 76%|███████▌  | 4073/5360 [06:22<02:36,  8.21it/s] 76%|███████▌  | 4074/5360 [06:22<02:29,  8.58it/s] 76%|███████▌  | 4075/5360 [06:22<02:24,  8.92it/s] 76%|███████▌  | 4076/5360 [06:23<02:28,  8.67it/s] 76%|███████▌  | 4078/5360 [06:23<02:31,  8.48it/s] 76%|███████▌  | 4079/5360 [06:23<02:37,  8.14it/s] 76%|███████▌  | 4080/5360 [06:23<02:32,  8.40it/s] 76%|███████▌  | 4081/5360 [06:23<02:27,  8.65it/s] 76%|███████▌  | 4082/5360 [06:23<02:23,  8.89it/s] 76%|███████▌  | 4083/5360 [06:23<02:21,  9.00it/s] 76%|███████▌  | 4084/5360 [06:23<02:24,  8.80it/s] 76%|███████▌  | 4085/5360 [06:24<02:26,  8.71it/s] 76%|███████▌  | 4086/5360 [06:24<02:27,  8.65it/s] 76%|███████▋  | 4087/5360 [06:24<02:24,  8.83it/s] 76%|███████▋  | 4089/5360 [06:24<02:24,  8.78it/s] 76%|███████▋  | 4090/5360 [06:24<02:27,  8.61it/s] 76%|███████▋  | 4092/5360 [06:24<02:23,  8.81it/s] 76%|███████▋  | 4093/5360 [06:24<02:23,  8.85it/s] 76%|███████▋  | 4094/5360 [06:25<02:21,  8.96it/s] 76%|███████▋  | 4095/5360 [06:25<02:18,  9.12it/s] 76%|███████▋  | 4096/5360 [06:25<02:18,  9.12it/s] 76%|███████▋  | 4098/5360 [06:25<02:14,  9.39it/s] 76%|███████▋  | 4099/5360 [06:25<02:15,  9.33it/s] 76%|███████▋  | 4100/5360 [06:25<02:15,  9.28it/s] 77%|███████▋  | 4101/5360 [06:25<02:15,  9.28it/s] 77%|███████▋  | 4102/5360 [06:25<02:14,  9.37it/s] 77%|███████▋  | 4104/5360 [06:26<02:02, 10.26it/s] 77%|███████▋  | 4106/5360 [06:26<02:14,  9.35it/s] 77%|███████▋  | 4107/5360 [06:26<02:24,  8.66it/s] 77%|███████▋  | 4108/5360 [06:26<02:35,  8.07it/s] 77%|███████▋  | 4109/5360 [06:26<02:37,  7.95it/s] 77%|███████▋  | 4110/5360 [06:26<02:36,  7.99it/s] 77%|███████▋  | 4111/5360 [06:27<02:58,  7.00it/s] 77%|███████▋  | 4112/5360 [06:27<02:56,  7.08it/s] 77%|███████▋  | 4113/5360 [06:27<02:44,  7.57it/s] 77%|███████▋  | 4114/5360 [06:27<02:33,  8.10it/s] 77%|███████▋  | 4115/5360 [06:27<02:29,  8.30it/s] 77%|███████▋  | 4116/5360 [06:27<02:24,  8.62it/s] 77%|███████▋  | 4118/5360 [06:27<02:08,  9.65it/s] 77%|███████▋  | 4119/5360 [06:27<02:17,  9.01it/s] 77%|███████▋  | 4120/5360 [06:28<02:17,  9.05it/s] 77%|███████▋  | 4121/5360 [06:28<02:17,  8.98it/s] 77%|███████▋  | 4123/5360 [06:28<02:03,  9.98it/s] 77%|███████▋  | 4124/5360 [06:28<02:12,  9.31it/s] 77%|███████▋  | 4125/5360 [06:28<02:13,  9.24it/s] 77%|███████▋  | 4126/5360 [06:28<02:13,  9.27it/s] 77%|███████▋  | 4128/5360 [06:28<02:00, 10.22it/s] 77%|███████▋  | 4129/5360 [06:29<02:08,  9.57it/s] 77%|███████▋  | 4130/5360 [06:29<02:09,  9.52it/s] 77%|███████▋  | 4131/5360 [06:29<02:07,  9.61it/s] 77%|███████▋  | 4132/5360 [06:29<02:10,  9.40it/s] 77%|███████▋  | 4133/5360 [06:29<02:12,  9.26it/s] 77%|███████▋  | 4134/5360 [06:29<02:15,  9.06it/s] 77%|███████▋  | 4136/5360 [06:29<02:10,  9.37it/s] 77%|███████▋  | 4137/5360 [06:29<02:12,  9.24it/s] 77%|███████▋  | 4139/5360 [06:30<02:04,  9.80it/s] 77%|███████▋  | 4140/5360 [06:30<02:08,  9.50it/s] 77%|███████▋  | 4141/5360 [06:30<02:09,  9.40it/s] 77%|███████▋  | 4142/5360 [06:30<02:12,  9.22it/s] 77%|███████▋  | 4143/5360 [06:30<02:14,  9.04it/s] 77%|███████▋  | 4145/5360 [06:30<02:08,  9.42it/s] 77%|███████▋  | 4146/5360 [06:30<02:09,  9.36it/s] 77%|███████▋  | 4148/5360 [06:31<02:03,  9.79it/s] 77%|███████▋  | 4149/5360 [06:31<02:07,  9.51it/s] 77%|███████▋  | 4150/5360 [06:31<02:09,  9.32it/s] 77%|███████▋  | 4151/5360 [06:31<02:12,  9.15it/s] 77%|███████▋  | 4152/5360 [06:31<02:11,  9.15it/s] 77%|███████▋  | 4153/5360 [06:31<02:12,  9.13it/s] 78%|███████▊  | 4154/5360 [06:31<02:10,  9.22it/s] 78%|███████▊  | 4156/5360 [06:31<02:04,  9.66it/s] 78%|███████▊  | 4158/5360 [06:32<02:02,  9.78it/s] 78%|███████▊  | 4159/5360 [06:32<02:03,  9.76it/s] 78%|███████▊  | 4160/5360 [06:32<02:07,  9.41it/s] 78%|███████▊  | 4161/5360 [06:32<02:06,  9.47it/s] 78%|███████▊  | 4163/5360 [06:32<02:04,  9.64it/s] 78%|███████▊  | 4165/5360 [06:32<01:51, 10.74it/s] 78%|███████▊  | 4167/5360 [06:32<01:51, 10.69it/s] 78%|███████▊  | 4169/5360 [06:33<01:49, 10.86it/s] 78%|███████▊  | 4171/5360 [06:33<01:56, 10.18it/s] 78%|███████▊  | 4173/5360 [06:33<02:05,  9.46it/s] 78%|███████▊  | 4174/5360 [06:33<02:05,  9.45it/s] 78%|███████▊  | 4176/5360 [06:33<02:00,  9.81it/s] 78%|███████▊  | 4178/5360 [06:34<02:00,  9.84it/s] 78%|███████▊  | 4180/5360 [06:34<02:07,  9.25it/s] 78%|███████▊  | 4181/5360 [06:34<02:10,  9.01it/s] 78%|███████▊  | 4182/5360 [06:34<02:19,  8.47it/s] 78%|███████▊  | 4183/5360 [06:34<02:29,  7.85it/s] 78%|███████▊  | 4184/5360 [06:34<02:38,  7.43it/s] 78%|███████▊  | 4185/5360 [06:35<02:29,  7.86it/s] 78%|███████▊  | 4186/5360 [06:35<02:21,  8.31it/s] 78%|███████▊  | 4188/5360 [06:35<02:01,  9.62it/s] 78%|███████▊  | 4189/5360 [06:35<02:13,  8.75it/s] 78%|███████▊  | 4190/5360 [06:35<02:12,  8.82it/s] 78%|███████▊  | 4192/5360 [06:35<02:02,  9.57it/s] 78%|███████▊  | 4193/5360 [06:35<02:09,  9.02it/s] 78%|███████▊  | 4195/5360 [06:36<02:02,  9.55it/s] 78%|███████▊  | 4196/5360 [06:36<02:08,  9.05it/s] 78%|███████▊  | 4197/5360 [06:36<02:07,  9.14it/s] 78%|███████▊  | 4199/5360 [06:36<01:56,  9.98it/s] 78%|███████▊  | 4200/5360 [06:36<01:58,  9.80it/s] 78%|███████▊  | 4202/5360 [06:36<01:55, 10.01it/s] 78%|███████▊  | 4204/5360 [06:36<01:53, 10.16it/s] 78%|███████▊  | 4206/5360 [06:37<01:48, 10.61it/s] 79%|███████▊  | 4208/5360 [06:37<01:47, 10.69it/s] 79%|███████▊  | 4210/5360 [06:37<01:44, 11.03it/s] 79%|███████▊  | 4212/5360 [06:37<01:46, 10.78it/s] 79%|███████▊  | 4214/5360 [06:37<01:49, 10.45it/s] 79%|███████▊  | 4216/5360 [06:38<01:53, 10.10it/s] 79%|███████▊  | 4218/5360 [06:38<01:47, 10.65it/s] 79%|███████▊  | 4220/5360 [06:38<01:53, 10.06it/s] 79%|███████▉  | 4222/5360 [06:38<01:58,  9.62it/s] 79%|███████▉  | 4224/5360 [06:38<01:58,  9.59it/s] 79%|███████▉  | 4225/5360 [06:39<01:59,  9.46it/s] 79%|███████▉  | 4227/5360 [06:39<01:55,  9.82it/s] 79%|███████▉  | 4229/5360 [06:39<01:45, 10.73it/s] 79%|███████▉  | 4231/5360 [06:39<01:43, 10.92it/s] 79%|███████▉  | 4233/5360 [06:39<01:44, 10.77it/s] 79%|███████▉  | 4235/5360 [06:39<01:44, 10.74it/s] 79%|███████▉  | 4237/5360 [06:40<01:39, 11.31it/s] 79%|███████▉  | 4239/5360 [06:40<01:42, 10.92it/s] 79%|███████▉  | 4241/5360 [06:40<01:50, 10.15it/s] 79%|███████▉  | 4243/5360 [06:40<01:53,  9.84it/s] 79%|███████▉  | 4244/5360 [06:40<01:54,  9.72it/s] 79%|███████▉  | 4245/5360 [06:41<02:08,  8.66it/s] 79%|███████▉  | 4247/5360 [06:41<02:02,  9.11it/s] 79%|███████▉  | 4248/5360 [06:41<02:02,  9.07it/s] 79%|███████▉  | 4250/5360 [06:41<01:54,  9.71it/s] 79%|███████▉  | 4251/5360 [06:41<01:54,  9.72it/s] 79%|███████▉  | 4252/5360 [06:41<01:59,  9.30it/s] 79%|███████▉  | 4253/5360 [06:41<02:01,  9.11it/s] 79%|███████▉  | 4255/5360 [06:42<01:56,  9.50it/s] 79%|███████▉  | 4257/5360 [06:42<01:52,  9.83it/s] 79%|███████▉  | 4258/5360 [06:42<01:58,  9.30it/s] 79%|███████▉  | 4260/5360 [06:42<01:56,  9.41it/s] 79%|███████▉  | 4261/5360 [06:42<01:58,  9.29it/s] 80%|███████▉  | 4262/5360 [06:42<01:57,  9.33it/s] 80%|███████▉  | 4264/5360 [06:42<01:51,  9.81it/s] 80%|███████▉  | 4265/5360 [06:43<01:54,  9.53it/s] 80%|███████▉  | 4266/5360 [06:43<01:59,  9.15it/s] 80%|███████▉  | 4267/5360 [06:43<02:05,  8.70it/s] 80%|███████▉  | 4268/5360 [06:43<02:06,  8.66it/s] 80%|███████▉  | 4270/5360 [06:43<01:56,  9.39it/s] 80%|███████▉  | 4271/5360 [06:43<01:55,  9.39it/s] 80%|███████▉  | 4273/5360 [06:43<01:54,  9.48it/s] 80%|███████▉  | 4274/5360 [06:44<01:56,  9.34it/s] 80%|███████▉  | 4276/5360 [06:44<01:51,  9.70it/s] 80%|███████▉  | 4277/5360 [06:44<01:56,  9.31it/s] 80%|███████▉  | 4279/5360 [06:44<01:53,  9.53it/s] 80%|███████▉  | 4281/5360 [06:44<01:47, 10.06it/s] 80%|███████▉  | 4282/5360 [06:44<01:51,  9.64it/s] 80%|███████▉  | 4283/5360 [06:45<01:57,  9.17it/s] 80%|███████▉  | 4284/5360 [06:45<02:04,  8.66it/s] 80%|███████▉  | 4285/5360 [06:45<02:01,  8.84it/s] 80%|███████▉  | 4286/5360 [06:45<01:59,  8.98it/s] 80%|███████▉  | 4287/5360 [06:45<01:57,  9.14it/s] 80%|████████  | 4288/5360 [06:45<02:07,  8.39it/s] 80%|████████  | 4289/5360 [06:45<02:03,  8.66it/s] 80%|████████  | 4290/5360 [06:45<02:00,  8.87it/s] 80%|████████  | 4291/5360 [06:45<01:57,  9.07it/s] 80%|████████  | 4292/5360 [06:46<01:57,  9.06it/s] 80%|████████  | 4293/5360 [06:46<02:01,  8.76it/s] 80%|████████  | 4294/5360 [06:46<02:01,  8.74it/s] 80%|████████  | 4295/5360 [06:46<02:02,  8.69it/s] 80%|████████  | 4296/5360 [06:46<01:58,  8.94it/s] 80%|████████  | 4297/5360 [06:46<02:06,  8.41it/s] 80%|████████  | 4298/5360 [06:46<02:04,  8.55it/s] 80%|████████  | 4299/5360 [06:46<02:05,  8.46it/s] 80%|████████  | 4300/5360 [06:46<02:03,  8.58it/s] 80%|████████  | 4301/5360 [06:47<02:02,  8.63it/s] 80%|████████  | 4302/5360 [06:47<02:00,  8.78it/s] 80%|████████  | 4303/5360 [06:47<02:02,  8.62it/s] 80%|████████  | 4304/5360 [06:47<02:02,  8.61it/s] 80%|████████  | 4305/5360 [06:47<02:07,  8.30it/s] 80%|████████  | 4306/5360 [06:47<02:03,  8.51it/s] 80%|████████  | 4307/5360 [06:47<02:02,  8.61it/s] 80%|████████  | 4308/5360 [06:47<02:03,  8.53it/s] 80%|████████  | 4309/5360 [06:48<02:00,  8.71it/s] 80%|████████  | 4311/5360 [06:48<01:55,  9.09it/s] 80%|████████  | 4312/5360 [06:48<01:55,  9.10it/s] 80%|████████  | 4313/5360 [06:48<01:58,  8.83it/s] 80%|████████  | 4314/5360 [06:48<01:56,  8.96it/s] 81%|████████  | 4316/5360 [06:48<01:57,  8.92it/s] 81%|████████  | 4317/5360 [06:48<01:58,  8.80it/s] 81%|████████  | 4319/5360 [06:49<01:54,  9.07it/s] 81%|████████  | 4320/5360 [06:49<01:52,  9.21it/s] 81%|████████  | 4321/5360 [06:49<01:52,  9.26it/s] 81%|████████  | 4322/5360 [06:49<01:54,  9.09it/s] 81%|████████  | 4323/5360 [06:49<01:53,  9.14it/s] 81%|████████  | 4324/5360 [06:49<01:53,  9.14it/s] 81%|████████  | 4325/5360 [06:49<01:51,  9.31it/s] 81%|████████  | 4326/5360 [06:49<01:49,  9.44it/s] 81%|████████  | 4327/5360 [06:49<01:51,  9.30it/s] 81%|████████  | 4328/5360 [06:50<01:51,  9.24it/s] 81%|████████  | 4329/5360 [06:50<01:50,  9.36it/s] 81%|████████  | 4330/5360 [06:50<01:58,  8.66it/s] 81%|████████  | 4331/5360 [06:50<02:04,  8.27it/s] 81%|████████  | 4332/5360 [06:50<02:11,  7.79it/s] 81%|████████  | 4333/5360 [06:50<02:42,  6.33it/s] 81%|████████  | 4334/5360 [06:51<03:03,  5.59it/s] 81%|████████  | 4335/5360 [06:51<02:52,  5.94it/s] 81%|████████  | 4336/5360 [06:51<02:34,  6.64it/s] 81%|████████  | 4337/5360 [06:51<02:19,  7.35it/s] 81%|████████  | 4338/5360 [06:51<02:08,  7.93it/s] 81%|████████  | 4339/5360 [06:51<02:01,  8.42it/s] 81%|████████  | 4340/5360 [06:51<01:57,  8.66it/s] 81%|████████  | 4341/5360 [06:51<01:59,  8.51it/s] 81%|████████  | 4342/5360 [06:51<01:58,  8.56it/s] 81%|████████  | 4343/5360 [06:52<01:57,  8.66it/s] 81%|████████  | 4344/5360 [06:52<01:53,  8.97it/s] 81%|████████  | 4345/5360 [06:52<01:52,  9.04it/s] 81%|████████  | 4346/5360 [06:52<01:50,  9.21it/s] 81%|████████  | 4347/5360 [06:52<01:48,  9.38it/s] 81%|████████  | 4348/5360 [06:52<01:52,  8.99it/s] 81%|████████  | 4349/5360 [06:52<01:53,  8.90it/s] 81%|████████  | 4350/5360 [06:52<01:52,  8.98it/s] 81%|████████  | 4351/5360 [06:52<01:50,  9.13it/s] 81%|████████  | 4352/5360 [06:53<01:49,  9.17it/s] 81%|████████  | 4353/5360 [06:53<01:49,  9.22it/s] 81%|████████▏ | 4355/5360 [06:53<01:41,  9.87it/s] 81%|████████▏ | 4356/5360 [06:53<01:55,  8.70it/s] 81%|████████▏ | 4357/5360 [06:53<01:54,  8.75it/s] 81%|████████▏ | 4358/5360 [06:53<01:52,  8.93it/s] 81%|████████▏ | 4359/5360 [06:53<01:50,  9.07it/s] 81%|████████▏ | 4360/5360 [06:53<01:53,  8.85it/s] 81%|████████▏ | 4362/5360 [06:54<01:48,  9.24it/s] 81%|████████▏ | 4363/5360 [06:54<01:51,  8.96it/s] 81%|████████▏ | 4364/5360 [06:54<01:51,  8.97it/s] 81%|████████▏ | 4366/5360 [06:54<01:44,  9.48it/s] 81%|████████▏ | 4367/5360 [06:54<01:48,  9.17it/s] 82%|████████▏ | 4369/5360 [06:54<01:44,  9.50it/s] 82%|████████▏ | 4370/5360 [06:55<01:46,  9.33it/s] 82%|████████▏ | 4371/5360 [06:55<01:45,  9.35it/s] 82%|████████▏ | 4372/5360 [06:55<01:47,  9.20it/s] 82%|████████▏ | 4373/5360 [06:55<01:47,  9.16it/s] 82%|████████▏ | 4375/5360 [06:55<01:44,  9.39it/s] 82%|████████▏ | 4376/5360 [06:55<01:46,  9.24it/s] 82%|████████▏ | 4377/5360 [06:55<01:47,  9.12it/s] 82%|████████▏ | 4378/5360 [06:55<01:47,  9.14it/s] 82%|████████▏ | 4379/5360 [06:56<01:47,  9.15it/s] 82%|████████▏ | 4381/5360 [06:56<01:43,  9.44it/s] 82%|████████▏ | 4382/5360 [06:56<01:44,  9.39it/s] 82%|████████▏ | 4383/5360 [06:56<01:43,  9.41it/s] 82%|████████▏ | 4384/5360 [06:56<01:43,  9.46it/s] 82%|████████▏ | 4385/5360 [06:56<01:42,  9.53it/s] 82%|████████▏ | 4386/5360 [06:56<01:41,  9.62it/s] 82%|████████▏ | 4388/5360 [06:56<01:44,  9.29it/s] 82%|████████▏ | 4390/5360 [06:57<01:39,  9.71it/s] 82%|████████▏ | 4391/5360 [06:57<01:39,  9.69it/s] 82%|████████▏ | 4392/5360 [06:57<01:47,  8.98it/s] 82%|████████▏ | 4394/5360 [06:57<01:38,  9.78it/s] 82%|████████▏ | 4395/5360 [06:57<01:42,  9.43it/s] 82%|████████▏ | 4397/5360 [06:57<01:40,  9.54it/s] 82%|████████▏ | 4398/5360 [06:58<01:45,  9.13it/s] 82%|████████▏ | 4399/5360 [06:58<01:44,  9.22it/s] 82%|████████▏ | 4400/5360 [06:58<01:51,  8.65it/s] 82%|████████▏ | 4401/5360 [06:58<01:54,  8.39it/s] 82%|████████▏ | 4402/5360 [06:58<01:57,  8.17it/s] 82%|████████▏ | 4403/5360 [06:58<02:06,  7.57it/s] 82%|████████▏ | 4404/5360 [06:58<02:02,  7.80it/s] 82%|████████▏ | 4405/5360 [06:58<01:56,  8.18it/s] 82%|████████▏ | 4406/5360 [06:59<01:53,  8.43it/s] 82%|████████▏ | 4408/5360 [06:59<01:39,  9.56it/s] 82%|████████▏ | 4409/5360 [06:59<01:43,  9.20it/s] 82%|████████▏ | 4411/5360 [06:59<01:34, 10.06it/s] 82%|████████▏ | 4413/5360 [06:59<01:34, 10.06it/s] 82%|████████▏ | 4414/5360 [06:59<01:37,  9.66it/s] 82%|████████▏ | 4416/5360 [07:00<01:39,  9.51it/s] 82%|████████▏ | 4417/5360 [07:00<01:41,  9.27it/s] 82%|████████▏ | 4418/5360 [07:00<01:46,  8.82it/s] 82%|████████▏ | 4419/5360 [07:00<01:48,  8.67it/s] 82%|████████▏ | 4420/5360 [07:00<01:52,  8.36it/s] 82%|████████▏ | 4421/5360 [07:00<01:52,  8.32it/s] 82%|████████▎ | 4422/5360 [07:00<01:53,  8.25it/s] 83%|████████▎ | 4424/5360 [07:00<01:46,  8.76it/s] 83%|████████▎ | 4426/5360 [07:01<01:41,  9.22it/s] 83%|████████▎ | 4428/5360 [07:01<01:34,  9.88it/s] 83%|████████▎ | 4430/5360 [07:01<01:28, 10.55it/s] 83%|████████▎ | 4432/5360 [07:01<01:29, 10.38it/s] 83%|████████▎ | 4434/5360 [07:01<01:26, 10.68it/s] 83%|████████▎ | 4436/5360 [07:02<01:26, 10.74it/s] 83%|████████▎ | 4438/5360 [07:02<01:26, 10.70it/s] 83%|████████▎ | 4440/5360 [07:02<01:23, 11.04it/s] 83%|████████▎ | 4442/5360 [07:02<01:24, 10.82it/s] 83%|████████▎ | 4444/5360 [07:02<01:27, 10.44it/s] 83%|████████▎ | 4446/5360 [07:03<01:38,  9.27it/s] 83%|████████▎ | 4448/5360 [07:03<01:38,  9.28it/s] 83%|████████▎ | 4449/5360 [07:03<01:37,  9.33it/s] 83%|████████▎ | 4451/5360 [07:03<01:34,  9.58it/s] 83%|████████▎ | 4453/5360 [07:03<01:29, 10.10it/s] 83%|████████▎ | 4455/5360 [07:03<01:25, 10.54it/s] 83%|████████▎ | 4457/5360 [07:04<01:28, 10.19it/s] 83%|████████▎ | 4459/5360 [07:04<01:28, 10.13it/s] 83%|████████▎ | 4461/5360 [07:04<01:26, 10.43it/s] 83%|████████▎ | 4463/5360 [07:04<01:26, 10.39it/s] 83%|████████▎ | 4465/5360 [07:04<01:30,  9.92it/s] 83%|████████▎ | 4467/5360 [07:05<01:26, 10.30it/s] 83%|████████▎ | 4469/5360 [07:05<01:27, 10.17it/s] 83%|████████▎ | 4471/5360 [07:05<01:30,  9.86it/s] 83%|████████▎ | 4472/5360 [07:05<01:30,  9.81it/s] 83%|████████▎ | 4473/5360 [07:05<01:30,  9.80it/s] 83%|████████▎ | 4474/5360 [07:05<01:32,  9.62it/s] 84%|████████▎ | 4476/5360 [07:06<01:28, 10.00it/s] 84%|████████▎ | 4477/5360 [07:06<01:28,  9.96it/s] 84%|████████▎ | 4478/5360 [07:06<01:29,  9.87it/s] 84%|████████▎ | 4480/5360 [07:06<01:29,  9.80it/s] 84%|████████▎ | 4482/5360 [07:06<01:32,  9.48it/s] 84%|████████▎ | 4483/5360 [07:06<01:31,  9.55it/s] 84%|████████▎ | 4484/5360 [07:06<01:33,  9.39it/s] 84%|████████▎ | 4486/5360 [07:07<01:31,  9.58it/s] 84%|████████▎ | 4488/5360 [07:07<01:23, 10.38it/s] 84%|████████▍ | 4490/5360 [07:07<01:26, 10.07it/s] 84%|████████▍ | 4492/5360 [07:07<01:29,  9.68it/s] 84%|████████▍ | 4493/5360 [07:07<01:30,  9.63it/s] 84%|████████▍ | 4494/5360 [07:07<01:30,  9.62it/s] 84%|████████▍ | 4495/5360 [07:08<01:30,  9.53it/s] 84%|████████▍ | 4496/5360 [07:08<01:32,  9.35it/s] 84%|████████▍ | 4497/5360 [07:08<01:40,  8.62it/s] 84%|████████▍ | 4498/5360 [07:08<01:37,  8.82it/s] 84%|████████▍ | 4499/5360 [07:08<01:38,  8.75it/s] 84%|████████▍ | 4500/5360 [07:08<01:37,  8.79it/s] 84%|████████▍ | 4501/5360 [07:08<01:35,  8.96it/s] 84%|████████▍ | 4502/5360 [07:08<01:39,  8.66it/s] 84%|████████▍ | 4503/5360 [07:08<01:37,  8.77it/s] 84%|████████▍ | 4504/5360 [07:09<01:36,  8.90it/s] 84%|████████▍ | 4505/5360 [07:09<01:37,  8.75it/s] 84%|████████▍ | 4506/5360 [07:09<01:37,  8.79it/s] 84%|████████▍ | 4507/5360 [07:09<01:36,  8.81it/s] 84%|████████▍ | 4508/5360 [07:09<01:37,  8.78it/s] 84%|████████▍ | 4509/5360 [07:09<01:36,  8.85it/s] 84%|████████▍ | 4510/5360 [07:09<01:37,  8.74it/s] 84%|████████▍ | 4511/5360 [07:09<01:40,  8.43it/s] 84%|████████▍ | 4512/5360 [07:10<01:44,  8.12it/s] 84%|████████▍ | 4513/5360 [07:10<01:38,  8.59it/s] 84%|████████▍ | 4514/5360 [07:10<01:36,  8.76it/s] 84%|████████▍ | 4516/5360 [07:10<01:27,  9.64it/s] 84%|████████▍ | 4517/5360 [07:10<01:30,  9.27it/s] 84%|████████▍ | 4518/5360 [07:10<01:32,  9.07it/s] 84%|████████▍ | 4519/5360 [07:10<01:42,  8.21it/s] 84%|████████▍ | 4520/5360 [07:10<01:40,  8.39it/s] 84%|████████▍ | 4521/5360 [07:11<01:37,  8.63it/s] 84%|████████▍ | 4523/5360 [07:11<01:37,  8.62it/s] 84%|████████▍ | 4524/5360 [07:11<01:37,  8.58it/s] 84%|████████▍ | 4525/5360 [07:11<01:35,  8.75it/s] 84%|████████▍ | 4526/5360 [07:11<01:33,  8.94it/s] 84%|████████▍ | 4527/5360 [07:11<01:39,  8.34it/s] 84%|████████▍ | 4528/5360 [07:11<01:36,  8.62it/s] 84%|████████▍ | 4529/5360 [07:11<01:39,  8.38it/s] 85%|████████▍ | 4530/5360 [07:12<01:36,  8.64it/s] 85%|████████▍ | 4531/5360 [07:12<01:35,  8.68it/s] 85%|████████▍ | 4533/5360 [07:12<01:32,  8.97it/s] 85%|████████▍ | 4534/5360 [07:12<01:33,  8.81it/s] 85%|████████▍ | 4535/5360 [07:12<01:30,  9.08it/s] 85%|████████▍ | 4537/5360 [07:12<01:25,  9.62it/s] 85%|████████▍ | 4538/5360 [07:12<01:29,  9.20it/s] 85%|████████▍ | 4539/5360 [07:13<01:34,  8.65it/s] 85%|████████▍ | 4541/5360 [07:13<01:32,  8.87it/s] 85%|████████▍ | 4542/5360 [07:13<01:31,  8.93it/s] 85%|████████▍ | 4543/5360 [07:13<01:30,  8.99it/s] 85%|████████▍ | 4544/5360 [07:13<01:35,  8.57it/s] 85%|████████▍ | 4545/5360 [07:13<01:43,  7.87it/s] 85%|████████▍ | 4546/5360 [07:13<01:49,  7.44it/s] 85%|████████▍ | 4547/5360 [07:14<01:50,  7.36it/s] 85%|████████▍ | 4548/5360 [07:14<01:46,  7.63it/s] 85%|████████▍ | 4549/5360 [07:14<01:40,  8.09it/s] 85%|████████▍ | 4550/5360 [07:14<01:38,  8.24it/s] 85%|████████▍ | 4551/5360 [07:14<01:35,  8.50it/s] 85%|████████▍ | 4552/5360 [07:14<01:34,  8.54it/s] 85%|████████▍ | 4553/5360 [07:14<01:35,  8.47it/s] 85%|████████▍ | 4554/5360 [07:14<01:32,  8.71it/s] 85%|████████▍ | 4555/5360 [07:15<01:31,  8.81it/s] 85%|████████▌ | 4557/5360 [07:15<01:20,  9.95it/s] 85%|████████▌ | 4558/5360 [07:15<01:24,  9.51it/s] 85%|████████▌ | 4559/5360 [07:15<01:24,  9.51it/s] 85%|████████▌ | 4560/5360 [07:15<01:23,  9.63it/s] 85%|████████▌ | 4561/5360 [07:15<01:26,  9.26it/s] 85%|████████▌ | 4562/5360 [07:15<01:26,  9.24it/s] 85%|████████▌ | 4563/5360 [07:15<01:26,  9.20it/s] 85%|████████▌ | 4564/5360 [07:15<01:26,  9.20it/s] 85%|████████▌ | 4565/5360 [07:16<01:25,  9.32it/s] 85%|████████▌ | 4567/5360 [07:16<01:25,  9.28it/s] 85%|████████▌ | 4568/5360 [07:16<01:25,  9.24it/s] 85%|████████▌ | 4569/5360 [07:16<01:24,  9.35it/s] 85%|████████▌ | 4570/5360 [07:16<01:24,  9.40it/s] 85%|████████▌ | 4572/5360 [07:16<01:24,  9.36it/s] 85%|████████▌ | 4573/5360 [07:16<01:25,  9.18it/s] 85%|████████▌ | 4574/5360 [07:17<01:24,  9.25it/s] 85%|████████▌ | 4575/5360 [07:17<01:29,  8.75it/s] 85%|████████▌ | 4576/5360 [07:17<01:27,  8.95it/s] 85%|████████▌ | 4577/5360 [07:17<01:25,  9.13it/s] 85%|████████▌ | 4579/5360 [07:17<01:22,  9.49it/s] 85%|████████▌ | 4580/5360 [07:17<01:22,  9.44it/s] 85%|████████▌ | 4582/5360 [07:17<01:19,  9.74it/s] 86%|████████▌ | 4583/5360 [07:17<01:21,  9.52it/s] 86%|████████▌ | 4584/5360 [07:18<01:21,  9.58it/s] 86%|████████▌ | 4585/5360 [07:18<01:21,  9.56it/s] 86%|████████▌ | 4587/5360 [07:18<01:20,  9.65it/s] 86%|████████▌ | 4588/5360 [07:18<01:21,  9.44it/s] 86%|████████▌ | 4589/5360 [07:18<01:22,  9.34it/s] 86%|████████▌ | 4590/5360 [07:18<01:23,  9.24it/s] 86%|████████▌ | 4592/5360 [07:18<01:19,  9.71it/s] 86%|████████▌ | 4594/5360 [07:19<01:20,  9.57it/s] 86%|████████▌ | 4595/5360 [07:19<01:19,  9.58it/s] 86%|████████▌ | 4597/5360 [07:19<01:14, 10.24it/s] 86%|████████▌ | 4599/5360 [07:19<01:12, 10.47it/s] 86%|████████▌ | 4601/5360 [07:19<01:13, 10.31it/s] 86%|████████▌ | 4603/5360 [07:19<01:14, 10.20it/s] 86%|████████▌ | 4605/5360 [07:20<01:16,  9.90it/s] 86%|████████▌ | 4606/5360 [07:20<01:16,  9.91it/s] 86%|████████▌ | 4607/5360 [07:20<01:18,  9.57it/s] 86%|████████▌ | 4608/5360 [07:20<01:17,  9.65it/s] 86%|████████▌ | 4609/5360 [07:20<01:24,  8.84it/s] 86%|████████▌ | 4610/5360 [07:20<01:27,  8.58it/s] 86%|████████▌ | 4611/5360 [07:20<01:29,  8.36it/s] 86%|████████▌ | 4612/5360 [07:21<01:30,  8.29it/s] 86%|████████▌ | 4613/5360 [07:21<01:29,  8.39it/s] 86%|████████▌ | 4615/5360 [07:21<01:22,  9.03it/s] 86%|████████▌ | 4617/5360 [07:21<01:19,  9.39it/s] 86%|████████▌ | 4619/5360 [07:21<01:12, 10.17it/s] 86%|████████▌ | 4621/5360 [07:21<01:14,  9.97it/s] 86%|████████▌ | 4622/5360 [07:22<01:16,  9.67it/s] 86%|████████▋ | 4624/5360 [07:22<01:12, 10.09it/s] 86%|████████▋ | 4625/5360 [07:22<01:13, 10.02it/s] 86%|████████▋ | 4627/5360 [07:22<01:13,  9.91it/s] 86%|████████▋ | 4628/5360 [07:22<01:18,  9.36it/s] 86%|████████▋ | 4629/5360 [07:22<01:20,  9.11it/s] 86%|████████▋ | 4630/5360 [07:23<01:38,  7.44it/s] 86%|████████▋ | 4631/5360 [07:23<01:38,  7.38it/s] 86%|████████▋ | 4632/5360 [07:23<01:31,  7.92it/s] 86%|████████▋ | 4634/5360 [07:23<01:15,  9.56it/s] 86%|████████▋ | 4635/5360 [07:23<01:17,  9.38it/s] 86%|████████▋ | 4636/5360 [07:23<01:16,  9.48it/s] 87%|████████▋ | 4638/5360 [07:23<01:10, 10.17it/s] 87%|████████▋ | 4640/5360 [07:24<01:12,  9.97it/s] 87%|████████▋ | 4641/5360 [07:24<01:12,  9.97it/s] 87%|████████▋ | 4643/5360 [07:24<01:10, 10.20it/s] 87%|████████▋ | 4645/5360 [07:24<01:03, 11.17it/s] 87%|████████▋ | 4647/5360 [07:24<01:07, 10.57it/s] 87%|████████▋ | 4649/5360 [07:24<01:01, 11.50it/s] 87%|████████▋ | 4651/5360 [07:24<01:00, 11.69it/s] 87%|████████▋ | 4653/5360 [07:25<01:02, 11.36it/s] 87%|████████▋ | 4655/5360 [07:25<00:59, 11.87it/s] 87%|████████▋ | 4657/5360 [07:25<01:00, 11.53it/s] 87%|████████▋ | 4659/5360 [07:25<01:03, 11.04it/s] 87%|████████▋ | 4661/5360 [07:25<00:59, 11.67it/s] 87%|████████▋ | 4663/5360 [07:25<01:00, 11.60it/s] 87%|████████▋ | 4665/5360 [07:26<01:00, 11.55it/s] 87%|████████▋ | 4667/5360 [07:26<01:03, 10.96it/s] 87%|████████▋ | 4669/5360 [07:26<01:04, 10.70it/s] 87%|████████▋ | 4671/5360 [07:26<01:07, 10.20it/s] 87%|████████▋ | 4673/5360 [07:26<01:07, 10.15it/s] 87%|████████▋ | 4675/5360 [07:27<01:06, 10.23it/s] 87%|████████▋ | 4677/5360 [07:27<01:05, 10.36it/s] 87%|████████▋ | 4679/5360 [07:27<01:02, 10.81it/s] 87%|████████▋ | 4681/5360 [07:27<01:04, 10.55it/s] 87%|████████▋ | 4683/5360 [07:27<01:00, 11.26it/s] 87%|████████▋ | 4685/5360 [07:28<00:59, 11.36it/s] 87%|████████▋ | 4687/5360 [07:28<00:59, 11.38it/s] 87%|████████▋ | 4689/5360 [07:28<00:59, 11.20it/s] 88%|████████▊ | 4691/5360 [07:28<00:59, 11.31it/s] 88%|████████▊ | 4693/5360 [07:28<01:00, 11.00it/s] 88%|████████▊ | 4695/5360 [07:28<01:01, 10.83it/s] 88%|████████▊ | 4697/5360 [07:29<01:02, 10.66it/s] 88%|████████▊ | 4699/5360 [07:29<01:01, 10.67it/s] 88%|████████▊ | 4701/5360 [07:29<00:58, 11.20it/s] 88%|████████▊ | 4703/5360 [07:29<00:58, 11.27it/s] 88%|████████▊ | 4705/5360 [07:29<01:00, 10.79it/s] 88%|████████▊ | 4707/5360 [07:30<01:00, 10.71it/s] 88%|████████▊ | 4709/5360 [07:30<01:02, 10.49it/s] 88%|████████▊ | 4711/5360 [07:30<01:02, 10.37it/s] 88%|████████▊ | 4713/5360 [07:30<01:03, 10.25it/s] 88%|████████▊ | 4715/5360 [07:30<01:02, 10.24it/s] 88%|████████▊ | 4717/5360 [07:31<01:01, 10.44it/s] 88%|████████▊ | 4719/5360 [07:31<01:00, 10.62it/s] 88%|████████▊ | 4721/5360 [07:31<01:00, 10.63it/s] 88%|████████▊ | 4723/5360 [07:31<00:57, 11.06it/s] 88%|████████▊ | 4725/5360 [07:31<00:58, 10.83it/s] 88%|████████▊ | 4727/5360 [07:31<00:57, 11.09it/s] 88%|████████▊ | 4729/5360 [07:32<00:56, 11.19it/s] 88%|████████▊ | 4731/5360 [07:32<00:58, 10.70it/s] 88%|████████▊ | 4733/5360 [07:32<00:58, 10.69it/s] 88%|████████▊ | 4735/5360 [07:32<00:59, 10.44it/s] 88%|████████▊ | 4737/5360 [07:32<01:01, 10.07it/s] 88%|████████▊ | 4739/5360 [07:33<01:03,  9.86it/s] 88%|████████▊ | 4741/5360 [07:33<01:00, 10.30it/s] 88%|████████▊ | 4743/5360 [07:33<01:02,  9.87it/s] 89%|████████▊ | 4745/5360 [07:33<01:02,  9.85it/s] 89%|████████▊ | 4746/5360 [07:33<01:02,  9.86it/s] 89%|████████▊ | 4747/5360 [07:33<01:03,  9.66it/s] 89%|████████▊ | 4748/5360 [07:34<01:05,  9.41it/s] 89%|████████▊ | 4750/5360 [07:34<01:01,  9.96it/s] 89%|████████▊ | 4751/5360 [07:34<01:02,  9.80it/s] 89%|████████▊ | 4752/5360 [07:34<01:01,  9.82it/s] 89%|████████▊ | 4754/5360 [07:34<00:56, 10.78it/s] 89%|████████▊ | 4756/5360 [07:34<00:59, 10.19it/s] 89%|████████▉ | 4758/5360 [07:35<01:00, 10.00it/s] 89%|████████▉ | 4760/5360 [07:35<00:54, 10.95it/s] 89%|████████▉ | 4762/5360 [07:35<00:55, 10.73it/s] 89%|████████▉ | 4764/5360 [07:35<00:57, 10.31it/s] 89%|████████▉ | 4766/5360 [07:35<00:57, 10.38it/s] 89%|████████▉ | 4768/5360 [07:35<00:55, 10.63it/s] 89%|████████▉ | 4770/5360 [07:36<00:58, 10.03it/s] 89%|████████▉ | 4772/5360 [07:36<00:59,  9.87it/s] 89%|████████▉ | 4774/5360 [07:36<00:56, 10.38it/s] 89%|████████▉ | 4776/5360 [07:36<00:57, 10.08it/s] 89%|████████▉ | 4778/5360 [07:37<01:00,  9.64it/s] 89%|████████▉ | 4779/5360 [07:37<01:00,  9.54it/s] 89%|████████▉ | 4780/5360 [07:37<01:00,  9.60it/s] 89%|████████▉ | 4781/5360 [07:37<01:00,  9.61it/s] 89%|████████▉ | 4783/5360 [07:37<00:51, 11.23it/s] 89%|████████▉ | 4785/5360 [07:37<00:52, 10.85it/s] 89%|████████▉ | 4787/5360 [07:37<00:51, 11.06it/s] 89%|████████▉ | 4789/5360 [07:37<00:49, 11.59it/s] 89%|████████▉ | 4791/5360 [07:38<00:51, 10.98it/s] 89%|████████▉ | 4793/5360 [07:38<00:51, 10.92it/s] 89%|████████▉ | 4795/5360 [07:38<00:48, 11.61it/s] 89%|████████▉ | 4797/5360 [07:38<00:49, 11.38it/s] 90%|████████▉ | 4799/5360 [07:38<00:48, 11.63it/s] 90%|████████▉ | 4801/5360 [07:39<00:51, 10.86it/s] 90%|████████▉ | 4803/5360 [07:39<00:56,  9.94it/s] 90%|████████▉ | 4805/5360 [07:39<00:55, 10.02it/s] 90%|████████▉ | 4807/5360 [07:39<00:51, 10.75it/s] 90%|████████▉ | 4809/5360 [07:39<00:45, 11.99it/s] 90%|████████▉ | 4811/5360 [07:39<00:47, 11.49it/s] 90%|████████▉ | 4813/5360 [07:40<00:46, 11.64it/s] 90%|████████▉ | 4815/5360 [07:40<00:45, 12.06it/s] 90%|████████▉ | 4817/5360 [07:40<00:47, 11.39it/s] 90%|████████▉ | 4819/5360 [07:40<00:48, 11.19it/s] 90%|████████▉ | 4821/5360 [07:40<00:51, 10.49it/s] 90%|████████▉ | 4823/5360 [07:41<00:52, 10.29it/s] 90%|█████████ | 4825/5360 [07:41<00:46, 11.40it/s] 90%|█████████ | 4827/5360 [07:41<00:43, 12.36it/s] 90%|█████████ | 4829/5360 [07:41<00:41, 12.91it/s] 90%|█████████ | 4831/5360 [07:41<00:39, 13.31it/s] 90%|█████████ | 4833/5360 [07:41<00:38, 13.78it/s] 90%|█████████ | 4835/5360 [07:41<00:38, 13.55it/s] 90%|█████████ | 4837/5360 [07:42<00:36, 14.32it/s] 90%|█████████ | 4839/5360 [07:42<00:34, 15.16it/s] 90%|█████████ | 4841/5360 [07:42<00:34, 14.83it/s] 90%|█████████ | 4843/5360 [07:42<00:35, 14.47it/s] 90%|█████████ | 4845/5360 [07:42<00:34, 14.81it/s] 90%|█████████ | 4847/5360 [07:42<00:33, 15.36it/s] 90%|█████████ | 4849/5360 [07:42<00:36, 14.13it/s] 91%|█████████ | 4851/5360 [07:43<00:41, 12.20it/s] 91%|█████████ | 4853/5360 [07:43<00:43, 11.56it/s] 91%|█████████ | 4855/5360 [07:43<00:43, 11.53it/s] 91%|█████████ | 4857/5360 [07:43<00:44, 11.41it/s] 91%|█████████ | 4859/5360 [07:43<00:40, 12.23it/s] 91%|█████████ | 4861/5360 [07:43<00:41, 11.89it/s] 91%|█████████ | 4863/5360 [07:44<00:39, 12.67it/s] 91%|█████████ | 4865/5360 [07:44<00:39, 12.45it/s] 91%|█████████ | 4867/5360 [07:44<00:39, 12.56it/s] 91%|█████████ | 4869/5360 [07:44<00:40, 12.07it/s] 91%|█████████ | 4871/5360 [07:44<00:39, 12.31it/s] 91%|█████████ | 4873/5360 [07:44<00:38, 12.72it/s] 91%|█████████ | 4875/5360 [07:45<00:36, 13.38it/s] 91%|█████████ | 4877/5360 [07:45<00:37, 12.93it/s] 91%|█████████ | 4879/5360 [07:45<00:39, 12.14it/s] 91%|█████████ | 4881/5360 [07:45<00:37, 12.91it/s] 91%|█████████ | 4883/5360 [07:45<00:39, 12.06it/s] 91%|█████████ | 4885/5360 [07:45<00:41, 11.57it/s] 91%|█████████ | 4887/5360 [07:46<00:40, 11.56it/s] 91%|█████████ | 4889/5360 [07:46<00:40, 11.59it/s] 91%|█████████▏| 4891/5360 [07:46<00:41, 11.30it/s] 91%|█████████▏| 4893/5360 [07:46<00:40, 11.53it/s] 91%|█████████▏| 4895/5360 [07:46<00:40, 11.35it/s] 91%|█████████▏| 4897/5360 [07:46<00:40, 11.47it/s] 91%|█████████▏| 4899/5360 [07:47<00:42, 10.76it/s] 91%|█████████▏| 4901/5360 [07:47<00:38, 11.79it/s] 91%|█████████▏| 4903/5360 [07:47<00:39, 11.57it/s] 92%|█████████▏| 4905/5360 [07:47<00:39, 11.56it/s] 92%|█████████▏| 4907/5360 [07:47<00:36, 12.37it/s] 92%|█████████▏| 4909/5360 [07:47<00:38, 11.87it/s] 92%|█████████▏| 4911/5360 [07:48<00:39, 11.49it/s] 92%|█████████▏| 4913/5360 [07:48<00:36, 12.28it/s] 92%|█████████▏| 4915/5360 [07:48<00:35, 12.50it/s] 92%|█████████▏| 4917/5360 [07:48<00:37, 11.96it/s] 92%|█████████▏| 4919/5360 [07:48<00:40, 10.95it/s] 92%|█████████▏| 4921/5360 [07:49<00:40, 10.81it/s] 92%|█████████▏| 4923/5360 [07:49<00:39, 11.10it/s] 92%|█████████▏| 4925/5360 [07:49<00:38, 11.23it/s] 92%|█████████▏| 4927/5360 [07:49<00:37, 11.41it/s] 92%|█████████▏| 4929/5360 [07:49<00:37, 11.42it/s] 92%|█████████▏| 4931/5360 [07:49<00:37, 11.31it/s] 92%|█████████▏| 4933/5360 [07:50<00:36, 11.85it/s] 92%|█████████▏| 4935/5360 [07:50<00:36, 11.56it/s] 92%|█████████▏| 4937/5360 [07:50<00:38, 11.01it/s] 92%|█████████▏| 4939/5360 [07:50<00:36, 11.62it/s] 92%|█████████▏| 4941/5360 [07:50<00:36, 11.53it/s] 92%|█████████▏| 4943/5360 [07:50<00:37, 11.18it/s] 92%|█████████▏| 4945/5360 [07:51<00:35, 11.75it/s] 92%|█████████▏| 4947/5360 [07:51<00:38, 10.75it/s] 92%|█████████▏| 4949/5360 [07:51<00:38, 10.67it/s] 92%|█████████▏| 4951/5360 [07:51<00:36, 11.24it/s] 92%|█████████▏| 4953/5360 [07:51<00:35, 11.38it/s] 92%|█████████▏| 4955/5360 [07:52<00:36, 11.05it/s] 92%|█████████▏| 4957/5360 [07:52<00:37, 10.71it/s] 93%|█████████▎| 4959/5360 [07:52<00:37, 10.78it/s] 93%|█████████▎| 4961/5360 [07:52<00:34, 11.52it/s] 93%|█████████▎| 4963/5360 [07:52<00:35, 11.30it/s] 93%|█████████▎| 4965/5360 [07:52<00:34, 11.38it/s] 93%|█████████▎| 4967/5360 [07:53<00:34, 11.44it/s] 93%|█████████▎| 4969/5360 [07:53<00:32, 12.19it/s] 93%|█████████▎| 4971/5360 [07:53<00:33, 11.56it/s] 93%|█████████▎| 4973/5360 [07:53<00:33, 11.70it/s] 93%|█████████▎| 4975/5360 [07:53<00:32, 11.84it/s] 93%|█████████▎| 4977/5360 [07:53<00:30, 12.46it/s] 93%|█████████▎| 4979/5360 [07:54<00:32, 11.65it/s] 93%|█████████▎| 4981/5360 [07:54<00:30, 12.50it/s] 93%|█████████▎| 4983/5360 [07:54<00:31, 11.98it/s] 93%|█████████▎| 4985/5360 [07:54<00:32, 11.39it/s] 93%|█████████▎| 4987/5360 [07:54<00:32, 11.65it/s] 93%|█████████▎| 4989/5360 [07:54<00:33, 11.14it/s] 93%|█████████▎| 4991/5360 [07:55<00:35, 10.38it/s] 93%|█████████▎| 4993/5360 [07:55<00:35, 10.26it/s] 93%|█████████▎| 4995/5360 [07:55<00:34, 10.59it/s] 93%|█████████▎| 4997/5360 [07:55<00:35, 10.28it/s] 93%|█████████▎| 4999/5360 [07:55<00:35, 10.19it/s] 93%|█████████▎| 5001/5360 [07:56<00:34, 10.29it/s] 93%|█████████▎| 5003/5360 [07:56<00:34, 10.23it/s] 93%|█████████▎| 5005/5360 [07:56<00:32, 11.04it/s] 93%|█████████▎| 5007/5360 [07:56<00:32, 10.83it/s] 93%|█████████▎| 5009/5360 [07:56<00:32, 10.82it/s] 93%|█████████▎| 5011/5360 [07:57<00:32, 10.79it/s] 94%|█████████▎| 5013/5360 [07:57<00:33, 10.49it/s] 94%|█████████▎| 5015/5360 [07:57<00:31, 10.85it/s] 94%|█████████▎| 5017/5360 [07:57<00:33, 10.20it/s] 94%|█████████▎| 5019/5360 [07:57<00:33, 10.16it/s] 94%|█████████▎| 5021/5360 [07:58<00:33, 10.11it/s] 94%|█████████▎| 5023/5360 [07:58<00:30, 11.13it/s] 94%|█████████▍| 5025/5360 [07:58<00:31, 10.60it/s] 94%|█████████▍| 5027/5360 [07:58<00:32, 10.25it/s] 94%|█████████▍| 5029/5360 [07:58<00:32, 10.10it/s] 94%|█████████▍| 5031/5360 [07:58<00:29, 11.03it/s] 94%|█████████▍| 5033/5360 [07:59<00:30, 10.59it/s] 94%|█████████▍| 5035/5360 [07:59<00:32, 10.12it/s] 94%|█████████▍| 5037/5360 [07:59<00:31, 10.19it/s] 94%|█████████▍| 5039/5360 [07:59<00:31, 10.11it/s] 94%|█████████▍| 5041/5360 [07:59<00:29, 10.75it/s] 94%|█████████▍| 5043/5360 [08:00<00:29, 10.71it/s] 94%|█████████▍| 5045/5360 [08:00<00:29, 10.66it/s] 94%|█████████▍| 5047/5360 [08:00<00:28, 11.15it/s] 94%|█████████▍| 5049/5360 [08:00<00:28, 11.05it/s] 94%|█████████▍| 5051/5360 [08:00<00:27, 11.38it/s] 94%|█████████▍| 5053/5360 [08:00<00:25, 12.03it/s] 94%|█████████▍| 5055/5360 [08:01<00:26, 11.67it/s] 94%|█████████▍| 5057/5360 [08:01<00:27, 11.18it/s] 94%|█████████▍| 5059/5360 [08:01<00:28, 10.56it/s] 94%|█████████▍| 5061/5360 [08:01<00:30,  9.72it/s] 94%|█████████▍| 5062/5360 [08:01<00:31,  9.55it/s] 94%|█████████▍| 5064/5360 [08:02<00:28, 10.29it/s] 95%|█████████▍| 5066/5360 [08:02<00:29, 10.12it/s] 95%|█████████▍| 5068/5360 [08:02<00:27, 10.49it/s] 95%|█████████▍| 5070/5360 [08:02<00:24, 11.83it/s] 95%|█████████▍| 5072/5360 [08:02<00:21, 13.29it/s] 95%|█████████▍| 5074/5360 [08:02<00:20, 13.66it/s] 95%|█████████▍| 5076/5360 [08:02<00:19, 14.26it/s] 95%|█████████▍| 5078/5360 [08:03<00:18, 14.99it/s] 95%|█████████▍| 5080/5360 [08:03<00:18, 15.35it/s] 95%|█████████▍| 5082/5360 [08:03<00:19, 14.50it/s] 95%|█████████▍| 5084/5360 [08:03<00:18, 14.57it/s] 95%|█████████▍| 5086/5360 [08:03<00:18, 14.59it/s] 95%|█████████▍| 5088/5360 [08:03<00:20, 13.40it/s] 95%|█████████▍| 5090/5360 [08:04<00:23, 11.26it/s] 95%|█████████▌| 5092/5360 [08:04<00:25, 10.59it/s] 95%|█████████▌| 5094/5360 [08:04<00:25, 10.40it/s] 95%|█████████▌| 5096/5360 [08:04<00:24, 10.80it/s] 95%|█████████▌| 5098/5360 [08:04<00:21, 12.12it/s] 95%|█████████▌| 5100/5360 [08:04<00:19, 13.32it/s] 95%|█████████▌| 5102/5360 [08:05<00:19, 12.98it/s] 95%|█████████▌| 5104/5360 [08:05<00:18, 13.79it/s] 95%|█████████▌| 5106/5360 [08:05<00:17, 14.16it/s] 95%|█████████▌| 5108/5360 [08:05<00:17, 14.10it/s] 95%|█████████▌| 5110/5360 [08:05<00:17, 14.17it/s] 95%|█████████▌| 5112/5360 [08:05<00:16, 14.72it/s] 95%|█████████▌| 5114/5360 [08:05<00:17, 14.45it/s] 95%|█████████▌| 5116/5360 [08:05<00:16, 14.64it/s] 95%|█████████▌| 5118/5360 [08:06<00:16, 14.69it/s] 96%|█████████▌| 5120/5360 [08:06<00:17, 13.81it/s] 96%|█████████▌| 5122/5360 [08:06<00:16, 14.56it/s] 96%|█████████▌| 5124/5360 [08:06<00:16, 14.23it/s] 96%|█████████▌| 5126/5360 [08:06<00:16, 14.08it/s] 96%|█████████▌| 5128/5360 [08:06<00:16, 14.33it/s] 96%|█████████▌| 5130/5360 [08:06<00:15, 14.56it/s] 96%|█████████▌| 5132/5360 [08:07<00:15, 14.26it/s] 96%|█████████▌| 5134/5360 [08:07<00:15, 14.33it/s] 96%|█████████▌| 5136/5360 [08:07<00:16, 13.76it/s] 96%|█████████▌| 5138/5360 [08:07<00:16, 13.50it/s] 96%|█████████▌| 5140/5360 [08:07<00:16, 13.51it/s] 96%|█████████▌| 5142/5360 [08:07<00:16, 13.54it/s] 96%|█████████▌| 5144/5360 [08:08<00:17, 12.51it/s] 96%|█████████▌| 5146/5360 [08:08<00:17, 12.46it/s] 96%|█████████▌| 5148/5360 [08:08<00:16, 12.85it/s] 96%|█████████▌| 5150/5360 [08:08<00:17, 11.96it/s] 96%|█████████▌| 5152/5360 [08:08<00:17, 12.16it/s] 96%|█████████▌| 5154/5360 [08:08<00:16, 12.77it/s] 96%|█████████▌| 5156/5360 [08:09<00:16, 12.64it/s] 96%|█████████▌| 5158/5360 [08:09<00:16, 12.08it/s] 96%|█████████▋| 5160/5360 [08:09<00:16, 12.18it/s] 96%|█████████▋| 5162/5360 [08:09<00:15, 13.17it/s] 96%|█████████▋| 5164/5360 [08:09<00:15, 12.40it/s] 96%|█████████▋| 5166/5360 [08:09<00:14, 13.42it/s] 96%|█████████▋| 5168/5360 [08:09<00:15, 12.52it/s] 96%|█████████▋| 5170/5360 [08:10<00:14, 13.24it/s] 96%|█████████▋| 5172/5360 [08:10<00:14, 12.66it/s] 97%|█████████▋| 5174/5360 [08:10<00:14, 12.90it/s] 97%|█████████▋| 5176/5360 [08:10<00:15, 11.90it/s] 97%|█████████▋| 5178/5360 [08:10<00:15, 11.65it/s] 97%|█████████▋| 5180/5360 [08:10<00:16, 11.19it/s] 97%|█████████▋| 5182/5360 [08:11<00:15, 11.62it/s] 97%|█████████▋| 5184/5360 [08:11<00:15, 11.34it/s] 97%|█████████▋| 5186/5360 [08:11<00:15, 10.93it/s] 97%|█████████▋| 5188/5360 [08:11<00:16, 10.42it/s] 97%|█████████▋| 5190/5360 [08:11<00:16, 10.01it/s] 97%|█████████▋| 5192/5360 [08:12<00:16,  9.96it/s] 97%|█████████▋| 5194/5360 [08:12<00:15, 10.46it/s] 97%|█████████▋| 5196/5360 [08:12<00:15, 10.85it/s] 97%|█████████▋| 5198/5360 [08:12<00:14, 11.29it/s] 97%|█████████▋| 5200/5360 [08:12<00:14, 11.34it/s] 97%|█████████▋| 5202/5360 [08:13<00:14, 11.13it/s] 97%|█████████▋| 5204/5360 [08:13<00:13, 11.22it/s] 97%|█████████▋| 5206/5360 [08:13<00:13, 11.21it/s] 97%|█████████▋| 5208/5360 [08:13<00:13, 10.99it/s] 97%|█████████▋| 5210/5360 [08:13<00:12, 11.62it/s] 97%|█████████▋| 5212/5360 [08:13<00:13, 11.32it/s] 97%|█████████▋| 5214/5360 [08:14<00:12, 11.86it/s] 97%|█████████▋| 5216/5360 [08:14<00:13, 11.02it/s] 97%|█████████▋| 5218/5360 [08:14<00:13, 10.81it/s] 97%|█████████▋| 5220/5360 [08:14<00:11, 11.85it/s] 97%|█████████▋| 5222/5360 [08:14<00:12, 11.39it/s] 97%|█████████▋| 5224/5360 [08:14<00:11, 11.53it/s] 98%|█████████▊| 5226/5360 [08:15<00:12, 10.95it/s] 98%|█████████▊| 5228/5360 [08:15<00:11, 11.63it/s] 98%|█████████▊| 5230/5360 [08:15<00:11, 11.29it/s] 98%|█████████▊| 5232/5360 [08:15<00:11, 11.02it/s] 98%|█████████▊| 5234/5360 [08:15<00:10, 11.55it/s] 98%|█████████▊| 5236/5360 [08:15<00:10, 11.82it/s] 98%|█████████▊| 5238/5360 [08:16<00:10, 11.75it/s] 98%|█████████▊| 5240/5360 [08:16<00:10, 11.17it/s] 98%|█████████▊| 5242/5360 [08:16<00:10, 11.49it/s] 98%|█████████▊| 5244/5360 [08:16<00:10, 11.48it/s] 98%|█████████▊| 5246/5360 [08:16<00:10, 11.03it/s] 98%|█████████▊| 5248/5360 [08:17<00:10, 11.11it/s] 98%|█████████▊| 5250/5360 [08:17<00:09, 11.53it/s] 98%|█████████▊| 5252/5360 [08:17<00:09, 11.63it/s] 98%|█████████▊| 5254/5360 [08:17<00:08, 12.10it/s] 98%|█████████▊| 5256/5360 [08:17<00:08, 11.56it/s] 98%|█████████▊| 5258/5360 [08:17<00:08, 11.95it/s] 98%|█████████▊| 5260/5360 [08:18<00:08, 11.22it/s] 98%|█████████▊| 5262/5360 [08:18<00:08, 10.93it/s] 98%|█████████▊| 5264/5360 [08:18<00:08, 11.54it/s] 98%|█████████▊| 5266/5360 [08:18<00:08, 10.58it/s] 98%|█████████▊| 5268/5360 [08:18<00:08, 10.38it/s] 98%|█████████▊| 5270/5360 [08:19<00:08, 11.16it/s] 98%|█████████▊| 5272/5360 [08:19<00:08, 10.92it/s] 98%|█████████▊| 5274/5360 [08:19<00:08, 10.59it/s] 98%|█████████▊| 5276/5360 [08:19<00:08, 10.33it/s] 98%|█████████▊| 5278/5360 [08:19<00:07, 11.05it/s] 99%|█████████▊| 5280/5360 [08:20<00:07, 10.09it/s] 99%|█████████▊| 5282/5360 [08:20<00:07, 11.07it/s] 99%|█████████▊| 5284/5360 [08:20<00:07, 10.79it/s] 99%|█████████▊| 5286/5360 [08:20<00:06, 11.64it/s] 99%|█████████▊| 5288/5360 [08:20<00:06, 11.05it/s] 99%|█████████▊| 5290/5360 [08:20<00:06, 10.63it/s] 99%|█████████▊| 5292/5360 [08:21<00:06, 11.06it/s] 99%|█████████▉| 5294/5360 [08:21<00:06, 10.67it/s] 99%|█████████▉| 5296/5360 [08:21<00:05, 11.23it/s] 99%|█████████▉| 5298/5360 [08:21<00:05, 11.23it/s] 99%|█████████▉| 5300/5360 [08:21<00:05, 10.91it/s] 99%|█████████▉| 5302/5360 [08:21<00:05, 10.55it/s] 99%|█████████▉| 5304/5360 [08:22<00:05, 10.38it/s] 99%|█████████▉| 5306/5360 [08:22<00:05, 10.39it/s] 99%|█████████▉| 5308/5360 [08:22<00:04, 11.25it/s] 99%|█████████▉| 5310/5360 [08:22<00:04, 11.37it/s] 99%|█████████▉| 5312/5360 [08:22<00:04, 11.30it/s] 99%|█████████▉| 5314/5360 [08:23<00:04, 11.27it/s] 99%|█████████▉| 5316/5360 [08:23<00:03, 11.06it/s] 99%|█████████▉| 5318/5360 [08:23<00:03, 10.88it/s] 99%|█████████▉| 5320/5360 [08:23<00:03, 11.41it/s] 99%|█████████▉| 5322/5360 [08:23<00:03, 10.58it/s] 99%|█████████▉| 5324/5360 [08:24<00:03, 10.45it/s] 99%|█████████▉| 5326/5360 [08:24<00:03, 10.83it/s] 99%|█████████▉| 5328/5360 [08:24<00:03, 10.55it/s] 99%|█████████▉| 5330/5360 [08:24<00:02, 10.19it/s] 99%|█████████▉| 5332/5360 [08:24<00:02, 11.20it/s]100%|█████████▉| 5334/5360 [08:24<00:02, 11.56it/s]100%|█████████▉| 5336/5360 [08:25<00:02, 11.57it/s]100%|█████████▉| 5338/5360 [08:25<00:01, 11.96it/s]100%|█████████▉| 5340/5360 [08:25<00:01, 11.58it/s]100%|█████████▉| 5342/5360 [08:25<00:01, 11.74it/s]100%|█████████▉| 5344/5360 [08:25<00:01, 12.54it/s]100%|█████████▉| 5346/5360 [08:25<00:01, 11.23it/s]100%|█████████▉| 5348/5360 [08:26<00:01, 11.34it/s]100%|█████████▉| 5350/5360 [08:26<00:00, 11.87it/s]100%|█████████▉| 5352/5360 [08:26<00:00, 12.85it/s]100%|█████████▉| 5354/5360 [08:26<00:00, 13.76it/s]100%|█████████▉| 5356/5360 [08:26<00:00, 13.69it/s]100%|█████████▉| 5358/5360 [08:26<00:00, 13.68it/s]100%|██████████| 5360/5360 [08:26<00:00, 13.06it/s]100%|██████████| 5360/5360 [08:26<00:00, 10.57it/s]
Loading data to RAM
  0%|          | 0/5362 [00:00<?, ?it/s]  0%|          | 1/5362 [00:00<15:07,  5.91it/s]  1%|          | 32/5362 [00:00<00:38, 137.55it/s]  1%|▏         | 69/5362 [00:00<00:24, 220.27it/s]  2%|▏         | 117/5362 [00:00<00:17, 300.33it/s]  3%|▎         | 157/5362 [00:00<00:15, 328.76it/s]  4%|▎         | 201/5362 [00:00<00:14, 362.88it/s]  4%|▍         | 240/5362 [00:00<00:14, 352.09it/s]  5%|▌         | 288/5362 [00:00<00:13, 368.64it/s]  6%|▌         | 326/5362 [00:01<00:13, 369.86it/s]  7%|▋         | 366/5362 [00:01<00:13, 376.11it/s]  8%|▊         | 412/5362 [00:01<00:12, 389.49it/s]  8%|▊         | 452/5362 [00:01<00:12, 389.74it/s]  9%|▉         | 494/5362 [00:01<00:12, 386.98it/s] 10%|█         | 542/5362 [00:01<00:11, 403.61it/s] 11%|█         | 583/5362 [00:01<00:12, 368.49it/s] 12%|█▏        | 627/5362 [00:01<00:12, 379.81it/s] 12%|█▏        | 670/5362 [00:01<00:12, 382.28it/s] 13%|█▎        | 718/5362 [00:02<00:11, 391.90it/s] 14%|█▍        | 760/5362 [00:02<00:11, 386.56it/s] 15%|█▍        | 799/5362 [00:02<00:12, 364.95it/s] 16%|█▌        | 836/5362 [00:02<00:12, 349.37it/s] 16%|█▋        | 872/5362 [00:02<00:13, 320.92it/s] 17%|█▋        | 905/5362 [00:02<00:15, 286.26it/s] 17%|█▋        | 936/5362 [00:02<00:15, 279.33it/s] 18%|█▊        | 969/5362 [00:02<00:15, 286.72it/s] 19%|█▊        | 999/5362 [00:03<00:16, 262.04it/s] 19%|█▉        | 1026/5362 [00:03<00:17, 251.16it/s] 20%|█▉        | 1052/5362 [00:03<00:18, 239.30it/s] 20%|██        | 1091/5362 [00:03<00:15, 275.07it/s] 21%|██        | 1128/5362 [00:03<00:14, 294.30it/s] 22%|██▏       | 1161/5362 [00:03<00:13, 303.22it/s] 22%|██▏       | 1195/5362 [00:03<00:13, 312.51it/s] 23%|██▎       | 1227/5362 [00:03<00:13, 306.53it/s] 23%|██▎       | 1258/5362 [00:03<00:13, 295.23it/s] 24%|██▍       | 1288/5362 [00:04<00:13, 291.90it/s] 25%|██▍       | 1318/5362 [00:04<00:16, 251.77it/s] 25%|██▌       | 1357/5362 [00:04<00:14, 276.54it/s] 26%|██▌       | 1386/5362 [00:04<00:14, 279.47it/s] 26%|██▋       | 1415/5362 [00:04<00:18, 211.37it/s] 27%|██▋       | 1439/5362 [00:04<00:19, 198.71it/s] 27%|██▋       | 1464/5362 [00:04<00:19, 205.05it/s] 28%|██▊       | 1504/5362 [00:05<00:16, 234.00it/s] 29%|██▊       | 1536/5362 [00:05<00:15, 253.33it/s] 29%|██▉       | 1568/5362 [00:05<00:14, 265.72it/s] 30%|██▉       | 1596/5362 [00:05<00:15, 247.34it/s] 30%|███       | 1629/5362 [00:05<00:14, 261.31it/s] 31%|███       | 1656/5362 [00:05<00:15, 239.37it/s] 31%|███▏      | 1681/5362 [00:05<00:16, 218.89it/s] 32%|███▏      | 1706/5362 [00:05<00:17, 213.66it/s] 32%|███▏      | 1734/5362 [00:06<00:16, 216.23it/s] 33%|███▎      | 1758/5362 [00:06<00:16, 217.31it/s] 33%|███▎      | 1782/5362 [00:06<00:18, 196.10it/s] 34%|███▎      | 1808/5362 [00:06<00:16, 211.03it/s] 34%|███▍      | 1831/5362 [00:06<00:16, 212.18it/s] 35%|███▍      | 1855/5362 [00:06<00:16, 208.35it/s] 35%|███▌      | 1887/5362 [00:06<00:14, 237.68it/s] 36%|███▌      | 1912/5362 [00:06<00:15, 223.20it/s] 36%|███▌      | 1935/5362 [00:06<00:15, 223.80it/s] 37%|███▋      | 1961/5362 [00:07<00:15, 225.40it/s] 37%|███▋      | 1984/5362 [00:07<00:16, 208.86it/s] 38%|███▊      | 2013/5362 [00:07<00:14, 229.42it/s] 38%|███▊      | 2038/5362 [00:07<00:14, 224.37it/s] 38%|███▊      | 2062/5362 [00:07<00:14, 224.12it/s] 39%|███▉      | 2087/5362 [00:07<00:14, 223.19it/s] 39%|███▉      | 2111/5362 [00:07<00:15, 216.34it/s] 40%|███▉      | 2137/5362 [00:07<00:15, 212.30it/s] 40%|████      | 2159/5362 [00:07<00:15, 207.78it/s] 41%|████      | 2180/5362 [00:08<00:15, 205.65it/s] 41%|████      | 2209/5362 [00:08<00:15, 209.64it/s] 42%|████▏     | 2235/5362 [00:08<00:14, 214.36it/s] 42%|████▏     | 2257/5362 [00:08<00:14, 215.79it/s] 43%|████▎     | 2287/5362 [00:08<00:14, 209.49it/s] 43%|████▎     | 2319/5362 [00:08<00:13, 230.48it/s] 44%|████▍     | 2350/5362 [00:08<00:11, 251.29it/s] 44%|████▍     | 2376/5362 [00:08<00:12, 234.52it/s] 45%|████▍     | 2400/5362 [00:09<00:12, 235.91it/s] 45%|████▌     | 2431/5362 [00:09<00:12, 238.62it/s] 46%|████▌     | 2457/5362 [00:09<00:13, 222.82it/s] 46%|████▋     | 2483/5362 [00:09<00:12, 224.77it/s] 47%|████▋     | 2507/5362 [00:09<00:12, 226.03it/s] 47%|████▋     | 2539/5362 [00:09<00:11, 243.00it/s] 48%|████▊     | 2564/5362 [00:09<00:11, 239.00it/s] 48%|████▊     | 2588/5362 [00:09<00:12, 227.80it/s] 49%|████▊     | 2611/5362 [00:09<00:13, 211.11it/s] 49%|████▉     | 2633/5362 [00:10<00:12, 210.19it/s] 50%|████▉     | 2655/5362 [00:10<00:12, 210.12it/s] 50%|████▉     | 2679/5362 [00:10<00:12, 217.99it/s] 51%|█████     | 2710/5362 [00:10<00:11, 232.06it/s] 51%|█████     | 2734/5362 [00:10<00:11, 220.97it/s] 51%|█████▏    | 2761/5362 [00:10<00:12, 207.35it/s] 52%|█████▏    | 2793/5362 [00:10<00:11, 228.00it/s] 53%|█████▎    | 2817/5362 [00:10<00:11, 221.28it/s] 53%|█████▎    | 2840/5362 [00:11<00:11, 221.18it/s] 53%|█████▎    | 2863/5362 [00:11<00:12, 196.15it/s] 54%|█████▍    | 2884/5362 [00:11<00:13, 189.10it/s] 54%|█████▍    | 2907/5362 [00:11<00:12, 195.06it/s] 55%|█████▍    | 2929/5362 [00:11<00:12, 190.34it/s] 55%|█████▍    | 2949/5362 [00:11<00:14, 163.86it/s] 55%|█████▌    | 2967/5362 [00:11<00:14, 165.01it/s] 56%|█████▌    | 2989/5362 [00:11<00:13, 172.43it/s] 56%|█████▌    | 3010/5362 [00:11<00:12, 182.06it/s] 56%|█████▋    | 3029/5362 [00:12<00:12, 180.87it/s] 57%|█████▋    | 3048/5362 [00:12<00:14, 164.32it/s] 57%|█████▋    | 3071/5362 [00:12<00:13, 168.60it/s] 58%|█████▊    | 3095/5362 [00:12<00:12, 179.77it/s] 58%|█████▊    | 3114/5362 [00:12<00:12, 182.03it/s] 59%|█████▊    | 3137/5362 [00:12<00:12, 181.20it/s] 59%|█████▉    | 3160/5362 [00:12<00:12, 180.73it/s] 59%|█████▉    | 3186/5362 [00:12<00:11, 195.35it/s] 60%|█████▉    | 3210/5362 [00:13<00:10, 197.52it/s] 60%|██████    | 3230/5362 [00:13<00:12, 166.34it/s] 61%|██████    | 3260/5362 [00:13<00:11, 181.56it/s] 61%|██████    | 3284/5362 [00:13<00:10, 195.52it/s] 62%|██████▏   | 3309/5362 [00:13<00:10, 196.31it/s] 62%|██████▏   | 3334/5362 [00:13<00:10, 192.75it/s] 63%|██████▎   | 3358/5362 [00:13<00:10, 192.32it/s] 63%|██████▎   | 3378/5362 [00:14<00:12, 153.68it/s] 64%|██████▎   | 3406/5362 [00:14<00:11, 168.17it/s] 64%|██████▍   | 3428/5362 [00:14<00:10, 176.98it/s] 64%|██████▍   | 3453/5362 [00:14<00:09, 191.95it/s] 65%|██████▍   | 3477/5362 [00:14<00:09, 195.98it/s] 65%|██████▌   | 3509/5362 [00:14<00:08, 210.72it/s] 66%|██████▌   | 3541/5362 [00:14<00:07, 233.73it/s] 67%|██████▋   | 3573/5362 [00:14<00:07, 240.70it/s] 67%|██████▋   | 3598/5362 [00:15<00:08, 212.10it/s] 68%|██████▊   | 3630/5362 [00:15<00:07, 235.18it/s] 68%|██████▊   | 3662/5362 [00:15<00:07, 239.56it/s] 69%|██████▉   | 3687/5362 [00:15<00:08, 205.86it/s] 69%|██████▉   | 3710/5362 [00:15<00:08, 187.28it/s] 70%|██████▉   | 3742/5362 [00:15<00:07, 215.48it/s] 70%|███████   | 3778/5362 [00:15<00:06, 241.82it/s] 71%|███████   | 3804/5362 [00:15<00:06, 242.30it/s] 71%|███████▏  | 3830/5362 [00:16<00:06, 244.33it/s] 72%|███████▏  | 3856/5362 [00:16<00:07, 197.23it/s] 72%|███████▏  | 3880/5362 [00:16<00:07, 205.21it/s] 73%|███████▎  | 3902/5362 [00:16<00:07, 195.90it/s] 73%|███████▎  | 3934/5362 [00:16<00:06, 215.40it/s] 74%|███████▍  | 3957/5362 [00:16<00:07, 200.54it/s] 74%|███████▍  | 3993/5362 [00:16<00:06, 225.16it/s] 75%|███████▍  | 4020/5362 [00:16<00:05, 231.71it/s] 76%|███████▌  | 4052/5362 [00:17<00:05, 226.82it/s] 76%|███████▌  | 4076/5362 [00:17<00:05, 216.39it/s] 77%|███████▋  | 4106/5362 [00:17<00:05, 234.70it/s] 77%|███████▋  | 4135/5362 [00:17<00:05, 238.16it/s] 78%|███████▊  | 4160/5362 [00:17<00:05, 239.08it/s] 78%|███████▊  | 4192/5362 [00:17<00:04, 258.56it/s] 79%|███████▉  | 4224/5362 [00:17<00:04, 263.57it/s] 79%|███████▉  | 4251/5362 [00:17<00:04, 252.70it/s] 80%|███████▉  | 4280/5362 [00:18<00:04, 258.58it/s] 80%|████████  | 4313/5362 [00:18<00:03, 264.88it/s] 81%|████████  | 4346/5362 [00:18<00:03, 271.42it/s] 82%|████████▏ | 4374/5362 [00:18<00:03, 261.36it/s] 82%|████████▏ | 4401/5362 [00:18<00:03, 245.35it/s] 83%|████████▎ | 4433/5362 [00:18<00:03, 263.14it/s] 83%|████████▎ | 4460/5362 [00:18<00:03, 264.47it/s] 84%|████████▎ | 4487/5362 [00:18<00:03, 249.46it/s] 84%|████████▍ | 4519/5362 [00:18<00:03, 260.07it/s] 85%|████████▍ | 4551/5362 [00:19<00:02, 271.51it/s] 86%|████████▌ | 4591/5362 [00:19<00:02, 297.96it/s] 86%|████████▌ | 4623/5362 [00:19<00:02, 288.53it/s] 87%|████████▋ | 4656/5362 [00:19<00:02, 292.29it/s] 87%|████████▋ | 4686/5362 [00:19<00:02, 292.61it/s] 88%|████████▊ | 4716/5362 [00:19<00:02, 286.38it/s] 88%|████████▊ | 4745/5362 [00:19<00:02, 272.65it/s] 89%|████████▉ | 4781/5362 [00:19<00:01, 291.16it/s] 90%|████████▉ | 4811/5362 [00:19<00:01, 285.10it/s] 90%|█████████ | 4843/5362 [00:20<00:01, 278.41it/s] 91%|█████████ | 4880/5362 [00:20<00:01, 303.34it/s] 92%|█████████▏| 4911/5362 [00:20<00:01, 304.34it/s] 92%|█████████▏| 4942/5362 [00:20<00:01, 254.71it/s] 93%|█████████▎| 4969/5362 [00:20<00:01, 237.88it/s] 93%|█████████▎| 4999/5362 [00:20<00:01, 243.86it/s] 94%|█████████▍| 5039/5362 [00:20<00:01, 282.42it/s] 95%|█████████▍| 5076/5362 [00:20<00:00, 304.05it/s] 95%|█████████▌| 5108/5362 [00:20<00:00, 307.07it/s] 96%|█████████▌| 5140/5362 [00:21<00:00, 298.96it/s] 96%|█████████▋| 5171/5362 [00:21<00:00, 297.00it/s] 97%|█████████▋| 5209/5362 [00:21<00:00, 296.60it/s] 98%|█████████▊| 5244/5362 [00:21<00:00, 304.85it/s] 99%|█████████▊| 5284/5362 [00:21<00:00, 321.01it/s] 99%|█████████▉| 5317/5362 [00:21<00:00, 311.64it/s]3388 Failed to open the input "/mnt/workspace/home/zhangjunan/audioldm_eval/audioldm_eval/test_musiccaps/audio/_fad_feature_cache.npy" (Invalid data found when processing input).
Exception raised from get_input_format_context at /__w/audio/audio/pytorch/audio/src/libtorio/ffmpeg/stream_reader/stream_reader.cpp:42 (most recent call first):
frame #0: c10::Error::Error(c10::SourceLocation, std::string) + 0x57 (0x7fa5344cf897 in /mnt/workspace/home/zhangjunan/.env/vevo2/lib/python3.10/site-packages/torch/lib/libc10.so)
frame #1: c10::detail::torchCheckFail(char const*, char const*, unsigned int, std::string const&) + 0x64 (0x7fa53447fb25 in /mnt/workspace/home/zhangjunan/.env/vevo2/lib/python3.10/site-packages/torch/lib/libc10.so)
frame #2: <unknown function> + 0x42334 (0x7fa340ca6334 in /mnt/workspace/home/zhangjunan/.env/vevo2/lib/python3.10/site-packages/torio/lib/libtorio_ffmpeg4.so)
frame #3: torio::io::StreamingMediaDecoder::StreamingMediaDecoder(std::string const&, std::optional<std::string> const&, std::optional<std::map<std::string, std::string, std::less<std::string>, std::allocator<std::pair<std::string const, std::string> > > > const&) + 0x14 (0x7fa340ca8d34 in /mnt/workspace/home/zhangjunan/.env/vevo2/lib/python3.10/site-packages/torio/lib/libtorio_ffmpeg4.so)
frame #4: <unknown function> + 0x3aa4e (0x7fa334ce0a4e in /mnt/workspace/home/zhangjunan/.env/vevo2/lib/python3.10/site-packages/torio/lib/_torio_ffmpeg4.so)
frame #5: <unknown function> + 0x32617 (0x7fa334cd8617 in /mnt/workspace/home/zhangjunan/.env/vevo2/lib/python3.10/site-packages/torio/lib/_torio_ffmpeg4.so)
frame #6: python() [0x4fdcf7]
<omitting python frames>
frame #8: python() [0x509eda]
frame #9: python() [0x507a4c]
frame #10: python() [0x4f77e6]
frame #11: <unknown function> + 0xf6cb (0x7fa4ca1b76cb in /mnt/workspace/home/zhangjunan/.env/vevo2/lib/python3.10/site-packages/torchaudio/lib/_torchaudio.so)
frame #15: python() [0x5075b8]
frame #26: python() [0x543973]
frame #27: python() [0x5437d8]
frame #37: python() [0x509a7e]
frame #42: python() [0x5075b8]
frame #52: python() [0x5075b8]
frame #57: python() [0x532997]
frame #58: python() [0x5d01e9]
frame #61: python() [0x5117cf]

100%|██████████| 5362/5362 [00:21<00:00, 245.87it/s]
  0%|          | 0/5362 [00:00<?, ?it/s]  0%|          | 1/5362 [00:00<09:25,  9.48it/s]  0%|          | 3/5362 [00:00<08:50, 10.11it/s]  0%|          | 4/5362 [00:00<09:01,  9.90it/s]  0%|          | 6/5362 [00:00<08:07, 10.99it/s]  0%|          | 8/5362 [00:00<08:52, 10.05it/s]  0%|          | 10/5362 [00:01<09:34,  9.32it/s]  0%|          | 11/5362 [00:01<09:55,  8.99it/s]  0%|          | 12/5362 [00:01<10:38,  8.39it/s]  0%|          | 13/5362 [00:01<11:12,  7.95it/s]  0%|          | 14/5362 [00:01<10:47,  8.26it/s]  0%|          | 15/5362 [00:01<10:31,  8.47it/s]  0%|          | 17/5362 [00:01<10:09,  8.77it/s]  0%|          | 19/5362 [00:02<09:33,  9.31it/s]  0%|          | 20/5362 [00:02<09:27,  9.41it/s]  0%|          | 21/5362 [00:02<09:38,  9.24it/s]  0%|          | 22/5362 [00:02<09:38,  9.22it/s]  0%|          | 23/5362 [00:02<09:45,  9.13it/s]  0%|          | 25/5362 [00:02<09:22,  9.49it/s]  1%|          | 27/5362 [00:02<08:37, 10.32it/s]  1%|          | 29/5362 [00:03<08:48, 10.09it/s]  1%|          | 31/5362 [00:03<09:07,  9.73it/s]  1%|          | 32/5362 [00:03<09:07,  9.73it/s]  1%|          | 33/5362 [00:03<09:19,  9.53it/s]  1%|          | 34/5362 [00:03<09:50,  9.03it/s]  1%|          | 36/5362 [00:03<09:17,  9.55it/s]  1%|          | 37/5362 [00:03<09:27,  9.38it/s]  1%|          | 38/5362 [00:04<09:26,  9.39it/s]  1%|          | 40/5362 [00:04<08:45, 10.14it/s]  1%|          | 41/5362 [00:04<09:12,  9.64it/s]  1%|          | 42/5362 [00:04<09:47,  9.06it/s]  1%|          | 43/5362 [00:04<09:47,  9.06it/s]  1%|          | 44/5362 [00:04<09:47,  9.05it/s]  1%|          | 46/5362 [00:04<09:39,  9.17it/s]  1%|          | 47/5362 [00:05<09:41,  9.14it/s]  1%|          | 48/5362 [00:05<09:45,  9.07it/s]  1%|          | 49/5362 [00:05<09:42,  9.12it/s]  1%|          | 50/5362 [00:05<09:41,  9.14it/s]  1%|          | 51/5362 [00:05<09:51,  8.97it/s]  1%|          | 52/5362 [00:05<09:53,  8.95it/s]  1%|          | 53/5362 [00:05<09:51,  8.98it/s]  1%|          | 54/5362 [00:05<09:49,  9.00it/s]  1%|          | 56/5362 [00:06<09:19,  9.48it/s]  1%|          | 57/5362 [00:06<09:31,  9.28it/s]  1%|          | 58/5362 [00:06<09:55,  8.91it/s]  1%|          | 59/5362 [00:06<09:58,  8.86it/s]  1%|          | 60/5362 [00:06<10:01,  8.82it/s]  1%|          | 61/5362 [00:06<10:03,  8.78it/s]  1%|          | 62/5362 [00:06<10:21,  8.53it/s]  1%|          | 63/5362 [00:06<10:07,  8.73it/s]  1%|          | 65/5362 [00:07<09:49,  8.98it/s]  1%|          | 66/5362 [00:07<09:53,  8.92it/s]  1%|          | 67/5362 [00:07<10:11,  8.66it/s]  1%|▏         | 68/5362 [00:07<09:58,  8.85it/s]  1%|▏         | 69/5362 [00:07<10:14,  8.62it/s]  1%|▏         | 70/5362 [00:07<09:59,  8.83it/s]  1%|▏         | 71/5362 [00:07<10:36,  8.31it/s]  1%|▏         | 72/5362 [00:07<10:20,  8.52it/s]  1%|▏         | 73/5362 [00:07<09:58,  8.84it/s]  1%|▏         | 74/5362 [00:08<11:20,  7.77it/s]  1%|▏         | 75/5362 [00:08<11:48,  7.46it/s]  1%|▏         | 76/5362 [00:08<12:00,  7.34it/s]  1%|▏         | 77/5362 [00:08<11:43,  7.51it/s]  1%|▏         | 78/5362 [00:08<11:28,  7.67it/s]  1%|▏         | 79/5362 [00:08<10:57,  8.04it/s]  1%|▏         | 80/5362 [00:08<10:40,  8.24it/s]  2%|▏         | 81/5362 [00:09<11:14,  7.83it/s]  2%|▏         | 82/5362 [00:09<10:53,  8.09it/s]  2%|▏         | 83/5362 [00:09<10:45,  8.17it/s]  2%|▏         | 84/5362 [00:09<10:39,  8.25it/s]  2%|▏         | 85/5362 [00:09<10:25,  8.44it/s]  2%|▏         | 86/5362 [00:09<10:26,  8.42it/s]  2%|▏         | 87/5362 [00:09<10:33,  8.33it/s]  2%|▏         | 88/5362 [00:09<10:43,  8.19it/s]  2%|▏         | 89/5362 [00:09<10:28,  8.38it/s]  2%|▏         | 90/5362 [00:10<10:33,  8.32it/s]  2%|▏         | 91/5362 [00:10<10:53,  8.07it/s]  2%|▏         | 92/5362 [00:10<10:56,  8.02it/s]  2%|▏         | 93/5362 [00:10<11:14,  7.81it/s]  2%|▏         | 94/5362 [00:10<10:48,  8.13it/s]  2%|▏         | 95/5362 [00:10<10:54,  8.05it/s]  2%|▏         | 96/5362 [00:10<10:38,  8.25it/s]  2%|▏         | 97/5362 [00:10<10:52,  8.07it/s]  2%|▏         | 98/5362 [00:11<10:22,  8.46it/s]  2%|▏         | 100/5362 [00:11<09:39,  9.08it/s]  2%|▏         | 101/5362 [00:11<09:56,  8.83it/s]  2%|▏         | 102/5362 [00:11<10:22,  8.46it/s]  2%|▏         | 103/5362 [00:11<10:09,  8.62it/s]  2%|▏         | 105/5362 [00:11<09:59,  8.76it/s]  2%|▏         | 106/5362 [00:12<11:09,  7.85it/s]  2%|▏         | 107/5362 [00:12<11:09,  7.85it/s]  2%|▏         | 108/5362 [00:12<11:06,  7.89it/s]  2%|▏         | 109/5362 [00:12<11:21,  7.71it/s]  2%|▏         | 110/5362 [00:12<11:03,  7.91it/s]  2%|▏         | 111/5362 [00:12<10:55,  8.01it/s]  2%|▏         | 112/5362 [00:12<10:44,  8.15it/s]  2%|▏         | 113/5362 [00:12<10:40,  8.19it/s]  2%|▏         | 114/5362 [00:13<10:31,  8.31it/s]  2%|▏         | 115/5362 [00:13<10:11,  8.58it/s]  2%|▏         | 116/5362 [00:13<10:43,  8.16it/s]  2%|▏         | 117/5362 [00:13<11:00,  7.94it/s]  2%|▏         | 118/5362 [00:13<10:52,  8.03it/s]  2%|▏         | 119/5362 [00:13<11:02,  7.92it/s]  2%|▏         | 120/5362 [00:13<11:03,  7.90it/s]  2%|▏         | 121/5362 [00:13<11:05,  7.88it/s]  2%|▏         | 122/5362 [00:14<10:53,  8.02it/s]  2%|▏         | 123/5362 [00:14<10:20,  8.44it/s]  2%|▏         | 124/5362 [00:14<11:04,  7.88it/s]  2%|▏         | 125/5362 [00:14<11:03,  7.89it/s]  2%|▏         | 126/5362 [00:14<10:46,  8.10it/s]  2%|▏         | 127/5362 [00:14<10:20,  8.44it/s]  2%|▏         | 128/5362 [00:14<11:24,  7.64it/s]  2%|▏         | 129/5362 [00:14<10:57,  7.95it/s]  2%|▏         | 130/5362 [00:15<10:44,  8.11it/s]  2%|▏         | 131/5362 [00:15<10:43,  8.12it/s]  2%|▏         | 132/5362 [00:15<10:51,  8.03it/s]  2%|▏         | 133/5362 [00:15<10:16,  8.48it/s]  2%|▏         | 134/5362 [00:15<10:59,  7.93it/s]  3%|▎         | 136/5362 [00:15<10:53,  8.00it/s]  3%|▎         | 137/5362 [00:15<10:34,  8.24it/s]  3%|▎         | 139/5362 [00:16<09:58,  8.73it/s]  3%|▎         | 140/5362 [00:16<09:56,  8.76it/s]  3%|▎         | 141/5362 [00:16<10:21,  8.40it/s]  3%|▎         | 142/5362 [00:16<10:03,  8.65it/s]  3%|▎         | 143/5362 [00:16<10:34,  8.22it/s]  3%|▎         | 145/5362 [00:16<09:21,  9.30it/s]  3%|▎         | 147/5362 [00:16<09:25,  9.23it/s]  3%|▎         | 149/5362 [00:17<09:12,  9.44it/s]  3%|▎         | 150/5362 [00:17<09:07,  9.52it/s]  3%|▎         | 151/5362 [00:17<09:16,  9.36it/s]  3%|▎         | 153/5362 [00:17<08:34, 10.12it/s]  3%|▎         | 154/5362 [00:17<08:38, 10.04it/s]  3%|▎         | 155/5362 [00:17<09:15,  9.37it/s]  3%|▎         | 156/5362 [00:17<10:13,  8.48it/s]  3%|▎         | 157/5362 [00:18<11:27,  7.57it/s]  3%|▎         | 158/5362 [00:18<13:26,  6.45it/s]  3%|▎         | 159/5362 [00:18<13:57,  6.21it/s]  3%|▎         | 160/5362 [00:18<13:54,  6.24it/s]  3%|▎         | 162/5362 [00:18<11:47,  7.35it/s]  3%|▎         | 163/5362 [00:19<11:11,  7.75it/s]  3%|▎         | 165/5362 [00:19<10:34,  8.19it/s]  3%|▎         | 166/5362 [00:19<10:22,  8.35it/s]  3%|▎         | 167/5362 [00:19<10:09,  8.53it/s]  3%|▎         | 168/5362 [00:19<09:52,  8.77it/s]  3%|▎         | 170/5362 [00:19<09:39,  8.95it/s]  3%|▎         | 172/5362 [00:19<09:28,  9.13it/s]  3%|▎         | 174/5362 [00:20<08:49,  9.79it/s]  3%|▎         | 175/5362 [00:20<08:58,  9.62it/s]  3%|▎         | 176/5362 [00:20<09:12,  9.39it/s]  3%|▎         | 177/5362 [00:20<09:07,  9.46it/s]  3%|▎         | 178/5362 [00:20<09:06,  9.49it/s]  3%|▎         | 180/5362 [00:20<08:48,  9.81it/s]  3%|▎         | 181/5362 [00:20<08:53,  9.71it/s]  3%|▎         | 183/5362 [00:21<08:38,  9.98it/s]  3%|▎         | 185/5362 [00:21<08:43,  9.88it/s]  3%|▎         | 186/5362 [00:21<09:35,  8.99it/s]  4%|▎         | 188/5362 [00:21<08:16, 10.42it/s]  4%|▎         | 190/5362 [00:21<08:03, 10.71it/s]  4%|▎         | 192/5362 [00:21<08:17, 10.39it/s]  4%|▎         | 194/5362 [00:22<07:55, 10.86it/s]  4%|▎         | 196/5362 [00:22<08:01, 10.72it/s]  4%|▎         | 198/5362 [00:22<08:20, 10.32it/s]  4%|▎         | 200/5362 [00:22<08:48,  9.78it/s]  4%|▎         | 201/5362 [00:22<09:17,  9.27it/s]  4%|▍         | 202/5362 [00:23<09:29,  9.06it/s]  4%|▍         | 203/5362 [00:23<09:33,  8.99it/s]  4%|▍         | 204/5362 [00:23<09:32,  9.00it/s]  4%|▍         | 205/5362 [00:23<09:23,  9.15it/s]  4%|▍         | 207/5362 [00:23<08:30, 10.10it/s]  4%|▍         | 209/5362 [00:23<08:26, 10.18it/s]  4%|▍         | 211/5362 [00:23<08:15, 10.39it/s]  4%|▍         | 213/5362 [00:24<08:25, 10.18it/s]  4%|▍         | 215/5362 [00:24<08:12, 10.45it/s]  4%|▍         | 217/5362 [00:24<08:17, 10.34it/s]  4%|▍         | 219/5362 [00:24<08:31, 10.06it/s]  4%|▍         | 221/5362 [00:24<08:38,  9.91it/s]  4%|▍         | 223/5362 [00:25<08:30, 10.07it/s]  4%|▍         | 225/5362 [00:25<08:37,  9.93it/s]  4%|▍         | 226/5362 [00:25<08:38,  9.91it/s]  4%|▍         | 227/5362 [00:25<08:39,  9.89it/s]  4%|▍         | 228/5362 [00:25<08:40,  9.87it/s]  4%|▍         | 229/5362 [00:25<08:43,  9.80it/s]  4%|▍         | 230/5362 [00:25<08:51,  9.65it/s]  4%|▍         | 231/5362 [00:25<08:49,  9.69it/s]  4%|▍         | 232/5362 [00:26<08:53,  9.61it/s]  4%|▍         | 233/5362 [00:26<09:05,  9.39it/s]  4%|▍         | 234/5362 [00:26<09:05,  9.40it/s]  4%|▍         | 236/5362 [00:26<08:52,  9.62it/s]  4%|▍         | 237/5362 [00:26<08:50,  9.67it/s]  4%|▍         | 238/5362 [00:26<08:59,  9.49it/s]  4%|▍         | 239/5362 [00:26<08:57,  9.52it/s]  4%|▍         | 241/5362 [00:26<09:09,  9.31it/s]  5%|▍         | 242/5362 [00:27<09:01,  9.46it/s]  5%|▍         | 243/5362 [00:27<09:11,  9.28it/s]  5%|▍         | 245/5362 [00:27<08:48,  9.68it/s]  5%|▍         | 246/5362 [00:27<09:01,  9.44it/s]  5%|▍         | 247/5362 [00:27<09:23,  9.08it/s]  5%|▍         | 249/5362 [00:27<08:25, 10.11it/s]  5%|▍         | 250/5362 [00:27<08:42,  9.79it/s]  5%|▍         | 251/5362 [00:28<08:47,  9.70it/s]  5%|▍         | 253/5362 [00:28<08:40,  9.82it/s]  5%|▍         | 254/5362 [00:28<09:02,  9.41it/s]  5%|▍         | 255/5362 [00:28<08:59,  9.46it/s]  5%|▍         | 257/5362 [00:28<08:43,  9.76it/s]  5%|▍         | 258/5362 [00:28<08:44,  9.72it/s]  5%|▍         | 259/5362 [00:28<08:48,  9.65it/s]  5%|▍         | 260/5362 [00:28<08:57,  9.50it/s]  5%|▍         | 261/5362 [00:29<09:06,  9.33it/s]  5%|▍         | 263/5362 [00:29<09:55,  8.56it/s]  5%|▍         | 264/5362 [00:29<10:26,  8.13it/s]  5%|▍         | 265/5362 [00:29<10:54,  7.79it/s]  5%|▍         | 266/5362 [00:29<10:49,  7.84it/s]  5%|▍         | 267/5362 [00:29<11:24,  7.44it/s]  5%|▍         | 268/5362 [00:30<11:16,  7.53it/s]  5%|▌         | 269/5362 [00:30<10:50,  7.83it/s]  5%|▌         | 271/5362 [00:30<10:09,  8.35it/s]  5%|▌         | 272/5362 [00:30<10:13,  8.29it/s]  5%|▌         | 273/5362 [00:30<10:05,  8.40it/s]  5%|▌         | 274/5362 [00:30<10:21,  8.19it/s]  5%|▌         | 275/5362 [00:30<10:47,  7.85it/s]  5%|▌         | 276/5362 [00:30<10:14,  8.28it/s]  5%|▌         | 277/5362 [00:31<10:05,  8.40it/s]  5%|▌         | 278/5362 [00:31<10:23,  8.15it/s]  5%|▌         | 279/5362 [00:31<09:58,  8.49it/s]  5%|▌         | 280/5362 [00:31<10:09,  8.34it/s]  5%|▌         | 281/5362 [00:31<10:25,  8.12it/s]  5%|▌         | 282/5362 [00:31<10:11,  8.31it/s]  5%|▌         | 283/5362 [00:31<09:47,  8.64it/s]  5%|▌         | 284/5362 [00:31<09:44,  8.68it/s]  5%|▌         | 286/5362 [00:32<09:34,  8.83it/s]  5%|▌         | 287/5362 [00:32<09:36,  8.80it/s]  5%|▌         | 289/5362 [00:32<09:48,  8.62it/s]  5%|▌         | 290/5362 [00:32<09:50,  8.58it/s]  5%|▌         | 291/5362 [00:32<10:03,  8.40it/s]  5%|▌         | 292/5362 [00:32<10:16,  8.22it/s]  5%|▌         | 293/5362 [00:32<10:04,  8.39it/s]  5%|▌         | 294/5362 [00:33<09:43,  8.69it/s]  6%|▌         | 295/5362 [00:33<09:28,  8.92it/s]  6%|▌         | 296/5362 [00:33<09:41,  8.71it/s]  6%|▌         | 297/5362 [00:33<10:18,  8.18it/s]  6%|▌         | 298/5362 [00:33<10:30,  8.03it/s]  6%|▌         | 299/5362 [00:33<10:11,  8.28it/s]  6%|▌         | 300/5362 [00:33<10:29,  8.04it/s]  6%|▌         | 301/5362 [00:33<10:52,  7.75it/s]  6%|▌         | 302/5362 [00:34<10:21,  8.14it/s]  6%|▌         | 303/5362 [00:34<10:23,  8.12it/s]  6%|▌         | 304/5362 [00:34<10:13,  8.24it/s]  6%|▌         | 305/5362 [00:34<10:03,  8.38it/s]  6%|▌         | 306/5362 [00:34<09:56,  8.48it/s]  6%|▌         | 307/5362 [00:34<09:56,  8.48it/s]  6%|▌         | 308/5362 [00:34<09:32,  8.83it/s]  6%|▌         | 310/5362 [00:34<09:12,  9.15it/s]  6%|▌         | 311/5362 [00:35<09:16,  9.07it/s]  6%|▌         | 312/5362 [00:35<09:11,  9.15it/s]  6%|▌         | 313/5362 [00:35<09:22,  8.98it/s]  6%|▌         | 314/5362 [00:35<09:13,  9.11it/s]  6%|▌         | 315/5362 [00:35<09:02,  9.30it/s]  6%|▌         | 316/5362 [00:35<09:42,  8.66it/s]  6%|▌         | 317/5362 [00:35<09:36,  8.74it/s]  6%|▌         | 319/5362 [00:35<08:47,  9.57it/s]  6%|▌         | 320/5362 [00:36<09:21,  8.98it/s]  6%|▌         | 322/5362 [00:36<09:05,  9.24it/s]  6%|▌         | 323/5362 [00:36<08:57,  9.37it/s]  6%|▌         | 324/5362 [00:36<09:08,  9.19it/s]  6%|▌         | 326/5362 [00:36<09:10,  9.15it/s]  6%|▌         | 328/5362 [00:36<09:02,  9.28it/s]  6%|▌         | 329/5362 [00:37<09:04,  9.24it/s]  6%|▌         | 330/5362 [00:37<09:08,  9.17it/s]  6%|▌         | 332/5362 [00:37<08:57,  9.35it/s]  6%|▌         | 333/5362 [00:37<09:18,  9.00it/s]  6%|▌         | 334/5362 [00:37<09:08,  9.17it/s]  6%|▌         | 335/5362 [00:37<09:05,  9.22it/s]  6%|▋         | 336/5362 [00:37<09:05,  9.22it/s]  6%|▋         | 338/5362 [00:37<08:37,  9.70it/s]  6%|▋         | 339/5362 [00:38<08:48,  9.51it/s]  6%|▋         | 340/5362 [00:38<09:21,  8.94it/s]  6%|▋         | 341/5362 [00:38<09:20,  8.95it/s]  6%|▋         | 342/5362 [00:38<09:15,  9.03it/s]  6%|▋         | 343/5362 [00:38<09:17,  9.00it/s]  6%|▋         | 344/5362 [00:38<09:03,  9.23it/s]  6%|▋         | 345/5362 [00:38<08:58,  9.31it/s]  6%|▋         | 346/5362 [00:38<09:46,  8.56it/s]  6%|▋         | 348/5362 [00:39<09:07,  9.15it/s]  7%|▋         | 349/5362 [00:39<09:33,  8.74it/s]  7%|▋         | 350/5362 [00:39<09:16,  9.00it/s]  7%|▋         | 351/5362 [00:39<09:11,  9.09it/s]  7%|▋         | 352/5362 [00:39<09:11,  9.08it/s]  7%|▋         | 353/5362 [00:39<09:05,  9.18it/s]  7%|▋         | 355/5362 [00:39<07:46, 10.72it/s]  7%|▋         | 357/5362 [00:40<08:16, 10.08it/s]  7%|▋         | 359/5362 [00:40<08:20,  9.99it/s]  7%|▋         | 361/5362 [00:40<08:31,  9.78it/s]  7%|▋         | 362/5362 [00:40<08:32,  9.76it/s]  7%|▋         | 363/5362 [00:40<08:32,  9.76it/s]  7%|▋         | 365/5362 [00:40<08:33,  9.73it/s]  7%|▋         | 366/5362 [00:40<08:35,  9.69it/s]  7%|▋         | 367/5362 [00:41<08:47,  9.47it/s]  7%|▋         | 369/5362 [00:41<08:08, 10.23it/s]  7%|▋         | 371/5362 [00:41<08:06, 10.26it/s]  7%|▋         | 373/5362 [00:41<07:29, 11.09it/s]  7%|▋         | 375/5362 [00:41<07:46, 10.69it/s]  7%|▋         | 377/5362 [00:41<07:56, 10.47it/s]  7%|▋         | 379/5362 [00:42<07:31, 11.05it/s]  7%|▋         | 381/5362 [00:42<07:20, 11.31it/s]  7%|▋         | 383/5362 [00:42<07:13, 11.48it/s]  7%|▋         | 385/5362 [00:42<06:49, 12.14it/s]  7%|▋         | 387/5362 [00:42<06:57, 11.91it/s]  7%|▋         | 389/5362 [00:43<07:50, 10.57it/s]  7%|▋         | 391/5362 [00:43<07:54, 10.47it/s]  7%|▋         | 393/5362 [00:43<08:07, 10.19it/s]  7%|▋         | 395/5362 [00:43<07:18, 11.32it/s]  7%|▋         | 397/5362 [00:43<07:55, 10.44it/s]  7%|▋         | 399/5362 [00:43<07:44, 10.69it/s]  7%|▋         | 401/5362 [00:44<07:52, 10.50it/s]  8%|▊         | 403/5362 [00:44<07:01, 11.75it/s]  8%|▊         | 405/5362 [00:44<07:03, 11.70it/s]  8%|▊         | 407/5362 [00:44<07:06, 11.63it/s]  8%|▊         | 409/5362 [00:44<06:49, 12.10it/s]  8%|▊         | 411/5362 [00:44<06:50, 12.07it/s]  8%|▊         | 413/5362 [00:45<07:06, 11.62it/s]  8%|▊         | 415/5362 [00:45<07:20, 11.23it/s]  8%|▊         | 417/5362 [00:45<06:41, 12.30it/s]  8%|▊         | 419/5362 [00:45<05:56, 13.87it/s]  8%|▊         | 422/5362 [00:45<05:05, 16.15it/s]  8%|▊         | 425/5362 [00:45<04:54, 16.74it/s]  8%|▊         | 427/5362 [00:46<04:56, 16.64it/s]  8%|▊         | 429/5362 [00:46<04:57, 16.56it/s]  8%|▊         | 431/5362 [00:46<05:49, 14.12it/s]  8%|▊         | 433/5362 [00:46<06:16, 13.10it/s]  8%|▊         | 435/5362 [00:46<06:42, 12.25it/s]  8%|▊         | 437/5362 [00:46<06:00, 13.65it/s]  8%|▊         | 440/5362 [00:46<05:06, 16.06it/s]  8%|▊         | 443/5362 [00:47<04:51, 16.88it/s]  8%|▊         | 445/5362 [00:47<04:57, 16.53it/s]  8%|▊         | 447/5362 [00:47<05:03, 16.17it/s]  8%|▊         | 449/5362 [00:47<05:00, 16.37it/s]  8%|▊         | 451/5362 [00:47<04:57, 16.53it/s]  8%|▊         | 453/5362 [00:47<05:06, 15.99it/s]  8%|▊         | 455/5362 [00:47<05:01, 16.26it/s]  9%|▊         | 457/5362 [00:47<05:08, 15.89it/s]  9%|▊         | 459/5362 [00:48<05:14, 15.57it/s]  9%|▊         | 461/5362 [00:48<05:14, 15.57it/s]  9%|▊         | 463/5362 [00:48<05:07, 15.95it/s]  9%|▊         | 465/5362 [00:48<05:04, 16.07it/s]  9%|▊         | 467/5362 [00:48<05:10, 15.76it/s]  9%|▊         | 469/5362 [00:48<05:13, 15.63it/s]  9%|▉         | 471/5362 [00:48<05:07, 15.92it/s]  9%|▉         | 473/5362 [00:48<05:13, 15.58it/s]  9%|▉         | 475/5362 [00:49<05:09, 15.81it/s]  9%|▉         | 477/5362 [00:49<05:24, 15.06it/s]  9%|▉         | 479/5362 [00:49<05:28, 14.85it/s]  9%|▉         | 481/5362 [00:49<05:22, 15.13it/s]  9%|▉         | 483/5362 [00:49<05:47, 14.05it/s]  9%|▉         | 485/5362 [00:49<06:18, 12.88it/s]  9%|▉         | 487/5362 [00:50<06:10, 13.15it/s]  9%|▉         | 489/5362 [00:50<06:22, 12.76it/s]  9%|▉         | 491/5362 [00:50<06:43, 12.08it/s]  9%|▉         | 493/5362 [00:50<06:27, 12.55it/s]  9%|▉         | 495/5362 [00:50<06:51, 11.82it/s]  9%|▉         | 497/5362 [00:50<07:07, 11.38it/s]  9%|▉         | 499/5362 [00:51<07:04, 11.45it/s]  9%|▉         | 501/5362 [00:51<07:06, 11.40it/s]  9%|▉         | 503/5362 [00:51<07:57, 10.18it/s]  9%|▉         | 505/5362 [00:51<07:56, 10.20it/s]  9%|▉         | 507/5362 [00:51<07:56, 10.18it/s]  9%|▉         | 509/5362 [00:52<07:32, 10.73it/s] 10%|▉         | 511/5362 [00:52<07:34, 10.67it/s] 10%|▉         | 513/5362 [00:52<07:36, 10.62it/s] 10%|▉         | 515/5362 [00:52<07:53, 10.23it/s] 10%|▉         | 517/5362 [00:52<07:16, 11.10it/s] 10%|▉         | 519/5362 [00:53<07:59, 10.09it/s] 10%|▉         | 521/5362 [00:53<07:32, 10.70it/s] 10%|▉         | 523/5362 [00:53<07:56, 10.16it/s] 10%|▉         | 525/5362 [00:53<08:00, 10.07it/s] 10%|▉         | 527/5362 [00:53<08:04,  9.98it/s] 10%|▉         | 529/5362 [00:54<07:56, 10.15it/s] 10%|▉         | 531/5362 [00:54<08:07,  9.92it/s] 10%|▉         | 533/5362 [00:54<07:25, 10.85it/s] 10%|▉         | 535/5362 [00:54<07:35, 10.61it/s] 10%|█         | 537/5362 [00:54<07:56, 10.13it/s] 10%|█         | 539/5362 [00:55<08:13,  9.77it/s] 10%|█         | 541/5362 [00:55<08:04,  9.94it/s] 10%|█         | 543/5362 [00:55<07:52, 10.19it/s] 10%|█         | 545/5362 [00:55<08:27,  9.50it/s] 10%|█         | 547/5362 [00:55<08:08,  9.86it/s] 10%|█         | 549/5362 [00:56<08:19,  9.63it/s] 10%|█         | 550/5362 [00:56<08:21,  9.60it/s] 10%|█         | 551/5362 [00:56<08:27,  9.47it/s] 10%|█         | 552/5362 [00:56<08:30,  9.42it/s] 10%|█         | 553/5362 [00:56<08:23,  9.55it/s] 10%|█         | 554/5362 [00:56<08:17,  9.66it/s] 10%|█         | 555/5362 [00:56<08:17,  9.67it/s] 10%|█         | 556/5362 [00:56<08:21,  9.59it/s] 10%|█         | 557/5362 [00:56<08:24,  9.53it/s] 10%|█         | 558/5362 [00:56<08:25,  9.50it/s] 10%|█         | 560/5362 [00:57<08:11,  9.77it/s] 10%|█         | 562/5362 [00:57<08:13,  9.72it/s] 11%|█         | 564/5362 [00:57<07:29, 10.67it/s] 11%|█         | 566/5362 [00:57<08:14,  9.70it/s] 11%|█         | 567/5362 [00:57<08:16,  9.66it/s] 11%|█         | 569/5362 [00:58<08:27,  9.44it/s] 11%|█         | 571/5362 [00:58<08:12,  9.74it/s] 11%|█         | 572/5362 [00:58<08:17,  9.63it/s] 11%|█         | 573/5362 [00:58<08:15,  9.66it/s] 11%|█         | 575/5362 [00:58<08:22,  9.53it/s] 11%|█         | 576/5362 [00:58<08:20,  9.56it/s] 11%|█         | 577/5362 [00:58<08:19,  9.58it/s] 11%|█         | 579/5362 [00:59<08:13,  9.69it/s] 11%|█         | 580/5362 [00:59<08:11,  9.72it/s] 11%|█         | 581/5362 [00:59<08:27,  9.42it/s] 11%|█         | 582/5362 [00:59<08:24,  9.47it/s] 11%|█         | 583/5362 [00:59<08:20,  9.55it/s] 11%|█         | 584/5362 [00:59<08:15,  9.64it/s] 11%|█         | 585/5362 [00:59<08:14,  9.66it/s] 11%|█         | 586/5362 [00:59<08:13,  9.68it/s] 11%|█         | 588/5362 [01:00<07:07, 11.16it/s] 11%|█         | 590/5362 [01:00<07:56, 10.02it/s] 11%|█         | 592/5362 [01:00<08:17,  9.59it/s] 11%|█         | 593/5362 [01:00<08:18,  9.56it/s] 11%|█         | 595/5362 [01:00<08:26,  9.42it/s] 11%|█         | 596/5362 [01:00<08:21,  9.50it/s] 11%|█         | 598/5362 [01:01<07:53, 10.07it/s] 11%|█         | 600/5362 [01:01<07:37, 10.42it/s] 11%|█         | 602/5362 [01:01<08:16,  9.59it/s] 11%|█         | 603/5362 [01:01<08:17,  9.57it/s] 11%|█▏        | 604/5362 [01:01<08:18,  9.54it/s] 11%|█▏        | 605/5362 [01:01<08:26,  9.39it/s] 11%|█▏        | 606/5362 [01:01<08:26,  9.40it/s] 11%|█▏        | 607/5362 [01:02<08:27,  9.36it/s] 11%|█▏        | 608/5362 [01:02<08:21,  9.48it/s] 11%|█▏        | 610/5362 [01:02<08:19,  9.50it/s] 11%|█▏        | 612/5362 [01:02<08:21,  9.47it/s] 11%|█▏        | 614/5362 [01:02<08:17,  9.54it/s] 11%|█▏        | 615/5362 [01:02<08:18,  9.53it/s] 11%|█▏        | 616/5362 [01:02<08:15,  9.58it/s] 12%|█▏        | 617/5362 [01:03<08:30,  9.30it/s] 12%|█▏        | 619/5362 [01:03<07:39, 10.33it/s] 12%|█▏        | 621/5362 [01:03<07:03, 11.18it/s] 12%|█▏        | 623/5362 [01:03<06:37, 11.92it/s] 12%|█▏        | 625/5362 [01:03<07:04, 11.17it/s] 12%|█▏        | 627/5362 [01:03<07:20, 10.75it/s] 12%|█▏        | 629/5362 [01:04<07:07, 11.06it/s] 12%|█▏        | 631/5362 [01:04<06:36, 11.94it/s] 12%|█▏        | 633/5362 [01:04<06:54, 11.40it/s] 12%|█▏        | 635/5362 [01:04<06:43, 11.72it/s] 12%|█▏        | 637/5362 [01:04<05:56, 13.27it/s] 12%|█▏        | 639/5362 [01:04<06:21, 12.39it/s] 12%|█▏        | 641/5362 [01:05<06:34, 11.98it/s] 12%|█▏        | 643/5362 [01:05<06:45, 11.64it/s] 12%|█▏        | 645/5362 [01:05<06:04, 12.93it/s] 12%|█▏        | 647/5362 [01:05<05:43, 13.74it/s] 12%|█▏        | 649/5362 [01:05<06:15, 12.54it/s] 12%|█▏        | 651/5362 [01:05<06:27, 12.15it/s] 12%|█▏        | 653/5362 [01:06<06:42, 11.71it/s] 12%|█▏        | 655/5362 [01:06<06:54, 11.36it/s] 12%|█▏        | 657/5362 [01:06<07:37, 10.27it/s] 12%|█▏        | 659/5362 [01:06<07:57,  9.84it/s] 12%|█▏        | 661/5362 [01:06<07:19, 10.69it/s] 12%|█▏        | 664/5362 [01:07<05:54, 13.24it/s] 12%|█▏        | 667/5362 [01:07<05:03, 15.45it/s] 12%|█▏        | 670/5362 [01:07<04:31, 17.26it/s] 13%|█▎        | 672/5362 [01:07<04:30, 17.33it/s] 13%|█▎        | 674/5362 [01:07<04:31, 17.24it/s] 13%|█▎        | 676/5362 [01:07<04:42, 16.60it/s] 13%|█▎        | 678/5362 [01:07<04:43, 16.53it/s] 13%|█▎        | 680/5362 [01:07<04:57, 15.71it/s] 13%|█▎        | 682/5362 [01:08<04:58, 15.67it/s] 13%|█▎        | 684/5362 [01:08<05:03, 15.42it/s] 13%|█▎        | 686/5362 [01:08<04:55, 15.83it/s] 13%|█▎        | 688/5362 [01:08<04:52, 15.97it/s] 13%|█▎        | 690/5362 [01:08<04:56, 15.77it/s] 13%|█▎        | 692/5362 [01:08<05:01, 15.48it/s] 13%|█▎        | 694/5362 [01:08<05:08, 15.14it/s] 13%|█▎        | 696/5362 [01:08<05:07, 15.19it/s] 13%|█▎        | 698/5362 [01:09<04:57, 15.68it/s] 13%|█▎        | 700/5362 [01:09<04:59, 15.57it/s] 13%|█▎        | 702/5362 [01:09<04:56, 15.72it/s] 13%|█▎        | 704/5362 [01:09<04:55, 15.75it/s] 13%|█▎        | 706/5362 [01:09<04:53, 15.84it/s] 13%|█▎        | 708/5362 [01:09<04:40, 16.58it/s] 13%|█▎        | 710/5362 [01:09<04:37, 16.77it/s] 13%|█▎        | 712/5362 [01:09<04:45, 16.31it/s] 13%|█▎        | 714/5362 [01:10<04:30, 17.21it/s] 13%|█▎        | 716/5362 [01:10<04:38, 16.68it/s] 13%|█▎        | 718/5362 [01:10<04:28, 17.31it/s] 13%|█▎        | 720/5362 [01:10<04:29, 17.20it/s] 13%|█▎        | 722/5362 [01:10<04:19, 17.90it/s] 14%|█▎        | 724/5362 [01:10<04:11, 18.42it/s] 14%|█▎        | 726/5362 [01:10<04:25, 17.46it/s] 14%|█▎        | 728/5362 [01:10<04:23, 17.59it/s] 14%|█▎        | 730/5362 [01:10<04:30, 17.11it/s] 14%|█▎        | 732/5362 [01:11<04:38, 16.62it/s] 14%|█▎        | 734/5362 [01:11<04:48, 16.02it/s] 14%|█▎        | 736/5362 [01:11<04:55, 15.68it/s] 14%|█▍        | 738/5362 [01:11<05:25, 14.22it/s] 14%|█▍        | 740/5362 [01:11<05:30, 13.97it/s] 14%|█▍        | 742/5362 [01:11<05:41, 13.51it/s] 14%|█▍        | 744/5362 [01:11<06:01, 12.79it/s] 14%|█▍        | 746/5362 [01:12<05:58, 12.89it/s] 14%|█▍        | 748/5362 [01:12<06:10, 12.46it/s] 14%|█▍        | 750/5362 [01:12<06:25, 11.98it/s] 14%|█▍        | 752/5362 [01:12<06:16, 12.24it/s] 14%|█▍        | 754/5362 [01:12<07:16, 10.54it/s] 14%|█▍        | 756/5362 [01:13<07:28, 10.26it/s] 14%|█▍        | 758/5362 [01:13<07:50,  9.78it/s] 14%|█▍        | 760/5362 [01:13<07:35, 10.10it/s] 14%|█▍        | 762/5362 [01:13<07:29, 10.23it/s] 14%|█▍        | 764/5362 [01:13<07:41,  9.95it/s] 14%|█▍        | 766/5362 [01:14<07:07, 10.74it/s] 14%|█▍        | 768/5362 [01:14<07:27, 10.27it/s] 14%|█▍        | 770/5362 [01:14<07:46,  9.84it/s] 14%|█▍        | 772/5362 [01:14<07:54,  9.68it/s] 14%|█▍        | 773/5362 [01:14<07:57,  9.62it/s] 14%|█▍        | 775/5362 [01:15<07:50,  9.74it/s] 14%|█▍        | 777/5362 [01:15<07:33, 10.11it/s] 15%|█▍        | 779/5362 [01:15<07:40,  9.95it/s] 15%|█▍        | 780/5362 [01:15<07:45,  9.84it/s] 15%|█▍        | 781/5362 [01:15<07:45,  9.83it/s] 15%|█▍        | 782/5362 [01:15<07:44,  9.87it/s] 15%|█▍        | 783/5362 [01:15<07:54,  9.65it/s] 15%|█▍        | 784/5362 [01:15<07:57,  9.60it/s] 15%|█▍        | 786/5362 [01:16<06:50, 11.15it/s] 15%|█▍        | 788/5362 [01:16<07:32, 10.11it/s] 15%|█▍        | 790/5362 [01:16<07:04, 10.78it/s] 15%|█▍        | 792/5362 [01:16<07:29, 10.17it/s] 15%|█▍        | 794/5362 [01:16<07:04, 10.76it/s] 15%|█▍        | 796/5362 [01:17<07:18, 10.41it/s] 15%|█▍        | 798/5362 [01:17<07:18, 10.42it/s] 15%|█▍        | 800/5362 [01:17<07:32, 10.08it/s] 15%|█▍        | 802/5362 [01:17<07:27, 10.20it/s] 15%|█▍        | 804/5362 [01:17<07:40,  9.90it/s] 15%|█▌        | 806/5362 [01:18<07:36,  9.98it/s] 15%|█▌        | 808/5362 [01:18<07:54,  9.60it/s] 15%|█▌        | 810/5362 [01:18<07:18, 10.39it/s] 15%|█▌        | 812/5362 [01:18<07:56,  9.54it/s] 15%|█▌        | 814/5362 [01:18<07:48,  9.71it/s] 15%|█▌        | 816/5362 [01:19<07:28, 10.14it/s] 15%|█▌        | 818/5362 [01:19<07:50,  9.67it/s] 15%|█▌        | 819/5362 [01:19<07:51,  9.63it/s] 15%|█▌        | 820/5362 [01:19<07:48,  9.69it/s] 15%|█▌        | 821/5362 [01:19<07:52,  9.60it/s] 15%|█▌        | 822/5362 [01:19<08:02,  9.42it/s] 15%|█▌        | 824/5362 [01:19<07:34,  9.99it/s] 15%|█▌        | 826/5362 [01:20<07:26, 10.17it/s] 15%|█▌        | 828/5362 [01:20<07:41,  9.83it/s] 15%|█▌        | 829/5362 [01:20<07:47,  9.70it/s] 15%|█▌        | 830/5362 [01:20<07:59,  9.45it/s] 16%|█▌        | 832/5362 [01:20<07:16, 10.38it/s] 16%|█▌        | 834/5362 [01:20<07:45,  9.73it/s] 16%|█▌        | 835/5362 [01:21<08:01,  9.40it/s] 16%|█▌        | 837/5362 [01:21<07:42,  9.79it/s] 16%|█▌        | 839/5362 [01:21<07:00, 10.77it/s] 16%|█▌        | 841/5362 [01:21<07:30, 10.05it/s] 16%|█▌        | 843/5362 [01:21<07:32,  9.99it/s] 16%|█▌        | 845/5362 [01:22<07:46,  9.69it/s] 16%|█▌        | 847/5362 [01:22<07:28, 10.06it/s] 16%|█▌        | 849/5362 [01:22<07:26, 10.11it/s] 16%|█▌        | 851/5362 [01:22<07:40,  9.80it/s] 16%|█▌        | 853/5362 [01:22<07:25, 10.12it/s] 16%|█▌        | 855/5362 [01:23<07:38,  9.83it/s] 16%|█▌        | 856/5362 [01:23<07:38,  9.84it/s] 16%|█▌        | 858/5362 [01:23<07:34,  9.92it/s] 16%|█▌        | 859/5362 [01:23<07:40,  9.79it/s] 16%|█▌        | 860/5362 [01:23<07:48,  9.61it/s] 16%|█▌        | 861/5362 [01:23<08:05,  9.27it/s] 16%|█▌        | 862/5362 [01:23<07:57,  9.43it/s] 16%|█▌        | 864/5362 [01:23<06:54, 10.85it/s] 16%|█▌        | 866/5362 [01:24<07:10, 10.45it/s] 16%|█▌        | 868/5362 [01:24<07:17, 10.27it/s] 16%|█▌        | 870/5362 [01:24<07:42,  9.72it/s] 16%|█▋        | 872/5362 [01:24<07:09, 10.45it/s] 16%|█▋        | 874/5362 [01:24<06:53, 10.84it/s] 16%|█▋        | 876/5362 [01:25<06:29, 11.52it/s] 16%|█▋        | 878/5362 [01:25<06:36, 11.31it/s] 16%|█▋        | 880/5362 [01:25<07:02, 10.62it/s] 16%|█▋        | 882/5362 [01:25<06:53, 10.82it/s] 16%|█▋        | 884/5362 [01:25<06:54, 10.81it/s] 17%|█▋        | 886/5362 [01:26<07:21, 10.14it/s] 17%|█▋        | 888/5362 [01:26<07:39,  9.73it/s] 17%|█▋        | 889/5362 [01:26<08:14,  9.05it/s] 17%|█▋        | 890/5362 [01:26<08:26,  8.83it/s] 17%|█▋        | 891/5362 [01:26<08:15,  9.03it/s] 17%|█▋        | 893/5362 [01:26<06:49, 10.92it/s] 17%|█▋        | 895/5362 [01:26<05:50, 12.73it/s] 17%|█▋        | 897/5362 [01:27<05:31, 13.47it/s] 17%|█▋        | 899/5362 [01:27<05:05, 14.63it/s] 17%|█▋        | 901/5362 [01:27<05:16, 14.09it/s] 17%|█▋        | 903/5362 [01:27<05:08, 14.46it/s] 17%|█▋        | 905/5362 [01:27<04:57, 14.99it/s] 17%|█▋        | 907/5362 [01:27<05:29, 13.53it/s] 17%|█▋        | 909/5362 [01:27<05:17, 14.02it/s] 17%|█▋        | 911/5362 [01:27<05:29, 13.49it/s] 17%|█▋        | 913/5362 [01:28<05:51, 12.67it/s] 17%|█▋        | 915/5362 [01:28<06:14, 11.88it/s] 17%|█▋        | 917/5362 [01:28<07:16, 10.19it/s] 17%|█▋        | 919/5362 [01:28<07:26,  9.95it/s] 17%|█▋        | 921/5362 [01:28<06:48, 10.88it/s] 17%|█▋        | 923/5362 [01:29<06:05, 12.13it/s] 17%|█▋        | 925/5362 [01:29<05:34, 13.25it/s] 17%|█▋        | 927/5362 [01:29<05:39, 13.07it/s] 17%|█▋        | 929/5362 [01:29<05:34, 13.27it/s] 17%|█▋        | 931/5362 [01:29<05:47, 12.77it/s] 17%|█▋        | 933/5362 [01:29<05:44, 12.84it/s] 17%|█▋        | 935/5362 [01:29<05:25, 13.61it/s] 17%|█▋        | 937/5362 [01:30<05:12, 14.14it/s] 18%|█▊        | 939/5362 [01:30<05:04, 14.54it/s] 18%|█▊        | 941/5362 [01:30<04:56, 14.89it/s] 18%|█▊        | 943/5362 [01:30<04:53, 15.07it/s] 18%|█▊        | 945/5362 [01:30<04:43, 15.59it/s] 18%|█▊        | 947/5362 [01:30<04:40, 15.74it/s] 18%|█▊        | 949/5362 [01:30<04:44, 15.53it/s] 18%|█▊        | 951/5362 [01:30<04:38, 15.85it/s] 18%|█▊        | 953/5362 [01:31<04:37, 15.87it/s] 18%|█▊        | 955/5362 [01:31<05:22, 13.67it/s] 18%|█▊        | 957/5362 [01:31<05:42, 12.87it/s] 18%|█▊        | 959/5362 [01:31<05:57, 12.31it/s] 18%|█▊        | 961/5362 [01:31<05:39, 12.97it/s] 18%|█▊        | 963/5362 [01:31<05:27, 13.43it/s] 18%|█▊        | 965/5362 [01:32<05:12, 14.06it/s] 18%|█▊        | 967/5362 [01:32<04:59, 14.67it/s] 18%|█▊        | 969/5362 [01:32<04:59, 14.65it/s] 18%|█▊        | 971/5362 [01:32<05:09, 14.18it/s] 18%|█▊        | 973/5362 [01:32<05:26, 13.46it/s] 18%|█▊        | 975/5362 [01:32<05:32, 13.20it/s] 18%|█▊        | 977/5362 [01:32<05:34, 13.09it/s] 18%|█▊        | 979/5362 [01:33<05:30, 13.25it/s] 18%|█▊        | 981/5362 [01:33<05:32, 13.16it/s] 18%|█▊        | 983/5362 [01:33<05:43, 12.75it/s] 18%|█▊        | 985/5362 [01:33<05:53, 12.38it/s] 18%|█▊        | 987/5362 [01:33<05:55, 12.32it/s] 18%|█▊        | 989/5362 [01:33<06:09, 11.82it/s] 18%|█▊        | 991/5362 [01:34<05:59, 12.16it/s] 19%|█▊        | 993/5362 [01:34<05:56, 12.25it/s] 19%|█▊        | 995/5362 [01:34<06:08, 11.86it/s] 19%|█▊        | 997/5362 [01:34<05:54, 12.32it/s] 19%|█▊        | 999/5362 [01:34<05:57, 12.19it/s] 19%|█▊        | 1001/5362 [01:34<06:11, 11.75it/s] 19%|█▊        | 1003/5362 [01:35<06:33, 11.07it/s] 19%|█▊        | 1005/5362 [01:35<06:43, 10.81it/s] 19%|█▉        | 1007/5362 [01:35<06:51, 10.60it/s] 19%|█▉        | 1009/5362 [01:35<06:56, 10.46it/s] 19%|█▉        | 1011/5362 [01:35<07:06, 10.21it/s] 19%|█▉        | 1013/5362 [01:36<06:46, 10.71it/s] 19%|█▉        | 1015/5362 [01:36<06:53, 10.52it/s] 19%|█▉        | 1017/5362 [01:36<06:27, 11.20it/s] 19%|█▉        | 1019/5362 [01:36<06:09, 11.75it/s] 19%|█▉        | 1021/5362 [01:36<06:19, 11.45it/s] 19%|█▉        | 1023/5362 [01:36<06:42, 10.78it/s] 19%|█▉        | 1025/5362 [01:37<06:52, 10.52it/s] 19%|█▉        | 1027/5362 [01:37<06:58, 10.36it/s] 19%|█▉        | 1029/5362 [01:37<07:10, 10.08it/s] 19%|█▉        | 1031/5362 [01:37<07:18,  9.88it/s] 19%|█▉        | 1032/5362 [01:37<07:30,  9.62it/s] 19%|█▉        | 1033/5362 [01:38<07:36,  9.48it/s] 19%|█▉        | 1034/5362 [01:38<07:36,  9.49it/s] 19%|█▉        | 1036/5362 [01:38<07:21,  9.81it/s] 19%|█▉        | 1037/5362 [01:38<07:30,  9.61it/s] 19%|█▉        | 1039/5362 [01:38<07:00, 10.28it/s] 19%|█▉        | 1041/5362 [01:38<07:18,  9.85it/s] 19%|█▉        | 1043/5362 [01:39<07:24,  9.72it/s] 19%|█▉        | 1044/5362 [01:39<07:36,  9.46it/s] 19%|█▉        | 1045/5362 [01:39<07:48,  9.21it/s] 20%|█▉        | 1047/5362 [01:39<07:27,  9.65it/s] 20%|█▉        | 1048/5362 [01:39<07:27,  9.64it/s] 20%|█▉        | 1050/5362 [01:39<07:06, 10.11it/s] 20%|█▉        | 1051/5362 [01:39<07:15,  9.91it/s] 20%|█▉        | 1052/5362 [01:39<07:28,  9.61it/s] 20%|█▉        | 1053/5362 [01:40<07:26,  9.65it/s] 20%|█▉        | 1054/5362 [01:40<07:29,  9.59it/s] 20%|█▉        | 1055/5362 [01:40<07:29,  9.58it/s] 20%|█▉        | 1057/5362 [01:40<07:33,  9.50it/s] 20%|█▉        | 1058/5362 [01:40<07:29,  9.57it/s] 20%|█▉        | 1059/5362 [01:40<07:28,  9.60it/s] 20%|█▉        | 1061/5362 [01:40<07:13,  9.93it/s] 20%|█▉        | 1063/5362 [01:41<06:42, 10.67it/s] 20%|█▉        | 1065/5362 [01:41<07:15,  9.87it/s] 20%|█▉        | 1067/5362 [01:41<07:04, 10.12it/s] 20%|█▉        | 1069/5362 [01:41<07:12,  9.93it/s] 20%|█▉        | 1071/5362 [01:41<07:32,  9.48it/s] 20%|█▉        | 1072/5362 [01:42<07:30,  9.53it/s] 20%|██        | 1074/5362 [01:42<07:22,  9.68it/s] 20%|██        | 1076/5362 [01:42<06:46, 10.53it/s] 20%|██        | 1078/5362 [01:42<07:06, 10.05it/s] 20%|██        | 1080/5362 [01:42<07:11,  9.92it/s] 20%|██        | 1082/5362 [01:43<07:24,  9.64it/s] 20%|██        | 1084/5362 [01:43<07:01, 10.14it/s] 20%|██        | 1086/5362 [01:43<07:07, 10.00it/s] 20%|██        | 1088/5362 [01:43<07:09,  9.95it/s] 20%|██        | 1090/5362 [01:43<07:12,  9.87it/s] 20%|██        | 1092/5362 [01:44<07:16,  9.78it/s] 20%|██        | 1093/5362 [01:44<07:17,  9.76it/s] 20%|██        | 1095/5362 [01:44<07:19,  9.70it/s] 20%|██        | 1096/5362 [01:44<07:22,  9.63it/s] 20%|██        | 1098/5362 [01:44<06:50, 10.40it/s] 21%|██        | 1100/5362 [01:44<07:21,  9.66it/s] 21%|██        | 1102/5362 [01:45<07:23,  9.60it/s] 21%|██        | 1104/5362 [01:45<07:07,  9.97it/s] 21%|██        | 1106/5362 [01:45<07:13,  9.83it/s] 21%|██        | 1108/5362 [01:45<06:42, 10.56it/s] 21%|██        | 1110/5362 [01:45<06:51, 10.33it/s] 21%|██        | 1112/5362 [01:46<06:38, 10.66it/s] 21%|██        | 1114/5362 [01:46<06:53, 10.28it/s] 21%|██        | 1116/5362 [01:46<06:45, 10.46it/s] 21%|██        | 1118/5362 [01:46<06:35, 10.72it/s] 21%|██        | 1120/5362 [01:46<06:35, 10.71it/s] 21%|██        | 1122/5362 [01:46<06:10, 11.44it/s] 21%|██        | 1124/5362 [01:47<06:36, 10.68it/s] 21%|██        | 1126/5362 [01:47<06:26, 10.95it/s] 21%|██        | 1128/5362 [01:47<06:46, 10.43it/s] 21%|██        | 1130/5362 [01:47<06:45, 10.44it/s] 21%|██        | 1132/5362 [01:47<06:50, 10.32it/s] 21%|██        | 1134/5362 [01:48<06:55, 10.19it/s] 21%|██        | 1136/5362 [01:48<06:42, 10.50it/s] 21%|██        | 1138/5362 [01:48<05:58, 11.80it/s] 21%|██▏       | 1140/5362 [01:48<05:39, 12.42it/s] 21%|██▏       | 1142/5362 [01:48<05:32, 12.68it/s] 21%|██▏       | 1144/5362 [01:48<05:10, 13.58it/s] 21%|██▏       | 1146/5362 [01:48<05:13, 13.43it/s] 21%|██▏       | 1148/5362 [01:49<05:41, 12.34it/s] 21%|██▏       | 1150/5362 [01:49<06:30, 10.79it/s] 21%|██▏       | 1152/5362 [01:49<07:06,  9.87it/s] 22%|██▏       | 1154/5362 [01:49<07:19,  9.58it/s] 22%|██▏       | 1156/5362 [01:49<06:24, 10.94it/s] 22%|██▏       | 1158/5362 [01:50<06:13, 11.25it/s] 22%|██▏       | 1160/5362 [01:50<06:03, 11.55it/s] 22%|██▏       | 1162/5362 [01:50<05:49, 12.00it/s] 22%|██▏       | 1164/5362 [01:50<05:53, 11.87it/s] 22%|██▏       | 1166/5362 [01:50<05:18, 13.15it/s] 22%|██▏       | 1168/5362 [01:50<05:30, 12.69it/s] 22%|██▏       | 1170/5362 [01:51<05:05, 13.72it/s] 22%|██▏       | 1172/5362 [01:51<04:50, 14.42it/s] 22%|██▏       | 1174/5362 [01:51<04:49, 14.47it/s] 22%|██▏       | 1176/5362 [01:51<04:48, 14.51it/s] 22%|██▏       | 1178/5362 [01:51<04:31, 15.38it/s] 22%|██▏       | 1180/5362 [01:51<04:13, 16.48it/s] 22%|██▏       | 1183/5362 [01:51<04:02, 17.25it/s] 22%|██▏       | 1185/5362 [01:51<03:58, 17.55it/s] 22%|██▏       | 1187/5362 [01:52<04:12, 16.53it/s] 22%|██▏       | 1189/5362 [01:52<04:15, 16.32it/s] 22%|██▏       | 1191/5362 [01:52<04:19, 16.08it/s] 22%|██▏       | 1193/5362 [01:52<05:26, 12.77it/s] 22%|██▏       | 1195/5362 [01:52<05:46, 12.04it/s] 22%|██▏       | 1197/5362 [01:52<05:46, 12.04it/s] 22%|██▏       | 1199/5362 [01:53<05:23, 12.86it/s] 22%|██▏       | 1201/5362 [01:53<05:12, 13.33it/s] 22%|██▏       | 1203/5362 [01:53<04:55, 14.05it/s] 22%|██▏       | 1205/5362 [01:53<04:59, 13.88it/s] 23%|██▎       | 1207/5362 [01:53<05:15, 13.16it/s] 23%|██▎       | 1209/5362 [01:53<05:42, 12.11it/s] 23%|██▎       | 1211/5362 [01:53<05:42, 12.12it/s] 23%|██▎       | 1213/5362 [01:54<06:05, 11.36it/s] 23%|██▎       | 1215/5362 [01:54<06:11, 11.15it/s] 23%|██▎       | 1217/5362 [01:54<06:20, 10.88it/s] 23%|██▎       | 1219/5362 [01:54<06:25, 10.74it/s] 23%|██▎       | 1221/5362 [01:54<06:31, 10.58it/s] 23%|██▎       | 1223/5362 [01:55<06:24, 10.75it/s] 23%|██▎       | 1225/5362 [01:55<06:17, 10.95it/s] 23%|██▎       | 1227/5362 [01:55<06:26, 10.69it/s] 23%|██▎       | 1229/5362 [01:55<06:31, 10.57it/s] 23%|██▎       | 1231/5362 [01:55<06:51, 10.04it/s] 23%|██▎       | 1233/5362 [01:56<06:45, 10.18it/s] 23%|██▎       | 1235/5362 [01:56<07:08,  9.64it/s] 23%|██▎       | 1236/5362 [01:56<07:12,  9.54it/s] 23%|██▎       | 1238/5362 [01:56<07:01,  9.78it/s] 23%|██▎       | 1239/5362 [01:56<07:10,  9.57it/s] 23%|██▎       | 1240/5362 [01:56<07:16,  9.45it/s] 23%|██▎       | 1241/5362 [01:56<07:28,  9.19it/s] 23%|██▎       | 1242/5362 [01:57<07:55,  8.67it/s] 23%|██▎       | 1243/5362 [01:57<07:51,  8.73it/s] 23%|██▎       | 1244/5362 [01:57<07:49,  8.76it/s] 23%|██▎       | 1245/5362 [01:57<07:46,  8.82it/s] 23%|██▎       | 1246/5362 [01:57<07:59,  8.58it/s] 23%|██▎       | 1247/5362 [01:57<07:57,  8.62it/s] 23%|██▎       | 1248/5362 [01:57<07:55,  8.65it/s] 23%|██▎       | 1249/5362 [01:57<07:48,  8.77it/s] 23%|██▎       | 1250/5362 [01:58<07:51,  8.72it/s] 23%|██▎       | 1251/5362 [01:58<07:36,  9.01it/s] 23%|██▎       | 1252/5362 [01:58<07:38,  8.97it/s] 23%|██▎       | 1253/5362 [01:58<07:35,  9.02it/s] 23%|██▎       | 1255/5362 [01:58<07:22,  9.28it/s] 23%|██▎       | 1256/5362 [01:58<08:00,  8.55it/s] 23%|██▎       | 1257/5362 [01:58<08:07,  8.43it/s] 23%|██▎       | 1259/5362 [01:59<07:30,  9.11it/s] 23%|██▎       | 1260/5362 [01:59<08:33,  7.98it/s] 24%|██▎       | 1261/5362 [01:59<08:51,  7.71it/s] 24%|██▎       | 1262/5362 [01:59<08:44,  7.81it/s] 24%|██▎       | 1263/5362 [01:59<08:14,  8.29it/s] 24%|██▎       | 1264/5362 [01:59<08:26,  8.10it/s] 24%|██▎       | 1265/5362 [01:59<08:07,  8.40it/s] 24%|██▎       | 1266/5362 [01:59<08:12,  8.31it/s] 24%|██▎       | 1267/5362 [02:00<08:15,  8.26it/s] 24%|██▎       | 1268/5362 [02:00<08:31,  8.00it/s] 24%|██▎       | 1269/5362 [02:00<08:22,  8.14it/s] 24%|██▎       | 1270/5362 [02:00<08:25,  8.09it/s] 24%|██▎       | 1271/5362 [02:00<08:37,  7.90it/s] 24%|██▎       | 1273/5362 [02:00<07:57,  8.57it/s] 24%|██▍       | 1274/5362 [02:00<08:15,  8.25it/s] 24%|██▍       | 1275/5362 [02:01<08:17,  8.22it/s] 24%|██▍       | 1276/5362 [02:01<08:38,  7.88it/s] 24%|██▍       | 1277/5362 [02:01<08:37,  7.90it/s] 24%|██▍       | 1278/5362 [02:01<08:11,  8.30it/s] 24%|██▍       | 1279/5362 [02:01<08:19,  8.17it/s] 24%|██▍       | 1280/5362 [02:01<08:19,  8.18it/s] 24%|██▍       | 1281/5362 [02:01<08:22,  8.13it/s] 24%|██▍       | 1282/5362 [02:01<08:39,  7.86it/s] 24%|██▍       | 1283/5362 [02:02<08:19,  8.17it/s] 24%|██▍       | 1284/5362 [02:02<08:06,  8.38it/s] 24%|██▍       | 1285/5362 [02:02<08:24,  8.08it/s] 24%|██▍       | 1286/5362 [02:02<08:50,  7.68it/s] 24%|██▍       | 1287/5362 [02:02<08:33,  7.94it/s] 24%|██▍       | 1288/5362 [02:02<08:17,  8.18it/s] 24%|██▍       | 1289/5362 [02:02<08:37,  7.86it/s] 24%|██▍       | 1290/5362 [02:02<08:36,  7.88it/s] 24%|██▍       | 1291/5362 [02:03<09:01,  7.52it/s] 24%|██▍       | 1292/5362 [02:03<08:30,  7.98it/s] 24%|██▍       | 1293/5362 [02:03<08:19,  8.15it/s] 24%|██▍       | 1294/5362 [02:03<08:06,  8.35it/s] 24%|██▍       | 1295/5362 [02:03<08:08,  8.32it/s] 24%|██▍       | 1296/5362 [02:03<07:46,  8.71it/s] 24%|██▍       | 1298/5362 [02:03<07:35,  8.92it/s] 24%|██▍       | 1299/5362 [02:03<07:53,  8.58it/s] 24%|██▍       | 1300/5362 [02:04<07:54,  8.56it/s] 24%|██▍       | 1301/5362 [02:04<08:07,  8.34it/s] 24%|██▍       | 1302/5362 [02:04<08:05,  8.36it/s] 24%|██▍       | 1303/5362 [02:04<07:48,  8.67it/s] 24%|██▍       | 1304/5362 [02:04<08:17,  8.15it/s] 24%|██▍       | 1305/5362 [02:04<08:06,  8.33it/s] 24%|██▍       | 1306/5362 [02:04<07:56,  8.51it/s] 24%|██▍       | 1307/5362 [02:04<07:46,  8.69it/s] 24%|██▍       | 1309/5362 [02:05<07:31,  8.99it/s] 24%|██▍       | 1310/5362 [02:05<08:08,  8.29it/s] 24%|██▍       | 1312/5362 [02:05<07:36,  8.88it/s] 24%|██▍       | 1313/5362 [02:05<08:03,  8.37it/s] 25%|██▍       | 1314/5362 [02:05<08:09,  8.26it/s] 25%|██▍       | 1315/5362 [02:05<08:16,  8.16it/s] 25%|██▍       | 1316/5362 [02:05<08:07,  8.31it/s] 25%|██▍       | 1317/5362 [02:06<08:05,  8.33it/s] 25%|██▍       | 1318/5362 [02:06<08:04,  8.35it/s] 25%|██▍       | 1319/5362 [02:06<08:15,  8.16it/s] 25%|██▍       | 1320/5362 [02:06<08:03,  8.36it/s] 25%|██▍       | 1321/5362 [02:06<08:20,  8.07it/s] 25%|██▍       | 1322/5362 [02:06<08:14,  8.17it/s] 25%|██▍       | 1323/5362 [02:06<07:56,  8.48it/s] 25%|██▍       | 1324/5362 [02:06<08:25,  7.99it/s] 25%|██▍       | 1326/5362 [02:07<08:08,  8.26it/s] 25%|██▍       | 1327/5362 [02:07<08:02,  8.36it/s] 25%|██▍       | 1328/5362 [02:07<08:19,  8.07it/s] 25%|██▍       | 1329/5362 [02:07<08:14,  8.15it/s] 25%|██▍       | 1330/5362 [02:07<08:03,  8.33it/s] 25%|██▍       | 1331/5362 [02:07<08:01,  8.37it/s] 25%|██▍       | 1332/5362 [02:07<07:54,  8.49it/s] 25%|██▍       | 1334/5362 [02:08<07:38,  8.79it/s] 25%|██▍       | 1335/5362 [02:08<08:02,  8.34it/s] 25%|██▍       | 1336/5362 [02:08<07:51,  8.54it/s] 25%|██▍       | 1337/5362 [02:08<07:44,  8.67it/s] 25%|██▍       | 1338/5362 [02:08<07:46,  8.62it/s] 25%|██▍       | 1340/5362 [02:08<07:25,  9.03it/s] 25%|██▌       | 1341/5362 [02:08<07:52,  8.52it/s] 25%|██▌       | 1342/5362 [02:09<07:36,  8.81it/s] 25%|██▌       | 1343/5362 [02:09<07:30,  8.92it/s] 25%|██▌       | 1344/5362 [02:09<07:20,  9.12it/s] 25%|██▌       | 1345/5362 [02:09<07:11,  9.32it/s] 25%|██▌       | 1346/5362 [02:09<07:09,  9.35it/s] 25%|██▌       | 1348/5362 [02:09<06:35, 10.15it/s] 25%|██▌       | 1350/5362 [02:09<06:43,  9.94it/s] 25%|██▌       | 1352/5362 [02:10<06:42,  9.96it/s] 25%|██▌       | 1353/5362 [02:10<07:10,  9.32it/s] 25%|██▌       | 1354/5362 [02:10<07:11,  9.28it/s] 25%|██▌       | 1355/5362 [02:10<07:22,  9.06it/s] 25%|██▌       | 1356/5362 [02:10<07:22,  9.06it/s] 25%|██▌       | 1357/5362 [02:10<08:05,  8.24it/s] 25%|██▌       | 1358/5362 [02:10<08:17,  8.04it/s] 25%|██▌       | 1359/5362 [02:10<08:59,  7.42it/s] 25%|██▌       | 1360/5362 [02:11<10:10,  6.55it/s] 25%|██▌       | 1361/5362 [02:11<09:14,  7.22it/s] 25%|██▌       | 1362/5362 [02:11<08:33,  7.78it/s] 25%|██▌       | 1364/5362 [02:11<07:30,  8.88it/s] 25%|██▌       | 1365/5362 [02:11<07:23,  9.00it/s] 25%|██▌       | 1367/5362 [02:11<06:53,  9.66it/s] 26%|██▌       | 1369/5362 [02:12<06:49,  9.75it/s] 26%|██▌       | 1370/5362 [02:12<07:13,  9.21it/s] 26%|██▌       | 1371/5362 [02:12<07:26,  8.93it/s] 26%|██▌       | 1372/5362 [02:12<07:18,  9.09it/s] 26%|██▌       | 1373/5362 [02:12<07:30,  8.86it/s] 26%|██▌       | 1374/5362 [02:12<07:39,  8.68it/s] 26%|██▌       | 1376/5362 [02:12<06:59,  9.50it/s] 26%|██▌       | 1378/5362 [02:13<06:32, 10.15it/s] 26%|██▌       | 1379/5362 [02:13<06:40,  9.94it/s] 26%|██▌       | 1381/5362 [02:13<06:32, 10.15it/s] 26%|██▌       | 1383/5362 [02:13<06:11, 10.70it/s] 26%|██▌       | 1385/5362 [02:13<06:09, 10.76it/s] 26%|██▌       | 1387/5362 [02:13<06:24, 10.35it/s] 26%|██▌       | 1389/5362 [02:14<06:32, 10.13it/s] 26%|██▌       | 1391/5362 [02:14<06:16, 10.54it/s] 26%|██▌       | 1393/5362 [02:14<06:11, 10.70it/s] 26%|██▌       | 1395/5362 [02:14<06:02, 10.95it/s] 26%|██▌       | 1397/5362 [02:14<05:59, 11.02it/s] 26%|██▌       | 1399/5362 [02:14<05:37, 11.73it/s] 26%|██▌       | 1401/5362 [02:15<05:43, 11.52it/s] 26%|██▌       | 1403/5362 [02:15<05:39, 11.67it/s] 26%|██▌       | 1405/5362 [02:15<05:55, 11.14it/s] 26%|██▌       | 1407/5362 [02:15<06:13, 10.60it/s] 26%|██▋       | 1409/5362 [02:15<06:14, 10.55it/s] 26%|██▋       | 1411/5362 [02:16<06:20, 10.38it/s] 26%|██▋       | 1413/5362 [02:16<06:08, 10.71it/s] 26%|██▋       | 1415/5362 [02:16<06:05, 10.79it/s] 26%|██▋       | 1417/5362 [02:16<06:03, 10.84it/s] 26%|██▋       | 1419/5362 [02:16<06:05, 10.79it/s] 27%|██▋       | 1421/5362 [02:16<05:31, 11.88it/s] 27%|██▋       | 1423/5362 [02:17<05:48, 11.29it/s] 27%|██▋       | 1425/5362 [02:17<06:10, 10.63it/s] 27%|██▋       | 1427/5362 [02:17<06:29, 10.10it/s] 27%|██▋       | 1429/5362 [02:17<06:25, 10.21it/s] 27%|██▋       | 1431/5362 [02:17<06:35,  9.93it/s] 27%|██▋       | 1433/5362 [02:18<06:34,  9.96it/s] 27%|██▋       | 1435/5362 [02:18<06:50,  9.56it/s] 27%|██▋       | 1436/5362 [02:18<06:48,  9.62it/s] 27%|██▋       | 1437/5362 [02:18<07:03,  9.27it/s] 27%|██▋       | 1438/5362 [02:18<07:00,  9.33it/s] 27%|██▋       | 1439/5362 [02:18<07:09,  9.13it/s] 27%|██▋       | 1440/5362 [02:18<07:04,  9.24it/s] 27%|██▋       | 1441/5362 [02:19<07:01,  9.29it/s] 27%|██▋       | 1442/5362 [02:19<07:08,  9.15it/s] 27%|██▋       | 1444/5362 [02:19<06:25, 10.17it/s] 27%|██▋       | 1445/5362 [02:19<07:05,  9.21it/s] 27%|██▋       | 1446/5362 [02:19<07:08,  9.13it/s] 27%|██▋       | 1448/5362 [02:19<07:05,  9.20it/s] 27%|██▋       | 1449/5362 [02:19<07:30,  8.68it/s] 27%|██▋       | 1451/5362 [02:20<07:16,  8.96it/s] 27%|██▋       | 1452/5362 [02:20<07:16,  8.96it/s] 27%|██▋       | 1454/5362 [02:20<07:05,  9.19it/s] 27%|██▋       | 1455/5362 [02:20<07:12,  9.04it/s] 27%|██▋       | 1457/5362 [02:20<06:50,  9.51it/s] 27%|██▋       | 1458/5362 [02:20<06:48,  9.55it/s] 27%|██▋       | 1459/5362 [02:21<06:51,  9.47it/s] 27%|██▋       | 1460/5362 [02:21<06:53,  9.43it/s] 27%|██▋       | 1461/5362 [02:21<07:03,  9.22it/s] 27%|██▋       | 1462/5362 [02:21<08:08,  7.99it/s] 27%|██▋       | 1464/5362 [02:21<07:08,  9.10it/s] 27%|██▋       | 1465/5362 [02:21<07:57,  8.17it/s] 27%|██▋       | 1466/5362 [02:21<07:42,  8.42it/s] 27%|██▋       | 1467/5362 [02:21<07:59,  8.13it/s] 27%|██▋       | 1468/5362 [02:22<07:50,  8.28it/s] 27%|██▋       | 1469/5362 [02:22<08:16,  7.84it/s] 27%|██▋       | 1470/5362 [02:22<08:06,  8.00it/s] 27%|██▋       | 1471/5362 [02:22<08:00,  8.10it/s] 27%|██▋       | 1472/5362 [02:22<08:32,  7.59it/s] 27%|██▋       | 1473/5362 [02:22<08:40,  7.47it/s] 27%|██▋       | 1474/5362 [02:22<08:44,  7.42it/s] 28%|██▊       | 1475/5362 [02:23<08:54,  7.27it/s] 28%|██▊       | 1476/5362 [02:23<09:12,  7.04it/s] 28%|██▊       | 1478/5362 [02:23<08:05,  8.00it/s] 28%|██▊       | 1479/5362 [02:23<07:59,  8.09it/s] 28%|██▊       | 1480/5362 [02:23<07:51,  8.24it/s] 28%|██▊       | 1481/5362 [02:23<07:32,  8.57it/s] 28%|██▊       | 1482/5362 [02:23<07:55,  8.15it/s] 28%|██▊       | 1483/5362 [02:24<07:36,  8.50it/s] 28%|██▊       | 1484/5362 [02:24<07:27,  8.67it/s] 28%|██▊       | 1485/5362 [02:24<07:36,  8.49it/s] 28%|██▊       | 1486/5362 [02:24<08:48,  7.34it/s] 28%|██▊       | 1487/5362 [02:24<08:53,  7.26it/s] 28%|██▊       | 1488/5362 [02:24<08:22,  7.72it/s] 28%|██▊       | 1489/5362 [02:24<07:54,  8.17it/s] 28%|██▊       | 1490/5362 [02:24<07:41,  8.39it/s] 28%|██▊       | 1491/5362 [02:25<08:09,  7.90it/s] 28%|██▊       | 1492/5362 [02:25<08:58,  7.18it/s] 28%|██▊       | 1493/5362 [02:25<08:30,  7.58it/s] 28%|██▊       | 1494/5362 [02:25<08:19,  7.75it/s] 28%|██▊       | 1495/5362 [02:25<07:47,  8.27it/s] 28%|██▊       | 1496/5362 [02:25<07:51,  8.20it/s] 28%|██▊       | 1497/5362 [02:25<07:41,  8.37it/s] 28%|██▊       | 1498/5362 [02:25<07:37,  8.45it/s] 28%|██▊       | 1499/5362 [02:26<08:52,  7.25it/s] 28%|██▊       | 1500/5362 [02:26<08:21,  7.71it/s] 28%|██▊       | 1501/5362 [02:26<08:09,  7.89it/s] 28%|██▊       | 1502/5362 [02:26<07:49,  8.23it/s] 28%|██▊       | 1503/5362 [02:26<08:05,  7.95it/s] 28%|██▊       | 1504/5362 [02:26<08:18,  7.75it/s] 28%|██▊       | 1506/5362 [02:26<07:56,  8.09it/s] 28%|██▊       | 1507/5362 [02:27<08:12,  7.83it/s] 28%|██▊       | 1508/5362 [02:27<08:02,  7.99it/s] 28%|██▊       | 1509/5362 [02:27<07:48,  8.22it/s] 28%|██▊       | 1510/5362 [02:27<08:14,  7.78it/s] 28%|██▊       | 1511/5362 [02:27<07:51,  8.17it/s] 28%|██▊       | 1512/5362 [02:27<07:54,  8.11it/s] 28%|██▊       | 1514/5362 [02:27<07:17,  8.81it/s] 28%|██▊       | 1515/5362 [02:28<07:54,  8.10it/s] 28%|██▊       | 1516/5362 [02:28<07:59,  8.02it/s] 28%|██▊       | 1517/5362 [02:28<08:00,  8.00it/s] 28%|██▊       | 1518/5362 [02:28<07:47,  8.23it/s] 28%|██▊       | 1519/5362 [02:28<07:25,  8.62it/s] 28%|██▊       | 1520/5362 [02:28<07:22,  8.68it/s] 28%|██▊       | 1521/5362 [02:28<07:14,  8.84it/s] 28%|██▊       | 1522/5362 [02:28<07:43,  8.29it/s] 28%|██▊       | 1523/5362 [02:28<07:32,  8.48it/s] 28%|██▊       | 1524/5362 [02:29<07:38,  8.38it/s] 28%|██▊       | 1525/5362 [02:29<07:17,  8.77it/s] 28%|██▊       | 1526/5362 [02:29<07:21,  8.69it/s] 28%|██▊       | 1527/5362 [02:29<07:38,  8.37it/s] 28%|██▊       | 1528/5362 [02:29<07:38,  8.37it/s] 29%|██▊       | 1529/5362 [02:29<07:36,  8.40it/s] 29%|██▊       | 1530/5362 [02:29<07:36,  8.40it/s] 29%|██▊       | 1531/5362 [02:29<07:34,  8.43it/s] 29%|██▊       | 1532/5362 [02:30<07:22,  8.65it/s] 29%|██▊       | 1533/5362 [02:30<07:19,  8.71it/s] 29%|██▊       | 1534/5362 [02:30<07:04,  9.02it/s] 29%|██▊       | 1535/5362 [02:30<07:19,  8.70it/s] 29%|██▊       | 1536/5362 [02:30<07:17,  8.75it/s] 29%|██▊       | 1537/5362 [02:30<07:22,  8.64it/s] 29%|██▊       | 1538/5362 [02:30<07:14,  8.80it/s] 29%|██▊       | 1539/5362 [02:30<07:28,  8.52it/s] 29%|██▊       | 1540/5362 [02:30<07:35,  8.39it/s] 29%|██▊       | 1541/5362 [02:31<07:32,  8.44it/s] 29%|██▉       | 1542/5362 [02:31<07:39,  8.31it/s] 29%|██▉       | 1543/5362 [02:31<07:41,  8.27it/s] 29%|██▉       | 1544/5362 [02:31<07:30,  8.47it/s] 29%|██▉       | 1545/5362 [02:31<07:15,  8.76it/s] 29%|██▉       | 1547/5362 [02:31<06:29,  9.78it/s] 29%|██▉       | 1548/5362 [02:31<06:41,  9.51it/s] 29%|██▉       | 1549/5362 [02:31<06:52,  9.24it/s] 29%|██▉       | 1550/5362 [02:32<06:47,  9.36it/s] 29%|██▉       | 1551/5362 [02:32<06:42,  9.48it/s] 29%|██▉       | 1553/5362 [02:32<06:08, 10.33it/s] 29%|██▉       | 1555/5362 [02:32<06:07, 10.36it/s] 29%|██▉       | 1557/5362 [02:32<06:34,  9.65it/s] 29%|██▉       | 1558/5362 [02:32<06:47,  9.33it/s] 29%|██▉       | 1559/5362 [02:32<07:00,  9.04it/s] 29%|██▉       | 1560/5362 [02:33<07:08,  8.86it/s] 29%|██▉       | 1561/5362 [02:33<07:09,  8.86it/s] 29%|██▉       | 1562/5362 [02:33<07:31,  8.42it/s] 29%|██▉       | 1563/5362 [02:33<07:18,  8.67it/s] 29%|██▉       | 1564/5362 [02:33<07:28,  8.46it/s] 29%|██▉       | 1565/5362 [02:33<07:15,  8.71it/s] 29%|██▉       | 1566/5362 [02:33<07:13,  8.77it/s] 29%|██▉       | 1567/5362 [02:33<07:30,  8.43it/s] 29%|██▉       | 1569/5362 [02:34<07:01,  9.00it/s] 29%|██▉       | 1570/5362 [02:34<06:58,  9.06it/s] 29%|██▉       | 1571/5362 [02:34<07:15,  8.70it/s] 29%|██▉       | 1572/5362 [02:34<07:27,  8.47it/s] 29%|██▉       | 1573/5362 [02:34<07:37,  8.28it/s] 29%|██▉       | 1574/5362 [02:34<07:44,  8.15it/s] 29%|██▉       | 1576/5362 [02:34<06:44,  9.36it/s] 29%|██▉       | 1578/5362 [02:35<06:16, 10.04it/s] 29%|██▉       | 1579/5362 [02:35<06:29,  9.72it/s] 29%|██▉       | 1581/5362 [02:35<05:51, 10.77it/s] 30%|██▉       | 1583/5362 [02:35<05:43, 11.01it/s] 30%|██▉       | 1585/5362 [02:35<05:45, 10.94it/s] 30%|██▉       | 1587/5362 [02:35<05:36, 11.22it/s] 30%|██▉       | 1589/5362 [02:36<05:40, 11.09it/s] 30%|██▉       | 1591/5362 [02:36<05:44, 10.95it/s] 30%|██▉       | 1593/5362 [02:36<05:57, 10.56it/s] 30%|██▉       | 1595/5362 [02:36<05:56, 10.55it/s] 30%|██▉       | 1597/5362 [02:36<05:47, 10.84it/s] 30%|██▉       | 1599/5362 [02:37<05:47, 10.83it/s] 30%|██▉       | 1601/5362 [02:37<05:52, 10.67it/s] 30%|██▉       | 1603/5362 [02:37<05:39, 11.09it/s] 30%|██▉       | 1605/5362 [02:37<05:43, 10.92it/s] 30%|██▉       | 1607/5362 [02:37<05:42, 10.96it/s] 30%|███       | 1609/5362 [02:37<05:42, 10.95it/s] 30%|███       | 1611/5362 [02:38<05:42, 10.94it/s] 30%|███       | 1613/5362 [02:38<05:38, 11.09it/s] 30%|███       | 1615/5362 [02:38<05:41, 10.96it/s] 30%|███       | 1617/5362 [02:38<05:59, 10.41it/s] 30%|███       | 1619/5362 [02:38<06:14,  9.99it/s] 30%|███       | 1621/5362 [02:39<06:13, 10.03it/s] 30%|███       | 1623/5362 [02:39<05:53, 10.57it/s] 30%|███       | 1625/5362 [02:39<05:53, 10.56it/s] 30%|███       | 1627/5362 [02:39<05:47, 10.74it/s] 30%|███       | 1629/5362 [02:39<05:55, 10.51it/s] 30%|███       | 1631/5362 [02:40<06:03, 10.28it/s] 30%|███       | 1633/5362 [02:40<06:11, 10.03it/s] 30%|███       | 1635/5362 [02:40<06:13,  9.98it/s] 31%|███       | 1637/5362 [02:40<06:27,  9.60it/s] 31%|███       | 1638/5362 [02:40<06:40,  9.29it/s] 31%|███       | 1639/5362 [02:40<06:36,  9.38it/s] 31%|███       | 1640/5362 [02:41<06:41,  9.27it/s] 31%|███       | 1641/5362 [02:41<06:47,  9.13it/s] 31%|███       | 1643/5362 [02:41<06:41,  9.27it/s] 31%|███       | 1644/5362 [02:41<06:50,  9.05it/s] 31%|███       | 1645/5362 [02:41<06:48,  9.09it/s] 31%|███       | 1646/5362 [02:41<06:48,  9.10it/s] 31%|███       | 1648/5362 [02:41<06:43,  9.20it/s] 31%|███       | 1649/5362 [02:42<06:50,  9.04it/s] 31%|███       | 1650/5362 [02:42<06:47,  9.10it/s] 31%|███       | 1651/5362 [02:42<06:45,  9.14it/s] 31%|███       | 1652/5362 [02:42<06:37,  9.32it/s] 31%|███       | 1653/5362 [02:42<06:34,  9.40it/s] 31%|███       | 1654/5362 [02:42<06:44,  9.18it/s] 31%|███       | 1655/5362 [02:42<06:44,  9.16it/s] 31%|███       | 1656/5362 [02:42<06:43,  9.18it/s] 31%|███       | 1657/5362 [02:42<06:37,  9.31it/s] 31%|███       | 1658/5362 [02:43<06:41,  9.23it/s] 31%|███       | 1659/5362 [02:43<06:35,  9.37it/s] 31%|███       | 1661/5362 [02:43<06:36,  9.33it/s] 31%|███       | 1662/5362 [02:43<06:35,  9.36it/s] 31%|███       | 1664/5362 [02:43<06:22,  9.67it/s] 31%|███       | 1665/5362 [02:43<06:24,  9.61it/s] 31%|███       | 1666/5362 [02:43<06:48,  9.05it/s] 31%|███       | 1667/5362 [02:43<06:47,  9.07it/s] 31%|███       | 1668/5362 [02:44<06:40,  9.23it/s] 31%|███       | 1669/5362 [02:44<06:59,  8.80it/s] 31%|███       | 1671/5362 [02:44<07:16,  8.46it/s] 31%|███       | 1672/5362 [02:44<07:03,  8.70it/s] 31%|███       | 1674/5362 [02:44<06:39,  9.23it/s] 31%|███       | 1675/5362 [02:44<06:46,  9.06it/s] 31%|███▏      | 1677/5362 [02:45<06:52,  8.94it/s] 31%|███▏      | 1678/5362 [02:45<07:00,  8.75it/s] 31%|███▏      | 1679/5362 [02:45<07:03,  8.69it/s] 31%|███▏      | 1680/5362 [02:45<07:00,  8.76it/s] 31%|███▏      | 1681/5362 [02:45<06:47,  9.03it/s] 31%|███▏      | 1682/5362 [02:45<07:04,  8.66it/s] 31%|███▏      | 1683/5362 [02:45<07:29,  8.18it/s] 31%|███▏      | 1684/5362 [02:45<07:20,  8.35it/s] 31%|███▏      | 1685/5362 [02:46<07:20,  8.35it/s] 31%|███▏      | 1686/5362 [02:46<07:06,  8.63it/s] 31%|███▏      | 1687/5362 [02:46<07:11,  8.51it/s] 31%|███▏      | 1688/5362 [02:46<07:25,  8.24it/s] 31%|███▏      | 1689/5362 [02:46<07:15,  8.43it/s] 32%|███▏      | 1690/5362 [02:46<07:11,  8.51it/s] 32%|███▏      | 1691/5362 [02:46<07:25,  8.24it/s] 32%|███▏      | 1692/5362 [02:46<07:09,  8.55it/s] 32%|███▏      | 1693/5362 [02:46<07:01,  8.70it/s] 32%|███▏      | 1694/5362 [02:47<06:52,  8.89it/s] 32%|███▏      | 1695/5362 [02:47<07:05,  8.62it/s] 32%|███▏      | 1696/5362 [02:47<07:10,  8.51it/s] 32%|███▏      | 1697/5362 [02:47<07:08,  8.55it/s] 32%|███▏      | 1698/5362 [02:47<06:54,  8.83it/s] 32%|███▏      | 1699/5362 [02:47<07:00,  8.71it/s] 32%|███▏      | 1700/5362 [02:47<07:09,  8.52it/s] 32%|███▏      | 1701/5362 [02:47<07:01,  8.68it/s] 32%|███▏      | 1702/5362 [02:48<06:54,  8.82it/s] 32%|███▏      | 1704/5362 [02:48<06:38,  9.17it/s] 32%|███▏      | 1705/5362 [02:48<06:39,  9.16it/s] 32%|███▏      | 1706/5362 [02:48<06:50,  8.91it/s] 32%|███▏      | 1707/5362 [02:48<06:55,  8.80it/s] 32%|███▏      | 1708/5362 [02:48<06:53,  8.84it/s] 32%|███▏      | 1709/5362 [02:48<06:46,  8.98it/s] 32%|███▏      | 1710/5362 [02:48<06:59,  8.70it/s] 32%|███▏      | 1712/5362 [02:49<06:59,  8.69it/s] 32%|███▏      | 1713/5362 [02:49<07:00,  8.68it/s] 32%|███▏      | 1714/5362 [02:49<06:54,  8.80it/s] 32%|███▏      | 1715/5362 [02:49<06:58,  8.71it/s] 32%|███▏      | 1716/5362 [02:49<06:55,  8.77it/s] 32%|███▏      | 1717/5362 [02:49<06:43,  9.04it/s] 32%|███▏      | 1718/5362 [02:49<06:59,  8.68it/s] 32%|███▏      | 1719/5362 [02:49<07:11,  8.45it/s] 32%|███▏      | 1720/5362 [02:50<07:12,  8.41it/s] 32%|███▏      | 1721/5362 [02:50<07:01,  8.63it/s] 32%|███▏      | 1722/5362 [02:50<06:56,  8.74it/s] 32%|███▏      | 1723/5362 [02:50<06:49,  8.89it/s] 32%|███▏      | 1724/5362 [02:50<06:46,  8.95it/s] 32%|███▏      | 1726/5362 [02:50<06:36,  9.16it/s] 32%|███▏      | 1727/5362 [02:50<07:09,  8.45it/s] 32%|███▏      | 1728/5362 [02:50<07:03,  8.58it/s] 32%|███▏      | 1729/5362 [02:51<06:48,  8.90it/s] 32%|███▏      | 1730/5362 [02:51<07:06,  8.52it/s] 32%|███▏      | 1731/5362 [02:51<06:56,  8.72it/s] 32%|███▏      | 1732/5362 [02:51<06:53,  8.78it/s] 32%|███▏      | 1733/5362 [02:51<06:58,  8.67it/s] 32%|███▏      | 1734/5362 [02:51<06:49,  8.87it/s] 32%|███▏      | 1735/5362 [02:51<07:03,  8.56it/s] 32%|███▏      | 1736/5362 [02:51<07:34,  7.99it/s] 32%|███▏      | 1737/5362 [02:52<07:47,  7.75it/s] 32%|███▏      | 1738/5362 [02:52<07:46,  7.77it/s] 32%|███▏      | 1739/5362 [02:52<07:32,  8.01it/s] 32%|███▏      | 1740/5362 [02:52<07:28,  8.08it/s] 32%|███▏      | 1741/5362 [02:52<07:13,  8.35it/s] 32%|███▏      | 1742/5362 [02:52<07:16,  8.29it/s] 33%|███▎      | 1743/5362 [02:52<07:15,  8.31it/s] 33%|███▎      | 1744/5362 [02:52<07:04,  8.53it/s] 33%|███▎      | 1745/5362 [02:53<06:55,  8.71it/s] 33%|███▎      | 1746/5362 [02:53<07:06,  8.49it/s] 33%|███▎      | 1747/5362 [02:53<07:02,  8.55it/s] 33%|███▎      | 1748/5362 [02:53<06:57,  8.66it/s] 33%|███▎      | 1749/5362 [02:53<07:14,  8.32it/s] 33%|███▎      | 1750/5362 [02:53<06:57,  8.65it/s] 33%|███▎      | 1751/5362 [02:53<07:09,  8.40it/s] 33%|███▎      | 1752/5362 [02:53<06:58,  8.62it/s] 33%|███▎      | 1753/5362 [02:53<06:48,  8.84it/s] 33%|███▎      | 1754/5362 [02:54<07:01,  8.57it/s] 33%|███▎      | 1755/5362 [02:54<07:00,  8.58it/s] 33%|███▎      | 1757/5362 [02:54<06:28,  9.29it/s] 33%|███▎      | 1758/5362 [02:54<06:56,  8.66it/s] 33%|███▎      | 1759/5362 [02:54<06:58,  8.60it/s] 33%|███▎      | 1761/5362 [02:54<07:02,  8.53it/s] 33%|███▎      | 1762/5362 [02:54<07:01,  8.54it/s] 33%|███▎      | 1764/5362 [02:55<06:32,  9.17it/s] 33%|███▎      | 1765/5362 [02:55<06:36,  9.07it/s] 33%|███▎      | 1766/5362 [02:55<06:50,  8.75it/s] 33%|███▎      | 1768/5362 [02:55<06:01,  9.93it/s] 33%|███▎      | 1769/5362 [02:55<06:14,  9.60it/s] 33%|███▎      | 1770/5362 [02:55<06:22,  9.38it/s] 33%|███▎      | 1772/5362 [02:55<05:58, 10.01it/s] 33%|███▎      | 1774/5362 [02:56<05:49, 10.28it/s] 33%|███▎      | 1776/5362 [02:56<05:46, 10.36it/s] 33%|███▎      | 1778/5362 [02:56<05:27, 10.96it/s] 33%|███▎      | 1780/5362 [02:56<06:06,  9.78it/s] 33%|███▎      | 1782/5362 [02:57<06:13,  9.58it/s] 33%|███▎      | 1783/5362 [02:57<06:28,  9.20it/s] 33%|███▎      | 1784/5362 [02:57<07:14,  8.23it/s] 33%|███▎      | 1785/5362 [02:57<07:13,  8.25it/s] 33%|███▎      | 1786/5362 [02:57<06:56,  8.59it/s] 33%|███▎      | 1787/5362 [02:57<07:19,  8.13it/s] 33%|███▎      | 1788/5362 [02:57<07:01,  8.48it/s] 33%|███▎      | 1790/5362 [02:57<06:38,  8.97it/s] 33%|███▎      | 1791/5362 [02:58<06:44,  8.83it/s] 33%|███▎      | 1793/5362 [02:58<06:46,  8.79it/s] 33%|███▎      | 1794/5362 [02:58<07:03,  8.42it/s] 33%|███▎      | 1795/5362 [02:58<06:56,  8.57it/s] 34%|███▎      | 1797/5362 [02:58<06:08,  9.67it/s] 34%|███▎      | 1798/5362 [02:58<06:07,  9.69it/s] 34%|███▎      | 1800/5362 [02:59<05:54, 10.06it/s] 34%|███▎      | 1802/5362 [02:59<05:45, 10.30it/s] 34%|███▎      | 1804/5362 [02:59<05:53, 10.06it/s] 34%|███▎      | 1806/5362 [02:59<05:48, 10.22it/s] 34%|███▎      | 1808/5362 [02:59<05:38, 10.50it/s] 34%|███▍      | 1810/5362 [02:59<05:31, 10.71it/s] 34%|███▍      | 1812/5362 [03:00<05:22, 11.00it/s] 34%|███▍      | 1814/5362 [03:00<05:25, 10.90it/s] 34%|███▍      | 1816/5362 [03:00<05:00, 11.81it/s] 34%|███▍      | 1818/5362 [03:00<05:02, 11.70it/s] 34%|███▍      | 1820/5362 [03:00<04:57, 11.89it/s] 34%|███▍      | 1822/5362 [03:01<05:20, 11.05it/s] 34%|███▍      | 1824/5362 [03:01<05:05, 11.57it/s] 34%|███▍      | 1826/5362 [03:01<05:08, 11.45it/s] 34%|███▍      | 1828/5362 [03:01<05:25, 10.85it/s] 34%|███▍      | 1830/5362 [03:01<05:58,  9.86it/s] 34%|███▍      | 1832/5362 [03:02<06:06,  9.62it/s] 34%|███▍      | 1834/5362 [03:02<05:26, 10.79it/s] 34%|███▍      | 1836/5362 [03:02<05:17, 11.10it/s] 34%|███▍      | 1838/5362 [03:02<05:16, 11.14it/s] 34%|███▍      | 1840/5362 [03:02<05:12, 11.29it/s] 34%|███▍      | 1842/5362 [03:02<05:13, 11.22it/s] 34%|███▍      | 1844/5362 [03:03<05:02, 11.62it/s] 34%|███▍      | 1846/5362 [03:03<05:06, 11.47it/s] 34%|███▍      | 1848/5362 [03:03<05:11, 11.30it/s] 35%|███▍      | 1850/5362 [03:03<05:10, 11.32it/s] 35%|███▍      | 1852/5362 [03:03<05:23, 10.84it/s] 35%|███▍      | 1854/5362 [03:03<05:15, 11.13it/s] 35%|███▍      | 1856/5362 [03:04<05:29, 10.65it/s] 35%|███▍      | 1858/5362 [03:04<05:31, 10.56it/s] 35%|███▍      | 1860/5362 [03:04<05:52,  9.93it/s] 35%|███▍      | 1862/5362 [03:04<05:36, 10.39it/s] 35%|███▍      | 1864/5362 [03:04<06:00,  9.70it/s] 35%|███▍      | 1866/5362 [03:05<05:38, 10.33it/s] 35%|███▍      | 1868/5362 [03:05<05:31, 10.53it/s] 35%|███▍      | 1870/5362 [03:05<05:34, 10.44it/s] 35%|███▍      | 1872/5362 [03:05<05:42, 10.18it/s] 35%|███▍      | 1874/5362 [03:05<05:50,  9.94it/s] 35%|███▍      | 1876/5362 [03:06<05:49,  9.99it/s] 35%|███▌      | 1878/5362 [03:06<05:48,  9.99it/s] 35%|███▌      | 1880/5362 [03:06<05:38, 10.29it/s] 35%|███▌      | 1882/5362 [03:06<05:56,  9.76it/s] 35%|███▌      | 1884/5362 [03:06<05:50,  9.91it/s] 35%|███▌      | 1885/5362 [03:07<05:53,  9.84it/s] 35%|███▌      | 1887/5362 [03:07<05:42, 10.15it/s] 35%|███▌      | 1889/5362 [03:07<05:46, 10.03it/s] 35%|███▌      | 1891/5362 [03:07<05:24, 10.69it/s] 35%|███▌      | 1893/5362 [03:07<05:44, 10.07it/s] 35%|███▌      | 1895/5362 [03:07<05:42, 10.11it/s] 35%|███▌      | 1897/5362 [03:08<05:57,  9.70it/s] 35%|███▌      | 1899/5362 [03:08<05:47,  9.96it/s] 35%|███▌      | 1901/5362 [03:08<05:56,  9.71it/s] 35%|███▌      | 1903/5362 [03:08<05:49,  9.91it/s] 36%|███▌      | 1905/5362 [03:08<05:31, 10.44it/s] 36%|███▌      | 1907/5362 [03:09<05:45,  9.99it/s] 36%|███▌      | 1909/5362 [03:09<05:47,  9.93it/s] 36%|███▌      | 1911/5362 [03:09<05:54,  9.75it/s] 36%|███▌      | 1913/5362 [03:09<05:36, 10.25it/s] 36%|███▌      | 1915/5362 [03:09<05:17, 10.84it/s] 36%|███▌      | 1917/5362 [03:10<05:36, 10.23it/s] 36%|███▌      | 1919/5362 [03:10<05:38, 10.18it/s] 36%|███▌      | 1921/5362 [03:10<05:25, 10.58it/s] 36%|███▌      | 1923/5362 [03:10<05:28, 10.46it/s] 36%|███▌      | 1925/5362 [03:10<05:35, 10.24it/s] 36%|███▌      | 1927/5362 [03:11<05:29, 10.43it/s] 36%|███▌      | 1929/5362 [03:11<05:16, 10.84it/s] 36%|███▌      | 1931/5362 [03:11<05:02, 11.34it/s] 36%|███▌      | 1933/5362 [03:11<05:21, 10.67it/s] 36%|███▌      | 1935/5362 [03:11<05:28, 10.44it/s] 36%|███▌      | 1937/5362 [03:12<05:08, 11.09it/s] 36%|███▌      | 1939/5362 [03:12<05:12, 10.94it/s] 36%|███▌      | 1941/5362 [03:12<05:10, 11.01it/s] 36%|███▌      | 1943/5362 [03:12<05:14, 10.87it/s] 36%|███▋      | 1945/5362 [03:12<05:03, 11.27it/s] 36%|███▋      | 1947/5362 [03:12<05:11, 10.95it/s] 36%|███▋      | 1949/5362 [03:13<05:24, 10.52it/s] 36%|███▋      | 1951/5362 [03:13<05:31, 10.29it/s] 36%|███▋      | 1953/5362 [03:13<05:30, 10.31it/s] 36%|███▋      | 1955/5362 [03:13<05:30, 10.31it/s] 36%|███▋      | 1957/5362 [03:13<05:16, 10.76it/s] 37%|███▋      | 1959/5362 [03:14<05:26, 10.43it/s] 37%|███▋      | 1961/5362 [03:14<05:30, 10.30it/s] 37%|███▋      | 1963/5362 [03:14<05:24, 10.48it/s] 37%|███▋      | 1965/5362 [03:14<05:20, 10.61it/s] 37%|███▋      | 1967/5362 [03:14<05:19, 10.63it/s] 37%|███▋      | 1969/5362 [03:15<05:32, 10.21it/s] 37%|███▋      | 1971/5362 [03:15<05:17, 10.67it/s] 37%|███▋      | 1973/5362 [03:15<05:17, 10.67it/s] 37%|███▋      | 1975/5362 [03:15<05:12, 10.84it/s] 37%|███▋      | 1977/5362 [03:15<05:13, 10.79it/s] 37%|███▋      | 1979/5362 [03:15<04:55, 11.44it/s] 37%|███▋      | 1981/5362 [03:16<04:54, 11.49it/s] 37%|███▋      | 1983/5362 [03:16<04:33, 12.35it/s] 37%|███▋      | 1985/5362 [03:16<04:53, 11.52it/s] 37%|███▋      | 1987/5362 [03:16<04:44, 11.88it/s] 37%|███▋      | 1989/5362 [03:16<04:53, 11.50it/s] 37%|███▋      | 1991/5362 [03:16<04:33, 12.34it/s] 37%|███▋      | 1993/5362 [03:17<05:13, 10.75it/s] 37%|███▋      | 1995/5362 [03:17<05:28, 10.24it/s] 37%|███▋      | 1997/5362 [03:17<05:46,  9.71it/s] 37%|███▋      | 1999/5362 [03:17<05:00, 11.18it/s] 37%|███▋      | 2001/5362 [03:17<05:15, 10.65it/s] 37%|███▋      | 2003/5362 [03:18<04:48, 11.64it/s] 37%|███▋      | 2005/5362 [03:18<04:50, 11.56it/s] 37%|███▋      | 2007/5362 [03:18<04:41, 11.90it/s] 37%|███▋      | 2009/5362 [03:18<04:55, 11.34it/s] 38%|███▊      | 2011/5362 [03:18<04:40, 11.93it/s] 38%|███▊      | 2013/5362 [03:18<04:44, 11.76it/s] 38%|███▊      | 2015/5362 [03:19<05:12, 10.72it/s] 38%|███▊      | 2017/5362 [03:19<05:14, 10.65it/s] 38%|███▊      | 2019/5362 [03:19<05:26, 10.24it/s] 38%|███▊      | 2021/5362 [03:19<05:05, 10.94it/s] 38%|███▊      | 2023/5362 [03:19<04:28, 12.42it/s] 38%|███▊      | 2025/5362 [03:20<04:38, 11.99it/s] 38%|███▊      | 2027/5362 [03:20<04:24, 12.63it/s] 38%|███▊      | 2029/5362 [03:20<04:04, 13.65it/s] 38%|███▊      | 2031/5362 [03:20<03:46, 14.72it/s] 38%|███▊      | 2033/5362 [03:20<03:36, 15.37it/s] 38%|███▊      | 2035/5362 [03:20<03:39, 15.15it/s] 38%|███▊      | 2037/5362 [03:20<03:53, 14.26it/s] 38%|███▊      | 2039/5362 [03:20<03:48, 14.53it/s] 38%|███▊      | 2041/5362 [03:21<03:30, 15.74it/s] 38%|███▊      | 2044/5362 [03:21<03:11, 17.32it/s] 38%|███▊      | 2047/5362 [03:21<02:58, 18.54it/s] 38%|███▊      | 2050/5362 [03:21<02:56, 18.78it/s] 38%|███▊      | 2052/5362 [03:21<02:56, 18.70it/s] 38%|███▊      | 2054/5362 [03:21<03:16, 16.84it/s] 38%|███▊      | 2056/5362 [03:21<03:40, 15.00it/s] 38%|███▊      | 2058/5362 [03:22<03:57, 13.94it/s] 38%|███▊      | 2060/5362 [03:22<04:15, 12.90it/s] 38%|███▊      | 2063/5362 [03:22<03:34, 15.38it/s] 39%|███▊      | 2065/5362 [03:22<04:03, 13.55it/s] 39%|███▊      | 2067/5362 [03:22<04:08, 13.25it/s] 39%|███▊      | 2069/5362 [03:22<04:22, 12.53it/s] 39%|███▊      | 2072/5362 [03:23<03:47, 14.44it/s] 39%|███▊      | 2075/5362 [03:23<03:24, 16.08it/s] 39%|███▊      | 2077/5362 [03:23<03:22, 16.22it/s] 39%|███▉      | 2079/5362 [03:23<03:36, 15.17it/s] 39%|███▉      | 2081/5362 [03:23<03:41, 14.82it/s] 39%|███▉      | 2083/5362 [03:23<03:43, 14.70it/s] 39%|███▉      | 2085/5362 [03:23<03:35, 15.21it/s] 39%|███▉      | 2087/5362 [03:24<03:28, 15.67it/s] 39%|███▉      | 2089/5362 [03:24<03:28, 15.72it/s] 39%|███▉      | 2091/5362 [03:24<03:34, 15.23it/s] 39%|███▉      | 2093/5362 [03:24<03:33, 15.32it/s] 39%|███▉      | 2095/5362 [03:24<03:35, 15.17it/s] 39%|███▉      | 2097/5362 [03:24<03:29, 15.59it/s] 39%|███▉      | 2099/5362 [03:24<03:42, 14.69it/s] 39%|███▉      | 2101/5362 [03:24<03:28, 15.67it/s] 39%|███▉      | 2103/5362 [03:25<03:59, 13.58it/s] 39%|███▉      | 2105/5362 [03:25<03:52, 14.00it/s] 39%|███▉      | 2107/5362 [03:25<04:00, 13.51it/s] 39%|███▉      | 2109/5362 [03:25<04:19, 12.55it/s] 39%|███▉      | 2111/5362 [03:25<04:17, 12.64it/s] 39%|███▉      | 2113/5362 [03:25<04:26, 12.21it/s] 39%|███▉      | 2115/5362 [03:26<04:46, 11.33it/s] 39%|███▉      | 2117/5362 [03:26<04:21, 12.43it/s] 40%|███▉      | 2119/5362 [03:26<04:21, 12.40it/s] 40%|███▉      | 2121/5362 [03:26<04:28, 12.05it/s] 40%|███▉      | 2123/5362 [03:26<04:27, 12.13it/s] 40%|███▉      | 2125/5362 [03:26<04:26, 12.15it/s] 40%|███▉      | 2127/5362 [03:27<04:23, 12.27it/s] 40%|███▉      | 2129/5362 [03:27<04:21, 12.37it/s] 40%|███▉      | 2131/5362 [03:27<04:38, 11.59it/s] 40%|███▉      | 2133/5362 [03:27<04:26, 12.11it/s] 40%|███▉      | 2135/5362 [03:27<04:22, 12.27it/s] 40%|███▉      | 2137/5362 [03:27<04:11, 12.84it/s] 40%|███▉      | 2139/5362 [03:28<04:25, 12.15it/s] 40%|███▉      | 2141/5362 [03:28<04:34, 11.71it/s] 40%|███▉      | 2143/5362 [03:28<04:16, 12.55it/s] 40%|████      | 2145/5362 [03:28<04:24, 12.15it/s] 40%|████      | 2147/5362 [03:28<04:34, 11.71it/s] 40%|████      | 2149/5362 [03:28<04:50, 11.05it/s] 40%|████      | 2151/5362 [03:29<04:39, 11.50it/s] 40%|████      | 2153/5362 [03:29<04:51, 11.00it/s] 40%|████      | 2155/5362 [03:29<04:57, 10.76it/s] 40%|████      | 2157/5362 [03:29<04:40, 11.41it/s] 40%|████      | 2159/5362 [03:29<04:40, 11.40it/s] 40%|████      | 2161/5362 [03:30<04:54, 10.87it/s] 40%|████      | 2163/5362 [03:30<05:03, 10.53it/s] 40%|████      | 2165/5362 [03:30<04:57, 10.75it/s] 40%|████      | 2167/5362 [03:30<04:52, 10.91it/s] 40%|████      | 2169/5362 [03:30<04:42, 11.28it/s] 40%|████      | 2171/5362 [03:30<04:47, 11.11it/s] 41%|████      | 2173/5362 [03:31<05:07, 10.37it/s] 41%|████      | 2175/5362 [03:31<05:12, 10.21it/s] 41%|████      | 2177/5362 [03:31<05:08, 10.32it/s] 41%|████      | 2179/5362 [03:31<04:59, 10.65it/s] 41%|████      | 2181/5362 [03:31<04:52, 10.87it/s] 41%|████      | 2183/5362 [03:32<04:54, 10.81it/s] 41%|████      | 2185/5362 [03:32<04:56, 10.71it/s] 41%|████      | 2187/5362 [03:32<05:02, 10.50it/s] 41%|████      | 2189/5362 [03:32<05:02, 10.49it/s] 41%|████      | 2191/5362 [03:32<05:12, 10.16it/s] 41%|████      | 2193/5362 [03:33<05:10, 10.20it/s] 41%|████      | 2195/5362 [03:33<04:56, 10.69it/s] 41%|████      | 2197/5362 [03:33<05:08, 10.26it/s] 41%|████      | 2199/5362 [03:33<05:15, 10.01it/s] 41%|████      | 2201/5362 [03:33<05:11, 10.16it/s] 41%|████      | 2203/5362 [03:34<05:10, 10.17it/s] 41%|████      | 2205/5362 [03:34<04:57, 10.60it/s] 41%|████      | 2207/5362 [03:34<04:58, 10.56it/s] 41%|████      | 2209/5362 [03:34<04:53, 10.75it/s] 41%|████      | 2211/5362 [03:34<05:06, 10.27it/s] 41%|████▏     | 2213/5362 [03:35<05:12, 10.07it/s] 41%|████▏     | 2215/5362 [03:35<04:45, 11.04it/s] 41%|████▏     | 2217/5362 [03:35<04:43, 11.08it/s] 41%|████▏     | 2219/5362 [03:35<04:36, 11.36it/s] 41%|████▏     | 2221/5362 [03:35<04:48, 10.88it/s] 41%|████▏     | 2223/5362 [03:35<04:40, 11.20it/s] 41%|████▏     | 2225/5362 [03:36<04:50, 10.80it/s] 42%|████▏     | 2227/5362 [03:36<04:50, 10.78it/s] 42%|████▏     | 2229/5362 [03:36<04:38, 11.24it/s] 42%|████▏     | 2231/5362 [03:36<04:45, 10.96it/s] 42%|████▏     | 2233/5362 [03:36<04:38, 11.22it/s] 42%|████▏     | 2235/5362 [03:36<04:43, 11.05it/s] 42%|████▏     | 2237/5362 [03:37<04:40, 11.14it/s] 42%|████▏     | 2239/5362 [03:37<04:26, 11.74it/s] 42%|████▏     | 2241/5362 [03:37<04:13, 12.29it/s] 42%|████▏     | 2243/5362 [03:37<03:58, 13.06it/s] 42%|████▏     | 2245/5362 [03:37<03:52, 13.42it/s] 42%|████▏     | 2247/5362 [03:37<04:08, 12.53it/s] 42%|████▏     | 2249/5362 [03:38<04:01, 12.88it/s] 42%|████▏     | 2251/5362 [03:38<04:04, 12.73it/s] 42%|████▏     | 2253/5362 [03:38<03:52, 13.38it/s] 42%|████▏     | 2255/5362 [03:38<03:59, 12.98it/s] 42%|████▏     | 2257/5362 [03:38<04:16, 12.10it/s] 42%|████▏     | 2259/5362 [03:38<04:22, 11.81it/s] 42%|████▏     | 2261/5362 [03:39<05:02, 10.26it/s] 42%|████▏     | 2263/5362 [03:39<05:22,  9.60it/s] 42%|████▏     | 2265/5362 [03:39<05:28,  9.43it/s] 42%|████▏     | 2267/5362 [03:39<04:47, 10.78it/s] 42%|████▏     | 2269/5362 [03:39<04:24, 11.70it/s] 42%|████▏     | 2271/5362 [03:40<04:16, 12.04it/s] 42%|████▏     | 2273/5362 [03:40<03:58, 12.97it/s] 42%|████▏     | 2275/5362 [03:40<04:11, 12.29it/s] 42%|████▏     | 2277/5362 [03:40<03:52, 13.25it/s] 43%|████▎     | 2279/5362 [03:40<03:46, 13.62it/s] 43%|████▎     | 2281/5362 [03:40<03:58, 12.93it/s] 43%|████▎     | 2283/5362 [03:40<03:47, 13.51it/s] 43%|████▎     | 2285/5362 [03:41<03:43, 13.76it/s] 43%|████▎     | 2287/5362 [03:41<03:54, 13.14it/s] 43%|████▎     | 2289/5362 [03:41<04:01, 12.73it/s] 43%|████▎     | 2291/5362 [03:41<04:02, 12.66it/s] 43%|████▎     | 2293/5362 [03:41<03:53, 13.14it/s] 43%|████▎     | 2295/5362 [03:41<03:51, 13.25it/s] 43%|████▎     | 2297/5362 [03:41<03:41, 13.85it/s] 43%|████▎     | 2299/5362 [03:42<03:45, 13.61it/s] 43%|████▎     | 2301/5362 [03:42<03:35, 14.19it/s] 43%|████▎     | 2303/5362 [03:42<03:27, 14.76it/s] 43%|████▎     | 2305/5362 [03:42<03:26, 14.78it/s] 43%|████▎     | 2307/5362 [03:42<03:28, 14.66it/s] 43%|████▎     | 2309/5362 [03:42<03:37, 14.04it/s] 43%|████▎     | 2311/5362 [03:42<03:23, 15.03it/s] 43%|████▎     | 2313/5362 [03:42<03:16, 15.53it/s] 43%|████▎     | 2315/5362 [03:43<03:19, 15.27it/s] 43%|████▎     | 2317/5362 [03:43<03:22, 15.02it/s] 43%|████▎     | 2319/5362 [03:43<03:59, 12.69it/s] 43%|████▎     | 2321/5362 [03:43<04:17, 11.80it/s] 43%|████▎     | 2323/5362 [03:43<03:54, 12.96it/s] 43%|████▎     | 2325/5362 [03:43<03:34, 14.19it/s] 43%|████▎     | 2327/5362 [03:44<03:15, 15.49it/s] 43%|████▎     | 2329/5362 [03:44<03:04, 16.42it/s] 43%|████▎     | 2331/5362 [03:44<02:56, 17.20it/s] 44%|████▎     | 2334/5362 [03:44<02:46, 18.23it/s] 44%|████▎     | 2336/5362 [03:44<02:44, 18.36it/s] 44%|████▎     | 2338/5362 [03:44<02:50, 17.74it/s] 44%|████▎     | 2341/5362 [03:44<02:39, 18.89it/s] 44%|████▎     | 2343/5362 [03:44<02:39, 18.96it/s] 44%|████▎     | 2345/5362 [03:44<02:41, 18.71it/s] 44%|████▍     | 2348/5362 [03:45<02:35, 19.39it/s] 44%|████▍     | 2350/5362 [03:45<02:59, 16.77it/s] 44%|████▍     | 2352/5362 [03:45<03:37, 13.84it/s] 44%|████▍     | 2354/5362 [03:45<04:02, 12.40it/s] 44%|████▍     | 2356/5362 [03:45<03:59, 12.56it/s] 44%|████▍     | 2358/5362 [03:46<04:04, 12.30it/s] 44%|████▍     | 2360/5362 [03:46<04:13, 11.83it/s] 44%|████▍     | 2362/5362 [03:46<03:55, 12.75it/s] 44%|████▍     | 2364/5362 [03:46<04:08, 12.06it/s] 44%|████▍     | 2366/5362 [03:46<04:00, 12.46it/s] 44%|████▍     | 2368/5362 [03:46<03:52, 12.87it/s] 44%|████▍     | 2370/5362 [03:46<03:49, 13.02it/s] 44%|████▍     | 2372/5362 [03:47<03:49, 13.01it/s] 44%|████▍     | 2374/5362 [03:47<04:09, 11.98it/s] 44%|████▍     | 2376/5362 [03:47<03:50, 12.98it/s] 44%|████▍     | 2378/5362 [03:47<03:43, 13.37it/s] 44%|████▍     | 2380/5362 [03:47<03:51, 12.88it/s] 44%|████▍     | 2382/5362 [03:47<03:44, 13.24it/s] 44%|████▍     | 2384/5362 [03:48<03:59, 12.44it/s] 44%|████▍     | 2386/5362 [03:48<03:55, 12.66it/s] 45%|████▍     | 2388/5362 [03:48<03:59, 12.41it/s] 45%|████▍     | 2390/5362 [03:48<03:57, 12.54it/s] 45%|████▍     | 2392/5362 [03:48<03:47, 13.04it/s] 45%|████▍     | 2394/5362 [03:48<03:39, 13.53it/s] 45%|████▍     | 2396/5362 [03:48<03:53, 12.68it/s] 45%|████▍     | 2398/5362 [03:49<03:47, 13.02it/s] 45%|████▍     | 2400/5362 [03:49<03:58, 12.41it/s] 45%|████▍     | 2402/5362 [03:49<03:45, 13.10it/s] 45%|████▍     | 2404/5362 [03:49<03:59, 12.36it/s] 45%|████▍     | 2406/5362 [03:49<04:16, 11.51it/s] 45%|████▍     | 2408/5362 [03:50<04:19, 11.40it/s] 45%|████▍     | 2410/5362 [03:50<04:03, 12.11it/s] 45%|████▍     | 2412/5362 [03:50<04:21, 11.27it/s] 45%|████▌     | 2414/5362 [03:50<04:08, 11.88it/s] 45%|████▌     | 2416/5362 [03:50<04:04, 12.06it/s] 45%|████▌     | 2418/5362 [03:50<04:09, 11.82it/s] 45%|████▌     | 2420/5362 [03:51<04:09, 11.79it/s] 45%|████▌     | 2422/5362 [03:51<04:03, 12.08it/s] 45%|████▌     | 2424/5362 [03:51<04:10, 11.71it/s] 45%|████▌     | 2426/5362 [03:51<04:06, 11.93it/s] 45%|████▌     | 2428/5362 [03:51<04:12, 11.62it/s] 45%|████▌     | 2430/5362 [03:51<04:25, 11.06it/s] 45%|████▌     | 2432/5362 [03:52<04:31, 10.78it/s] 45%|████▌     | 2434/5362 [03:52<04:39, 10.48it/s] 45%|████▌     | 2436/5362 [03:52<04:42, 10.34it/s] 45%|████▌     | 2438/5362 [03:52<04:46, 10.20it/s] 46%|████▌     | 2440/5362 [03:52<04:33, 10.68it/s] 46%|████▌     | 2442/5362 [03:53<04:44, 10.25it/s] 46%|████▌     | 2444/5362 [03:53<04:47, 10.15it/s] 46%|████▌     | 2446/5362 [03:53<04:44, 10.24it/s] 46%|████▌     | 2448/5362 [03:53<04:53,  9.94it/s] 46%|████▌     | 2450/5362 [03:53<04:51, 10.01it/s] 46%|████▌     | 2452/5362 [03:54<04:53,  9.92it/s] 46%|████▌     | 2454/5362 [03:54<04:46, 10.14it/s] 46%|████▌     | 2456/5362 [03:54<04:49, 10.05it/s] 46%|████▌     | 2458/5362 [03:54<04:50, 10.00it/s] 46%|████▌     | 2460/5362 [03:54<04:50,  9.99it/s] 46%|████▌     | 2462/5362 [03:55<04:33, 10.62it/s] 46%|████▌     | 2464/5362 [03:55<04:46, 10.12it/s] 46%|████▌     | 2466/5362 [03:55<04:27, 10.83it/s] 46%|████▌     | 2468/5362 [03:55<04:42, 10.25it/s] 46%|████▌     | 2470/5362 [03:55<04:52,  9.90it/s] 46%|████▌     | 2472/5362 [03:56<04:53,  9.83it/s] 46%|████▌     | 2473/5362 [03:56<04:53,  9.83it/s] 46%|████▌     | 2474/5362 [03:56<04:53,  9.83it/s] 46%|████▌     | 2476/5362 [03:56<04:27, 10.80it/s] 46%|████▌     | 2478/5362 [03:56<04:32, 10.59it/s] 46%|████▋     | 2480/5362 [03:56<04:51,  9.90it/s] 46%|████▋     | 2482/5362 [03:56<04:28, 10.73it/s] 46%|████▋     | 2484/5362 [03:57<04:35, 10.44it/s] 46%|████▋     | 2486/5362 [03:57<04:42, 10.18it/s] 46%|████▋     | 2488/5362 [03:57<04:46, 10.04it/s] 46%|████▋     | 2490/5362 [03:57<04:45, 10.07it/s] 46%|████▋     | 2492/5362 [03:57<04:28, 10.67it/s] 47%|████▋     | 2494/5362 [03:58<04:41, 10.17it/s] 47%|████▋     | 2496/5362 [03:58<04:18, 11.08it/s] 47%|████▋     | 2498/5362 [03:58<04:30, 10.59it/s] 47%|████▋     | 2500/5362 [03:58<04:30, 10.59it/s] 47%|████▋     | 2502/5362 [03:58<04:27, 10.71it/s] 47%|████▋     | 2504/5362 [03:59<04:25, 10.76it/s] 47%|████▋     | 2506/5362 [03:59<04:02, 11.77it/s] 47%|████▋     | 2508/5362 [03:59<03:59, 11.93it/s] 47%|████▋     | 2510/5362 [03:59<04:00, 11.83it/s] 47%|████▋     | 2512/5362 [03:59<03:46, 12.58it/s] 47%|████▋     | 2514/5362 [03:59<03:56, 12.07it/s] 47%|████▋     | 2516/5362 [04:00<03:48, 12.43it/s] 47%|████▋     | 2518/5362 [04:00<03:56, 12.03it/s] 47%|████▋     | 2520/5362 [04:00<03:41, 12.81it/s] 47%|████▋     | 2522/5362 [04:00<04:02, 11.73it/s] 47%|████▋     | 2524/5362 [04:00<04:23, 10.78it/s] 47%|████▋     | 2526/5362 [04:00<04:41, 10.09it/s] 47%|████▋     | 2528/5362 [04:01<04:47,  9.86it/s] 47%|████▋     | 2530/5362 [04:01<04:37, 10.21it/s] 47%|████▋     | 2532/5362 [04:01<03:58, 11.88it/s] 47%|████▋     | 2534/5362 [04:01<03:35, 13.10it/s] 47%|████▋     | 2536/5362 [04:01<03:32, 13.32it/s] 47%|████▋     | 2538/5362 [04:01<03:30, 13.42it/s] 47%|████▋     | 2540/5362 [04:02<03:22, 13.95it/s] 47%|████▋     | 2542/5362 [04:02<03:29, 13.44it/s] 47%|████▋     | 2544/5362 [04:02<03:26, 13.63it/s] 47%|████▋     | 2546/5362 [04:02<03:46, 12.44it/s] 48%|████▊     | 2548/5362 [04:02<03:53, 12.04it/s] 48%|████▊     | 2550/5362 [04:02<04:01, 11.63it/s] 48%|████▊     | 2552/5362 [04:03<03:49, 12.22it/s] 48%|████▊     | 2554/5362 [04:03<03:26, 13.61it/s] 48%|████▊     | 2556/5362 [04:03<03:18, 14.13it/s] 48%|████▊     | 2558/5362 [04:03<03:13, 14.52it/s] 48%|████▊     | 2560/5362 [04:03<03:22, 13.86it/s] 48%|████▊     | 2562/5362 [04:03<03:16, 14.28it/s] 48%|████▊     | 2564/5362 [04:03<03:17, 14.17it/s] 48%|████▊     | 2566/5362 [04:03<03:15, 14.33it/s] 48%|████▊     | 2568/5362 [04:04<03:13, 14.41it/s] 48%|████▊     | 2570/5362 [04:04<03:19, 13.99it/s] 48%|████▊     | 2572/5362 [04:04<03:20, 13.88it/s] 48%|████▊     | 2574/5362 [04:04<03:19, 14.01it/s] 48%|████▊     | 2576/5362 [04:04<03:18, 14.05it/s] 48%|████▊     | 2578/5362 [04:04<03:12, 14.44it/s] 48%|████▊     | 2580/5362 [04:04<03:12, 14.48it/s] 48%|████▊     | 2582/5362 [04:05<03:27, 13.37it/s] 48%|████▊     | 2584/5362 [04:05<03:43, 12.41it/s] 48%|████▊     | 2586/5362 [04:05<03:36, 12.80it/s] 48%|████▊     | 2588/5362 [04:05<03:44, 12.33it/s] 48%|████▊     | 2590/5362 [04:05<03:40, 12.60it/s] 48%|████▊     | 2592/5362 [04:05<03:40, 12.56it/s] 48%|████▊     | 2594/5362 [04:06<03:39, 12.60it/s] 48%|████▊     | 2596/5362 [04:06<03:31, 13.09it/s] 48%|████▊     | 2598/5362 [04:06<03:36, 12.78it/s] 48%|████▊     | 2600/5362 [04:06<03:42, 12.42it/s] 49%|████▊     | 2602/5362 [04:06<03:37, 12.67it/s] 49%|████▊     | 2604/5362 [04:06<03:47, 12.15it/s] 49%|████▊     | 2606/5362 [04:07<03:35, 12.77it/s] 49%|████▊     | 2608/5362 [04:07<04:03, 11.29it/s] 49%|████▊     | 2610/5362 [04:07<04:08, 11.07it/s] 49%|████▊     | 2612/5362 [04:07<03:55, 11.66it/s] 49%|████▉     | 2614/5362 [04:07<03:58, 11.54it/s] 49%|████▉     | 2616/5362 [04:07<03:47, 12.08it/s] 49%|████▉     | 2618/5362 [04:08<04:00, 11.42it/s] 49%|████▉     | 2620/5362 [04:08<03:42, 12.30it/s] 49%|████▉     | 2622/5362 [04:08<03:58, 11.50it/s] 49%|████▉     | 2624/5362 [04:08<04:08, 11.02it/s] 49%|████▉     | 2626/5362 [04:08<04:14, 10.76it/s] 49%|████▉     | 2628/5362 [04:09<03:58, 11.48it/s] 49%|████▉     | 2630/5362 [04:09<04:04, 11.16it/s] 49%|████▉     | 2632/5362 [04:09<03:46, 12.03it/s] 49%|████▉     | 2634/5362 [04:09<03:53, 11.67it/s] 49%|████▉     | 2636/5362 [04:09<03:56, 11.51it/s] 49%|████▉     | 2638/5362 [04:09<03:57, 11.45it/s] 49%|████▉     | 2640/5362 [04:10<03:42, 12.22it/s] 49%|████▉     | 2642/5362 [04:10<03:51, 11.76it/s] 49%|████▉     | 2644/5362 [04:10<03:48, 11.88it/s] 49%|████▉     | 2646/5362 [04:10<03:47, 11.92it/s] 49%|████▉     | 2648/5362 [04:10<04:34,  9.87it/s] 49%|████▉     | 2650/5362 [04:11<04:31, 10.00it/s] 49%|████▉     | 2652/5362 [04:11<04:50,  9.33it/s] 49%|████▉     | 2654/5362 [04:11<04:37,  9.76it/s] 50%|████▉     | 2656/5362 [04:11<04:32,  9.92it/s] 50%|████▉     | 2658/5362 [04:11<04:08, 10.90it/s] 50%|████▉     | 2660/5362 [04:11<04:18, 10.44it/s] 50%|████▉     | 2662/5362 [04:12<04:10, 10.80it/s] 50%|████▉     | 2664/5362 [04:12<04:17, 10.48it/s] 50%|████▉     | 2666/5362 [04:12<04:23, 10.23it/s] 50%|████▉     | 2668/5362 [04:12<04:02, 11.12it/s] 50%|████▉     | 2670/5362 [04:12<04:04, 11.02it/s] 50%|████▉     | 2672/5362 [04:13<04:06, 10.92it/s] 50%|████▉     | 2674/5362 [04:13<04:05, 10.96it/s] 50%|████▉     | 2676/5362 [04:13<04:04, 10.97it/s] 50%|████▉     | 2678/5362 [04:13<04:12, 10.63it/s] 50%|████▉     | 2680/5362 [04:13<04:18, 10.37it/s] 50%|█████     | 2682/5362 [04:13<03:59, 11.19it/s] 50%|█████     | 2684/5362 [04:14<04:08, 10.76it/s] 50%|█████     | 2686/5362 [04:14<03:59, 11.18it/s] 50%|█████     | 2688/5362 [04:14<03:46, 11.80it/s] 50%|█████     | 2690/5362 [04:14<03:58, 11.20it/s] 50%|█████     | 2692/5362 [04:14<04:09, 10.70it/s] 50%|█████     | 2694/5362 [04:15<03:58, 11.18it/s] 50%|█████     | 2696/5362 [04:15<03:52, 11.45it/s] 50%|█████     | 2698/5362 [04:15<04:07, 10.75it/s] 50%|█████     | 2700/5362 [04:15<04:17, 10.34it/s] 50%|█████     | 2702/5362 [04:15<04:34,  9.70it/s] 50%|█████     | 2703/5362 [04:16<04:35,  9.65it/s] 50%|█████     | 2705/5362 [04:16<04:23, 10.08it/s] 50%|█████     | 2707/5362 [04:16<04:40,  9.47it/s] 51%|█████     | 2709/5362 [04:16<04:20, 10.19it/s] 51%|█████     | 2711/5362 [04:16<04:32,  9.71it/s] 51%|█████     | 2712/5362 [04:16<04:36,  9.58it/s] 51%|█████     | 2713/5362 [04:17<04:41,  9.43it/s] 51%|█████     | 2715/5362 [04:17<04:51,  9.08it/s] 51%|█████     | 2716/5362 [04:17<04:56,  8.92it/s] 51%|█████     | 2717/5362 [04:17<04:53,  9.02it/s] 51%|█████     | 2718/5362 [04:17<04:48,  9.16it/s] 51%|█████     | 2720/5362 [04:17<04:27,  9.89it/s] 51%|█████     | 2721/5362 [04:17<04:40,  9.42it/s] 51%|█████     | 2723/5362 [04:18<04:34,  9.62it/s] 51%|█████     | 2724/5362 [04:18<04:34,  9.61it/s] 51%|█████     | 2725/5362 [04:18<04:57,  8.87it/s] 51%|█████     | 2726/5362 [04:18<04:56,  8.90it/s] 51%|█████     | 2727/5362 [04:18<05:00,  8.76it/s] 51%|█████     | 2728/5362 [04:18<05:08,  8.55it/s] 51%|█████     | 2729/5362 [04:18<04:58,  8.81it/s] 51%|█████     | 2730/5362 [04:18<05:00,  8.77it/s] 51%|█████     | 2731/5362 [04:19<04:54,  8.94it/s] 51%|█████     | 2732/5362 [04:19<04:49,  9.09it/s] 51%|█████     | 2733/5362 [04:19<04:46,  9.18it/s] 51%|█████     | 2735/5362 [04:19<04:36,  9.48it/s] 51%|█████     | 2736/5362 [04:19<04:37,  9.45it/s] 51%|█████     | 2737/5362 [04:19<04:50,  9.03it/s] 51%|█████     | 2738/5362 [04:19<04:44,  9.22it/s] 51%|█████     | 2739/5362 [04:19<04:49,  9.07it/s] 51%|█████     | 2740/5362 [04:19<04:43,  9.26it/s] 51%|█████     | 2741/5362 [04:20<05:05,  8.58it/s] 51%|█████     | 2742/5362 [04:20<04:59,  8.75it/s] 51%|█████     | 2743/5362 [04:20<05:04,  8.61it/s] 51%|█████     | 2745/5362 [04:20<04:54,  8.89it/s] 51%|█████     | 2746/5362 [04:20<04:49,  9.04it/s] 51%|█████     | 2747/5362 [04:20<04:57,  8.80it/s] 51%|█████▏    | 2749/5362 [04:20<04:19, 10.07it/s] 51%|█████▏    | 2750/5362 [04:21<04:21,  9.99it/s] 51%|█████▏    | 2751/5362 [04:21<04:32,  9.58it/s] 51%|█████▏    | 2753/5362 [04:21<04:05, 10.61it/s] 51%|█████▏    | 2755/5362 [04:21<04:00, 10.83it/s] 51%|█████▏    | 2757/5362 [04:21<04:16, 10.15it/s] 51%|█████▏    | 2759/5362 [04:21<04:31,  9.60it/s] 51%|█████▏    | 2760/5362 [04:22<04:42,  9.20it/s] 52%|█████▏    | 2762/5362 [04:22<04:28,  9.69it/s] 52%|█████▏    | 2763/5362 [04:22<04:42,  9.19it/s] 52%|█████▏    | 2765/5362 [04:22<04:37,  9.34it/s] 52%|█████▏    | 2766/5362 [04:22<04:34,  9.47it/s] 52%|█████▏    | 2767/5362 [04:22<04:43,  9.15it/s] 52%|█████▏    | 2768/5362 [04:22<04:51,  8.91it/s] 52%|█████▏    | 2769/5362 [04:23<05:18,  8.13it/s] 52%|█████▏    | 2771/5362 [04:23<05:02,  8.57it/s] 52%|█████▏    | 2772/5362 [04:23<05:02,  8.55it/s] 52%|█████▏    | 2773/5362 [04:23<04:56,  8.72it/s] 52%|█████▏    | 2775/5362 [04:23<04:37,  9.32it/s] 52%|█████▏    | 2777/5362 [04:23<04:21,  9.87it/s] 52%|█████▏    | 2779/5362 [04:24<03:58, 10.81it/s] 52%|█████▏    | 2781/5362 [04:24<04:02, 10.63it/s] 52%|█████▏    | 2783/5362 [04:24<04:10, 10.31it/s] 52%|█████▏    | 2785/5362 [04:24<03:59, 10.74it/s] 52%|█████▏    | 2787/5362 [04:24<03:56, 10.91it/s] 52%|█████▏    | 2789/5362 [04:25<04:00, 10.70it/s] 52%|█████▏    | 2791/5362 [04:25<03:49, 11.19it/s] 52%|█████▏    | 2793/5362 [04:25<03:56, 10.87it/s] 52%|█████▏    | 2795/5362 [04:25<03:44, 11.44it/s] 52%|█████▏    | 2797/5362 [04:25<03:51, 11.10it/s] 52%|█████▏    | 2799/5362 [04:25<03:47, 11.25it/s] 52%|█████▏    | 2801/5362 [04:26<03:49, 11.14it/s] 52%|█████▏    | 2803/5362 [04:26<03:57, 10.76it/s] 52%|█████▏    | 2805/5362 [04:26<03:57, 10.78it/s] 52%|█████▏    | 2807/5362 [04:26<03:49, 11.14it/s] 52%|█████▏    | 2809/5362 [04:26<03:55, 10.83it/s] 52%|█████▏    | 2811/5362 [04:26<03:41, 11.52it/s] 52%|█████▏    | 2813/5362 [04:27<03:47, 11.21it/s] 52%|█████▏    | 2815/5362 [04:27<03:57, 10.73it/s] 53%|█████▎    | 2817/5362 [04:27<03:53, 10.90it/s] 53%|█████▎    | 2819/5362 [04:27<04:21,  9.71it/s] 53%|█████▎    | 2821/5362 [04:27<03:56, 10.74it/s] 53%|█████▎    | 2823/5362 [04:28<03:57, 10.71it/s] 53%|█████▎    | 2825/5362 [04:28<04:04, 10.39it/s] 53%|█████▎    | 2827/5362 [04:28<04:08, 10.18it/s] 53%|█████▎    | 2829/5362 [04:28<04:01, 10.47it/s] 53%|█████▎    | 2831/5362 [04:28<04:15,  9.92it/s] 53%|█████▎    | 2833/5362 [04:29<04:17,  9.81it/s] 53%|█████▎    | 2834/5362 [04:29<04:36,  9.16it/s] 53%|█████▎    | 2835/5362 [04:29<04:36,  9.12it/s] 53%|█████▎    | 2836/5362 [04:29<04:43,  8.91it/s] 53%|█████▎    | 2837/5362 [04:29<04:47,  8.79it/s] 53%|█████▎    | 2838/5362 [04:29<04:49,  8.71it/s] 53%|█████▎    | 2839/5362 [04:29<04:47,  8.77it/s] 53%|█████▎    | 2841/5362 [04:30<04:35,  9.14it/s] 53%|█████▎    | 2842/5362 [04:30<04:57,  8.48it/s] 53%|█████▎    | 2843/5362 [04:30<04:54,  8.55it/s] 53%|█████▎    | 2844/5362 [04:30<04:52,  8.61it/s] 53%|█████▎    | 2845/5362 [04:30<04:51,  8.62it/s] 53%|█████▎    | 2846/5362 [04:30<04:47,  8.75it/s] 53%|█████▎    | 2847/5362 [04:30<04:44,  8.84it/s] 53%|█████▎    | 2848/5362 [04:30<04:38,  9.03it/s] 53%|█████▎    | 2849/5362 [04:31<04:30,  9.28it/s] 53%|█████▎    | 2850/5362 [04:31<04:44,  8.83it/s] 53%|█████▎    | 2851/5362 [04:31<04:48,  8.70it/s] 53%|█████▎    | 2852/5362 [04:31<04:48,  8.70it/s] 53%|█████▎    | 2853/5362 [04:31<05:00,  8.35it/s] 53%|█████▎    | 2854/5362 [04:31<05:00,  8.34it/s] 53%|█████▎    | 2855/5362 [04:31<05:35,  7.47it/s] 53%|█████▎    | 2856/5362 [04:31<05:38,  7.40it/s] 53%|█████▎    | 2857/5362 [04:32<05:15,  7.95it/s] 53%|█████▎    | 2858/5362 [04:32<05:02,  8.28it/s] 53%|█████▎    | 2859/5362 [04:32<04:51,  8.59it/s] 53%|█████▎    | 2860/5362 [04:32<05:10,  8.05it/s] 53%|█████▎    | 2861/5362 [04:32<05:12,  8.00it/s] 53%|█████▎    | 2862/5362 [04:32<04:59,  8.34it/s] 53%|█████▎    | 2863/5362 [04:32<04:52,  8.53it/s] 53%|█████▎    | 2865/5362 [04:32<04:14,  9.79it/s] 53%|█████▎    | 2866/5362 [04:33<04:17,  9.69it/s] 53%|█████▎    | 2867/5362 [04:33<04:34,  9.10it/s] 53%|█████▎    | 2868/5362 [04:33<04:45,  8.74it/s] 54%|█████▎    | 2869/5362 [04:33<04:43,  8.80it/s] 54%|█████▎    | 2871/5362 [04:33<04:30,  9.22it/s] 54%|█████▎    | 2872/5362 [04:33<04:25,  9.37it/s] 54%|█████▎    | 2873/5362 [04:33<04:36,  8.99it/s] 54%|█████▎    | 2874/5362 [04:33<04:57,  8.38it/s] 54%|█████▎    | 2875/5362 [04:34<05:17,  7.84it/s] 54%|█████▎    | 2876/5362 [04:34<05:25,  7.64it/s] 54%|█████▎    | 2877/5362 [04:34<06:11,  6.69it/s] 54%|█████▎    | 2878/5362 [04:34<06:06,  6.77it/s] 54%|█████▎    | 2879/5362 [04:34<05:34,  7.42it/s] 54%|█████▎    | 2880/5362 [04:34<05:18,  7.80it/s] 54%|█████▎    | 2882/5362 [04:35<04:50,  8.53it/s] 54%|█████▍    | 2883/5362 [04:35<04:41,  8.81it/s] 54%|█████▍    | 2884/5362 [04:35<04:42,  8.79it/s] 54%|█████▍    | 2886/5362 [04:35<04:17,  9.63it/s] 54%|█████▍    | 2887/5362 [04:35<04:36,  8.95it/s] 54%|█████▍    | 2888/5362 [04:35<04:39,  8.85it/s] 54%|█████▍    | 2889/5362 [04:35<04:35,  8.99it/s] 54%|█████▍    | 2891/5362 [04:35<04:27,  9.24it/s] 54%|█████▍    | 2893/5362 [04:36<04:24,  9.34it/s] 54%|█████▍    | 2894/5362 [04:36<04:26,  9.28it/s] 54%|█████▍    | 2896/5362 [04:36<04:34,  8.99it/s] 54%|█████▍    | 2897/5362 [04:36<04:38,  8.87it/s] 54%|█████▍    | 2899/5362 [04:36<04:21,  9.41it/s] 54%|█████▍    | 2900/5362 [04:36<04:33,  8.99it/s] 54%|█████▍    | 2901/5362 [04:37<04:32,  9.05it/s] 54%|█████▍    | 2902/5362 [04:37<04:31,  9.05it/s] 54%|█████▍    | 2903/5362 [04:37<04:28,  9.14it/s] 54%|█████▍    | 2904/5362 [04:37<04:26,  9.22it/s] 54%|█████▍    | 2905/5362 [04:37<04:25,  9.26it/s] 54%|█████▍    | 2906/5362 [04:37<04:25,  9.25it/s] 54%|█████▍    | 2907/5362 [04:37<04:38,  8.80it/s] 54%|█████▍    | 2908/5362 [04:37<04:35,  8.92it/s] 54%|█████▍    | 2909/5362 [04:37<04:29,  9.11it/s] 54%|█████▍    | 2910/5362 [04:38<04:22,  9.35it/s] 54%|█████▍    | 2911/5362 [04:38<04:35,  8.90it/s] 54%|█████▍    | 2912/5362 [04:38<04:32,  9.00it/s] 54%|█████▍    | 2914/5362 [04:38<04:20,  9.39it/s] 54%|█████▍    | 2915/5362 [04:38<04:20,  9.40it/s] 54%|█████▍    | 2917/5362 [04:38<04:12,  9.67it/s] 54%|█████▍    | 2918/5362 [04:38<04:15,  9.57it/s] 54%|█████▍    | 2919/5362 [04:39<04:23,  9.26it/s] 54%|█████▍    | 2921/5362 [04:39<04:12,  9.67it/s] 54%|█████▍    | 2922/5362 [04:39<04:23,  9.27it/s] 55%|█████▍    | 2923/5362 [04:39<04:22,  9.30it/s] 55%|█████▍    | 2925/5362 [04:39<04:12,  9.66it/s] 55%|█████▍    | 2926/5362 [04:39<04:13,  9.60it/s] 55%|█████▍    | 2927/5362 [04:39<04:16,  9.51it/s] 55%|█████▍    | 2929/5362 [04:40<04:16,  9.50it/s] 55%|█████▍    | 2930/5362 [04:40<04:20,  9.35it/s] 55%|█████▍    | 2931/5362 [04:40<04:32,  8.93it/s] 55%|█████▍    | 2932/5362 [04:40<04:51,  8.34it/s] 55%|█████▍    | 2933/5362 [04:40<04:46,  8.48it/s] 55%|█████▍    | 2935/5362 [04:40<04:29,  9.00it/s] 55%|█████▍    | 2936/5362 [04:40<04:33,  8.87it/s] 55%|█████▍    | 2937/5362 [04:41<04:41,  8.62it/s] 55%|█████▍    | 2938/5362 [04:41<04:58,  8.12it/s] 55%|█████▍    | 2939/5362 [04:41<04:49,  8.37it/s] 55%|█████▍    | 2940/5362 [04:41<04:48,  8.41it/s] 55%|█████▍    | 2941/5362 [04:41<04:44,  8.52it/s] 55%|█████▍    | 2943/5362 [04:41<04:29,  8.98it/s] 55%|█████▍    | 2944/5362 [04:41<04:52,  8.28it/s] 55%|█████▍    | 2945/5362 [04:41<05:02,  8.00it/s] 55%|█████▍    | 2946/5362 [04:42<05:01,  8.02it/s] 55%|█████▍    | 2947/5362 [04:42<04:55,  8.16it/s] 55%|█████▍    | 2948/5362 [04:42<05:11,  7.75it/s] 55%|█████▍    | 2949/5362 [04:42<05:02,  7.97it/s] 55%|█████▌    | 2950/5362 [04:42<04:57,  8.12it/s] 55%|█████▌    | 2951/5362 [04:42<04:50,  8.29it/s] 55%|█████▌    | 2953/5362 [04:42<04:35,  8.75it/s] 55%|█████▌    | 2954/5362 [04:43<04:33,  8.82it/s] 55%|█████▌    | 2955/5362 [04:43<04:26,  9.02it/s] 55%|█████▌    | 2957/5362 [04:43<03:54, 10.26it/s] 55%|█████▌    | 2959/5362 [04:43<04:09,  9.64it/s] 55%|█████▌    | 2960/5362 [04:43<04:10,  9.57it/s] 55%|█████▌    | 2962/5362 [04:43<04:06,  9.75it/s] 55%|█████▌    | 2964/5362 [04:44<03:57, 10.11it/s] 55%|█████▌    | 2966/5362 [04:44<03:55, 10.18it/s] 55%|█████▌    | 2968/5362 [04:44<03:53, 10.27it/s] 55%|█████▌    | 2970/5362 [04:44<03:56, 10.10it/s] 55%|█████▌    | 2972/5362 [04:44<04:10,  9.54it/s] 55%|█████▌    | 2973/5362 [04:44<04:24,  9.03it/s] 55%|█████▌    | 2974/5362 [04:45<04:24,  9.02it/s] 55%|█████▌    | 2975/5362 [04:45<04:44,  8.40it/s] 56%|█████▌    | 2976/5362 [04:45<04:55,  8.07it/s] 56%|█████▌    | 2978/5362 [04:45<04:39,  8.53it/s] 56%|█████▌    | 2979/5362 [04:45<04:30,  8.81it/s] 56%|█████▌    | 2980/5362 [04:45<04:23,  9.03it/s] 56%|█████▌    | 2982/5362 [04:46<04:32,  8.75it/s] 56%|█████▌    | 2984/5362 [04:46<04:25,  8.97it/s] 56%|█████▌    | 2985/5362 [04:46<04:32,  8.73it/s] 56%|█████▌    | 2986/5362 [04:46<04:27,  8.87it/s] 56%|█████▌    | 2988/5362 [04:46<04:08,  9.55it/s] 56%|█████▌    | 2990/5362 [04:46<03:56, 10.01it/s] 56%|█████▌    | 2992/5362 [04:47<03:44, 10.54it/s] 56%|█████▌    | 2994/5362 [04:47<03:51, 10.23it/s] 56%|█████▌    | 2996/5362 [04:47<03:45, 10.50it/s] 56%|█████▌    | 2998/5362 [04:47<03:37, 10.88it/s] 56%|█████▌    | 3000/5362 [04:47<03:45, 10.48it/s] 56%|█████▌    | 3002/5362 [04:47<03:34, 11.02it/s] 56%|█████▌    | 3004/5362 [04:48<03:35, 10.93it/s] 56%|█████▌    | 3006/5362 [04:48<03:38, 10.77it/s] 56%|█████▌    | 3008/5362 [04:48<03:40, 10.65it/s] 56%|█████▌    | 3010/5362 [04:48<03:29, 11.23it/s] 56%|█████▌    | 3012/5362 [04:48<03:38, 10.76it/s] 56%|█████▌    | 3014/5362 [04:49<03:29, 11.22it/s] 56%|█████▌    | 3016/5362 [04:49<03:33, 10.99it/s] 56%|█████▋    | 3018/5362 [04:49<03:34, 10.91it/s] 56%|█████▋    | 3020/5362 [04:49<03:35, 10.88it/s] 56%|█████▋    | 3022/5362 [04:49<03:35, 10.88it/s] 56%|█████▋    | 3024/5362 [04:49<03:33, 10.97it/s] 56%|█████▋    | 3026/5362 [04:50<03:34, 10.87it/s] 56%|█████▋    | 3028/5362 [04:50<03:36, 10.78it/s] 57%|█████▋    | 3030/5362 [04:50<03:35, 10.83it/s] 57%|█████▋    | 3032/5362 [04:50<03:28, 11.15it/s] 57%|█████▋    | 3034/5362 [04:50<03:21, 11.55it/s] 57%|█████▋    | 3036/5362 [04:51<03:22, 11.47it/s] 57%|█████▋    | 3038/5362 [04:51<03:37, 10.68it/s] 57%|█████▋    | 3040/5362 [04:51<03:50, 10.06it/s] 57%|█████▋    | 3042/5362 [04:51<03:55,  9.86it/s] 57%|█████▋    | 3044/5362 [04:51<03:46, 10.22it/s] 57%|█████▋    | 3046/5362 [04:52<04:08,  9.33it/s] 57%|█████▋    | 3047/5362 [04:52<04:06,  9.38it/s] 57%|█████▋    | 3048/5362 [04:52<04:09,  9.27it/s] 57%|█████▋    | 3049/5362 [04:52<04:19,  8.91it/s] 57%|█████▋    | 3050/5362 [04:52<04:28,  8.60it/s] 57%|█████▋    | 3051/5362 [04:52<04:23,  8.77it/s] 57%|█████▋    | 3052/5362 [04:52<04:38,  8.29it/s] 57%|█████▋    | 3053/5362 [04:52<04:32,  8.46it/s] 57%|█████▋    | 3054/5362 [04:53<04:27,  8.64it/s] 57%|█████▋    | 3055/5362 [04:53<04:28,  8.58it/s] 57%|█████▋    | 3056/5362 [04:53<04:28,  8.60it/s] 57%|█████▋    | 3057/5362 [04:53<04:23,  8.74it/s] 57%|█████▋    | 3058/5362 [04:53<04:22,  8.79it/s] 57%|█████▋    | 3059/5362 [04:53<04:25,  8.66it/s] 57%|█████▋    | 3060/5362 [04:53<04:22,  8.78it/s] 57%|█████▋    | 3062/5362 [04:53<03:57,  9.69it/s] 57%|█████▋    | 3063/5362 [04:54<04:05,  9.37it/s] 57%|█████▋    | 3065/5362 [04:54<03:56,  9.73it/s] 57%|█████▋    | 3066/5362 [04:54<03:55,  9.74it/s] 57%|█████▋    | 3068/5362 [04:54<03:51,  9.92it/s] 57%|█████▋    | 3069/5362 [04:54<03:57,  9.67it/s] 57%|█████▋    | 3070/5362 [04:54<04:06,  9.31it/s] 57%|█████▋    | 3071/5362 [04:54<04:04,  9.38it/s] 57%|█████▋    | 3072/5362 [04:54<04:00,  9.51it/s] 57%|█████▋    | 3073/5362 [04:55<03:59,  9.55it/s] 57%|█████▋    | 3075/5362 [04:55<04:05,  9.33it/s] 57%|█████▋    | 3076/5362 [04:55<04:11,  9.08it/s] 57%|█████▋    | 3077/5362 [04:55<04:23,  8.68it/s] 57%|█████▋    | 3078/5362 [04:55<04:40,  8.15it/s] 57%|█████▋    | 3079/5362 [04:55<04:43,  8.05it/s] 57%|█████▋    | 3080/5362 [04:55<04:44,  8.02it/s] 57%|█████▋    | 3081/5362 [04:56<04:44,  8.03it/s] 57%|█████▋    | 3082/5362 [04:56<04:55,  7.72it/s] 57%|█████▋    | 3083/5362 [04:56<04:57,  7.66it/s] 58%|█████▊    | 3084/5362 [04:56<04:41,  8.10it/s] 58%|█████▊    | 3086/5362 [04:56<04:08,  9.15it/s] 58%|█████▊    | 3087/5362 [04:56<04:11,  9.04it/s] 58%|█████▊    | 3088/5362 [04:56<04:07,  9.18it/s] 58%|█████▊    | 3089/5362 [04:56<04:05,  9.24it/s] 58%|█████▊    | 3090/5362 [04:57<04:11,  9.04it/s] 58%|█████▊    | 3091/5362 [04:57<04:12,  8.98it/s] 58%|█████▊    | 3092/5362 [04:57<04:07,  9.15it/s] 58%|█████▊    | 3093/5362 [04:57<04:10,  9.08it/s] 58%|█████▊    | 3095/5362 [04:57<04:01,  9.39it/s] 58%|█████▊    | 3096/5362 [04:57<04:03,  9.30it/s] 58%|█████▊    | 3097/5362 [04:57<04:02,  9.33it/s] 58%|█████▊    | 3099/5362 [04:58<03:56,  9.56it/s] 58%|█████▊    | 3100/5362 [04:58<03:57,  9.52it/s] 58%|█████▊    | 3101/5362 [04:58<04:05,  9.21it/s] 58%|█████▊    | 3102/5362 [04:58<04:06,  9.17it/s] 58%|█████▊    | 3104/5362 [04:58<03:38, 10.35it/s] 58%|█████▊    | 3106/5362 [04:58<04:07,  9.11it/s] 58%|█████▊    | 3108/5362 [04:58<03:54,  9.61it/s] 58%|█████▊    | 3110/5362 [04:59<03:52,  9.70it/s] 58%|█████▊    | 3111/5362 [04:59<03:59,  9.39it/s] 58%|█████▊    | 3112/5362 [04:59<04:00,  9.36it/s] 58%|█████▊    | 3113/5362 [04:59<04:11,  8.95it/s] 58%|█████▊    | 3115/5362 [04:59<03:59,  9.39it/s] 58%|█████▊    | 3116/5362 [04:59<04:07,  9.07it/s] 58%|█████▊    | 3118/5362 [05:00<04:01,  9.31it/s] 58%|█████▊    | 3119/5362 [05:00<04:02,  9.25it/s] 58%|█████▊    | 3120/5362 [05:00<04:02,  9.25it/s] 58%|█████▊    | 3121/5362 [05:00<04:00,  9.34it/s] 58%|█████▊    | 3123/5362 [05:00<03:52,  9.65it/s] 58%|█████▊    | 3124/5362 [05:00<03:58,  9.38it/s] 58%|█████▊    | 3125/5362 [05:00<04:01,  9.25it/s] 58%|█████▊    | 3127/5362 [05:00<03:43, 10.01it/s] 58%|█████▊    | 3128/5362 [05:01<03:58,  9.38it/s] 58%|█████▊    | 3130/5362 [05:01<03:50,  9.69it/s] 58%|█████▊    | 3131/5362 [05:01<04:03,  9.17it/s] 58%|█████▊    | 3132/5362 [05:01<04:02,  9.19it/s] 58%|█████▊    | 3134/5362 [05:01<04:01,  9.24it/s] 58%|█████▊    | 3136/5362 [05:01<03:55,  9.47it/s] 59%|█████▊    | 3137/5362 [05:02<04:00,  9.25it/s] 59%|█████▊    | 3138/5362 [05:02<04:01,  9.21it/s] 59%|█████▊    | 3139/5362 [05:02<04:04,  9.11it/s] 59%|█████▊    | 3140/5362 [05:02<04:08,  8.93it/s] 59%|█████▊    | 3141/5362 [05:02<04:07,  8.99it/s] 59%|█████▊    | 3143/5362 [05:02<03:59,  9.28it/s] 59%|█████▊    | 3144/5362 [05:02<04:02,  9.15it/s] 59%|█████▊    | 3145/5362 [05:02<04:00,  9.23it/s] 59%|█████▊    | 3146/5362 [05:03<04:09,  8.87it/s] 59%|█████▊    | 3147/5362 [05:03<04:10,  8.85it/s] 59%|█████▊    | 3148/5362 [05:03<04:12,  8.76it/s] 59%|█████▊    | 3149/5362 [05:03<04:07,  8.95it/s] 59%|█████▊    | 3150/5362 [05:03<04:15,  8.67it/s] 59%|█████▉    | 3151/5362 [05:03<04:17,  8.57it/s] 59%|█████▉    | 3152/5362 [05:03<04:07,  8.92it/s] 59%|█████▉    | 3153/5362 [05:03<04:07,  8.91it/s] 59%|█████▉    | 3154/5362 [05:03<04:00,  9.17it/s] 59%|█████▉    | 3156/5362 [05:04<03:40, 10.00it/s] 59%|█████▉    | 3157/5362 [05:04<03:43,  9.85it/s] 59%|█████▉    | 3158/5362 [05:04<03:47,  9.70it/s] 59%|█████▉    | 3159/5362 [05:04<03:46,  9.75it/s] 59%|█████▉    | 3161/5362 [05:04<03:45,  9.78it/s] 59%|█████▉    | 3162/5362 [05:04<03:46,  9.71it/s] 59%|█████▉    | 3163/5362 [05:04<03:49,  9.59it/s] 59%|█████▉    | 3164/5362 [05:05<03:54,  9.36it/s] 59%|█████▉    | 3165/5362 [05:05<03:53,  9.39it/s] 59%|█████▉    | 3166/5362 [05:05<04:09,  8.80it/s] 59%|█████▉    | 3167/5362 [05:05<04:23,  8.34it/s] 59%|█████▉    | 3168/5362 [05:05<04:21,  8.38it/s] 59%|█████▉    | 3169/5362 [05:05<04:27,  8.21it/s] 59%|█████▉    | 3170/5362 [05:05<04:26,  8.22it/s] 59%|█████▉    | 3171/5362 [05:05<04:25,  8.24it/s] 59%|█████▉    | 3172/5362 [05:05<04:12,  8.66it/s] 59%|█████▉    | 3173/5362 [05:06<04:04,  8.94it/s] 59%|█████▉    | 3175/5362 [05:06<03:50,  9.49it/s] 59%|█████▉    | 3177/5362 [05:06<03:49,  9.54it/s] 59%|█████▉    | 3179/5362 [05:06<03:29, 10.42it/s] 59%|█████▉    | 3181/5362 [05:06<03:25, 10.59it/s] 59%|█████▉    | 3183/5362 [05:07<03:23, 10.72it/s] 59%|█████▉    | 3185/5362 [05:07<03:40,  9.86it/s] 59%|█████▉    | 3186/5362 [05:07<03:52,  9.36it/s] 59%|█████▉    | 3187/5362 [05:07<04:00,  9.03it/s] 59%|█████▉    | 3188/5362 [05:07<04:04,  8.90it/s] 59%|█████▉    | 3189/5362 [05:07<04:07,  8.80it/s] 59%|█████▉    | 3190/5362 [05:07<04:09,  8.69it/s] 60%|█████▉    | 3191/5362 [05:07<04:08,  8.74it/s] 60%|█████▉    | 3193/5362 [05:08<03:44,  9.67it/s] 60%|█████▉    | 3195/5362 [05:08<03:41,  9.79it/s] 60%|█████▉    | 3197/5362 [05:08<03:35, 10.04it/s] 60%|█████▉    | 3198/5362 [05:08<03:36,  9.98it/s] 60%|█████▉    | 3199/5362 [05:08<03:43,  9.67it/s] 60%|█████▉    | 3201/5362 [05:08<03:26, 10.46it/s] 60%|█████▉    | 3203/5362 [05:09<03:34, 10.07it/s] 60%|█████▉    | 3205/5362 [05:09<03:20, 10.74it/s] 60%|█████▉    | 3207/5362 [05:09<03:16, 10.98it/s] 60%|█████▉    | 3209/5362 [05:09<03:20, 10.73it/s] 60%|█████▉    | 3211/5362 [05:09<03:10, 11.30it/s] 60%|█████▉    | 3213/5362 [05:09<03:01, 11.81it/s] 60%|█████▉    | 3215/5362 [05:10<03:08, 11.38it/s] 60%|█████▉    | 3217/5362 [05:10<03:11, 11.22it/s] 60%|██████    | 3219/5362 [05:10<03:27, 10.32it/s] 60%|██████    | 3221/5362 [05:10<03:31, 10.12it/s] 60%|██████    | 3223/5362 [05:11<03:39,  9.73it/s] 60%|██████    | 3225/5362 [05:11<03:30, 10.13it/s] 60%|██████    | 3227/5362 [05:11<03:30, 10.12it/s] 60%|██████    | 3229/5362 [05:11<03:25, 10.38it/s] 60%|██████    | 3231/5362 [05:11<03:28, 10.23it/s] 60%|██████    | 3233/5362 [05:11<03:16, 10.82it/s] 60%|██████    | 3235/5362 [05:12<03:20, 10.63it/s] 60%|██████    | 3237/5362 [05:12<03:25, 10.35it/s] 60%|██████    | 3239/5362 [05:12<03:22, 10.48it/s] 60%|██████    | 3241/5362 [05:12<03:30, 10.09it/s] 60%|██████    | 3243/5362 [05:12<03:25, 10.33it/s] 61%|██████    | 3245/5362 [05:13<03:24, 10.33it/s] 61%|██████    | 3247/5362 [05:13<03:30, 10.05it/s] 61%|██████    | 3249/5362 [05:13<03:29, 10.08it/s] 61%|██████    | 3251/5362 [05:13<03:32,  9.92it/s] 61%|██████    | 3252/5362 [05:13<03:33,  9.90it/s] 61%|██████    | 3254/5362 [05:14<03:39,  9.60it/s] 61%|██████    | 3255/5362 [05:14<03:45,  9.34it/s] 61%|██████    | 3256/5362 [05:14<03:45,  9.32it/s] 61%|██████    | 3258/5362 [05:14<03:43,  9.42it/s] 61%|██████    | 3259/5362 [05:14<03:41,  9.48it/s] 61%|██████    | 3260/5362 [05:14<03:42,  9.46it/s] 61%|██████    | 3261/5362 [05:14<03:39,  9.59it/s] 61%|██████    | 3262/5362 [05:14<03:37,  9.64it/s] 61%|██████    | 3263/5362 [05:15<03:40,  9.53it/s] 61%|██████    | 3264/5362 [05:15<03:45,  9.31it/s] 61%|██████    | 3265/5362 [05:15<03:49,  9.16it/s] 61%|██████    | 3266/5362 [05:15<03:45,  9.30it/s] 61%|██████    | 3268/5362 [05:15<03:47,  9.20it/s] 61%|██████    | 3269/5362 [05:15<03:46,  9.25it/s] 61%|██████    | 3270/5362 [05:15<03:47,  9.18it/s] 61%|██████    | 3271/5362 [05:15<03:47,  9.20it/s] 61%|██████    | 3272/5362 [05:15<03:44,  9.29it/s] 61%|██████    | 3273/5362 [05:16<03:47,  9.18it/s] 61%|██████    | 3274/5362 [05:16<03:45,  9.24it/s] 61%|██████    | 3275/5362 [05:16<03:43,  9.34it/s] 61%|██████    | 3277/5362 [05:16<03:40,  9.46it/s] 61%|██████    | 3278/5362 [05:16<03:40,  9.44it/s] 61%|██████    | 3279/5362 [05:16<03:42,  9.36it/s] 61%|██████    | 3281/5362 [05:16<03:50,  9.02it/s] 61%|██████    | 3282/5362 [05:17<03:56,  8.78it/s] 61%|██████    | 3283/5362 [05:17<03:55,  8.81it/s] 61%|██████    | 3284/5362 [05:17<03:57,  8.75it/s] 61%|██████▏   | 3285/5362 [05:17<03:51,  8.99it/s] 61%|██████▏   | 3286/5362 [05:17<03:44,  9.24it/s] 61%|██████▏   | 3287/5362 [05:17<03:44,  9.23it/s] 61%|██████▏   | 3288/5362 [05:17<03:41,  9.35it/s] 61%|██████▏   | 3289/5362 [05:17<03:44,  9.25it/s] 61%|██████▏   | 3290/5362 [05:17<03:55,  8.80it/s] 61%|██████▏   | 3291/5362 [05:18<03:49,  9.03it/s] 61%|██████▏   | 3292/5362 [05:18<03:50,  8.97it/s] 61%|██████▏   | 3293/5362 [05:18<04:00,  8.60it/s] 61%|██████▏   | 3294/5362 [05:18<04:00,  8.59it/s] 61%|██████▏   | 3295/5362 [05:18<03:58,  8.66it/s] 61%|██████▏   | 3297/5362 [05:18<03:50,  8.94it/s] 62%|██████▏   | 3299/5362 [05:18<03:48,  9.02it/s] 62%|██████▏   | 3301/5362 [05:19<03:48,  9.02it/s] 62%|██████▏   | 3302/5362 [05:19<03:48,  9.00it/s] 62%|██████▏   | 3303/5362 [05:19<03:44,  9.17it/s] 62%|██████▏   | 3305/5362 [05:19<03:31,  9.73it/s] 62%|██████▏   | 3306/5362 [05:19<03:37,  9.46it/s] 62%|██████▏   | 3307/5362 [05:19<03:40,  9.33it/s] 62%|██████▏   | 3308/5362 [05:19<03:39,  9.35it/s] 62%|██████▏   | 3310/5362 [05:20<03:34,  9.57it/s] 62%|██████▏   | 3311/5362 [05:20<03:47,  9.02it/s] 62%|██████▏   | 3312/5362 [05:20<04:02,  8.45it/s] 62%|██████▏   | 3313/5362 [05:20<03:58,  8.60it/s] 62%|██████▏   | 3314/5362 [05:20<04:27,  7.64it/s] 62%|██████▏   | 3315/5362 [05:20<04:23,  7.76it/s] 62%|██████▏   | 3316/5362 [05:20<04:23,  7.77it/s] 62%|██████▏   | 3317/5362 [05:21<04:29,  7.58it/s] 62%|██████▏   | 3318/5362 [05:21<04:10,  8.16it/s] 62%|██████▏   | 3319/5362 [05:21<04:03,  8.40it/s] 62%|██████▏   | 3320/5362 [05:21<04:10,  8.15it/s] 62%|██████▏   | 3321/5362 [05:21<04:00,  8.49it/s] 62%|██████▏   | 3322/5362 [05:21<03:56,  8.64it/s] 62%|██████▏   | 3324/5362 [05:21<03:34,  9.52it/s] 62%|██████▏   | 3325/5362 [05:21<03:47,  8.95it/s] 62%|██████▏   | 3326/5362 [05:22<03:43,  9.12it/s] 62%|██████▏   | 3327/5362 [05:22<03:47,  8.95it/s] 62%|██████▏   | 3328/5362 [05:22<03:44,  9.06it/s] 62%|██████▏   | 3330/5362 [05:22<03:41,  9.17it/s] 62%|██████▏   | 3332/5362 [05:22<03:24,  9.94it/s] 62%|██████▏   | 3334/5362 [05:22<03:32,  9.54it/s] 62%|██████▏   | 3335/5362 [05:23<03:33,  9.51it/s] 62%|██████▏   | 3337/5362 [05:23<03:34,  9.44it/s] 62%|██████▏   | 3338/5362 [05:23<03:35,  9.40it/s] 62%|██████▏   | 3340/5362 [05:23<03:32,  9.50it/s] 62%|██████▏   | 3342/5362 [05:23<03:29,  9.63it/s] 62%|██████▏   | 3343/5362 [05:23<03:31,  9.55it/s] 62%|██████▏   | 3344/5362 [05:23<03:40,  9.15it/s] 62%|██████▏   | 3346/5362 [05:24<03:37,  9.26it/s] 62%|██████▏   | 3348/5362 [05:24<03:34,  9.41it/s] 62%|██████▏   | 3349/5362 [05:24<03:33,  9.41it/s] 62%|██████▏   | 3351/5362 [05:24<03:25,  9.80it/s] 63%|██████▎   | 3352/5362 [05:24<03:32,  9.48it/s] 63%|██████▎   | 3354/5362 [05:24<03:16, 10.21it/s] 63%|██████▎   | 3356/5362 [05:25<03:18, 10.09it/s] 63%|██████▎   | 3357/5362 [05:25<03:20,  9.99it/s] 63%|██████▎   | 3358/5362 [05:25<03:24,  9.81it/s] 63%|██████▎   | 3359/5362 [05:25<03:24,  9.81it/s] 63%|██████▎   | 3360/5362 [05:25<03:28,  9.60it/s] 63%|██████▎   | 3361/5362 [05:25<03:29,  9.55it/s] 63%|██████▎   | 3362/5362 [05:25<03:39,  9.11it/s] 63%|██████▎   | 3363/5362 [05:25<03:50,  8.69it/s] 63%|██████▎   | 3365/5362 [05:26<03:44,  8.88it/s] 63%|██████▎   | 3366/5362 [05:26<03:53,  8.56it/s] 63%|██████▎   | 3368/5362 [05:26<03:22,  9.82it/s] 63%|██████▎   | 3369/5362 [05:26<03:22,  9.86it/s] 63%|██████▎   | 3371/5362 [05:26<03:10, 10.47it/s] 63%|██████▎   | 3373/5362 [05:26<03:16, 10.14it/s] 63%|██████▎   | 3375/5362 [05:27<03:12, 10.32it/s] 63%|██████▎   | 3377/5362 [05:27<03:08, 10.52it/s] 63%|██████▎   | 3379/5362 [05:27<03:09, 10.47it/s] 63%|██████▎   | 3381/5362 [05:27<03:14, 10.17it/s] 63%|██████▎   | 3383/5362 [05:27<03:14, 10.20it/s] 63%|██████▎   | 3385/5362 [05:28<03:14, 10.16it/s] 63%|██████▎   | 3387/5362 [05:28<03:26,  9.57it/s] 63%|██████▎   | 3388/5362 [05:28<03:30,  9.36it/s] 63%|██████▎   | 3389/5362 [05:28<03:44,  8.79it/s] 63%|██████▎   | 3390/5362 [05:28<03:48,  8.61it/s] 63%|██████▎   | 3392/5362 [05:28<03:21,  9.79it/s] 63%|██████▎   | 3394/5362 [05:29<03:14, 10.11it/s] 63%|██████▎   | 3396/5362 [05:29<03:00, 10.89it/s] 63%|██████▎   | 3398/5362 [05:29<03:09, 10.38it/s] 63%|██████▎   | 3400/5362 [05:29<03:04, 10.64it/s] 63%|██████▎   | 3402/5362 [05:29<03:07, 10.47it/s] 63%|██████▎   | 3404/5362 [05:29<02:53, 11.28it/s] 64%|██████▎   | 3406/5362 [05:30<03:01, 10.76it/s] 64%|██████▎   | 3408/5362 [05:30<02:47, 11.67it/s] 64%|██████▎   | 3410/5362 [05:30<02:50, 11.46it/s] 64%|██████▎   | 3412/5362 [05:30<02:44, 11.86it/s] 64%|██████▎   | 3414/5362 [05:30<02:46, 11.72it/s] 64%|██████▎   | 3416/5362 [05:30<02:36, 12.46it/s] 64%|██████▎   | 3418/5362 [05:31<02:38, 12.27it/s] 64%|██████▍   | 3420/5362 [05:31<02:42, 11.93it/s] 64%|██████▍   | 3422/5362 [05:31<02:37, 12.29it/s] 64%|██████▍   | 3424/5362 [05:31<02:37, 12.28it/s] 64%|██████▍   | 3426/5362 [05:31<02:40, 12.06it/s] 64%|██████▍   | 3428/5362 [05:31<02:33, 12.61it/s] 64%|██████▍   | 3430/5362 [05:32<02:36, 12.33it/s] 64%|██████▍   | 3432/5362 [05:32<02:57, 10.90it/s] 64%|██████▍   | 3434/5362 [05:32<02:58, 10.79it/s] 64%|██████▍   | 3436/5362 [05:32<03:08, 10.21it/s] 64%|██████▍   | 3438/5362 [05:32<02:52, 11.13it/s] 64%|██████▍   | 3440/5362 [05:33<02:43, 11.73it/s] 64%|██████▍   | 3442/5362 [05:33<02:37, 12.20it/s] 64%|██████▍   | 3444/5362 [05:33<02:40, 11.95it/s] 64%|██████▍   | 3446/5362 [05:33<02:40, 11.93it/s] 64%|██████▍   | 3448/5362 [05:33<02:36, 12.25it/s] 64%|██████▍   | 3450/5362 [05:33<02:44, 11.62it/s] 64%|██████▍   | 3452/5362 [05:34<02:39, 11.95it/s] 64%|██████▍   | 3454/5362 [05:34<02:32, 12.50it/s] 64%|██████▍   | 3456/5362 [05:34<02:43, 11.69it/s] 64%|██████▍   | 3458/5362 [05:34<02:39, 11.94it/s] 65%|██████▍   | 3460/5362 [05:34<03:08, 10.08it/s] 65%|██████▍   | 3462/5362 [05:34<02:49, 11.22it/s] 65%|██████▍   | 3464/5362 [05:35<02:55, 10.80it/s] 65%|██████▍   | 3466/5362 [05:35<02:54, 10.86it/s] 65%|██████▍   | 3468/5362 [05:35<02:53, 10.91it/s] 65%|██████▍   | 3470/5362 [05:35<02:48, 11.20it/s] 65%|██████▍   | 3472/5362 [05:35<02:50, 11.09it/s] 65%|██████▍   | 3474/5362 [05:36<02:45, 11.38it/s] 65%|██████▍   | 3476/5362 [05:36<02:45, 11.38it/s] 65%|██████▍   | 3478/5362 [05:36<02:42, 11.56it/s] 65%|██████▍   | 3480/5362 [05:36<02:52, 10.92it/s] 65%|██████▍   | 3482/5362 [05:36<02:48, 11.13it/s] 65%|██████▍   | 3484/5362 [05:36<02:43, 11.51it/s] 65%|██████▌   | 3486/5362 [05:37<02:42, 11.57it/s] 65%|██████▌   | 3488/5362 [05:37<02:48, 11.13it/s] 65%|██████▌   | 3490/5362 [05:37<02:40, 11.66it/s] 65%|██████▌   | 3492/5362 [05:37<02:50, 10.97it/s] 65%|██████▌   | 3494/5362 [05:37<02:45, 11.26it/s] 65%|██████▌   | 3496/5362 [05:37<02:50, 10.98it/s] 65%|██████▌   | 3498/5362 [05:38<02:45, 11.29it/s] 65%|██████▌   | 3500/5362 [05:38<02:38, 11.73it/s] 65%|██████▌   | 3502/5362 [05:38<02:44, 11.31it/s] 65%|██████▌   | 3504/5362 [05:38<02:46, 11.17it/s] 65%|██████▌   | 3506/5362 [05:38<02:44, 11.29it/s] 65%|██████▌   | 3508/5362 [05:39<02:57, 10.47it/s] 65%|██████▌   | 3510/5362 [05:39<02:52, 10.74it/s] 65%|██████▌   | 3512/5362 [05:39<02:59, 10.32it/s] 66%|██████▌   | 3514/5362 [05:39<03:03, 10.08it/s] 66%|██████▌   | 3516/5362 [05:39<02:57, 10.42it/s] 66%|██████▌   | 3518/5362 [05:40<03:05,  9.97it/s] 66%|██████▌   | 3520/5362 [05:40<03:05,  9.95it/s] 66%|██████▌   | 3522/5362 [05:40<03:05,  9.94it/s] 66%|██████▌   | 3524/5362 [05:40<03:04,  9.99it/s] 66%|██████▌   | 3526/5362 [05:40<02:46, 11.02it/s] 66%|██████▌   | 3528/5362 [05:41<02:47, 10.93it/s] 66%|██████▌   | 3530/5362 [05:41<02:51, 10.65it/s] 66%|██████▌   | 3532/5362 [05:41<02:39, 11.48it/s] 66%|██████▌   | 3534/5362 [05:41<02:38, 11.54it/s] 66%|██████▌   | 3536/5362 [05:41<02:35, 11.76it/s] 66%|██████▌   | 3538/5362 [05:41<02:38, 11.51it/s] 66%|██████▌   | 3540/5362 [05:42<02:37, 11.57it/s] 66%|██████▌   | 3542/5362 [05:42<02:38, 11.48it/s] 66%|██████▌   | 3544/5362 [05:42<02:54, 10.42it/s] 66%|██████▌   | 3546/5362 [05:42<03:01, 10.01it/s] 66%|██████▌   | 3548/5362 [05:42<03:05,  9.78it/s] 66%|██████▌   | 3549/5362 [05:42<03:07,  9.66it/s] 66%|██████▌   | 3551/5362 [05:43<02:44, 11.02it/s] 66%|██████▋   | 3553/5362 [05:43<02:45, 10.91it/s] 66%|██████▋   | 3555/5362 [05:43<02:44, 10.99it/s] 66%|██████▋   | 3557/5362 [05:43<02:33, 11.73it/s] 66%|██████▋   | 3559/5362 [05:43<02:41, 11.14it/s] 66%|██████▋   | 3561/5362 [05:43<02:33, 11.73it/s] 66%|██████▋   | 3563/5362 [05:44<02:37, 11.39it/s] 66%|██████▋   | 3565/5362 [05:44<02:29, 12.02it/s] 67%|██████▋   | 3567/5362 [05:44<02:33, 11.71it/s] 67%|██████▋   | 3569/5362 [05:44<02:39, 11.22it/s] 67%|██████▋   | 3571/5362 [05:44<02:44, 10.90it/s] 67%|██████▋   | 3573/5362 [05:45<02:31, 11.84it/s] 67%|██████▋   | 3575/5362 [05:45<02:36, 11.40it/s] 67%|██████▋   | 3577/5362 [05:45<02:37, 11.33it/s] 67%|██████▋   | 3579/5362 [05:45<02:28, 12.01it/s] 67%|██████▋   | 3581/5362 [05:45<02:32, 11.71it/s] 67%|██████▋   | 3583/5362 [05:45<02:34, 11.50it/s] 67%|██████▋   | 3585/5362 [05:46<02:26, 12.10it/s] 67%|██████▋   | 3587/5362 [05:46<02:34, 11.46it/s] 67%|██████▋   | 3589/5362 [05:46<02:42, 10.90it/s] 67%|██████▋   | 3591/5362 [05:46<02:44, 10.80it/s] 67%|██████▋   | 3593/5362 [05:46<02:49, 10.43it/s] 67%|██████▋   | 3595/5362 [05:46<02:42, 10.90it/s] 67%|██████▋   | 3597/5362 [05:47<02:28, 11.88it/s] 67%|██████▋   | 3599/5362 [05:47<02:28, 11.88it/s] 67%|██████▋   | 3601/5362 [05:47<02:27, 11.93it/s] 67%|██████▋   | 3603/5362 [05:47<02:18, 12.72it/s] 67%|██████▋   | 3605/5362 [05:47<02:15, 12.96it/s] 67%|██████▋   | 3607/5362 [05:47<02:20, 12.47it/s] 67%|██████▋   | 3609/5362 [05:48<02:14, 13.03it/s] 67%|██████▋   | 3611/5362 [05:48<02:12, 13.17it/s] 67%|██████▋   | 3613/5362 [05:48<02:14, 13.03it/s] 67%|██████▋   | 3615/5362 [05:48<02:29, 11.72it/s] 67%|██████▋   | 3617/5362 [05:48<02:38, 11.03it/s] 67%|██████▋   | 3619/5362 [05:48<02:29, 11.63it/s] 68%|██████▊   | 3621/5362 [05:49<02:20, 12.36it/s] 68%|██████▊   | 3623/5362 [05:49<02:23, 12.09it/s] 68%|██████▊   | 3625/5362 [05:49<02:29, 11.62it/s] 68%|██████▊   | 3627/5362 [05:49<02:32, 11.41it/s] 68%|██████▊   | 3629/5362 [05:49<02:27, 11.74it/s] 68%|██████▊   | 3631/5362 [05:49<02:29, 11.58it/s] 68%|██████▊   | 3633/5362 [05:50<02:30, 11.49it/s] 68%|██████▊   | 3635/5362 [05:50<02:32, 11.32it/s] 68%|██████▊   | 3637/5362 [05:50<02:21, 12.18it/s] 68%|██████▊   | 3639/5362 [05:50<02:12, 13.05it/s] 68%|██████▊   | 3641/5362 [05:50<02:19, 12.38it/s] 68%|██████▊   | 3643/5362 [05:50<02:13, 12.86it/s] 68%|██████▊   | 3645/5362 [05:51<02:16, 12.54it/s] 68%|██████▊   | 3647/5362 [05:51<02:19, 12.27it/s] 68%|██████▊   | 3649/5362 [05:51<02:25, 11.79it/s] 68%|██████▊   | 3651/5362 [05:51<02:13, 12.80it/s] 68%|██████▊   | 3653/5362 [05:51<02:17, 12.47it/s] 68%|██████▊   | 3655/5362 [05:51<02:12, 12.87it/s] 68%|██████▊   | 3657/5362 [05:52<02:22, 11.99it/s] 68%|██████▊   | 3659/5362 [05:52<02:13, 12.72it/s] 68%|██████▊   | 3661/5362 [05:52<02:15, 12.58it/s] 68%|██████▊   | 3663/5362 [05:52<02:09, 13.12it/s] 68%|██████▊   | 3665/5362 [05:52<02:20, 12.12it/s] 68%|██████▊   | 3667/5362 [05:52<02:32, 11.12it/s] 68%|██████▊   | 3669/5362 [05:53<02:22, 11.85it/s] 68%|██████▊   | 3671/5362 [05:53<02:33, 11.02it/s] 69%|██████▊   | 3673/5362 [05:53<02:31, 11.18it/s] 69%|██████▊   | 3675/5362 [05:53<02:19, 12.09it/s] 69%|██████▊   | 3677/5362 [05:53<02:10, 12.93it/s] 69%|██████▊   | 3679/5362 [05:53<02:23, 11.70it/s] 69%|██████▊   | 3681/5362 [05:54<02:30, 11.17it/s] 69%|██████▊   | 3683/5362 [05:54<02:23, 11.69it/s] 69%|██████▊   | 3685/5362 [05:54<02:19, 12.01it/s] 69%|██████▉   | 3687/5362 [05:54<02:18, 12.12it/s] 69%|██████▉   | 3689/5362 [05:54<02:30, 11.10it/s] 69%|██████▉   | 3691/5362 [05:55<02:41, 10.37it/s] 69%|██████▉   | 3693/5362 [05:55<02:45, 10.10it/s] 69%|██████▉   | 3695/5362 [05:55<02:51,  9.71it/s] 69%|██████▉   | 3697/5362 [05:55<02:38, 10.49it/s] 69%|██████▉   | 3699/5362 [05:55<02:35, 10.71it/s] 69%|██████▉   | 3701/5362 [05:55<02:39, 10.44it/s] 69%|██████▉   | 3703/5362 [05:56<02:39, 10.39it/s] 69%|██████▉   | 3705/5362 [05:56<02:41, 10.25it/s] 69%|██████▉   | 3707/5362 [05:56<02:39, 10.35it/s] 69%|██████▉   | 3709/5362 [05:56<02:39, 10.34it/s] 69%|██████▉   | 3711/5362 [05:56<02:30, 10.96it/s] 69%|██████▉   | 3713/5362 [05:57<02:33, 10.75it/s] 69%|██████▉   | 3715/5362 [05:57<02:30, 10.91it/s] 69%|██████▉   | 3717/5362 [05:57<02:38, 10.40it/s] 69%|██████▉   | 3719/5362 [05:57<02:39, 10.33it/s] 69%|██████▉   | 3721/5362 [05:57<02:33, 10.67it/s] 69%|██████▉   | 3723/5362 [05:58<02:30, 10.90it/s] 69%|██████▉   | 3725/5362 [05:58<02:31, 10.82it/s] 70%|██████▉   | 3727/5362 [05:58<02:36, 10.43it/s] 70%|██████▉   | 3729/5362 [05:58<02:28, 11.02it/s] 70%|██████▉   | 3731/5362 [05:58<02:37, 10.39it/s] 70%|██████▉   | 3733/5362 [05:58<02:35, 10.46it/s] 70%|██████▉   | 3735/5362 [05:59<02:33, 10.63it/s] 70%|██████▉   | 3737/5362 [05:59<02:32, 10.66it/s] 70%|██████▉   | 3739/5362 [05:59<02:34, 10.50it/s] 70%|██████▉   | 3741/5362 [05:59<02:28, 10.94it/s] 70%|██████▉   | 3743/5362 [05:59<02:31, 10.68it/s] 70%|██████▉   | 3745/5362 [06:00<02:30, 10.77it/s] 70%|██████▉   | 3747/5362 [06:00<02:37, 10.24it/s] 70%|██████▉   | 3749/5362 [06:00<02:26, 11.02it/s] 70%|██████▉   | 3751/5362 [06:00<02:30, 10.69it/s] 70%|██████▉   | 3753/5362 [06:00<02:25, 11.03it/s] 70%|███████   | 3755/5362 [06:01<02:28, 10.82it/s] 70%|███████   | 3757/5362 [06:01<02:27, 10.85it/s] 70%|███████   | 3759/5362 [06:01<02:33, 10.44it/s] 70%|███████   | 3761/5362 [06:01<02:35, 10.26it/s] 70%|███████   | 3763/5362 [06:01<02:41,  9.92it/s] 70%|███████   | 3764/5362 [06:01<02:44,  9.73it/s] 70%|███████   | 3765/5362 [06:02<02:47,  9.54it/s] 70%|███████   | 3767/5362 [06:02<02:42,  9.79it/s] 70%|███████   | 3769/5362 [06:02<02:25, 10.96it/s] 70%|███████   | 3771/5362 [06:02<02:30, 10.58it/s] 70%|███████   | 3773/5362 [06:02<02:29, 10.60it/s] 70%|███████   | 3775/5362 [06:02<02:25, 10.92it/s] 70%|███████   | 3777/5362 [06:03<02:19, 11.40it/s] 70%|███████   | 3779/5362 [06:03<02:25, 10.86it/s] 71%|███████   | 3781/5362 [06:03<02:29, 10.60it/s] 71%|███████   | 3783/5362 [06:03<02:31, 10.42it/s] 71%|███████   | 3785/5362 [06:03<02:41,  9.79it/s] 71%|███████   | 3786/5362 [06:04<02:42,  9.69it/s] 71%|███████   | 3787/5362 [06:04<02:43,  9.62it/s] 71%|███████   | 3789/5362 [06:04<02:40,  9.82it/s] 71%|███████   | 3791/5362 [06:04<02:36, 10.03it/s] 71%|███████   | 3793/5362 [06:04<02:22, 11.01it/s] 71%|███████   | 3795/5362 [06:04<02:20, 11.19it/s] 71%|███████   | 3797/5362 [06:05<02:16, 11.44it/s] 71%|███████   | 3799/5362 [06:05<02:12, 11.84it/s] 71%|███████   | 3801/5362 [06:05<02:14, 11.62it/s] 71%|███████   | 3803/5362 [06:05<02:15, 11.48it/s] 71%|███████   | 3805/5362 [06:05<02:14, 11.56it/s] 71%|███████   | 3807/5362 [06:05<02:16, 11.35it/s] 71%|███████   | 3809/5362 [06:06<02:21, 10.98it/s] 71%|███████   | 3811/5362 [06:06<02:32, 10.19it/s] 71%|███████   | 3813/5362 [06:06<02:33, 10.09it/s] 71%|███████   | 3815/5362 [06:06<02:38,  9.75it/s] 71%|███████   | 3817/5362 [06:06<02:33, 10.05it/s] 71%|███████   | 3819/5362 [06:07<02:12, 11.61it/s] 71%|███████▏  | 3821/5362 [06:07<02:06, 12.14it/s] 71%|███████▏  | 3823/5362 [06:07<02:02, 12.59it/s] 71%|███████▏  | 3825/5362 [06:07<01:58, 12.92it/s] 71%|███████▏  | 3827/5362 [06:07<01:56, 13.22it/s] 71%|███████▏  | 3829/5362 [06:07<01:59, 12.83it/s] 71%|███████▏  | 3831/5362 [06:07<01:53, 13.49it/s] 71%|███████▏  | 3833/5362 [06:08<01:55, 13.28it/s] 72%|███████▏  | 3835/5362 [06:08<01:52, 13.59it/s] 72%|███████▏  | 3837/5362 [06:08<02:01, 12.51it/s] 72%|███████▏  | 3839/5362 [06:08<02:11, 11.56it/s] 72%|███████▏  | 3841/5362 [06:08<02:13, 11.36it/s] 72%|███████▏  | 3843/5362 [06:08<02:07, 11.90it/s] 72%|███████▏  | 3845/5362 [06:09<01:58, 12.80it/s] 72%|███████▏  | 3847/5362 [06:09<01:52, 13.41it/s] 72%|███████▏  | 3849/5362 [06:09<01:48, 13.93it/s] 72%|███████▏  | 3851/5362 [06:09<01:55, 13.08it/s] 72%|███████▏  | 3853/5362 [06:09<01:54, 13.17it/s] 72%|███████▏  | 3855/5362 [06:09<01:57, 12.86it/s] 72%|███████▏  | 3857/5362 [06:10<02:02, 12.26it/s] 72%|███████▏  | 3859/5362 [06:10<02:05, 11.93it/s] 72%|███████▏  | 3861/5362 [06:10<02:01, 12.38it/s] 72%|███████▏  | 3863/5362 [06:10<02:04, 12.03it/s] 72%|███████▏  | 3865/5362 [06:10<02:11, 11.36it/s] 72%|███████▏  | 3867/5362 [06:10<02:11, 11.33it/s] 72%|███████▏  | 3869/5362 [06:11<02:16, 10.94it/s] 72%|███████▏  | 3871/5362 [06:11<02:07, 11.67it/s] 72%|███████▏  | 3873/5362 [06:11<02:12, 11.28it/s] 72%|███████▏  | 3875/5362 [06:11<02:04, 11.92it/s] 72%|███████▏  | 3877/5362 [06:11<02:04, 11.89it/s] 72%|███████▏  | 3879/5362 [06:11<02:02, 12.13it/s] 72%|███████▏  | 3881/5362 [06:12<02:03, 12.01it/s] 72%|███████▏  | 3883/5362 [06:12<02:06, 11.73it/s] 72%|███████▏  | 3885/5362 [06:12<02:00, 12.24it/s] 72%|███████▏  | 3887/5362 [06:12<02:04, 11.81it/s] 73%|███████▎  | 3889/5362 [06:12<02:11, 11.22it/s] 73%|███████▎  | 3891/5362 [06:12<02:15, 10.89it/s] 73%|███████▎  | 3893/5362 [06:13<02:10, 11.23it/s] 73%|███████▎  | 3895/5362 [06:13<02:14, 10.89it/s] 73%|███████▎  | 3897/5362 [06:13<02:15, 10.80it/s] 73%|███████▎  | 3899/5362 [06:13<02:15, 10.79it/s] 73%|███████▎  | 3901/5362 [06:13<02:06, 11.52it/s] 73%|███████▎  | 3903/5362 [06:14<02:06, 11.57it/s] 73%|███████▎  | 3905/5362 [06:14<02:02, 11.88it/s] 73%|███████▎  | 3907/5362 [06:14<02:07, 11.39it/s] 73%|███████▎  | 3909/5362 [06:14<02:09, 11.21it/s] 73%|███████▎  | 3911/5362 [06:14<02:02, 11.80it/s] 73%|███████▎  | 3913/5362 [06:14<02:06, 11.49it/s] 73%|███████▎  | 3915/5362 [06:15<02:10, 11.07it/s] 73%|███████▎  | 3917/5362 [06:15<02:08, 11.26it/s] 73%|███████▎  | 3919/5362 [06:15<02:12, 10.93it/s] 73%|███████▎  | 3921/5362 [06:15<02:22, 10.11it/s] 73%|███████▎  | 3923/5362 [06:15<02:27,  9.73it/s] 73%|███████▎  | 3925/5362 [06:16<02:30,  9.57it/s] 73%|███████▎  | 3926/5362 [06:16<02:30,  9.56it/s] 73%|███████▎  | 3927/5362 [06:16<02:30,  9.56it/s] 73%|███████▎  | 3928/5362 [06:16<02:30,  9.52it/s] 73%|███████▎  | 3930/5362 [06:16<02:14, 10.67it/s] 73%|███████▎  | 3932/5362 [06:16<02:15, 10.57it/s] 73%|███████▎  | 3934/5362 [06:16<02:18, 10.33it/s] 73%|███████▎  | 3936/5362 [06:17<02:15, 10.53it/s] 73%|███████▎  | 3938/5362 [06:17<02:13, 10.67it/s] 73%|███████▎  | 3940/5362 [06:17<02:19, 10.21it/s] 74%|███████▎  | 3942/5362 [06:17<02:11, 10.82it/s] 74%|███████▎  | 3944/5362 [06:17<02:06, 11.25it/s] 74%|███████▎  | 3946/5362 [06:18<02:08, 11.03it/s] 74%|███████▎  | 3948/5362 [06:18<02:09, 10.92it/s] 74%|███████▎  | 3950/5362 [06:18<02:13, 10.60it/s] 74%|███████▎  | 3952/5362 [06:18<02:15, 10.43it/s] 74%|███████▎  | 3954/5362 [06:18<02:04, 11.34it/s] 74%|███████▍  | 3956/5362 [06:19<02:12, 10.64it/s] 74%|███████▍  | 3958/5362 [06:19<02:12, 10.63it/s] 74%|███████▍  | 3960/5362 [06:19<02:12, 10.60it/s] 74%|███████▍  | 3962/5362 [06:19<02:05, 11.18it/s] 74%|███████▍  | 3964/5362 [06:19<02:18, 10.12it/s] 74%|███████▍  | 3966/5362 [06:19<02:12, 10.57it/s] 74%|███████▍  | 3968/5362 [06:20<02:05, 11.14it/s] 74%|███████▍  | 3970/5362 [06:20<02:03, 11.30it/s] 74%|███████▍  | 3972/5362 [06:20<02:05, 11.07it/s] 74%|███████▍  | 3974/5362 [06:20<02:01, 11.38it/s] 74%|███████▍  | 3976/5362 [06:20<02:00, 11.50it/s] 74%|███████▍  | 3978/5362 [06:21<02:06, 10.93it/s] 74%|███████▍  | 3980/5362 [06:21<01:57, 11.76it/s] 74%|███████▍  | 3982/5362 [06:21<01:56, 11.89it/s] 74%|███████▍  | 3984/5362 [06:21<01:59, 11.55it/s] 74%|███████▍  | 3986/5362 [06:21<02:06, 10.91it/s] 74%|███████▍  | 3988/5362 [06:21<02:02, 11.20it/s] 74%|███████▍  | 3990/5362 [06:22<02:10, 10.49it/s] 74%|███████▍  | 3992/5362 [06:22<02:13, 10.26it/s] 74%|███████▍  | 3994/5362 [06:22<02:15, 10.08it/s] 75%|███████▍  | 3996/5362 [06:22<02:15, 10.06it/s] 75%|███████▍  | 3998/5362 [06:22<02:19,  9.80it/s] 75%|███████▍  | 3999/5362 [06:23<02:18,  9.82it/s] 75%|███████▍  | 4000/5362 [06:23<02:18,  9.82it/s] 75%|███████▍  | 4002/5362 [06:23<02:17,  9.90it/s] 75%|███████▍  | 4004/5362 [06:23<02:00, 11.24it/s] 75%|███████▍  | 4006/5362 [06:23<02:03, 10.96it/s] 75%|███████▍  | 4008/5362 [06:23<02:06, 10.73it/s] 75%|███████▍  | 4010/5362 [06:24<02:00, 11.20it/s] 75%|███████▍  | 4012/5362 [06:24<02:00, 11.23it/s] 75%|███████▍  | 4014/5362 [06:24<02:07, 10.54it/s] 75%|███████▍  | 4016/5362 [06:24<01:58, 11.33it/s] 75%|███████▍  | 4018/5362 [06:24<02:05, 10.72it/s] 75%|███████▍  | 4020/5362 [06:25<02:14, 10.00it/s] 75%|███████▌  | 4022/5362 [06:25<02:22,  9.42it/s] 75%|███████▌  | 4023/5362 [06:25<02:31,  8.86it/s] 75%|███████▌  | 4025/5362 [06:25<02:19,  9.55it/s] 75%|███████▌  | 4027/5362 [06:25<02:09, 10.31it/s] 75%|███████▌  | 4029/5362 [06:25<02:08, 10.39it/s] 75%|███████▌  | 4031/5362 [06:26<02:04, 10.73it/s] 75%|███████▌  | 4033/5362 [06:26<02:06, 10.53it/s] 75%|███████▌  | 4035/5362 [06:26<02:00, 10.99it/s] 75%|███████▌  | 4037/5362 [06:26<02:05, 10.56it/s] 75%|███████▌  | 4039/5362 [06:26<02:01, 10.87it/s] 75%|███████▌  | 4041/5362 [06:27<02:02, 10.78it/s] 75%|███████▌  | 4043/5362 [06:27<02:03, 10.64it/s] 75%|███████▌  | 4045/5362 [06:27<02:01, 10.80it/s] 75%|███████▌  | 4047/5362 [06:27<01:58, 11.07it/s] 76%|███████▌  | 4049/5362 [06:27<01:53, 11.59it/s] 76%|███████▌  | 4051/5362 [06:27<02:00, 10.88it/s] 76%|███████▌  | 4053/5362 [06:28<01:58, 11.04it/s] 76%|███████▌  | 4055/5362 [06:28<02:03, 10.57it/s] 76%|███████▌  | 4057/5362 [06:28<01:56, 11.23it/s] 76%|███████▌  | 4059/5362 [06:28<02:00, 10.80it/s] 76%|███████▌  | 4061/5362 [06:28<01:49, 11.85it/s] 76%|███████▌  | 4063/5362 [06:28<01:46, 12.22it/s] 76%|███████▌  | 4065/5362 [06:29<01:43, 12.50it/s] 76%|███████▌  | 4067/5362 [06:29<01:37, 13.23it/s] 76%|███████▌  | 4069/5362 [06:29<01:42, 12.63it/s] 76%|███████▌  | 4071/5362 [06:29<01:38, 13.16it/s] 76%|███████▌  | 4073/5362 [06:29<01:42, 12.55it/s] 76%|███████▌  | 4075/5362 [06:29<01:39, 12.89it/s] 76%|███████▌  | 4077/5362 [06:30<01:37, 13.14it/s] 76%|███████▌  | 4079/5362 [06:30<01:46, 12.05it/s] 76%|███████▌  | 4081/5362 [06:30<01:51, 11.51it/s] 76%|███████▌  | 4083/5362 [06:30<01:50, 11.58it/s] 76%|███████▌  | 4085/5362 [06:30<01:49, 11.63it/s] 76%|███████▌  | 4087/5362 [06:30<01:37, 13.10it/s] 76%|███████▋  | 4089/5362 [06:31<01:42, 12.36it/s] 76%|███████▋  | 4091/5362 [06:31<01:50, 11.52it/s] 76%|███████▋  | 4093/5362 [06:31<01:50, 11.52it/s] 76%|███████▋  | 4095/5362 [06:31<01:58, 10.73it/s] 76%|███████▋  | 4097/5362 [06:31<01:45, 12.01it/s] 76%|███████▋  | 4099/5362 [06:31<01:39, 12.65it/s] 76%|███████▋  | 4101/5362 [06:32<01:46, 11.82it/s] 77%|███████▋  | 4103/5362 [06:32<01:47, 11.75it/s] 77%|███████▋  | 4105/5362 [06:32<01:46, 11.83it/s] 77%|███████▋  | 4107/5362 [06:32<01:47, 11.65it/s] 77%|███████▋  | 4109/5362 [06:32<01:39, 12.55it/s] 77%|███████▋  | 4111/5362 [06:32<01:46, 11.72it/s] 77%|███████▋  | 4113/5362 [06:33<01:45, 11.79it/s] 77%|███████▋  | 4115/5362 [06:33<01:41, 12.29it/s] 77%|███████▋  | 4117/5362 [06:33<01:46, 11.74it/s] 77%|███████▋  | 4119/5362 [06:33<01:46, 11.68it/s] 77%|███████▋  | 4121/5362 [06:33<01:44, 11.88it/s] 77%|███████▋  | 4123/5362 [06:33<01:41, 12.24it/s] 77%|███████▋  | 4125/5362 [06:34<01:36, 12.76it/s] 77%|███████▋  | 4127/5362 [06:34<01:42, 12.02it/s] 77%|███████▋  | 4129/5362 [06:34<01:37, 12.61it/s] 77%|███████▋  | 4131/5362 [06:34<01:37, 12.63it/s] 77%|███████▋  | 4133/5362 [06:34<01:43, 11.89it/s] 77%|███████▋  | 4135/5362 [06:34<01:38, 12.51it/s] 77%|███████▋  | 4137/5362 [06:35<01:41, 12.04it/s] 77%|███████▋  | 4139/5362 [06:35<01:39, 12.26it/s] 77%|███████▋  | 4141/5362 [06:35<01:46, 11.46it/s] 77%|███████▋  | 4143/5362 [06:35<01:47, 11.35it/s] 77%|███████▋  | 4145/5362 [06:35<01:40, 12.09it/s] 77%|███████▋  | 4147/5362 [06:35<01:39, 12.22it/s] 77%|███████▋  | 4149/5362 [06:36<01:40, 12.01it/s] 77%|███████▋  | 4151/5362 [06:36<01:42, 11.78it/s] 77%|███████▋  | 4153/5362 [06:36<01:45, 11.41it/s] 77%|███████▋  | 4155/5362 [06:36<01:50, 10.90it/s] 78%|███████▊  | 4157/5362 [06:36<01:50, 10.89it/s] 78%|███████▊  | 4159/5362 [06:37<01:53, 10.63it/s] 78%|███████▊  | 4161/5362 [06:37<01:56, 10.34it/s] 78%|███████▊  | 4163/5362 [06:37<01:58, 10.15it/s] 78%|███████▊  | 4165/5362 [06:37<02:04,  9.61it/s] 78%|███████▊  | 4166/5362 [06:37<02:10,  9.20it/s] 78%|███████▊  | 4167/5362 [06:37<02:14,  8.86it/s] 78%|███████▊  | 4169/5362 [06:38<02:06,  9.40it/s] 78%|███████▊  | 4170/5362 [06:38<02:13,  8.92it/s] 78%|███████▊  | 4171/5362 [06:38<02:11,  9.04it/s] 78%|███████▊  | 4173/5362 [06:38<01:57, 10.10it/s] 78%|███████▊  | 4174/5362 [06:38<02:15,  8.74it/s] 78%|███████▊  | 4175/5362 [06:38<02:13,  8.90it/s] 78%|███████▊  | 4177/5362 [06:38<02:06,  9.37it/s] 78%|███████▊  | 4178/5362 [06:39<02:10,  9.09it/s] 78%|███████▊  | 4180/5362 [06:39<02:02,  9.66it/s] 78%|███████▊  | 4181/5362 [06:39<02:11,  8.99it/s] 78%|███████▊  | 4182/5362 [06:39<02:17,  8.59it/s] 78%|███████▊  | 4183/5362 [06:39<02:23,  8.23it/s] 78%|███████▊  | 4185/5362 [06:39<02:17,  8.56it/s] 78%|███████▊  | 4186/5362 [06:40<02:23,  8.20it/s] 78%|███████▊  | 4187/5362 [06:40<02:26,  8.03it/s] 78%|███████▊  | 4188/5362 [06:40<02:25,  8.08it/s] 78%|███████▊  | 4189/5362 [06:40<02:23,  8.20it/s] 78%|███████▊  | 4191/5362 [06:40<02:07,  9.21it/s] 78%|███████▊  | 4192/5362 [06:40<02:12,  8.84it/s] 78%|███████▊  | 4193/5362 [06:40<02:13,  8.75it/s] 78%|███████▊  | 4194/5362 [06:40<02:11,  8.90it/s] 78%|███████▊  | 4195/5362 [06:41<02:07,  9.13it/s] 78%|███████▊  | 4196/5362 [06:41<02:06,  9.21it/s] 78%|███████▊  | 4198/5362 [06:41<02:07,  9.10it/s] 78%|███████▊  | 4199/5362 [06:41<02:08,  9.02it/s] 78%|███████▊  | 4200/5362 [06:41<02:12,  8.76it/s] 78%|███████▊  | 4201/5362 [06:41<02:10,  8.86it/s] 78%|███████▊  | 4202/5362 [06:41<02:10,  8.88it/s] 78%|███████▊  | 4203/5362 [06:41<02:08,  9.04it/s] 78%|███████▊  | 4204/5362 [06:42<02:06,  9.13it/s] 78%|███████▊  | 4206/5362 [06:42<02:02,  9.43it/s] 78%|███████▊  | 4207/5362 [06:42<02:08,  9.01it/s] 78%|███████▊  | 4208/5362 [06:42<02:05,  9.20it/s] 78%|███████▊  | 4209/5362 [06:42<02:04,  9.27it/s] 79%|███████▊  | 4210/5362 [06:42<02:04,  9.22it/s] 79%|███████▊  | 4212/5362 [06:42<01:57,  9.78it/s] 79%|███████▊  | 4213/5362 [06:43<02:07,  9.00it/s] 79%|███████▊  | 4214/5362 [06:43<02:07,  9.01it/s] 79%|███████▊  | 4215/5362 [06:43<02:06,  9.08it/s] 79%|███████▊  | 4216/5362 [06:43<02:05,  9.16it/s] 79%|███████▊  | 4218/5362 [06:43<01:51, 10.26it/s] 79%|███████▊  | 4220/5362 [06:43<01:54,  9.97it/s] 79%|███████▊  | 4221/5362 [06:43<01:54,  9.94it/s] 79%|███████▉  | 4223/5362 [06:44<02:02,  9.33it/s] 79%|███████▉  | 4224/5362 [06:44<02:02,  9.29it/s] 79%|███████▉  | 4225/5362 [06:44<02:02,  9.30it/s] 79%|███████▉  | 4227/5362 [06:44<01:58,  9.54it/s] 79%|███████▉  | 4228/5362 [06:44<01:59,  9.47it/s] 79%|███████▉  | 4229/5362 [06:44<01:59,  9.46it/s] 79%|███████▉  | 4230/5362 [06:44<02:00,  9.39it/s] 79%|███████▉  | 4231/5362 [06:44<02:08,  8.81it/s] 79%|███████▉  | 4233/5362 [06:45<02:04,  9.08it/s] 79%|███████▉  | 4234/5362 [06:45<02:04,  9.07it/s] 79%|███████▉  | 4236/5362 [06:45<02:03,  9.10it/s] 79%|███████▉  | 4237/5362 [06:45<02:04,  9.01it/s] 79%|███████▉  | 4238/5362 [06:45<02:02,  9.15it/s] 79%|███████▉  | 4239/5362 [06:45<02:01,  9.21it/s] 79%|███████▉  | 4240/5362 [06:45<02:03,  9.11it/s] 79%|███████▉  | 4241/5362 [06:46<02:08,  8.72it/s] 79%|███████▉  | 4243/5362 [06:46<02:06,  8.84it/s] 79%|███████▉  | 4244/5362 [06:46<02:05,  8.93it/s] 79%|███████▉  | 4246/5362 [06:46<02:03,  9.00it/s] 79%|███████▉  | 4248/5362 [06:46<02:02,  9.10it/s] 79%|███████▉  | 4250/5362 [06:47<02:03,  8.98it/s] 79%|███████▉  | 4251/5362 [06:47<02:02,  9.09it/s] 79%|███████▉  | 4252/5362 [06:47<02:00,  9.17it/s] 79%|███████▉  | 4253/5362 [06:47<02:01,  9.09it/s] 79%|███████▉  | 4254/5362 [06:47<02:00,  9.18it/s] 79%|███████▉  | 4255/5362 [06:47<01:59,  9.24it/s] 79%|███████▉  | 4256/5362 [06:47<01:57,  9.43it/s] 79%|███████▉  | 4258/5362 [06:47<01:54,  9.64it/s] 79%|███████▉  | 4259/5362 [06:48<02:01,  9.10it/s] 79%|███████▉  | 4260/5362 [06:48<02:22,  7.73it/s] 79%|███████▉  | 4261/5362 [06:48<02:46,  6.60it/s] 79%|███████▉  | 4262/5362 [06:48<02:58,  6.16it/s] 80%|███████▉  | 4263/5362 [06:48<02:51,  6.42it/s] 80%|███████▉  | 4264/5362 [06:48<02:40,  6.83it/s] 80%|███████▉  | 4265/5362 [06:48<02:28,  7.39it/s] 80%|███████▉  | 4267/5362 [06:49<02:09,  8.45it/s] 80%|███████▉  | 4269/5362 [06:49<02:01,  8.97it/s] 80%|███████▉  | 4270/5362 [06:49<01:59,  9.14it/s] 80%|███████▉  | 4271/5362 [06:49<01:58,  9.20it/s] 80%|███████▉  | 4273/5362 [06:49<01:46, 10.21it/s] 80%|███████▉  | 4275/5362 [06:49<01:44, 10.38it/s] 80%|███████▉  | 4277/5362 [06:50<01:41, 10.68it/s] 80%|███████▉  | 4279/5362 [06:50<01:36, 11.18it/s] 80%|███████▉  | 4281/5362 [06:50<01:38, 10.93it/s] 80%|███████▉  | 4283/5362 [06:50<01:39, 10.81it/s] 80%|███████▉  | 4285/5362 [06:50<01:43, 10.38it/s] 80%|███████▉  | 4287/5362 [06:51<01:49,  9.84it/s] 80%|███████▉  | 4288/5362 [06:51<01:51,  9.65it/s] 80%|███████▉  | 4289/5362 [06:51<02:02,  8.74it/s] 80%|████████  | 4291/5362 [06:51<01:51,  9.58it/s] 80%|████████  | 4293/5362 [06:51<01:53,  9.44it/s] 80%|████████  | 4294/5362 [06:51<01:55,  9.22it/s] 80%|████████  | 4295/5362 [06:52<02:04,  8.60it/s] 80%|████████  | 4296/5362 [06:52<02:01,  8.74it/s] 80%|████████  | 4297/5362 [06:52<02:07,  8.35it/s] 80%|████████  | 4299/5362 [06:52<01:49,  9.74it/s] 80%|████████  | 4300/5362 [06:52<01:48,  9.76it/s] 80%|████████  | 4302/5362 [06:52<01:47,  9.90it/s] 80%|████████  | 4304/5362 [06:52<01:40, 10.49it/s] 80%|████████  | 4306/5362 [06:53<01:41, 10.36it/s] 80%|████████  | 4308/5362 [06:53<01:38, 10.69it/s] 80%|████████  | 4310/5362 [06:53<01:35, 11.00it/s] 80%|████████  | 4312/5362 [06:53<01:39, 10.50it/s] 80%|████████  | 4314/5362 [06:53<01:40, 10.38it/s] 80%|████████  | 4316/5362 [06:54<01:40, 10.36it/s] 81%|████████  | 4318/5362 [06:54<01:41, 10.24it/s] 81%|████████  | 4320/5362 [06:54<01:38, 10.55it/s] 81%|████████  | 4322/5362 [06:54<01:35, 10.84it/s] 81%|████████  | 4324/5362 [06:54<01:40, 10.34it/s] 81%|████████  | 4326/5362 [06:55<01:48,  9.59it/s] 81%|████████  | 4327/5362 [06:55<01:48,  9.56it/s] 81%|████████  | 4329/5362 [06:55<01:45,  9.76it/s] 81%|████████  | 4331/5362 [06:55<01:42, 10.11it/s] 81%|████████  | 4333/5362 [06:55<01:45,  9.73it/s] 81%|████████  | 4335/5362 [06:55<01:39, 10.34it/s] 81%|████████  | 4337/5362 [06:56<01:42,  9.98it/s] 81%|████████  | 4339/5362 [06:56<01:45,  9.65it/s] 81%|████████  | 4341/5362 [06:56<01:41, 10.03it/s] 81%|████████  | 4343/5362 [06:56<01:42,  9.95it/s] 81%|████████  | 4345/5362 [06:56<01:42,  9.88it/s] 81%|████████  | 4347/5362 [06:57<01:39, 10.24it/s] 81%|████████  | 4349/5362 [06:57<01:45,  9.64it/s] 81%|████████  | 4350/5362 [06:57<01:46,  9.50it/s] 81%|████████  | 4351/5362 [06:57<01:49,  9.26it/s] 81%|████████  | 4352/5362 [06:57<01:50,  9.10it/s] 81%|████████  | 4353/5362 [06:57<01:50,  9.12it/s] 81%|████████  | 4354/5362 [06:57<01:50,  9.11it/s] 81%|████████  | 4355/5362 [06:58<01:48,  9.26it/s] 81%|████████  | 4356/5362 [06:58<01:49,  9.20it/s] 81%|████████▏ | 4357/5362 [06:58<01:56,  8.60it/s] 81%|████████▏ | 4358/5362 [06:58<01:54,  8.80it/s] 81%|████████▏ | 4359/5362 [06:58<01:50,  9.05it/s] 81%|████████▏ | 4360/5362 [06:58<01:54,  8.76it/s] 81%|████████▏ | 4361/5362 [06:58<01:55,  8.65it/s] 81%|████████▏ | 4362/5362 [06:58<01:58,  8.43it/s] 81%|████████▏ | 4363/5362 [06:58<02:07,  7.85it/s] 81%|████████▏ | 4364/5362 [06:59<02:02,  8.14it/s] 81%|████████▏ | 4365/5362 [06:59<02:00,  8.29it/s] 81%|████████▏ | 4366/5362 [06:59<02:00,  8.26it/s] 81%|████████▏ | 4367/5362 [06:59<02:00,  8.24it/s] 81%|████████▏ | 4368/5362 [06:59<02:00,  8.26it/s] 81%|████████▏ | 4369/5362 [06:59<02:01,  8.16it/s] 81%|████████▏ | 4370/5362 [06:59<01:57,  8.43it/s] 82%|████████▏ | 4371/5362 [06:59<01:55,  8.59it/s] 82%|████████▏ | 4372/5362 [07:00<01:51,  8.85it/s] 82%|████████▏ | 4373/5362 [07:00<01:55,  8.58it/s] 82%|████████▏ | 4374/5362 [07:00<01:57,  8.41it/s] 82%|████████▏ | 4375/5362 [07:00<01:54,  8.63it/s] 82%|████████▏ | 4376/5362 [07:00<01:52,  8.73it/s] 82%|████████▏ | 4377/5362 [07:00<01:49,  8.99it/s] 82%|████████▏ | 4378/5362 [07:00<01:48,  9.06it/s] 82%|████████▏ | 4379/5362 [07:00<01:49,  8.96it/s] 82%|████████▏ | 4380/5362 [07:00<01:48,  9.07it/s] 82%|████████▏ | 4382/5362 [07:01<01:47,  9.13it/s] 82%|████████▏ | 4383/5362 [07:01<01:46,  9.18it/s] 82%|████████▏ | 4384/5362 [07:01<01:47,  9.09it/s] 82%|████████▏ | 4385/5362 [07:01<01:51,  8.79it/s] 82%|████████▏ | 4386/5362 [07:01<01:49,  8.88it/s] 82%|████████▏ | 4388/5362 [07:01<01:43,  9.37it/s] 82%|████████▏ | 4389/5362 [07:01<01:45,  9.27it/s] 82%|████████▏ | 4391/5362 [07:02<01:44,  9.29it/s] 82%|████████▏ | 4392/5362 [07:02<01:53,  8.57it/s] 82%|████████▏ | 4393/5362 [07:02<02:29,  6.49it/s] 82%|████████▏ | 4394/5362 [07:02<02:23,  6.74it/s] 82%|████████▏ | 4395/5362 [07:02<02:20,  6.87it/s] 82%|████████▏ | 4396/5362 [07:02<02:11,  7.36it/s] 82%|████████▏ | 4397/5362 [07:03<02:05,  7.72it/s] 82%|████████▏ | 4398/5362 [07:03<02:10,  7.38it/s] 82%|████████▏ | 4399/5362 [07:03<02:07,  7.57it/s] 82%|████████▏ | 4400/5362 [07:03<01:59,  8.08it/s] 82%|████████▏ | 4401/5362 [07:03<01:56,  8.22it/s] 82%|████████▏ | 4402/5362 [07:03<02:03,  7.80it/s] 82%|████████▏ | 4403/5362 [07:03<02:00,  7.94it/s] 82%|████████▏ | 4404/5362 [07:03<02:08,  7.43it/s] 82%|████████▏ | 4405/5362 [07:04<02:01,  7.88it/s] 82%|████████▏ | 4406/5362 [07:04<01:59,  8.00it/s] 82%|████████▏ | 4407/5362 [07:04<01:52,  8.46it/s] 82%|████████▏ | 4408/5362 [07:04<01:50,  8.65it/s] 82%|████████▏ | 4409/5362 [07:04<01:47,  8.84it/s] 82%|████████▏ | 4410/5362 [07:04<01:48,  8.76it/s] 82%|████████▏ | 4411/5362 [07:04<01:59,  7.95it/s] 82%|████████▏ | 4413/5362 [07:04<01:37,  9.68it/s] 82%|████████▏ | 4414/5362 [07:05<01:45,  8.96it/s] 82%|████████▏ | 4416/5362 [07:05<01:41,  9.30it/s] 82%|████████▏ | 4417/5362 [07:05<01:42,  9.24it/s] 82%|████████▏ | 4418/5362 [07:05<01:41,  9.30it/s] 82%|████████▏ | 4420/5362 [07:05<01:40,  9.34it/s] 82%|████████▏ | 4421/5362 [07:05<01:41,  9.30it/s] 82%|████████▏ | 4422/5362 [07:05<01:45,  8.92it/s] 82%|████████▏ | 4423/5362 [07:06<01:45,  8.90it/s] 83%|████████▎ | 4424/5362 [07:06<01:44,  8.99it/s] 83%|████████▎ | 4425/5362 [07:06<01:45,  8.90it/s] 83%|████████▎ | 4427/5362 [07:06<01:39,  9.37it/s] 83%|████████▎ | 4428/5362 [07:06<01:41,  9.17it/s] 83%|████████▎ | 4429/5362 [07:06<01:50,  8.47it/s] 83%|████████▎ | 4430/5362 [07:06<01:52,  8.29it/s] 83%|████████▎ | 4431/5362 [07:06<01:48,  8.59it/s] 83%|████████▎ | 4432/5362 [07:07<01:46,  8.74it/s] 83%|████████▎ | 4433/5362 [07:07<01:43,  9.00it/s] 83%|████████▎ | 4434/5362 [07:07<01:48,  8.56it/s] 83%|████████▎ | 4435/5362 [07:07<01:55,  8.03it/s] 83%|████████▎ | 4436/5362 [07:07<01:51,  8.31it/s] 83%|████████▎ | 4438/5362 [07:07<01:37,  9.51it/s] 83%|████████▎ | 4440/5362 [07:07<01:34,  9.77it/s] 83%|████████▎ | 4441/5362 [07:08<01:35,  9.63it/s] 83%|████████▎ | 4443/5362 [07:08<01:36,  9.51it/s] 83%|████████▎ | 4445/5362 [07:08<01:33,  9.80it/s] 83%|████████▎ | 4447/5362 [07:08<01:36,  9.46it/s] 83%|████████▎ | 4448/5362 [07:08<01:35,  9.54it/s] 83%|████████▎ | 4449/5362 [07:08<01:37,  9.33it/s] 83%|████████▎ | 4450/5362 [07:09<01:49,  8.32it/s] 83%|████████▎ | 4451/5362 [07:09<01:53,  8.04it/s] 83%|████████▎ | 4452/5362 [07:09<01:53,  7.99it/s] 83%|████████▎ | 4453/5362 [07:09<01:51,  8.12it/s] 83%|████████▎ | 4454/5362 [07:09<02:13,  6.78it/s] 83%|████████▎ | 4455/5362 [07:09<02:05,  7.22it/s] 83%|████████▎ | 4456/5362 [07:09<01:59,  7.57it/s] 83%|████████▎ | 4457/5362 [07:10<02:00,  7.50it/s] 83%|████████▎ | 4458/5362 [07:10<01:53,  7.94it/s] 83%|████████▎ | 4459/5362 [07:10<01:53,  7.95it/s] 83%|████████▎ | 4461/5362 [07:10<01:39,  9.04it/s] 83%|████████▎ | 4462/5362 [07:10<01:39,  9.09it/s] 83%|████████▎ | 4464/5362 [07:10<01:33,  9.65it/s] 83%|████████▎ | 4466/5362 [07:10<01:31,  9.77it/s] 83%|████████▎ | 4468/5362 [07:11<01:32,  9.68it/s] 83%|████████▎ | 4470/5362 [07:11<01:26, 10.31it/s] 83%|████████▎ | 4472/5362 [07:11<01:27, 10.14it/s] 83%|████████▎ | 4474/5362 [07:11<01:28, 10.00it/s] 83%|████████▎ | 4476/5362 [07:11<01:24, 10.49it/s] 84%|████████▎ | 4478/5362 [07:12<01:34,  9.34it/s] 84%|████████▎ | 4479/5362 [07:12<01:40,  8.79it/s] 84%|████████▎ | 4480/5362 [07:12<01:50,  7.99it/s] 84%|████████▎ | 4481/5362 [07:12<01:45,  8.33it/s] 84%|████████▎ | 4482/5362 [07:12<01:46,  8.25it/s] 84%|████████▎ | 4484/5362 [07:12<01:38,  8.95it/s] 84%|████████▎ | 4486/5362 [07:13<01:33,  9.38it/s] 84%|████████▎ | 4488/5362 [07:13<01:23, 10.50it/s] 84%|████████▎ | 4490/5362 [07:13<01:27,  9.97it/s] 84%|████████▍ | 4492/5362 [07:13<01:23, 10.40it/s] 84%|████████▍ | 4494/5362 [07:13<01:26, 10.07it/s] 84%|████████▍ | 4496/5362 [07:14<01:25, 10.13it/s] 84%|████████▍ | 4498/5362 [07:14<01:24, 10.25it/s] 84%|████████▍ | 4500/5362 [07:14<01:26, 10.01it/s] 84%|████████▍ | 4502/5362 [07:14<01:24, 10.12it/s] 84%|████████▍ | 4504/5362 [07:14<01:23, 10.25it/s] 84%|████████▍ | 4506/5362 [07:15<01:21, 10.48it/s] 84%|████████▍ | 4508/5362 [07:15<01:24, 10.16it/s] 84%|████████▍ | 4510/5362 [07:15<01:22, 10.28it/s] 84%|████████▍ | 4512/5362 [07:15<01:23, 10.13it/s] 84%|████████▍ | 4514/5362 [07:15<01:28,  9.58it/s] 84%|████████▍ | 4515/5362 [07:15<01:34,  9.00it/s] 84%|████████▍ | 4516/5362 [07:16<01:35,  8.89it/s] 84%|████████▍ | 4517/5362 [07:16<01:39,  8.46it/s] 84%|████████▍ | 4518/5362 [07:16<01:40,  8.43it/s] 84%|████████▍ | 4519/5362 [07:16<01:36,  8.74it/s] 84%|████████▍ | 4520/5362 [07:16<01:36,  8.70it/s] 84%|████████▍ | 4521/5362 [07:16<01:36,  8.73it/s] 84%|████████▍ | 4522/5362 [07:16<01:33,  8.96it/s] 84%|████████▍ | 4524/5362 [07:16<01:26,  9.64it/s] 84%|████████▍ | 4525/5362 [07:17<01:27,  9.57it/s] 84%|████████▍ | 4527/5362 [07:17<01:23,  9.96it/s] 84%|████████▍ | 4528/5362 [07:17<01:28,  9.37it/s] 84%|████████▍ | 4530/5362 [07:17<01:20, 10.34it/s] 85%|████████▍ | 4532/5362 [07:17<01:26,  9.58it/s] 85%|████████▍ | 4534/5362 [07:18<01:23,  9.96it/s] 85%|████████▍ | 4535/5362 [07:18<01:24,  9.74it/s] 85%|████████▍ | 4536/5362 [07:18<01:25,  9.64it/s] 85%|████████▍ | 4537/5362 [07:18<01:24,  9.71it/s] 85%|████████▍ | 4538/5362 [07:18<01:25,  9.66it/s] 85%|████████▍ | 4539/5362 [07:18<01:27,  9.40it/s] 85%|████████▍ | 4540/5362 [07:18<01:29,  9.15it/s] 85%|████████▍ | 4541/5362 [07:18<01:29,  9.17it/s] 85%|████████▍ | 4542/5362 [07:18<01:27,  9.35it/s] 85%|████████▍ | 4543/5362 [07:18<01:27,  9.39it/s] 85%|████████▍ | 4544/5362 [07:19<01:31,  8.98it/s] 85%|████████▍ | 4545/5362 [07:19<01:30,  9.02it/s] 85%|████████▍ | 4546/5362 [07:19<01:30,  8.97it/s] 85%|████████▍ | 4547/5362 [07:19<01:31,  8.90it/s] 85%|████████▍ | 4548/5362 [07:19<01:31,  8.94it/s] 85%|████████▍ | 4550/5362 [07:19<01:27,  9.27it/s] 85%|████████▍ | 4551/5362 [07:19<01:26,  9.40it/s] 85%|████████▍ | 4552/5362 [07:19<01:29,  9.05it/s] 85%|████████▍ | 4553/5362 [07:20<01:30,  8.89it/s] 85%|████████▍ | 4555/5362 [07:20<01:21,  9.87it/s] 85%|████████▍ | 4556/5362 [07:20<01:29,  8.97it/s] 85%|████████▍ | 4557/5362 [07:20<01:30,  8.88it/s] 85%|████████▌ | 4558/5362 [07:20<01:28,  9.05it/s] 85%|████████▌ | 4559/5362 [07:20<01:29,  8.94it/s] 85%|████████▌ | 4560/5362 [07:20<01:30,  8.88it/s] 85%|████████▌ | 4561/5362 [07:20<01:29,  8.97it/s] 85%|████████▌ | 4562/5362 [07:21<01:28,  9.04it/s] 85%|████████▌ | 4563/5362 [07:21<01:29,  8.92it/s] 85%|████████▌ | 4565/5362 [07:21<01:32,  8.62it/s] 85%|████████▌ | 4566/5362 [07:21<01:30,  8.84it/s] 85%|████████▌ | 4567/5362 [07:21<01:29,  8.93it/s] 85%|████████▌ | 4569/5362 [07:21<01:23,  9.46it/s] 85%|████████▌ | 4570/5362 [07:21<01:26,  9.19it/s] 85%|████████▌ | 4571/5362 [07:22<01:24,  9.35it/s] 85%|████████▌ | 4572/5362 [07:22<01:24,  9.31it/s] 85%|████████▌ | 4573/5362 [07:22<01:24,  9.31it/s] 85%|████████▌ | 4574/5362 [07:22<01:24,  9.37it/s] 85%|████████▌ | 4575/5362 [07:22<01:23,  9.45it/s] 85%|████████▌ | 4576/5362 [07:22<01:24,  9.31it/s] 85%|████████▌ | 4577/5362 [07:22<01:22,  9.50it/s] 85%|████████▌ | 4578/5362 [07:22<01:21,  9.62it/s] 85%|████████▌ | 4579/5362 [07:22<01:24,  9.25it/s] 85%|████████▌ | 4580/5362 [07:23<01:25,  9.18it/s] 85%|████████▌ | 4582/5362 [07:23<01:21,  9.63it/s] 85%|████████▌ | 4583/5362 [07:23<01:24,  9.22it/s] 85%|████████▌ | 4584/5362 [07:23<01:23,  9.30it/s] 86%|████████▌ | 4585/5362 [07:23<01:26,  8.97it/s] 86%|████████▌ | 4586/5362 [07:23<01:33,  8.28it/s] 86%|████████▌ | 4587/5362 [07:23<01:32,  8.36it/s] 86%|████████▌ | 4588/5362 [07:23<01:35,  8.08it/s] 86%|████████▌ | 4589/5362 [07:24<01:40,  7.69it/s] 86%|████████▌ | 4590/5362 [07:24<01:40,  7.68it/s] 86%|████████▌ | 4591/5362 [07:24<01:42,  7.53it/s] 86%|████████▌ | 4592/5362 [07:24<01:39,  7.77it/s] 86%|████████▌ | 4593/5362 [07:24<01:38,  7.79it/s] 86%|████████▌ | 4595/5362 [07:24<01:34,  8.12it/s] 86%|████████▌ | 4596/5362 [07:24<01:30,  8.44it/s] 86%|████████▌ | 4598/5362 [07:25<01:23,  9.16it/s] 86%|████████▌ | 4599/5362 [07:25<01:23,  9.11it/s] 86%|████████▌ | 4600/5362 [07:25<01:28,  8.63it/s] 86%|████████▌ | 4601/5362 [07:25<01:25,  8.93it/s] 86%|████████▌ | 4602/5362 [07:25<01:26,  8.79it/s] 86%|████████▌ | 4603/5362 [07:25<01:23,  9.07it/s] 86%|████████▌ | 4604/5362 [07:25<01:26,  8.76it/s] 86%|████████▌ | 4605/5362 [07:25<01:24,  8.94it/s] 86%|████████▌ | 4607/5362 [07:26<01:23,  9.08it/s] 86%|████████▌ | 4608/5362 [07:26<01:22,  9.15it/s] 86%|████████▌ | 4609/5362 [07:26<01:21,  9.30it/s] 86%|████████▌ | 4611/5362 [07:26<01:21,  9.24it/s] 86%|████████▌ | 4612/5362 [07:26<01:20,  9.34it/s] 86%|████████▌ | 4614/5362 [07:26<01:19,  9.40it/s] 86%|████████▌ | 4615/5362 [07:27<01:21,  9.21it/s] 86%|████████▌ | 4616/5362 [07:27<01:21,  9.10it/s] 86%|████████▌ | 4617/5362 [07:27<01:20,  9.27it/s] 86%|████████▌ | 4618/5362 [07:27<01:21,  9.18it/s] 86%|████████▌ | 4619/5362 [07:27<01:25,  8.67it/s] 86%|████████▌ | 4620/5362 [07:27<01:23,  8.86it/s] 86%|████████▌ | 4621/5362 [07:27<01:30,  8.17it/s] 86%|████████▌ | 4622/5362 [07:27<01:26,  8.53it/s] 86%|████████▌ | 4624/5362 [07:28<01:19,  9.24it/s] 86%|████████▋ | 4625/5362 [07:28<01:24,  8.67it/s] 86%|████████▋ | 4627/5362 [07:28<01:21,  9.05it/s] 86%|████████▋ | 4628/5362 [07:28<01:20,  9.09it/s] 86%|████████▋ | 4630/5362 [07:28<01:14,  9.78it/s] 86%|████████▋ | 4631/5362 [07:28<01:14,  9.77it/s] 86%|████████▋ | 4632/5362 [07:28<01:16,  9.60it/s] 86%|████████▋ | 4634/5362 [07:29<01:14,  9.82it/s] 86%|████████▋ | 4636/5362 [07:29<01:10, 10.34it/s] 86%|████████▋ | 4638/5362 [07:29<01:13,  9.83it/s] 87%|████████▋ | 4639/5362 [07:29<01:13,  9.85it/s] 87%|████████▋ | 4640/5362 [07:29<01:13,  9.88it/s] 87%|████████▋ | 4642/5362 [07:29<01:10, 10.19it/s] 87%|████████▋ | 4644/5362 [07:30<01:13,  9.82it/s] 87%|████████▋ | 4645/5362 [07:30<01:29,  8.03it/s] 87%|████████▋ | 4646/5362 [07:30<01:33,  7.68it/s] 87%|████████▋ | 4647/5362 [07:30<01:37,  7.37it/s] 87%|████████▋ | 4648/5362 [07:30<01:45,  6.78it/s] 87%|████████▋ | 4649/5362 [07:30<01:49,  6.50it/s] 87%|████████▋ | 4650/5362 [07:31<01:40,  7.05it/s] 87%|████████▋ | 4651/5362 [07:31<01:34,  7.53it/s] 87%|████████▋ | 4653/5362 [07:31<01:24,  8.37it/s] 87%|████████▋ | 4654/5362 [07:31<01:23,  8.52it/s] 87%|████████▋ | 4655/5362 [07:31<01:20,  8.82it/s] 87%|████████▋ | 4656/5362 [07:31<01:18,  8.96it/s] 87%|████████▋ | 4657/5362 [07:31<01:18,  9.04it/s] 87%|████████▋ | 4659/5362 [07:32<01:15,  9.36it/s] 87%|████████▋ | 4660/5362 [07:32<01:14,  9.37it/s] 87%|████████▋ | 4661/5362 [07:32<01:16,  9.11it/s] 87%|████████▋ | 4662/5362 [07:32<01:17,  8.98it/s] 87%|████████▋ | 4664/5362 [07:32<01:16,  9.18it/s] 87%|████████▋ | 4665/5362 [07:32<01:17,  9.03it/s] 87%|████████▋ | 4666/5362 [07:32<01:17,  8.99it/s] 87%|████████▋ | 4667/5362 [07:32<01:21,  8.54it/s] 87%|████████▋ | 4668/5362 [07:33<01:20,  8.67it/s] 87%|████████▋ | 4669/5362 [07:33<01:17,  8.96it/s] 87%|████████▋ | 4670/5362 [07:33<01:16,  9.08it/s] 87%|████████▋ | 4671/5362 [07:33<01:18,  8.77it/s] 87%|████████▋ | 4672/5362 [07:33<01:17,  8.86it/s] 87%|████████▋ | 4673/5362 [07:33<01:16,  8.96it/s] 87%|████████▋ | 4674/5362 [07:33<01:17,  8.89it/s] 87%|████████▋ | 4675/5362 [07:33<01:16,  9.03it/s] 87%|████████▋ | 4676/5362 [07:33<01:15,  9.14it/s] 87%|████████▋ | 4678/5362 [07:34<01:13,  9.25it/s] 87%|████████▋ | 4679/5362 [07:34<01:13,  9.35it/s] 87%|████████▋ | 4681/5362 [07:34<01:06, 10.17it/s] 87%|████████▋ | 4683/5362 [07:34<01:07, 10.03it/s] 87%|████████▋ | 4684/5362 [07:34<01:08,  9.85it/s] 87%|████████▋ | 4685/5362 [07:34<01:11,  9.53it/s] 87%|████████▋ | 4686/5362 [07:34<01:11,  9.44it/s] 87%|████████▋ | 4688/5362 [07:35<01:10,  9.62it/s] 87%|████████▋ | 4690/5362 [07:35<01:05, 10.27it/s] 88%|████████▊ | 4692/5362 [07:35<01:05, 10.18it/s] 88%|████████▊ | 4694/5362 [07:35<01:05, 10.23it/s] 88%|████████▊ | 4696/5362 [07:35<01:13,  9.07it/s] 88%|████████▊ | 4697/5362 [07:36<01:16,  8.71it/s] 88%|████████▊ | 4698/5362 [07:36<01:16,  8.67it/s] 88%|████████▊ | 4699/5362 [07:36<01:16,  8.67it/s] 88%|████████▊ | 4700/5362 [07:36<01:17,  8.49it/s] 88%|████████▊ | 4701/5362 [07:36<01:18,  8.39it/s] 88%|████████▊ | 4702/5362 [07:36<01:16,  8.64it/s] 88%|████████▊ | 4704/5362 [07:36<01:12,  9.08it/s] 88%|████████▊ | 4705/5362 [07:37<01:13,  8.90it/s] 88%|████████▊ | 4706/5362 [07:37<01:15,  8.72it/s] 88%|████████▊ | 4707/5362 [07:37<01:14,  8.82it/s] 88%|████████▊ | 4708/5362 [07:37<01:12,  9.04it/s] 88%|████████▊ | 4709/5362 [07:37<01:12,  9.00it/s] 88%|████████▊ | 4711/5362 [07:37<01:10,  9.18it/s] 88%|████████▊ | 4712/5362 [07:37<01:12,  8.95it/s] 88%|████████▊ | 4714/5362 [07:37<01:05,  9.87it/s] 88%|████████▊ | 4715/5362 [07:38<01:05,  9.82it/s] 88%|████████▊ | 4716/5362 [07:38<01:06,  9.69it/s] 88%|████████▊ | 4717/5362 [07:38<01:07,  9.49it/s] 88%|████████▊ | 4718/5362 [07:38<01:08,  9.35it/s] 88%|████████▊ | 4720/5362 [07:38<01:01, 10.47it/s] 88%|████████▊ | 4722/5362 [07:38<01:01, 10.38it/s] 88%|████████▊ | 4724/5362 [07:38<01:00, 10.59it/s] 88%|████████▊ | 4726/5362 [07:39<01:01, 10.29it/s] 88%|████████▊ | 4728/5362 [07:39<01:00, 10.45it/s] 88%|████████▊ | 4730/5362 [07:39<01:01, 10.30it/s] 88%|████████▊ | 4732/5362 [07:39<01:10,  8.99it/s] 88%|████████▊ | 4733/5362 [07:40<01:16,  8.20it/s] 88%|████████▊ | 4734/5362 [07:40<01:17,  8.15it/s] 88%|████████▊ | 4735/5362 [07:40<01:18,  8.03it/s] 88%|████████▊ | 4736/5362 [07:40<01:14,  8.35it/s] 88%|████████▊ | 4737/5362 [07:40<01:13,  8.55it/s] 88%|████████▊ | 4738/5362 [07:40<01:11,  8.72it/s] 88%|████████▊ | 4739/5362 [07:40<01:10,  8.86it/s] 88%|████████▊ | 4740/5362 [07:40<01:08,  9.02it/s] 88%|████████▊ | 4742/5362 [07:40<01:04,  9.65it/s] 88%|████████▊ | 4744/5362 [07:41<01:04,  9.66it/s] 88%|████████▊ | 4745/5362 [07:41<01:05,  9.43it/s] 89%|████████▊ | 4747/5362 [07:41<01:06,  9.28it/s] 89%|████████▊ | 4748/5362 [07:41<01:05,  9.34it/s] 89%|████████▊ | 4750/5362 [07:41<01:04,  9.42it/s] 89%|████████▊ | 4752/5362 [07:42<01:02,  9.74it/s] 89%|████████▊ | 4753/5362 [07:42<01:02,  9.72it/s] 89%|████████▊ | 4754/5362 [07:42<01:06,  9.18it/s] 89%|████████▊ | 4755/5362 [07:42<01:06,  9.15it/s] 89%|████████▊ | 4756/5362 [07:42<01:08,  8.89it/s] 89%|████████▊ | 4757/5362 [07:42<01:12,  8.40it/s] 89%|████████▊ | 4758/5362 [07:42<01:11,  8.46it/s] 89%|████████▉ | 4759/5362 [07:42<01:13,  8.21it/s] 89%|████████▉ | 4760/5362 [07:42<01:10,  8.55it/s] 89%|████████▉ | 4762/5362 [07:43<01:09,  8.65it/s] 89%|████████▉ | 4763/5362 [07:43<01:07,  8.84it/s] 89%|████████▉ | 4764/5362 [07:43<01:09,  8.63it/s] 89%|████████▉ | 4766/5362 [07:43<01:03,  9.38it/s] 89%|████████▉ | 4768/5362 [07:43<00:59,  9.90it/s] 89%|████████▉ | 4769/5362 [07:43<01:08,  8.70it/s] 89%|████████▉ | 4770/5362 [07:44<01:06,  8.96it/s] 89%|████████▉ | 4772/5362 [07:44<01:03,  9.29it/s] 89%|████████▉ | 4773/5362 [07:44<01:03,  9.22it/s] 89%|████████▉ | 4775/5362 [07:44<01:02,  9.43it/s] 89%|████████▉ | 4776/5362 [07:44<01:03,  9.27it/s] 89%|████████▉ | 4777/5362 [07:44<01:05,  8.97it/s] 89%|████████▉ | 4779/5362 [07:45<01:01,  9.43it/s] 89%|████████▉ | 4780/5362 [07:45<01:02,  9.28it/s] 89%|████████▉ | 4781/5362 [07:45<01:02,  9.26it/s] 89%|████████▉ | 4783/5362 [07:45<00:59,  9.72it/s] 89%|████████▉ | 4784/5362 [07:45<01:02,  9.28it/s] 89%|████████▉ | 4785/5362 [07:45<01:02,  9.30it/s] 89%|████████▉ | 4786/5362 [07:45<01:01,  9.31it/s] 89%|████████▉ | 4787/5362 [07:45<01:00,  9.44it/s] 89%|████████▉ | 4788/5362 [07:46<01:02,  9.12it/s] 89%|████████▉ | 4790/5362 [07:46<01:00,  9.49it/s] 89%|████████▉ | 4791/5362 [07:46<01:02,  9.09it/s] 89%|████████▉ | 4792/5362 [07:46<01:04,  8.80it/s] 89%|████████▉ | 4793/5362 [07:46<01:04,  8.81it/s] 89%|████████▉ | 4794/5362 [07:46<01:03,  8.91it/s] 89%|████████▉ | 4796/5362 [07:46<01:01,  9.16it/s] 89%|████████▉ | 4797/5362 [07:47<01:02,  9.08it/s] 89%|████████▉ | 4798/5362 [07:47<01:03,  8.87it/s] 90%|████████▉ | 4799/5362 [07:47<01:01,  9.11it/s] 90%|████████▉ | 4800/5362 [07:47<01:01,  9.20it/s] 90%|████████▉ | 4801/5362 [07:47<01:00,  9.31it/s] 90%|████████▉ | 4802/5362 [07:47<00:59,  9.38it/s] 90%|████████▉ | 4803/5362 [07:47<00:59,  9.35it/s] 90%|████████▉ | 4804/5362 [07:47<00:59,  9.39it/s] 90%|████████▉ | 4806/5362 [07:47<00:52, 10.52it/s] 90%|████████▉ | 4808/5362 [07:48<00:55, 10.02it/s] 90%|████████▉ | 4810/5362 [07:48<00:52, 10.57it/s] 90%|████████▉ | 4812/5362 [07:48<00:51, 10.74it/s] 90%|████████▉ | 4814/5362 [07:48<00:52, 10.37it/s] 90%|████████▉ | 4816/5362 [07:48<00:48, 11.21it/s] 90%|████████▉ | 4818/5362 [07:49<00:47, 11.49it/s] 90%|████████▉ | 4820/5362 [07:49<00:51, 10.52it/s] 90%|████████▉ | 4822/5362 [07:49<00:49, 11.01it/s] 90%|████████▉ | 4824/5362 [07:49<00:50, 10.59it/s] 90%|█████████ | 4826/5362 [07:49<00:54,  9.86it/s] 90%|█████████ | 4828/5362 [07:50<00:58,  9.06it/s] 90%|█████████ | 4829/5362 [07:50<00:58,  9.05it/s] 90%|█████████ | 4831/5362 [07:50<00:55,  9.62it/s] 90%|█████████ | 4833/5362 [07:50<00:53,  9.82it/s] 90%|█████████ | 4834/5362 [07:50<00:53,  9.82it/s] 90%|█████████ | 4836/5362 [07:50<00:51, 10.23it/s] 90%|█████████ | 4838/5362 [07:51<00:49, 10.66it/s] 90%|█████████ | 4840/5362 [07:51<00:49, 10.45it/s] 90%|█████████ | 4842/5362 [07:51<00:46, 11.20it/s] 90%|█████████ | 4844/5362 [07:51<00:48, 10.71it/s] 90%|█████████ | 4846/5362 [07:51<00:47, 10.86it/s] 90%|█████████ | 4848/5362 [07:51<00:48, 10.65it/s] 90%|█████████ | 4850/5362 [07:52<00:48, 10.56it/s] 90%|█████████ | 4852/5362 [07:52<00:44, 11.40it/s] 91%|█████████ | 4854/5362 [07:52<00:46, 10.87it/s] 91%|█████████ | 4856/5362 [07:52<00:47, 10.69it/s] 91%|█████████ | 4858/5362 [07:52<00:44, 11.39it/s] 91%|█████████ | 4860/5362 [07:53<00:46, 10.78it/s] 91%|█████████ | 4862/5362 [07:53<00:46, 10.65it/s] 91%|█████████ | 4864/5362 [07:53<00:45, 10.93it/s] 91%|█████████ | 4866/5362 [07:53<00:46, 10.58it/s] 91%|█████████ | 4868/5362 [07:53<00:42, 11.72it/s] 91%|█████████ | 4870/5362 [07:53<00:38, 12.69it/s] 91%|█████████ | 4872/5362 [07:54<00:40, 12.19it/s] 91%|█████████ | 4874/5362 [07:54<00:39, 12.40it/s] 91%|█████████ | 4876/5362 [07:54<00:38, 12.53it/s] 91%|█████████ | 4878/5362 [07:54<00:39, 12.23it/s] 91%|█████████ | 4880/5362 [07:54<00:38, 12.68it/s] 91%|█████████ | 4882/5362 [07:54<00:39, 12.09it/s] 91%|█████████ | 4884/5362 [07:55<00:37, 12.81it/s] 91%|█████████ | 4886/5362 [07:55<00:40, 11.82it/s] 91%|█████████ | 4888/5362 [07:55<00:42, 11.11it/s] 91%|█████████ | 4890/5362 [07:55<00:43, 10.91it/s] 91%|█████████ | 4892/5362 [07:55<00:45, 10.32it/s] 91%|█████████▏| 4894/5362 [07:56<00:45, 10.35it/s] 91%|█████████▏| 4896/5362 [07:56<00:44, 10.54it/s] 91%|█████████▏| 4898/5362 [07:56<00:42, 10.91it/s] 91%|█████████▏| 4900/5362 [07:56<00:41, 11.06it/s] 91%|█████████▏| 4902/5362 [07:56<00:40, 11.42it/s] 91%|█████████▏| 4904/5362 [07:56<00:40, 11.42it/s] 91%|█████████▏| 4906/5362 [07:57<00:39, 11.43it/s] 92%|█████████▏| 4908/5362 [07:57<00:36, 12.42it/s] 92%|█████████▏| 4910/5362 [07:57<00:36, 12.49it/s] 92%|█████████▏| 4912/5362 [07:57<00:36, 12.34it/s] 92%|█████████▏| 4914/5362 [07:57<00:38, 11.58it/s] 92%|█████████▏| 4916/5362 [07:57<00:41, 10.82it/s] 92%|█████████▏| 4918/5362 [07:58<00:40, 11.06it/s] 92%|█████████▏| 4920/5362 [07:58<00:41, 10.54it/s] 92%|█████████▏| 4922/5362 [07:58<00:37, 11.58it/s] 92%|█████████▏| 4924/5362 [07:58<00:38, 11.34it/s] 92%|█████████▏| 4926/5362 [07:58<00:39, 10.98it/s] 92%|█████████▏| 4928/5362 [07:58<00:37, 11.44it/s] 92%|█████████▏| 4930/5362 [07:59<00:35, 12.00it/s] 92%|█████████▏| 4932/5362 [07:59<00:36, 11.74it/s] 92%|█████████▏| 4934/5362 [07:59<00:34, 12.33it/s] 92%|█████████▏| 4936/5362 [07:59<00:34, 12.29it/s] 92%|█████████▏| 4938/5362 [07:59<00:34, 12.30it/s] 92%|█████████▏| 4940/5362 [07:59<00:31, 13.23it/s] 92%|█████████▏| 4942/5362 [08:00<00:32, 12.85it/s] 92%|█████████▏| 4944/5362 [08:00<00:31, 13.27it/s] 92%|█████████▏| 4946/5362 [08:00<00:33, 12.32it/s] 92%|█████████▏| 4948/5362 [08:00<00:31, 13.09it/s] 92%|█████████▏| 4950/5362 [08:00<00:32, 12.50it/s] 92%|█████████▏| 4952/5362 [08:00<00:34, 11.93it/s] 92%|█████████▏| 4954/5362 [08:01<00:32, 12.37it/s] 92%|█████████▏| 4956/5362 [08:01<00:31, 12.86it/s] 92%|█████████▏| 4958/5362 [08:01<00:30, 13.27it/s] 93%|█████████▎| 4960/5362 [08:01<00:29, 13.58it/s] 93%|█████████▎| 4962/5362 [08:01<00:29, 13.76it/s] 93%|█████████▎| 4964/5362 [08:01<00:29, 13.70it/s] 93%|█████████▎| 4966/5362 [08:01<00:28, 13.83it/s] 93%|█████████▎| 4968/5362 [08:02<00:30, 12.88it/s] 93%|█████████▎| 4970/5362 [08:02<00:30, 12.82it/s] 93%|█████████▎| 4972/5362 [08:02<00:30, 12.77it/s] 93%|█████████▎| 4974/5362 [08:02<00:29, 13.10it/s] 93%|█████████▎| 4976/5362 [08:02<00:33, 11.51it/s] 93%|█████████▎| 4978/5362 [08:02<00:32, 11.72it/s] 93%|█████████▎| 4980/5362 [08:03<00:33, 11.38it/s] 93%|█████████▎| 4982/5362 [08:03<00:33, 11.30it/s] 93%|█████████▎| 4984/5362 [08:03<00:30, 12.22it/s] 93%|█████████▎| 4986/5362 [08:03<00:31, 11.99it/s] 93%|█████████▎| 4988/5362 [08:03<00:32, 11.39it/s] 93%|█████████▎| 4990/5362 [08:03<00:30, 12.10it/s] 93%|█████████▎| 4992/5362 [08:04<00:30, 12.20it/s] 93%|█████████▎| 4994/5362 [08:04<00:32, 11.42it/s] 93%|█████████▎| 4996/5362 [08:04<00:32, 11.21it/s] 93%|█████████▎| 4998/5362 [08:04<00:33, 10.94it/s] 93%|█████████▎| 5000/5362 [08:04<00:30, 11.81it/s] 93%|█████████▎| 5002/5362 [08:04<00:32, 11.12it/s] 93%|█████████▎| 5004/5362 [08:05<00:32, 11.11it/s] 93%|█████████▎| 5006/5362 [08:05<00:30, 11.66it/s] 93%|█████████▎| 5008/5362 [08:05<00:31, 11.18it/s] 93%|█████████▎| 5010/5362 [08:05<00:31, 11.00it/s] 93%|█████████▎| 5012/5362 [08:05<00:31, 11.08it/s] 94%|█████████▎| 5014/5362 [08:06<00:32, 10.73it/s] 94%|█████████▎| 5016/5362 [08:06<00:30, 11.53it/s] 94%|█████████▎| 5018/5362 [08:06<00:31, 10.98it/s] 94%|█████████▎| 5020/5362 [08:06<00:30, 11.14it/s] 94%|█████████▎| 5022/5362 [08:06<00:29, 11.67it/s] 94%|█████████▎| 5024/5362 [08:06<00:29, 11.43it/s] 94%|█████████▎| 5026/5362 [08:07<00:29, 11.58it/s] 94%|█████████▍| 5028/5362 [08:07<00:29, 11.18it/s] 94%|█████████▍| 5030/5362 [08:07<00:30, 10.79it/s] 94%|█████████▍| 5032/5362 [08:07<00:29, 11.26it/s] 94%|█████████▍| 5034/5362 [08:07<00:29, 11.14it/s] 94%|█████████▍| 5036/5362 [08:08<00:29, 11.08it/s] 94%|█████████▍| 5038/5362 [08:08<00:29, 11.17it/s] 94%|█████████▍| 5040/5362 [08:08<00:28, 11.23it/s] 94%|█████████▍| 5042/5362 [08:08<00:26, 11.98it/s] 94%|█████████▍| 5044/5362 [08:08<00:27, 11.69it/s] 94%|█████████▍| 5046/5362 [08:08<00:27, 11.59it/s] 94%|█████████▍| 5048/5362 [08:09<00:27, 11.24it/s] 94%|█████████▍| 5050/5362 [08:09<00:26, 11.83it/s] 94%|█████████▍| 5052/5362 [08:09<00:27, 11.44it/s] 94%|█████████▍| 5054/5362 [08:09<00:25, 12.05it/s] 94%|█████████▍| 5056/5362 [08:09<00:27, 11.28it/s] 94%|█████████▍| 5058/5362 [08:09<00:27, 11.11it/s] 94%|█████████▍| 5060/5362 [08:10<00:28, 10.76it/s] 94%|█████████▍| 5062/5362 [08:10<00:27, 11.03it/s] 94%|█████████▍| 5064/5362 [08:10<00:27, 10.83it/s] 94%|█████████▍| 5066/5362 [08:10<00:27, 10.79it/s] 95%|█████████▍| 5068/5362 [08:10<00:28, 10.18it/s] 95%|█████████▍| 5070/5362 [08:11<00:29,  9.95it/s] 95%|█████████▍| 5072/5362 [08:11<00:29,  9.91it/s] 95%|█████████▍| 5074/5362 [08:11<00:27, 10.47it/s] 95%|█████████▍| 5076/5362 [08:11<00:27, 10.53it/s] 95%|█████████▍| 5078/5362 [08:11<00:26, 10.58it/s] 95%|█████████▍| 5080/5362 [08:12<00:25, 11.14it/s] 95%|█████████▍| 5082/5362 [08:12<00:26, 10.70it/s] 95%|█████████▍| 5084/5362 [08:12<00:24, 11.21it/s] 95%|█████████▍| 5086/5362 [08:12<00:24, 11.48it/s] 95%|█████████▍| 5088/5362 [08:12<00:24, 10.97it/s] 95%|█████████▍| 5090/5362 [08:12<00:24, 11.24it/s] 95%|█████████▍| 5092/5362 [08:13<00:22, 11.79it/s] 95%|█████████▌| 5094/5362 [08:13<00:23, 11.21it/s] 95%|█████████▌| 5096/5362 [08:13<00:22, 12.05it/s] 95%|█████████▌| 5098/5362 [08:13<00:22, 11.71it/s] 95%|█████████▌| 5100/5362 [08:13<00:22, 11.84it/s] 95%|█████████▌| 5102/5362 [08:13<00:21, 11.95it/s] 95%|█████████▌| 5104/5362 [08:14<00:20, 12.56it/s] 95%|█████████▌| 5106/5362 [08:14<00:21, 12.05it/s] 95%|█████████▌| 5108/5362 [08:14<00:22, 11.48it/s] 95%|█████████▌| 5110/5362 [08:14<00:22, 11.05it/s] 95%|█████████▌| 5112/5362 [08:14<00:20, 11.91it/s] 95%|█████████▌| 5114/5362 [08:14<00:20, 11.92it/s] 95%|█████████▌| 5116/5362 [08:15<00:21, 11.68it/s] 95%|█████████▌| 5118/5362 [08:15<00:19, 12.32it/s] 95%|█████████▌| 5120/5362 [08:15<00:20, 11.86it/s] 96%|█████████▌| 5122/5362 [08:15<00:21, 11.01it/s] 96%|█████████▌| 5124/5362 [08:15<00:19, 11.96it/s] 96%|█████████▌| 5126/5362 [08:15<00:20, 11.80it/s] 96%|█████████▌| 5128/5362 [08:16<00:19, 12.07it/s] 96%|█████████▌| 5130/5362 [08:16<00:19, 11.85it/s] 96%|█████████▌| 5132/5362 [08:16<00:20, 11.28it/s] 96%|█████████▌| 5134/5362 [08:16<00:20, 11.18it/s] 96%|█████████▌| 5136/5362 [08:16<00:19, 11.83it/s] 96%|█████████▌| 5138/5362 [08:17<00:20, 11.16it/s] 96%|█████████▌| 5140/5362 [08:17<00:20, 10.76it/s] 96%|█████████▌| 5142/5362 [08:17<00:19, 11.20it/s] 96%|█████████▌| 5144/5362 [08:17<00:20, 10.66it/s] 96%|█████████▌| 5146/5362 [08:17<00:20, 10.50it/s] 96%|█████████▌| 5148/5362 [08:17<00:19, 11.01it/s] 96%|█████████▌| 5150/5362 [08:18<00:18, 11.23it/s] 96%|█████████▌| 5152/5362 [08:18<00:19, 10.62it/s] 96%|█████████▌| 5154/5362 [08:18<00:19, 10.78it/s] 96%|█████████▌| 5156/5362 [08:18<00:19, 10.63it/s] 96%|█████████▌| 5158/5362 [08:18<00:18, 11.09it/s] 96%|█████████▌| 5160/5362 [08:19<00:18, 10.92it/s] 96%|█████████▋| 5162/5362 [08:19<00:18, 10.62it/s] 96%|█████████▋| 5164/5362 [08:19<00:19, 10.40it/s] 96%|█████████▋| 5166/5362 [08:19<00:18, 10.85it/s] 96%|█████████▋| 5168/5362 [08:19<00:17, 11.13it/s] 96%|█████████▋| 5170/5362 [08:19<00:17, 11.03it/s] 96%|█████████▋| 5172/5362 [08:20<00:17, 10.69it/s] 96%|█████████▋| 5174/5362 [08:20<00:16, 11.27it/s] 97%|█████████▋| 5176/5362 [08:20<00:16, 11.38it/s] 97%|█████████▋| 5178/5362 [08:20<00:15, 11.68it/s] 97%|█████████▋| 5180/5362 [08:20<00:14, 12.56it/s] 97%|█████████▋| 5182/5362 [08:20<00:13, 13.61it/s] 97%|█████████▋| 5184/5362 [08:21<00:13, 13.45it/s] 97%|█████████▋| 5186/5362 [08:21<00:14, 11.80it/s] 97%|█████████▋| 5188/5362 [08:21<00:15, 10.97it/s] 97%|█████████▋| 5190/5362 [08:21<00:14, 11.47it/s] 97%|█████████▋| 5192/5362 [08:21<00:13, 12.20it/s] 97%|█████████▋| 5194/5362 [08:21<00:13, 12.18it/s] 97%|█████████▋| 5196/5362 [08:22<00:13, 12.52it/s] 97%|█████████▋| 5198/5362 [08:22<00:13, 12.04it/s] 97%|█████████▋| 5200/5362 [08:22<00:14, 10.99it/s] 97%|█████████▋| 5202/5362 [08:22<00:14, 10.75it/s] 97%|█████████▋| 5204/5362 [08:22<00:14, 10.66it/s] 97%|█████████▋| 5206/5362 [08:23<00:14, 10.91it/s] 97%|█████████▋| 5208/5362 [08:23<00:12, 12.46it/s] 97%|█████████▋| 5210/5362 [08:23<00:11, 12.77it/s] 97%|█████████▋| 5213/5362 [08:23<00:10, 13.94it/s] 97%|█████████▋| 5215/5362 [08:23<00:10, 13.66it/s] 97%|█████████▋| 5217/5362 [08:23<00:10, 13.52it/s] 97%|█████████▋| 5219/5362 [08:23<00:10, 13.11it/s] 97%|█████████▋| 5221/5362 [08:24<00:11, 12.68it/s] 97%|█████████▋| 5223/5362 [08:24<00:11, 12.48it/s] 97%|█████████▋| 5225/5362 [08:24<00:10, 13.08it/s] 97%|█████████▋| 5227/5362 [08:24<00:10, 12.46it/s] 98%|█████████▊| 5229/5362 [08:24<00:11, 11.90it/s] 98%|█████████▊| 5231/5362 [08:25<00:11, 11.23it/s] 98%|█████████▊| 5233/5362 [08:25<00:11, 11.21it/s] 98%|█████████▊| 5235/5362 [08:25<00:10, 12.48it/s] 98%|█████████▊| 5237/5362 [08:25<00:09, 13.32it/s] 98%|█████████▊| 5239/5362 [08:25<00:09, 13.44it/s] 98%|█████████▊| 5241/5362 [08:25<00:08, 13.65it/s] 98%|█████████▊| 5243/5362 [08:25<00:08, 13.62it/s] 98%|█████████▊| 5245/5362 [08:26<00:08, 13.21it/s] 98%|█████████▊| 5247/5362 [08:26<00:08, 13.37it/s] 98%|█████████▊| 5249/5362 [08:26<00:08, 13.37it/s] 98%|█████████▊| 5251/5362 [08:26<00:07, 13.96it/s] 98%|█████████▊| 5253/5362 [08:26<00:08, 13.10it/s] 98%|█████████▊| 5255/5362 [08:26<00:08, 13.02it/s] 98%|█████████▊| 5257/5362 [08:26<00:08, 12.71it/s] 98%|█████████▊| 5259/5362 [08:27<00:07, 13.62it/s] 98%|█████████▊| 5261/5362 [08:27<00:07, 14.21it/s] 98%|█████████▊| 5263/5362 [08:27<00:06, 14.52it/s] 98%|█████████▊| 5265/5362 [08:27<00:07, 12.89it/s] 98%|█████████▊| 5267/5362 [08:27<00:07, 12.97it/s] 98%|█████████▊| 5269/5362 [08:27<00:07, 12.46it/s] 98%|█████████▊| 5271/5362 [08:28<00:07, 12.32it/s] 98%|█████████▊| 5273/5362 [08:28<00:07, 12.33it/s] 98%|█████████▊| 5275/5362 [08:28<00:06, 12.62it/s] 98%|█████████▊| 5277/5362 [08:28<00:06, 12.84it/s] 98%|█████████▊| 5279/5362 [08:28<00:06, 13.68it/s] 98%|█████████▊| 5281/5362 [08:28<00:06, 12.43it/s] 99%|█████████▊| 5283/5362 [08:28<00:06, 11.97it/s] 99%|█████████▊| 5285/5362 [08:29<00:06, 11.53it/s] 99%|█████████▊| 5287/5362 [08:29<00:06, 11.02it/s] 99%|█████████▊| 5289/5362 [08:29<00:06, 10.92it/s] 99%|█████████▊| 5291/5362 [08:29<00:05, 12.09it/s] 99%|█████████▊| 5293/5362 [08:29<00:05, 11.90it/s] 99%|█████████▉| 5295/5362 [08:30<00:05, 12.36it/s] 99%|█████████▉| 5297/5362 [08:30<00:05, 12.13it/s] 99%|█████████▉| 5299/5362 [08:30<00:05, 12.10it/s] 99%|█████████▉| 5301/5362 [08:30<00:05, 11.79it/s] 99%|█████████▉| 5303/5362 [08:30<00:05, 11.21it/s] 99%|█████████▉| 5305/5362 [08:30<00:05, 11.38it/s] 99%|█████████▉| 5307/5362 [08:31<00:04, 11.18it/s] 99%|█████████▉| 5309/5362 [08:31<00:04, 11.52it/s] 99%|█████████▉| 5311/5362 [08:31<00:04, 11.02it/s] 99%|█████████▉| 5313/5362 [08:31<00:04, 10.89it/s] 99%|█████████▉| 5315/5362 [08:31<00:04, 11.09it/s] 99%|█████████▉| 5317/5362 [08:31<00:04, 11.18it/s] 99%|█████████▉| 5319/5362 [08:32<00:03, 10.81it/s] 99%|█████████▉| 5321/5362 [08:32<00:04,  9.59it/s] 99%|█████████▉| 5322/5362 [08:32<00:04,  9.29it/s] 99%|█████████▉| 5323/5362 [08:32<00:04,  9.24it/s] 99%|█████████▉| 5324/5362 [08:32<00:04,  9.29it/s] 99%|█████████▉| 5325/5362 [08:32<00:03,  9.38it/s] 99%|█████████▉| 5327/5362 [08:33<00:03, 11.03it/s] 99%|█████████▉| 5329/5362 [08:33<00:02, 11.40it/s] 99%|█████████▉| 5331/5362 [08:33<00:02, 10.87it/s] 99%|█████████▉| 5333/5362 [08:33<00:02, 10.61it/s] 99%|█████████▉| 5335/5362 [08:33<00:02, 10.54it/s]100%|█████████▉| 5337/5362 [08:33<00:02, 11.49it/s]100%|█████████▉| 5339/5362 [08:34<00:01, 12.28it/s]100%|█████████▉| 5341/5362 [08:34<00:01, 12.26it/s]100%|█████████▉| 5343/5362 [08:34<00:01, 11.61it/s]100%|█████████▉| 5345/5362 [08:34<00:01, 12.22it/s]100%|█████████▉| 5347/5362 [08:34<00:01, 11.42it/s]100%|█████████▉| 5349/5362 [08:34<00:01, 11.42it/s]100%|█████████▉| 5351/5362 [08:35<00:00, 12.14it/s]100%|█████████▉| 5353/5362 [08:35<00:00, 11.83it/s]100%|█████████▉| 5355/5362 [08:35<00:00, 11.47it/s]100%|█████████▉| 5357/5362 [08:35<00:00, 12.26it/s]100%|█████████▉| 5359/5362 [08:35<00:00, 11.01it/s]100%|█████████▉| 5361/5362 [08:35<00:00, 11.95it/s]100%|██████████| 5362/5362 [08:36<00:00, 10.39it/s]
FAD: {'frechet_audio_distance': np.float64(3.4604253501983564)}
Extracting features from /mnt/workspace/home/zhangjunan/audioldm_eval/audioldm_eval/test_musiccaps/audio.
  0%|          | 0/5362 [00:00<?, ?it/s]  0%|          | 1/5362 [00:01<2:04:49,  1.40s/it]  0%|          | 3/5362 [00:01<35:50,  2.49it/s]    0%|          | 6/5362 [00:01<15:57,  5.59it/s]  0%|          | 9/5362 [00:01<09:55,  8.98it/s]  0%|          | 12/5362 [00:01<07:14, 12.32it/s]  0%|          | 15/5362 [00:01<05:46, 15.41it/s]  0%|          | 18/5362 [00:02<04:51, 18.31it/s]  0%|          | 21/5362 [00:02<04:24, 20.16it/s]  0%|          | 24/5362 [00:02<03:57, 22.48it/s]  1%|          | 28/5362 [00:02<03:36, 24.59it/s]  1%|          | 31/5362 [00:02<03:29, 25.50it/s]  1%|          | 34/5362 [00:02<03:27, 25.70it/s]  1%|          | 37/5362 [00:02<03:22, 26.27it/s]  1%|          | 40/5362 [00:02<03:16, 27.06it/s]  1%|          | 43/5362 [00:02<03:17, 26.98it/s]  1%|          | 46/5362 [00:03<03:19, 26.63it/s]  1%|          | 49/5362 [00:03<03:23, 26.08it/s]  1%|          | 53/5362 [00:03<03:15, 27.14it/s]  1%|          | 56/5362 [00:03<03:12, 27.56it/s]  1%|          | 59/5362 [00:03<03:13, 27.42it/s]  1%|          | 62/5362 [00:03<03:16, 26.97it/s]  1%|          | 65/5362 [00:03<03:13, 27.38it/s]  1%|▏         | 68/5362 [00:03<03:26, 25.60it/s]  1%|▏         | 71/5362 [00:03<03:17, 26.74it/s]  1%|▏         | 74/5362 [00:04<03:13, 27.31it/s]  1%|▏         | 79/5362 [00:04<02:37, 33.60it/s]  2%|▏         | 85/5362 [00:04<02:15, 38.99it/s]  2%|▏         | 91/5362 [00:04<02:03, 42.71it/s]  2%|▏         | 97/5362 [00:04<01:56, 45.01it/s]  2%|▏         | 102/5362 [00:04<01:53, 46.32it/s]  2%|▏         | 108/5362 [00:04<01:50, 47.51it/s]  2%|▏         | 113/5362 [00:04<01:49, 48.10it/s]  2%|▏         | 118/5362 [00:04<01:51, 47.13it/s]  2%|▏         | 124/5362 [00:05<01:47, 48.58it/s]  2%|▏         | 129/5362 [00:05<01:48, 48.36it/s]  2%|▏         | 134/5362 [00:05<01:54, 45.72it/s]  3%|▎         | 139/5362 [00:05<02:21, 36.85it/s]  3%|▎         | 143/5362 [00:05<02:43, 31.99it/s]  3%|▎         | 147/5362 [00:05<02:53, 30.10it/s]  3%|▎         | 151/5362 [00:06<03:00, 28.79it/s]  3%|▎         | 155/5362 [00:06<03:06, 27.88it/s]  3%|▎         | 158/5362 [00:06<03:10, 27.38it/s]  3%|▎         | 161/5362 [00:06<03:13, 26.84it/s]  3%|▎         | 164/5362 [00:06<03:15, 26.56it/s]  3%|▎         | 167/5362 [00:06<03:17, 26.36it/s]  3%|▎         | 170/5362 [00:06<03:18, 26.20it/s]  3%|▎         | 173/5362 [00:06<03:18, 26.08it/s]  3%|▎         | 176/5362 [00:06<03:19, 26.01it/s]  3%|▎         | 179/5362 [00:07<03:19, 25.95it/s]  3%|▎         | 182/5362 [00:07<03:24, 25.36it/s]  3%|▎         | 185/5362 [00:07<03:26, 25.10it/s]  4%|▎         | 188/5362 [00:07<03:25, 25.17it/s]  4%|▎         | 191/5362 [00:07<03:23, 25.36it/s]  4%|▎         | 194/5362 [00:07<03:22, 25.49it/s]  4%|▎         | 197/5362 [00:07<03:22, 25.45it/s]  4%|▎         | 200/5362 [00:07<03:21, 25.57it/s]  4%|▍         | 203/5362 [00:08<03:21, 25.65it/s]  4%|▍         | 206/5362 [00:08<03:20, 25.71it/s]  4%|▍         | 209/5362 [00:08<03:20, 25.75it/s]  4%|▍         | 212/5362 [00:08<03:19, 25.76it/s]  4%|▍         | 215/5362 [00:08<03:29, 24.60it/s]  4%|▍         | 218/5362 [00:08<03:27, 24.82it/s]  4%|▍         | 221/5362 [00:08<03:24, 25.12it/s]  4%|▍         | 224/5362 [00:08<03:24, 25.18it/s]  4%|▍         | 227/5362 [00:09<03:22, 25.37it/s]  4%|▍         | 230/5362 [00:09<03:21, 25.52it/s]  4%|▍         | 233/5362 [00:09<03:21, 25.46it/s]  4%|▍         | 236/5362 [00:09<03:20, 25.56it/s]  4%|▍         | 239/5362 [00:09<03:19, 25.63it/s]  5%|▍         | 242/5362 [00:09<03:19, 25.69it/s]  5%|▍         | 245/5362 [00:09<03:18, 25.80it/s]  5%|▍         | 248/5362 [00:09<03:18, 25.82it/s]  5%|▍         | 251/5362 [00:09<03:17, 25.82it/s]  5%|▍         | 254/5362 [00:10<03:17, 25.83it/s]  5%|▍         | 257/5362 [00:10<03:17, 25.83it/s]  5%|▍         | 260/5362 [00:10<03:17, 25.83it/s]  5%|▍         | 263/5362 [00:10<03:17, 25.83it/s]  5%|▍         | 266/5362 [00:10<03:17, 25.83it/s]  5%|▌         | 269/5362 [00:10<03:17, 25.83it/s]  5%|▌         | 272/5362 [00:10<03:17, 25.83it/s]  5%|▌         | 275/5362 [00:10<03:16, 25.84it/s]  5%|▌         | 278/5362 [00:10<03:16, 25.83it/s]  5%|▌         | 281/5362 [00:11<03:16, 25.84it/s]  5%|▌         | 284/5362 [00:11<03:16, 25.85it/s]  5%|▌         | 287/5362 [00:11<03:16, 25.86it/s]  5%|▌         | 290/5362 [00:11<03:16, 25.85it/s]  5%|▌         | 293/5362 [00:11<03:18, 25.57it/s]  6%|▌         | 296/5362 [00:11<03:17, 25.64it/s]  6%|▌         | 299/5362 [00:11<03:16, 25.71it/s]  6%|▌         | 302/5362 [00:11<03:16, 25.74it/s]  6%|▌         | 305/5362 [00:12<03:16, 25.76it/s]  6%|▌         | 308/5362 [00:12<03:17, 25.62it/s]  6%|▌         | 311/5362 [00:12<03:21, 25.01it/s]  6%|▌         | 314/5362 [00:12<03:19, 25.26it/s]  6%|▌         | 317/5362 [00:12<03:18, 25.43it/s]  6%|▌         | 320/5362 [00:12<03:17, 25.55it/s]  6%|▌         | 323/5362 [00:12<03:17, 25.49it/s]  6%|▌         | 326/5362 [00:12<03:16, 25.58it/s]  6%|▌         | 329/5362 [00:12<03:17, 25.53it/s]  6%|▌         | 332/5362 [00:13<03:16, 25.62it/s]  6%|▌         | 335/5362 [00:13<03:16, 25.56it/s]  6%|▋         | 338/5362 [00:13<03:15, 25.64it/s]  6%|▋         | 341/5362 [00:13<03:15, 25.71it/s]  6%|▋         | 344/5362 [00:13<03:14, 25.76it/s]  6%|▋         | 347/5362 [00:13<03:14, 25.79it/s]  7%|▋         | 350/5362 [00:13<03:14, 25.81it/s]  7%|▋         | 353/5362 [00:13<03:14, 25.82it/s]  7%|▋         | 356/5362 [00:14<03:13, 25.82it/s]  7%|▋         | 359/5362 [00:14<03:14, 25.70it/s]  7%|▋         | 362/5362 [00:14<03:15, 25.60it/s]  7%|▋         | 365/5362 [00:14<03:16, 25.40it/s]  7%|▋         | 368/5362 [00:14<03:15, 25.53it/s]  7%|▋         | 371/5362 [00:14<03:15, 25.50it/s]  7%|▋         | 374/5362 [00:14<03:14, 25.61it/s]  7%|▋         | 377/5362 [00:14<03:15, 25.54it/s]  7%|▋         | 380/5362 [00:14<03:14, 25.64it/s]  7%|▋         | 383/5362 [00:15<03:13, 25.69it/s]  7%|▋         | 386/5362 [00:15<03:13, 25.74it/s]  7%|▋         | 389/5362 [00:15<03:13, 25.64it/s]  7%|▋         | 392/5362 [00:15<03:13, 25.69it/s]  7%|▋         | 395/5362 [00:15<03:12, 25.74it/s]  7%|▋         | 398/5362 [00:15<03:12, 25.78it/s]  7%|▋         | 401/5362 [00:15<03:12, 25.80it/s]  8%|▊         | 404/5362 [00:15<03:13, 25.67it/s]  8%|▊         | 407/5362 [00:16<03:12, 25.71it/s]  8%|▊         | 410/5362 [00:16<03:12, 25.75it/s]  8%|▊         | 413/5362 [00:16<03:11, 25.79it/s]  8%|▊         | 416/5362 [00:16<03:13, 25.55it/s]  8%|▊         | 419/5362 [00:16<03:12, 25.63it/s]  8%|▊         | 422/5362 [00:16<03:12, 25.68it/s]  8%|▊         | 425/5362 [00:16<03:11, 25.74it/s]  8%|▊         | 428/5362 [00:16<03:11, 25.77it/s]  8%|▊         | 431/5362 [00:16<03:11, 25.80it/s]  8%|▊         | 434/5362 [00:17<03:10, 25.82it/s]  8%|▊         | 437/5362 [00:17<03:10, 25.83it/s]  8%|▊         | 440/5362 [00:17<03:07, 26.25it/s]  8%|▊         | 443/5362 [00:17<03:03, 26.83it/s]  8%|▊         | 446/5362 [00:17<03:05, 26.43it/s]  8%|▊         | 449/5362 [00:17<03:01, 27.11it/s]  8%|▊         | 452/5362 [00:17<02:56, 27.76it/s]  8%|▊         | 455/5362 [00:17<02:56, 27.83it/s]  9%|▊         | 458/5362 [00:17<02:57, 27.65it/s]  9%|▊         | 461/5362 [00:18<03:03, 26.75it/s]  9%|▊         | 464/5362 [00:18<03:11, 25.53it/s]  9%|▊         | 467/5362 [00:18<03:11, 25.61it/s]  9%|▉         | 471/5362 [00:18<03:03, 26.71it/s]  9%|▉         | 474/5362 [00:18<03:00, 27.12it/s]  9%|▉         | 478/5362 [00:18<02:55, 27.80it/s]  9%|▉         | 481/5362 [00:18<02:55, 27.83it/s]  9%|▉         | 484/5362 [00:18<02:52, 28.24it/s]  9%|▉         | 487/5362 [00:19<02:57, 27.52it/s]  9%|▉         | 490/5362 [00:19<02:55, 27.78it/s]  9%|▉         | 493/5362 [00:19<02:53, 28.13it/s]  9%|▉         | 496/5362 [00:19<02:49, 28.63it/s]  9%|▉         | 499/5362 [00:19<02:55, 27.69it/s]  9%|▉         | 502/5362 [00:19<02:56, 27.59it/s]  9%|▉         | 505/5362 [00:19<02:58, 27.25it/s]  9%|▉         | 508/5362 [00:19<02:54, 27.75it/s] 10%|▉         | 511/5362 [00:19<02:54, 27.87it/s] 10%|▉         | 514/5362 [00:19<02:56, 27.46it/s] 10%|▉         | 517/5362 [00:20<02:59, 27.01it/s] 10%|▉         | 520/5362 [00:20<03:00, 26.86it/s] 10%|▉         | 523/5362 [00:20<02:56, 27.39it/s] 10%|▉         | 526/5362 [00:20<02:53, 27.80it/s] 10%|▉         | 529/5362 [00:20<02:55, 27.51it/s] 10%|▉         | 532/5362 [00:20<02:56, 27.39it/s] 10%|▉         | 535/5362 [00:20<02:52, 28.00it/s] 10%|█         | 538/5362 [00:20<02:57, 27.13it/s] 10%|█         | 541/5362 [00:20<03:08, 25.55it/s] 10%|█         | 544/5362 [00:21<03:02, 26.40it/s] 10%|█         | 547/5362 [00:21<03:07, 25.72it/s] 10%|█         | 550/5362 [00:21<03:03, 26.17it/s] 10%|█         | 554/5362 [00:21<02:56, 27.21it/s] 10%|█         | 557/5362 [00:21<03:10, 25.20it/s] 10%|█         | 560/5362 [00:21<03:09, 25.30it/s] 10%|█         | 563/5362 [00:21<03:08, 25.44it/s] 11%|█         | 566/5362 [00:21<03:04, 26.06it/s] 11%|█         | 569/5362 [00:22<03:03, 26.18it/s] 11%|█         | 572/5362 [00:22<03:01, 26.44it/s] 11%|█         | 575/5362 [00:22<03:03, 26.05it/s] 11%|█         | 578/5362 [00:22<03:04, 25.99it/s] 11%|█         | 581/5362 [00:22<02:58, 26.80it/s] 11%|█         | 584/5362 [00:22<03:06, 25.67it/s] 11%|█         | 587/5362 [00:22<02:59, 26.57it/s] 11%|█         | 590/5362 [00:22<03:03, 25.96it/s] 11%|█         | 593/5362 [00:22<02:59, 26.58it/s] 11%|█         | 596/5362 [00:23<02:56, 27.02it/s] 11%|█         | 599/5362 [00:23<02:54, 27.36it/s] 11%|█         | 602/5362 [00:23<02:53, 27.49it/s] 11%|█▏        | 605/5362 [00:23<02:56, 26.90it/s] 11%|█▏        | 608/5362 [00:23<02:53, 27.35it/s] 11%|█▏        | 612/5362 [00:23<02:45, 28.64it/s] 11%|█▏        | 615/5362 [00:23<02:46, 28.48it/s] 12%|█▏        | 618/5362 [00:23<02:50, 27.84it/s] 12%|█▏        | 621/5362 [00:23<02:54, 27.15it/s] 12%|█▏        | 624/5362 [00:24<02:54, 27.18it/s] 12%|█▏        | 627/5362 [00:24<02:52, 27.37it/s] 12%|█▏        | 630/5362 [00:24<03:10, 24.78it/s] 12%|█▏        | 634/5362 [00:24<03:00, 26.17it/s] 12%|█▏        | 637/5362 [00:24<02:57, 26.66it/s] 12%|█▏        | 640/5362 [00:24<03:02, 25.89it/s] 12%|█▏        | 643/5362 [00:24<03:07, 25.17it/s] 12%|█▏        | 646/5362 [00:24<03:03, 25.73it/s] 12%|█▏        | 649/5362 [00:25<02:58, 26.36it/s] 12%|█▏        | 652/5362 [00:25<02:55, 26.79it/s] 12%|█▏        | 655/5362 [00:25<02:53, 27.06it/s] 12%|█▏        | 658/5362 [00:25<02:57, 26.53it/s] 12%|█▏        | 661/5362 [00:25<03:02, 25.70it/s] 12%|█▏        | 664/5362 [00:25<02:58, 26.32it/s] 12%|█▏        | 667/5362 [00:25<02:53, 26.99it/s] 12%|█▏        | 670/5362 [00:25<02:52, 27.14it/s] 13%|█▎        | 673/5362 [00:25<02:54, 26.87it/s] 13%|█▎        | 676/5362 [00:26<02:58, 26.25it/s] 13%|█▎        | 679/5362 [00:26<02:54, 26.81it/s] 13%|█▎        | 682/5362 [00:26<02:50, 27.42it/s] 13%|█▎        | 685/5362 [00:26<02:49, 27.58it/s] 13%|█▎        | 688/5362 [00:26<02:57, 26.29it/s] 13%|█▎        | 691/5362 [00:26<02:53, 26.94it/s] 13%|█▎        | 694/5362 [00:26<02:50, 27.30it/s] 13%|█▎        | 697/5362 [00:26<02:49, 27.52it/s] 13%|█▎        | 700/5362 [00:26<02:53, 26.92it/s] 13%|█▎        | 703/5362 [00:27<02:55, 26.52it/s] 13%|█▎        | 706/5362 [00:27<02:53, 26.80it/s] 13%|█▎        | 709/5362 [00:27<02:49, 27.47it/s] 13%|█▎        | 712/5362 [00:27<02:51, 27.16it/s] 13%|█▎        | 715/5362 [00:27<02:53, 26.77it/s] 13%|█▎        | 718/5362 [00:27<02:58, 26.07it/s] 13%|█▎        | 721/5362 [00:27<02:58, 25.97it/s] 14%|█▎        | 724/5362 [00:27<02:52, 26.91it/s] 14%|█▎        | 727/5362 [00:27<02:55, 26.34it/s] 14%|█▎        | 730/5362 [00:28<02:55, 26.44it/s] 14%|█▎        | 733/5362 [00:28<02:51, 27.01it/s] 14%|█▎        | 736/5362 [00:28<02:57, 26.11it/s] 14%|█▍        | 739/5362 [00:28<02:53, 26.69it/s] 14%|█▍        | 742/5362 [00:28<02:51, 27.01it/s] 14%|█▍        | 745/5362 [00:28<02:49, 27.18it/s] 14%|█▍        | 748/5362 [00:28<02:48, 27.31it/s] 14%|█▍        | 751/5362 [00:28<02:54, 26.44it/s] 14%|█▍        | 754/5362 [00:28<02:49, 27.22it/s] 14%|█▍        | 757/5362 [00:29<02:49, 27.19it/s] 14%|█▍        | 761/5362 [00:29<02:45, 27.76it/s] 14%|█▍        | 764/5362 [00:29<02:47, 27.43it/s] 14%|█▍        | 767/5362 [00:29<02:50, 26.92it/s] 14%|█▍        | 770/5362 [00:29<02:56, 25.96it/s] 14%|█▍        | 773/5362 [00:29<02:52, 26.55it/s] 14%|█▍        | 776/5362 [00:29<02:56, 26.01it/s] 15%|█▍        | 779/5362 [00:29<02:53, 26.43it/s] 15%|█▍        | 782/5362 [00:30<02:47, 27.31it/s] 15%|█▍        | 785/5362 [00:30<02:53, 26.41it/s] 15%|█▍        | 788/5362 [00:30<02:49, 27.06it/s] 15%|█▍        | 791/5362 [00:30<02:46, 27.48it/s] 15%|█▍        | 794/5362 [00:30<02:42, 28.05it/s] 15%|█▍        | 797/5362 [00:30<02:49, 26.87it/s] 15%|█▍        | 800/5362 [00:30<02:54, 26.17it/s] 15%|█▍        | 803/5362 [00:30<02:48, 27.11it/s] 15%|█▌        | 806/5362 [00:30<02:47, 27.14it/s] 15%|█▌        | 809/5362 [00:31<02:50, 26.78it/s] 15%|█▌        | 812/5362 [00:31<02:54, 26.12it/s] 15%|█▌        | 815/5362 [00:31<02:55, 25.97it/s] 15%|█▌        | 818/5362 [00:31<02:51, 26.44it/s] 15%|█▌        | 821/5362 [00:31<02:50, 26.65it/s] 15%|█▌        | 824/5362 [00:31<02:46, 27.21it/s] 15%|█▌        | 827/5362 [00:31<02:52, 26.29it/s] 15%|█▌        | 830/5362 [00:31<02:56, 25.74it/s] 16%|█▌        | 833/5362 [00:31<02:51, 26.39it/s] 16%|█▌        | 837/5362 [00:32<02:46, 27.18it/s] 16%|█▌        | 840/5362 [00:32<02:43, 27.59it/s] 16%|█▌        | 843/5362 [00:32<02:47, 27.04it/s] 16%|█▌        | 846/5362 [00:32<02:54, 25.93it/s] 16%|█▌        | 849/5362 [00:32<02:52, 26.13it/s] 16%|█▌        | 852/5362 [00:32<02:46, 27.14it/s] 16%|█▌        | 855/5362 [00:32<02:44, 27.42it/s] 16%|█▌        | 858/5362 [00:32<02:54, 25.76it/s] 16%|█▌        | 861/5362 [00:32<02:55, 25.71it/s] 16%|█▌        | 864/5362 [00:33<02:51, 26.30it/s] 16%|█▌        | 867/5362 [00:33<02:50, 26.37it/s] 16%|█▌        | 870/5362 [00:33<02:48, 26.73it/s] 16%|█▋        | 873/5362 [00:33<02:52, 26.05it/s] 16%|█▋        | 876/5362 [00:33<02:49, 26.46it/s] 16%|█▋        | 879/5362 [00:33<02:47, 26.72it/s] 16%|█▋        | 882/5362 [00:33<02:47, 26.72it/s] 17%|█▋        | 885/5362 [00:33<02:47, 26.72it/s] 17%|█▋        | 888/5362 [00:34<02:52, 25.92it/s] 17%|█▋        | 891/5362 [00:34<02:49, 26.36it/s] 17%|█▋        | 894/5362 [00:34<02:44, 27.20it/s] 17%|█▋        | 897/5362 [00:34<02:43, 27.26it/s] 17%|█▋        | 900/5362 [00:34<02:50, 26.14it/s] 17%|█▋        | 903/5362 [00:34<02:46, 26.77it/s] 17%|█▋        | 906/5362 [00:34<02:45, 26.92it/s] 17%|█▋        | 909/5362 [00:34<02:46, 26.77it/s] 17%|█▋        | 912/5362 [00:34<02:47, 26.55it/s] 17%|█▋        | 915/5362 [00:35<02:48, 26.31it/s] 17%|█▋        | 919/5362 [00:35<02:43, 27.12it/s] 17%|█▋        | 922/5362 [00:35<02:41, 27.45it/s] 17%|█▋        | 925/5362 [00:35<02:41, 27.51it/s] 17%|█▋        | 929/5362 [00:35<02:35, 28.53it/s] 17%|█▋        | 933/5362 [00:35<02:21, 31.21it/s] 17%|█▋        | 937/5362 [00:35<02:21, 31.26it/s] 18%|█▊        | 941/5362 [00:35<02:30, 29.36it/s] 18%|█▊        | 944/5362 [00:35<02:33, 28.87it/s] 18%|█▊        | 947/5362 [00:36<02:33, 28.83it/s] 18%|█▊        | 950/5362 [00:36<02:39, 27.73it/s] 18%|█▊        | 953/5362 [00:36<02:41, 27.30it/s] 18%|█▊        | 956/5362 [00:36<02:44, 26.86it/s] 18%|█▊        | 959/5362 [00:36<02:44, 26.77it/s] 18%|█▊        | 962/5362 [00:36<02:43, 26.98it/s] 18%|█▊        | 965/5362 [00:36<02:49, 25.89it/s] 18%|█▊        | 968/5362 [00:36<02:53, 25.33it/s] 18%|█▊        | 971/5362 [00:37<02:50, 25.77it/s] 18%|█▊        | 974/5362 [00:37<02:46, 26.35it/s] 18%|█▊        | 977/5362 [00:37<02:48, 26.05it/s] 18%|█▊        | 980/5362 [00:37<02:52, 25.47it/s] 18%|█▊        | 983/5362 [00:37<02:45, 26.43it/s] 18%|█▊        | 986/5362 [00:37<02:44, 26.68it/s] 18%|█▊        | 989/5362 [00:37<02:41, 27.16it/s] 19%|█▊        | 992/5362 [00:37<02:47, 26.11it/s] 19%|█▊        | 995/5362 [00:37<02:45, 26.44it/s] 19%|█▊        | 998/5362 [00:38<02:41, 27.04it/s] 19%|█▊        | 1001/5362 [00:38<02:38, 27.54it/s] 19%|█▊        | 1004/5362 [00:38<02:44, 26.52it/s] 19%|█▉        | 1007/5362 [00:38<02:39, 27.24it/s] 19%|█▉        | 1011/5362 [00:38<02:39, 27.35it/s] 19%|█▉        | 1014/5362 [00:38<02:36, 27.81it/s] 19%|█▉        | 1017/5362 [00:38<02:40, 27.03it/s] 19%|█▉        | 1020/5362 [00:38<02:48, 25.74it/s] 19%|█▉        | 1023/5362 [00:38<02:47, 25.95it/s] 19%|█▉        | 1026/5362 [00:39<02:45, 26.14it/s] 19%|█▉        | 1029/5362 [00:39<02:40, 27.08it/s] 19%|█▉        | 1034/5362 [00:39<02:17, 31.49it/s] 19%|█▉        | 1038/5362 [00:39<02:08, 33.64it/s] 19%|█▉        | 1043/5362 [00:39<01:56, 37.15it/s] 20%|█▉        | 1048/5362 [00:39<01:49, 39.50it/s] 20%|█▉        | 1053/5362 [00:39<01:44, 41.29it/s] 20%|█▉        | 1058/5362 [00:39<01:41, 42.61it/s] 20%|█▉        | 1063/5362 [00:39<01:39, 43.18it/s] 20%|█▉        | 1068/5362 [00:40<01:37, 43.90it/s] 20%|██        | 1073/5362 [00:40<01:36, 44.27it/s] 20%|██        | 1078/5362 [00:40<01:36, 44.52it/s] 20%|██        | 1083/5362 [00:40<01:38, 43.47it/s] 20%|██        | 1088/5362 [00:40<01:37, 43.95it/s] 20%|██        | 1093/5362 [00:40<01:48, 39.19it/s] 20%|██        | 1098/5362 [00:40<02:10, 32.62it/s] 21%|██        | 1102/5362 [00:41<02:22, 29.82it/s] 21%|██        | 1106/5362 [00:41<02:32, 27.94it/s] 21%|██        | 1109/5362 [00:41<02:37, 27.08it/s] 21%|██        | 1112/5362 [00:41<02:41, 26.40it/s] 21%|██        | 1115/5362 [00:41<02:44, 25.88it/s] 21%|██        | 1118/5362 [00:41<02:47, 25.37it/s] 21%|██        | 1121/5362 [00:41<02:47, 25.25it/s] 21%|██        | 1124/5362 [00:41<02:49, 25.02it/s] 21%|██        | 1127/5362 [00:42<02:51, 24.73it/s] 21%|██        | 1130/5362 [00:42<02:52, 24.54it/s] 21%|██        | 1133/5362 [00:42<02:52, 24.50it/s] 21%|██        | 1136/5362 [00:42<02:53, 24.36it/s] 21%|██        | 1139/5362 [00:42<02:55, 24.02it/s] 21%|██▏       | 1142/5362 [00:42<02:57, 23.79it/s] 21%|██▏       | 1145/5362 [00:42<02:58, 23.62it/s] 21%|██▏       | 1148/5362 [00:42<02:58, 23.62it/s] 21%|██▏       | 1151/5362 [00:43<02:57, 23.75it/s] 22%|██▏       | 1154/5362 [00:43<02:58, 23.60it/s] 22%|██▏       | 1157/5362 [00:43<02:57, 23.74it/s] 22%|██▏       | 1160/5362 [00:43<02:56, 23.82it/s] 22%|██▏       | 1163/5362 [00:43<02:54, 24.00it/s] 22%|██▏       | 1166/5362 [00:43<02:53, 24.13it/s] 22%|██▏       | 1169/5362 [00:43<02:54, 23.98it/s] 22%|██▏       | 1172/5362 [00:43<02:53, 24.12it/s] 22%|██▏       | 1175/5362 [00:44<02:52, 24.21it/s] 22%|██▏       | 1178/5362 [00:44<02:54, 24.03it/s] 22%|██▏       | 1181/5362 [00:44<02:54, 24.02it/s] 22%|██▏       | 1184/5362 [00:44<02:53, 24.05it/s] 22%|██▏       | 1187/5362 [00:44<02:54, 23.92it/s] 22%|██▏       | 1190/5362 [00:44<02:54, 23.97it/s] 22%|██▏       | 1193/5362 [00:44<02:54, 23.89it/s] 22%|██▏       | 1196/5362 [00:44<02:53, 23.96it/s] 22%|██▏       | 1199/5362 [00:45<02:52, 24.11it/s] 22%|██▏       | 1202/5362 [00:45<02:51, 24.23it/s] 22%|██▏       | 1205/5362 [00:45<02:51, 24.19it/s] 23%|██▎       | 1208/5362 [00:45<02:51, 24.29it/s] 23%|██▎       | 1211/5362 [00:45<02:52, 24.09it/s] 23%|██▎       | 1214/5362 [00:45<02:52, 24.08it/s] 23%|██▎       | 1217/5362 [00:45<02:51, 24.19it/s] 23%|██▎       | 1220/5362 [00:45<02:50, 24.26it/s] 23%|██▎       | 1223/5362 [00:46<02:50, 24.21it/s] 23%|██▎       | 1226/5362 [00:46<02:50, 24.28it/s] 23%|██▎       | 1229/5362 [00:46<02:50, 24.19it/s] 23%|██▎       | 1232/5362 [00:46<02:52, 23.91it/s] 23%|██▎       | 1235/5362 [00:46<02:51, 24.07it/s] 23%|██▎       | 1238/5362 [00:46<02:51, 24.07it/s] 23%|██▎       | 1241/5362 [00:46<02:52, 23.95it/s] 23%|██▎       | 1244/5362 [00:46<02:51, 23.98it/s] 23%|██▎       | 1247/5362 [00:47<02:51, 24.01it/s] 23%|██▎       | 1250/5362 [00:47<02:50, 24.14it/s] 23%|██▎       | 1253/5362 [00:47<02:50, 24.13it/s] 23%|██▎       | 1256/5362 [00:47<02:49, 24.23it/s] 23%|██▎       | 1259/5362 [00:47<02:48, 24.31it/s] 24%|██▎       | 1262/5362 [00:47<02:48, 24.35it/s] 24%|██▎       | 1265/5362 [00:47<02:48, 24.38it/s] 24%|██▎       | 1268/5362 [00:47<02:47, 24.43it/s] 24%|██▎       | 1271/5362 [00:48<02:47, 24.44it/s] 24%|██▍       | 1274/5362 [00:48<02:47, 24.44it/s] 24%|██▍       | 1277/5362 [00:48<02:47, 24.32it/s] 24%|██▍       | 1280/5362 [00:48<02:48, 24.23it/s] 24%|██▍       | 1283/5362 [00:48<02:48, 24.17it/s] 24%|██▍       | 1286/5362 [00:48<02:47, 24.28it/s] 24%|██▍       | 1289/5362 [00:48<02:51, 23.74it/s] 24%|██▍       | 1292/5362 [00:48<02:50, 23.82it/s] 24%|██▍       | 1295/5362 [00:49<02:50, 23.90it/s] 24%|██▍       | 1298/5362 [00:49<02:50, 23.83it/s] 24%|██▍       | 1301/5362 [00:49<02:53, 23.47it/s] 24%|██▍       | 1304/5362 [00:49<02:55, 23.14it/s] 24%|██▍       | 1307/5362 [00:49<02:52, 23.52it/s] 24%|██▍       | 1310/5362 [00:49<02:50, 23.80it/s] 24%|██▍       | 1313/5362 [00:49<02:51, 23.63it/s] 25%|██▍       | 1316/5362 [00:49<02:53, 23.29it/s] 25%|██▍       | 1319/5362 [00:50<02:54, 23.17it/s] 25%|██▍       | 1322/5362 [00:50<02:52, 23.44it/s] 25%|██▍       | 1325/5362 [00:50<02:51, 23.51it/s] 25%|██▍       | 1328/5362 [00:50<02:49, 23.77it/s] 25%|██▍       | 1331/5362 [00:50<02:48, 23.87it/s] 25%|██▍       | 1334/5362 [00:50<02:48, 23.92it/s] 25%|██▍       | 1337/5362 [00:50<02:48, 23.93it/s] 25%|██▍       | 1340/5362 [00:51<02:48, 23.85it/s] 25%|██▌       | 1343/5362 [00:51<02:47, 24.02it/s] 25%|██▌       | 1346/5362 [00:51<02:49, 23.69it/s] 25%|██▌       | 1349/5362 [00:51<02:51, 23.47it/s] 25%|██▌       | 1352/5362 [00:51<02:50, 23.49it/s] 25%|██▌       | 1355/5362 [00:51<02:49, 23.65it/s] 25%|██▌       | 1358/5362 [00:51<02:49, 23.56it/s] 25%|██▌       | 1361/5362 [00:51<02:44, 24.31it/s] 25%|██▌       | 1364/5362 [00:51<02:39, 25.06it/s] 25%|██▌       | 1367/5362 [00:52<02:34, 25.90it/s] 26%|██▌       | 1370/5362 [00:52<02:36, 25.46it/s] 26%|██▌       | 1373/5362 [00:52<02:39, 24.99it/s] 26%|██▌       | 1376/5362 [00:52<02:35, 25.66it/s] 26%|██▌       | 1379/5362 [00:52<02:37, 25.29it/s] 26%|██▌       | 1382/5362 [00:52<02:43, 24.32it/s] 26%|██▌       | 1385/5362 [00:52<02:37, 25.22it/s] 26%|██▌       | 1388/5362 [00:52<02:32, 26.03it/s] 26%|██▌       | 1391/5362 [00:53<02:34, 25.78it/s] 26%|██▌       | 1394/5362 [00:53<02:33, 25.87it/s] 26%|██▌       | 1397/5362 [00:53<02:29, 26.57it/s] 26%|██▌       | 1400/5362 [00:53<02:36, 25.32it/s] 26%|██▌       | 1403/5362 [00:53<02:31, 26.09it/s] 26%|██▌       | 1406/5362 [00:53<02:30, 26.31it/s] 26%|██▋       | 1409/5362 [00:53<02:30, 26.27it/s] 26%|██▋       | 1412/5362 [00:53<02:28, 26.57it/s] 26%|██▋       | 1415/5362 [00:53<02:28, 26.54it/s] 26%|██▋       | 1418/5362 [00:54<02:29, 26.31it/s] 27%|██▋       | 1421/5362 [00:54<02:27, 26.71it/s] 27%|██▋       | 1424/5362 [00:54<02:25, 27.14it/s] 27%|██▋       | 1427/5362 [00:54<02:30, 26.20it/s] 27%|██▋       | 1430/5362 [00:54<02:34, 25.52it/s] 27%|██▋       | 1433/5362 [00:54<02:29, 26.33it/s] 27%|██▋       | 1436/5362 [00:54<02:24, 27.10it/s] 27%|██▋       | 1440/5362 [00:54<02:22, 27.48it/s] 27%|██▋       | 1443/5362 [00:54<02:19, 28.12it/s] 27%|██▋       | 1446/5362 [00:55<02:22, 27.56it/s] 27%|██▋       | 1449/5362 [00:55<02:18, 28.15it/s] 27%|██▋       | 1452/5362 [00:55<02:19, 28.05it/s] 27%|██▋       | 1455/5362 [00:55<02:18, 28.19it/s] 27%|██▋       | 1458/5362 [00:55<02:24, 26.98it/s] 27%|██▋       | 1461/5362 [00:55<02:21, 27.60it/s] 27%|██▋       | 1464/5362 [00:55<02:20, 27.74it/s] 27%|██▋       | 1468/5362 [00:55<02:19, 27.99it/s] 27%|██▋       | 1471/5362 [00:55<02:18, 28.11it/s] 27%|██▋       | 1474/5362 [00:56<02:22, 27.21it/s] 28%|██▊       | 1477/5362 [00:56<02:25, 26.73it/s] 28%|██▊       | 1480/5362 [00:56<02:23, 27.04it/s] 28%|██▊       | 1483/5362 [00:56<02:23, 26.99it/s] 28%|██▊       | 1486/5362 [00:56<02:22, 27.23it/s] 28%|██▊       | 1489/5362 [00:56<02:31, 25.62it/s] 28%|██▊       | 1492/5362 [00:56<02:59, 21.52it/s] 28%|██▊       | 1495/5362 [00:57<02:52, 22.45it/s] 28%|██▊       | 1498/5362 [00:57<02:47, 23.09it/s] 28%|██▊       | 1501/5362 [00:57<02:38, 24.38it/s] 28%|██▊       | 1504/5362 [00:57<02:35, 24.77it/s] 28%|██▊       | 1507/5362 [00:57<02:32, 25.26it/s] 28%|██▊       | 1510/5362 [00:57<02:28, 26.02it/s] 28%|██▊       | 1513/5362 [00:57<02:28, 25.96it/s] 28%|██▊       | 1516/5362 [00:57<02:32, 25.21it/s] 28%|██▊       | 1519/5362 [00:57<02:29, 25.77it/s] 28%|██▊       | 1523/5362 [00:58<02:23, 26.77it/s] 28%|██▊       | 1526/5362 [00:58<02:19, 27.45it/s] 29%|██▊       | 1529/5362 [00:58<02:21, 27.02it/s] 29%|██▊       | 1532/5362 [00:58<02:25, 26.25it/s] 29%|██▊       | 1535/5362 [00:58<02:25, 26.26it/s] 29%|██▊       | 1538/5362 [00:58<02:28, 25.75it/s] 29%|██▊       | 1541/5362 [00:58<02:25, 26.21it/s] 29%|██▉       | 1544/5362 [00:58<02:25, 26.23it/s] 29%|██▉       | 1547/5362 [00:58<02:23, 26.65it/s] 29%|██▉       | 1550/5362 [00:59<02:21, 26.96it/s] 29%|██▉       | 1553/5362 [00:59<02:24, 26.42it/s] 29%|██▉       | 1556/5362 [00:59<02:23, 26.44it/s] 29%|██▉       | 1560/5362 [00:59<02:09, 29.36it/s] 29%|██▉       | 1563/5362 [00:59<02:09, 29.29it/s] 29%|██▉       | 1566/5362 [00:59<02:15, 27.98it/s] 29%|██▉       | 1569/5362 [00:59<02:15, 27.98it/s] 29%|██▉       | 1572/5362 [00:59<02:21, 26.72it/s] 29%|██▉       | 1575/5362 [00:59<02:20, 26.95it/s] 29%|██▉       | 1579/5362 [01:00<02:17, 27.57it/s] 30%|██▉       | 1582/5362 [01:00<02:15, 27.84it/s] 30%|██▉       | 1585/5362 [01:00<02:21, 26.75it/s] 30%|██▉       | 1588/5362 [01:00<02:18, 27.21it/s] 30%|██▉       | 1591/5362 [01:00<02:16, 27.63it/s] 30%|██▉       | 1594/5362 [01:00<02:14, 27.92it/s] 30%|██▉       | 1597/5362 [01:00<02:17, 27.37it/s] 30%|██▉       | 1600/5362 [01:00<02:17, 27.42it/s] 30%|██▉       | 1603/5362 [01:00<02:17, 27.30it/s] 30%|██▉       | 1606/5362 [01:01<02:15, 27.65it/s] 30%|███       | 1609/5362 [01:01<02:14, 27.81it/s] 30%|███       | 1612/5362 [01:01<02:15, 27.59it/s] 30%|███       | 1616/5362 [01:01<02:14, 27.91it/s] 30%|███       | 1619/5362 [01:01<02:13, 28.03it/s] 30%|███       | 1622/5362 [01:01<02:19, 26.81it/s] 30%|███       | 1625/5362 [01:01<02:15, 27.49it/s] 30%|███       | 1628/5362 [01:01<02:19, 26.84it/s] 30%|███       | 1632/5362 [01:02<02:15, 27.60it/s] 30%|███       | 1635/5362 [01:02<02:13, 27.89it/s] 31%|███       | 1638/5362 [01:02<02:11, 28.36it/s] 31%|███       | 1642/5362 [01:02<02:09, 28.72it/s] 31%|███       | 1645/5362 [01:02<02:10, 28.45it/s] 31%|███       | 1648/5362 [01:02<02:12, 28.06it/s] 31%|███       | 1651/5362 [01:02<02:12, 27.90it/s] 31%|███       | 1654/5362 [01:02<02:11, 28.12it/s] 31%|███       | 1657/5362 [01:02<02:10, 28.43it/s] 31%|███       | 1660/5362 [01:03<02:12, 27.98it/s] 31%|███       | 1663/5362 [01:03<02:10, 28.29it/s] 31%|███       | 1666/5362 [01:03<02:12, 27.94it/s] 31%|███       | 1669/5362 [01:03<02:12, 27.96it/s] 31%|███       | 1672/5362 [01:03<02:14, 27.48it/s] 31%|███       | 1675/5362 [01:03<02:13, 27.65it/s] 31%|███▏      | 1678/5362 [01:03<02:10, 28.29it/s] 31%|███▏      | 1681/5362 [01:03<02:11, 27.92it/s] 31%|███▏      | 1684/5362 [01:03<02:10, 28.28it/s] 31%|███▏      | 1688/5362 [01:04<02:08, 28.65it/s] 32%|███▏      | 1692/5362 [01:04<02:07, 28.80it/s] 32%|███▏      | 1696/5362 [01:04<02:07, 28.84it/s] 32%|███▏      | 1700/5362 [01:04<02:06, 29.00it/s] 32%|███▏      | 1703/5362 [01:04<02:06, 29.00it/s] 32%|███▏      | 1706/5362 [01:04<02:10, 28.10it/s] 32%|███▏      | 1709/5362 [01:04<02:08, 28.48it/s] 32%|███▏      | 1713/5362 [01:04<02:08, 28.50it/s] 32%|███▏      | 1717/5362 [01:05<02:07, 28.68it/s] 32%|███▏      | 1720/5362 [01:05<02:05, 28.98it/s] 32%|███▏      | 1723/5362 [01:05<02:06, 28.87it/s] 32%|███▏      | 1726/5362 [01:05<02:10, 27.76it/s] 32%|███▏      | 1729/5362 [01:05<02:08, 28.25it/s] 32%|███▏      | 1732/5362 [01:05<02:08, 28.24it/s] 32%|███▏      | 1735/5362 [01:05<02:08, 28.31it/s] 32%|███▏      | 1738/5362 [01:05<02:09, 27.89it/s] 32%|███▏      | 1742/5362 [01:05<02:07, 28.35it/s] 33%|███▎      | 1745/5362 [01:06<02:06, 28.49it/s] 33%|███▎      | 1748/5362 [01:06<02:05, 28.79it/s] 33%|███▎      | 1751/5362 [01:06<02:09, 27.86it/s] 33%|███▎      | 1754/5362 [01:06<02:11, 27.43it/s] 33%|███▎      | 1757/5362 [01:06<02:09, 27.78it/s] 33%|███▎      | 1760/5362 [01:06<02:08, 28.09it/s] 33%|███▎      | 1763/5362 [01:06<02:11, 27.37it/s] 33%|███▎      | 1767/5362 [01:06<02:07, 28.19it/s] 33%|███▎      | 1770/5362 [01:06<02:05, 28.59it/s] 33%|███▎      | 1773/5362 [01:07<02:04, 28.88it/s] 33%|███▎      | 1776/5362 [01:07<02:08, 27.93it/s] 33%|███▎      | 1779/5362 [01:07<02:06, 28.29it/s] 33%|███▎      | 1782/5362 [01:07<02:11, 27.29it/s] 33%|███▎      | 1785/5362 [01:07<02:10, 27.41it/s] 33%|███▎      | 1788/5362 [01:07<02:12, 26.91it/s] 33%|███▎      | 1792/5362 [01:07<02:09, 27.67it/s] 33%|███▎      | 1796/5362 [01:07<02:06, 28.18it/s] 34%|███▎      | 1799/5362 [01:07<02:07, 27.93it/s] 34%|███▎      | 1802/5362 [01:08<02:07, 27.91it/s] 34%|███▎      | 1805/5362 [01:08<02:08, 27.63it/s] 34%|███▎      | 1808/5362 [01:08<02:13, 26.65it/s] 34%|███▍      | 1811/5362 [01:08<02:10, 27.23it/s] 34%|███▍      | 1814/5362 [01:08<02:09, 27.42it/s] 34%|███▍      | 1817/5362 [01:08<02:08, 27.69it/s] 34%|███▍      | 1820/5362 [01:08<02:11, 27.03it/s] 34%|███▍      | 1824/5362 [01:08<02:06, 27.95it/s] 34%|███▍      | 1827/5362 [01:08<02:07, 27.71it/s] 34%|███▍      | 1830/5362 [01:09<02:06, 27.84it/s] 34%|███▍      | 1833/5362 [01:09<02:09, 27.25it/s] 34%|███▍      | 1836/5362 [01:09<02:09, 27.23it/s] 34%|███▍      | 1839/5362 [01:09<02:06, 27.79it/s] 34%|███▍      | 1842/5362 [01:09<02:06, 27.93it/s] 34%|███▍      | 1845/5362 [01:09<02:08, 27.28it/s] 34%|███▍      | 1849/5362 [01:09<02:05, 27.90it/s] 35%|███▍      | 1852/5362 [01:09<02:04, 28.27it/s] 35%|███▍      | 1856/5362 [01:10<02:01, 28.92it/s] 35%|███▍      | 1859/5362 [01:10<02:00, 29.05it/s] 35%|███▍      | 1862/5362 [01:10<02:04, 28.08it/s] 35%|███▍      | 1865/5362 [01:10<02:04, 28.04it/s] 35%|███▍      | 1868/5362 [01:10<02:05, 27.83it/s] 35%|███▍      | 1871/5362 [01:10<02:05, 27.87it/s] 35%|███▍      | 1874/5362 [01:10<02:08, 27.22it/s] 35%|███▌      | 1877/5362 [01:10<02:04, 27.96it/s] 35%|███▌      | 1881/5362 [01:10<02:02, 28.30it/s] 35%|███▌      | 1884/5362 [01:11<02:02, 28.38it/s] 35%|███▌      | 1887/5362 [01:11<02:07, 27.24it/s] 35%|███▌      | 1891/5362 [01:11<02:04, 27.84it/s] 35%|███▌      | 1894/5362 [01:11<02:05, 27.74it/s] 35%|███▌      | 1897/5362 [01:11<02:03, 27.97it/s] 35%|███▌      | 1900/5362 [01:11<02:03, 28.04it/s] 35%|███▌      | 1903/5362 [01:11<02:06, 27.33it/s] 36%|███▌      | 1907/5362 [01:11<02:03, 28.09it/s] 36%|███▌      | 1912/5362 [01:11<01:46, 32.44it/s] 36%|███▌      | 1918/5362 [01:12<01:30, 38.03it/s] 36%|███▌      | 1924/5362 [01:12<01:22, 41.79it/s] 36%|███▌      | 1930/5362 [01:12<01:17, 44.43it/s] 36%|███▌      | 1936/5362 [01:12<01:14, 46.29it/s] 36%|███▌      | 1941/5362 [01:12<01:12, 47.08it/s] 36%|███▋      | 1947/5362 [01:12<01:10, 48.16it/s] 36%|███▋      | 1953/5362 [01:12<01:09, 49.15it/s] 37%|███▋      | 1958/5362 [01:12<01:09, 49.26it/s] 37%|███▋      | 1963/5362 [01:12<01:11, 47.30it/s] 37%|███▋      | 1968/5362 [01:13<01:23, 40.57it/s] 37%|███▋      | 1973/5362 [01:13<01:37, 34.63it/s] 37%|███▋      | 1977/5362 [01:13<01:46, 31.79it/s] 37%|███▋      | 1981/5362 [01:13<01:52, 29.97it/s] 37%|███▋      | 1985/5362 [01:13<01:58, 28.60it/s] 37%|███▋      | 1988/5362 [01:13<02:01, 27.79it/s] 37%|███▋      | 1991/5362 [01:14<02:03, 27.28it/s] 37%|███▋      | 1994/5362 [01:14<02:05, 26.89it/s] 37%|███▋      | 1997/5362 [01:14<02:06, 26.59it/s] 37%|███▋      | 2000/5362 [01:14<02:07, 26.38it/s] 37%|███▋      | 2003/5362 [01:14<02:08, 26.22it/s] 37%|███▋      | 2006/5362 [01:14<02:08, 26.10it/s] 37%|███▋      | 2009/5362 [01:14<02:08, 26.02it/s] 38%|███▊      | 2012/5362 [01:14<02:09, 25.95it/s] 38%|███▊      | 2015/5362 [01:14<02:09, 25.92it/s] 38%|███▊      | 2018/5362 [01:15<02:13, 25.14it/s] 38%|███▊      | 2021/5362 [01:15<02:13, 25.08it/s] 38%|███▊      | 2024/5362 [01:15<02:11, 25.29it/s] 38%|███▊      | 2027/5362 [01:15<02:11, 25.31it/s] 38%|███▊      | 2030/5362 [01:15<02:11, 25.33it/s] 38%|███▊      | 2033/5362 [01:15<02:11, 25.32it/s] 38%|███▊      | 2036/5362 [01:15<02:13, 24.96it/s] 38%|███▊      | 2039/5362 [01:15<02:11, 25.21it/s] 38%|███▊      | 2042/5362 [01:16<02:10, 25.38it/s] 38%|███▊      | 2045/5362 [01:16<02:09, 25.52it/s] 38%|███▊      | 2048/5362 [01:16<02:09, 25.61it/s] 38%|███▊      | 2051/5362 [01:16<02:09, 25.52it/s] 38%|███▊      | 2054/5362 [01:16<02:10, 25.32it/s] 38%|███▊      | 2057/5362 [01:16<02:10, 25.34it/s] 38%|███▊      | 2060/5362 [01:16<02:10, 25.36it/s] 38%|███▊      | 2063/5362 [01:16<02:10, 25.34it/s] 39%|███▊      | 2066/5362 [01:17<02:09, 25.49it/s] 39%|███▊      | 2069/5362 [01:17<02:08, 25.58it/s] 39%|███▊      | 2072/5362 [01:17<02:08, 25.65it/s] 39%|███▊      | 2076/5362 [01:17<01:56, 28.26it/s] 39%|███▉      | 2082/5362 [01:17<01:33, 35.15it/s] 39%|███▉      | 2088/5362 [01:17<01:22, 39.77it/s] 39%|███▉      | 2092/5362 [01:17<01:30, 36.21it/s] 39%|███▉      | 2096/5362 [01:17<01:42, 31.99it/s] 39%|███▉      | 2100/5362 [01:18<01:49, 29.85it/s] 39%|███▉      | 2104/5362 [01:18<01:54, 28.56it/s] 39%|███▉      | 2107/5362 [01:18<01:56, 27.87it/s] 39%|███▉      | 2110/5362 [01:18<01:59, 27.21it/s] 39%|███▉      | 2113/5362 [01:18<02:01, 26.71it/s] 39%|███▉      | 2116/5362 [01:18<02:03, 26.20it/s] 40%|███▉      | 2119/5362 [01:18<02:04, 26.09it/s] 40%|███▉      | 2122/5362 [01:18<02:04, 26.03it/s] 40%|███▉      | 2125/5362 [01:19<02:04, 25.97it/s] 40%|███▉      | 2128/5362 [01:19<02:04, 25.93it/s] 40%|███▉      | 2131/5362 [01:19<02:04, 25.91it/s] 40%|███▉      | 2134/5362 [01:19<02:04, 25.90it/s] 40%|███▉      | 2137/5362 [01:19<02:04, 25.88it/s] 40%|███▉      | 2140/5362 [01:19<02:04, 25.87it/s] 40%|███▉      | 2143/5362 [01:19<02:04, 25.85it/s] 40%|████      | 2146/5362 [01:19<02:05, 25.70it/s] 40%|████      | 2149/5362 [01:19<02:05, 25.60it/s] 40%|████      | 2152/5362 [01:20<02:05, 25.68it/s] 40%|████      | 2155/5362 [01:20<02:04, 25.73it/s] 40%|████      | 2158/5362 [01:20<02:05, 25.62it/s] 40%|████      | 2161/5362 [01:20<02:04, 25.69it/s] 40%|████      | 2164/5362 [01:20<02:04, 25.73it/s] 40%|████      | 2167/5362 [01:20<02:04, 25.76it/s] 40%|████      | 2170/5362 [01:20<02:03, 25.77it/s] 41%|████      | 2173/5362 [01:20<02:03, 25.80it/s] 41%|████      | 2176/5362 [01:21<02:03, 25.81it/s] 41%|████      | 2179/5362 [01:21<02:03, 25.82it/s] 41%|████      | 2182/5362 [01:21<02:03, 25.83it/s] 41%|████      | 2185/5362 [01:21<02:02, 25.84it/s] 41%|████      | 2188/5362 [01:21<02:02, 25.83it/s] 41%|████      | 2191/5362 [01:21<02:02, 25.84it/s] 41%|████      | 2194/5362 [01:21<02:02, 25.84it/s] 41%|████      | 2197/5362 [01:21<02:02, 25.86it/s] 41%|████      | 2200/5362 [01:21<02:02, 25.85it/s] 41%|████      | 2203/5362 [01:22<02:02, 25.85it/s] 41%|████      | 2206/5362 [01:22<02:02, 25.84it/s] 41%|████      | 2209/5362 [01:22<02:04, 25.29it/s] 41%|████▏     | 2212/5362 [01:22<02:06, 24.93it/s] 41%|████▏     | 2215/5362 [01:22<02:05, 25.05it/s] 41%|████▏     | 2218/5362 [01:22<02:06, 24.86it/s] 41%|████▏     | 2221/5362 [01:22<02:04, 25.14it/s] 41%|████▏     | 2224/5362 [01:22<02:03, 25.36it/s] 42%|████▏     | 2227/5362 [01:23<02:02, 25.49it/s] 42%|████▏     | 2230/5362 [01:23<02:03, 25.46it/s] 42%|████▏     | 2233/5362 [01:23<02:02, 25.57it/s] 42%|████▏     | 2236/5362 [01:23<02:01, 25.66it/s] 42%|████▏     | 2239/5362 [01:23<02:01, 25.72it/s] 42%|████▏     | 2242/5362 [01:23<02:01, 25.62it/s] 42%|████▏     | 2245/5362 [01:23<02:03, 25.28it/s] 42%|████▏     | 2248/5362 [01:23<02:02, 25.44it/s] 42%|████▏     | 2251/5362 [01:23<02:01, 25.56it/s] 42%|████▏     | 2254/5362 [01:24<02:01, 25.65it/s] 42%|████▏     | 2257/5362 [01:24<02:00, 25.71it/s] 42%|████▏     | 2260/5362 [01:24<02:00, 25.74it/s] 42%|████▏     | 2263/5362 [01:24<02:00, 25.78it/s] 42%|████▏     | 2266/5362 [01:24<01:59, 25.80it/s] 42%|████▏     | 2269/5362 [01:24<01:59, 25.82it/s] 42%|████▏     | 2272/5362 [01:24<01:59, 25.82it/s] 42%|████▏     | 2275/5362 [01:24<02:00, 25.54it/s] 42%|████▏     | 2278/5362 [01:25<02:01, 25.35it/s] 43%|████▎     | 2281/5362 [01:25<02:00, 25.50it/s] 43%|████▎     | 2284/5362 [01:25<02:00, 25.61it/s] 43%|████▎     | 2287/5362 [01:25<01:55, 26.63it/s] 43%|████▎     | 2290/5362 [01:25<01:52, 27.39it/s] 43%|████▎     | 2293/5362 [01:25<01:53, 27.01it/s] 43%|████▎     | 2296/5362 [01:25<01:52, 27.23it/s] 43%|████▎     | 2299/5362 [01:25<01:54, 26.80it/s] 43%|████▎     | 2302/5362 [01:25<01:50, 27.58it/s] 43%|████▎     | 2305/5362 [01:25<01:48, 28.22it/s] 43%|████▎     | 2308/5362 [01:26<01:47, 28.29it/s] 43%|████▎     | 2311/5362 [01:26<01:50, 27.69it/s] 43%|████▎     | 2314/5362 [01:26<01:51, 27.30it/s] 43%|████▎     | 2317/5362 [01:26<01:50, 27.65it/s] 43%|████▎     | 2320/5362 [01:26<01:50, 27.58it/s] 43%|████▎     | 2323/5362 [01:26<01:57, 25.92it/s] 43%|████▎     | 2326/5362 [01:26<01:53, 26.68it/s] 43%|████▎     | 2329/5362 [01:26<01:51, 27.13it/s] 43%|████▎     | 2332/5362 [01:26<01:54, 26.37it/s] 44%|████▎     | 2336/5362 [01:27<01:51, 27.23it/s] 44%|████▎     | 2339/5362 [01:27<01:50, 27.44it/s] 44%|████▎     | 2342/5362 [01:27<01:47, 27.97it/s] 44%|████▎     | 2345/5362 [01:27<01:48, 27.93it/s] 44%|████▍     | 2348/5362 [01:27<01:49, 27.63it/s] 44%|████▍     | 2351/5362 [01:27<01:50, 27.21it/s] 44%|████▍     | 2354/5362 [01:27<01:47, 27.87it/s] 44%|████▍     | 2358/5362 [01:27<01:46, 28.27it/s] 44%|████▍     | 2361/5362 [01:28<01:46, 28.06it/s] 44%|████▍     | 2364/5362 [01:28<01:47, 27.93it/s] 44%|████▍     | 2367/5362 [01:28<01:49, 27.25it/s] 44%|████▍     | 2370/5362 [01:28<01:48, 27.70it/s] 44%|████▍     | 2373/5362 [01:28<01:47, 27.85it/s] 44%|████▍     | 2376/5362 [01:28<01:49, 27.35it/s] 44%|████▍     | 2379/5362 [01:28<01:48, 27.48it/s] 44%|████▍     | 2382/5362 [01:28<01:51, 26.71it/s] 44%|████▍     | 2386/5362 [01:28<01:48, 27.53it/s] 45%|████▍     | 2389/5362 [01:29<01:45, 28.06it/s] 45%|████▍     | 2392/5362 [01:29<01:44, 28.46it/s] 45%|████▍     | 2395/5362 [01:29<01:44, 28.43it/s] 45%|████▍     | 2398/5362 [01:29<01:47, 27.61it/s] 45%|████▍     | 2401/5362 [01:29<01:45, 28.05it/s] 45%|████▍     | 2404/5362 [01:29<01:51, 26.45it/s] 45%|████▍     | 2408/5362 [01:29<01:48, 27.34it/s] 45%|████▍     | 2411/5362 [01:29<01:46, 27.76it/s] 45%|████▌     | 2414/5362 [01:29<01:44, 28.08it/s] 45%|████▌     | 2417/5362 [01:30<01:47, 27.39it/s] 45%|████▌     | 2420/5362 [01:30<01:44, 28.07it/s] 45%|████▌     | 2424/5362 [01:30<01:44, 28.00it/s] 45%|████▌     | 2427/5362 [01:30<01:43, 28.40it/s] 45%|████▌     | 2431/5362 [01:30<01:42, 28.69it/s] 45%|████▌     | 2434/5362 [01:30<01:42, 28.64it/s] 45%|████▌     | 2437/5362 [01:30<01:45, 27.75it/s] 46%|████▌     | 2440/5362 [01:30<01:43, 28.28it/s] 46%|████▌     | 2443/5362 [01:30<01:42, 28.58it/s] 46%|████▌     | 2447/5362 [01:31<01:41, 28.66it/s] 46%|████▌     | 2450/5362 [01:31<01:41, 28.80it/s] 46%|████▌     | 2453/5362 [01:31<01:44, 27.89it/s] 46%|████▌     | 2456/5362 [01:31<01:43, 28.13it/s] 46%|████▌     | 2459/5362 [01:31<01:48, 26.70it/s] 46%|████▌     | 2462/5362 [01:31<01:45, 27.48it/s] 46%|████▌     | 2465/5362 [01:31<01:44, 27.61it/s] 46%|████▌     | 2468/5362 [01:31<01:46, 27.07it/s] 46%|████▌     | 2472/5362 [01:32<01:44, 27.72it/s] 46%|████▌     | 2476/5362 [01:32<01:45, 27.32it/s] 46%|████▌     | 2479/5362 [01:32<01:43, 27.82it/s] 46%|████▋     | 2482/5362 [01:32<01:43, 27.90it/s] 46%|████▋     | 2486/5362 [01:32<01:41, 28.23it/s] 46%|████▋     | 2490/5362 [01:32<01:40, 28.50it/s] 46%|████▋     | 2493/5362 [01:32<01:40, 28.66it/s] 47%|████▋     | 2496/5362 [01:32<01:43, 27.81it/s] 47%|████▋     | 2500/5362 [01:33<01:41, 28.25it/s] 47%|████▋     | 2504/5362 [01:33<01:39, 28.68it/s] 47%|████▋     | 2507/5362 [01:33<01:42, 27.92it/s] 47%|████▋     | 2511/5362 [01:33<01:40, 28.31it/s] 47%|████▋     | 2514/5362 [01:33<01:40, 28.37it/s] 47%|████▋     | 2518/5362 [01:33<01:39, 28.48it/s] 47%|████▋     | 2522/5362 [01:33<01:39, 28.60it/s] 47%|████▋     | 2525/5362 [01:33<01:38, 28.94it/s] 47%|████▋     | 2528/5362 [01:33<01:42, 27.69it/s] 47%|████▋     | 2531/5362 [01:34<01:40, 28.11it/s] 47%|████▋     | 2535/5362 [01:34<01:39, 28.48it/s] 47%|████▋     | 2538/5362 [01:34<01:38, 28.70it/s] 47%|████▋     | 2541/5362 [01:34<01:37, 29.04it/s] 47%|████▋     | 2544/5362 [01:34<01:40, 28.07it/s] 48%|████▊     | 2547/5362 [01:34<01:38, 28.56it/s] 48%|████▊     | 2550/5362 [01:34<01:37, 28.86it/s] 48%|████▊     | 2553/5362 [01:34<01:37, 28.75it/s] 48%|████▊     | 2556/5362 [01:34<01:39, 28.23it/s] 48%|████▊     | 2559/5362 [01:35<01:39, 28.17it/s] 48%|████▊     | 2563/5362 [01:35<01:37, 28.64it/s] 48%|████▊     | 2566/5362 [01:35<01:39, 28.07it/s] 48%|████▊     | 2569/5362 [01:35<01:39, 28.04it/s] 48%|████▊     | 2572/5362 [01:35<01:39, 28.13it/s] 48%|████▊     | 2575/5362 [01:35<01:37, 28.52it/s] 48%|████▊     | 2578/5362 [01:35<01:37, 28.47it/s] 48%|████▊     | 2581/5362 [01:35<01:40, 27.78it/s] 48%|████▊     | 2584/5362 [01:35<01:45, 26.37it/s] 48%|████▊     | 2587/5362 [01:36<01:45, 26.37it/s] 48%|████▊     | 2590/5362 [01:36<01:43, 26.75it/s] 48%|████▊     | 2594/5362 [01:36<01:39, 27.70it/s] 48%|████▊     | 2597/5362 [01:36<01:38, 28.19it/s] 48%|████▊     | 2600/5362 [01:36<01:39, 27.70it/s] 49%|████▊     | 2603/5362 [01:36<01:38, 27.89it/s] 49%|████▊     | 2607/5362 [01:36<01:37, 28.32it/s] 49%|████▊     | 2611/5362 [01:36<01:36, 28.57it/s] 49%|████▉     | 2614/5362 [01:37<01:35, 28.85it/s] 49%|████▉     | 2617/5362 [01:37<01:35, 28.83it/s] 49%|████▉     | 2620/5362 [01:37<01:37, 28.19it/s] 49%|████▉     | 2623/5362 [01:37<01:41, 26.86it/s] 49%|████▉     | 2626/5362 [01:37<01:40, 27.25it/s] 49%|████▉     | 2630/5362 [01:37<01:37, 28.05it/s] 49%|████▉     | 2633/5362 [01:37<01:35, 28.53it/s] 49%|████▉     | 2636/5362 [01:37<01:39, 27.44it/s] 49%|████▉     | 2640/5362 [01:37<01:37, 27.98it/s] 49%|████▉     | 2644/5362 [01:38<01:34, 28.81it/s] 49%|████▉     | 2648/5362 [01:38<01:33, 28.99it/s] 49%|████▉     | 2651/5362 [01:38<01:33, 29.07it/s] 50%|████▉     | 2655/5362 [01:38<01:33, 29.03it/s] 50%|████▉     | 2658/5362 [01:38<01:32, 29.23it/s] 50%|████▉     | 2661/5362 [01:38<01:35, 28.26it/s] 50%|████▉     | 2664/5362 [01:38<01:34, 28.53it/s] 50%|████▉     | 2668/5362 [01:38<01:33, 28.81it/s] 50%|████▉     | 2672/5362 [01:39<01:33, 28.92it/s] 50%|████▉     | 2675/5362 [01:39<01:32, 28.95it/s] 50%|████▉     | 2678/5362 [01:39<01:36, 27.93it/s] 50%|█████     | 2681/5362 [01:39<01:35, 28.02it/s] 50%|█████     | 2684/5362 [01:39<01:34, 28.27it/s] 50%|█████     | 2687/5362 [01:39<01:35, 27.89it/s] 50%|█████     | 2690/5362 [01:39<01:34, 28.25it/s] 50%|█████     | 2694/5362 [01:39<01:32, 28.86it/s] 50%|█████     | 2698/5362 [01:39<01:31, 29.03it/s] 50%|█████     | 2702/5362 [01:40<01:31, 29.04it/s] 50%|█████     | 2705/5362 [01:40<01:31, 29.01it/s] 51%|█████     | 2708/5362 [01:40<01:35, 27.81it/s] 51%|█████     | 2711/5362 [01:40<01:33, 28.27it/s] 51%|█████     | 2714/5362 [01:40<01:33, 28.35it/s] 51%|█████     | 2717/5362 [01:40<01:33, 28.39it/s] 51%|█████     | 2720/5362 [01:40<01:36, 27.51it/s] 51%|█████     | 2723/5362 [01:40<01:33, 28.13it/s] 51%|█████     | 2726/5362 [01:40<01:32, 28.63it/s] 51%|█████     | 2729/5362 [01:41<01:34, 27.74it/s] 51%|█████     | 2733/5362 [01:41<01:33, 28.19it/s] 51%|█████     | 2736/5362 [01:41<01:32, 28.27it/s] 51%|█████     | 2740/5362 [01:41<01:31, 28.78it/s] 51%|█████     | 2743/5362 [01:41<01:31, 28.64it/s] 51%|█████     | 2746/5362 [01:41<01:34, 27.79it/s] 51%|█████▏    | 2749/5362 [01:41<01:32, 28.30it/s] 51%|█████▏    | 2752/5362 [01:41<01:31, 28.64it/s] 51%|█████▏    | 2755/5362 [01:42<01:31, 28.52it/s] 51%|█████▏    | 2758/5362 [01:42<01:33, 27.94it/s] 52%|█████▏    | 2762/5362 [01:42<01:31, 28.33it/s] 52%|█████▏    | 2766/5362 [01:42<01:30, 28.72it/s] 52%|█████▏    | 2769/5362 [01:42<01:34, 27.52it/s] 52%|█████▏    | 2772/5362 [01:42<01:33, 27.66it/s] 52%|█████▏    | 2775/5362 [01:42<01:35, 27.18it/s] 52%|█████▏    | 2778/5362 [01:42<01:37, 26.43it/s] 52%|█████▏    | 2781/5362 [01:42<01:39, 25.89it/s] 52%|█████▏    | 2784/5362 [01:43<01:36, 26.67it/s] 52%|█████▏    | 2787/5362 [01:43<01:34, 27.26it/s] 52%|█████▏    | 2790/5362 [01:43<01:35, 26.82it/s] 52%|█████▏    | 2793/5362 [01:43<01:33, 27.49it/s] 52%|█████▏    | 2796/5362 [01:43<01:31, 28.05it/s] 52%|█████▏    | 2799/5362 [01:43<01:32, 27.67it/s] 52%|█████▏    | 2805/5362 [01:43<01:12, 35.03it/s] 52%|█████▏    | 2811/5362 [01:43<01:03, 40.00it/s] 53%|█████▎    | 2816/5362 [01:43<01:00, 42.32it/s] 53%|█████▎    | 2821/5362 [01:44<00:57, 44.35it/s] 53%|█████▎    | 2827/5362 [01:44<00:54, 46.27it/s] 53%|█████▎    | 2833/5362 [01:44<00:53, 47.54it/s] 53%|█████▎    | 2839/5362 [01:44<00:51, 48.55it/s] 53%|█████▎    | 2845/5362 [01:44<00:51, 49.17it/s] 53%|█████▎    | 2850/5362 [01:44<00:50, 49.37it/s] 53%|█████▎    | 2856/5362 [01:44<00:50, 49.59it/s] 53%|█████▎    | 2861/5362 [01:44<00:51, 48.73it/s] 53%|█████▎    | 2866/5362 [01:44<00:53, 46.35it/s] 54%|█████▎    | 2871/5362 [01:45<01:05, 38.21it/s] 54%|█████▎    | 2876/5362 [01:45<01:14, 33.50it/s] 54%|█████▎    | 2880/5362 [01:45<01:20, 30.92it/s] 54%|█████▍    | 2884/5362 [01:45<01:24, 29.27it/s] 54%|█████▍    | 2888/5362 [01:45<01:27, 28.12it/s] 54%|█████▍    | 2891/5362 [01:45<01:30, 27.43it/s] 54%|█████▍    | 2894/5362 [01:46<01:31, 26.89it/s] 54%|█████▍    | 2897/5362 [01:46<01:32, 26.59it/s] 54%|█████▍    | 2900/5362 [01:46<01:33, 26.38it/s] 54%|█████▍    | 2903/5362 [01:46<01:34, 26.08it/s] 54%|█████▍    | 2906/5362 [01:46<01:34, 25.99it/s] 54%|█████▍    | 2909/5362 [01:46<01:34, 25.93it/s] 54%|█████▍    | 2912/5362 [01:46<01:35, 25.76it/s] 54%|█████▍    | 2915/5362 [01:46<01:34, 25.77it/s] 54%|█████▍    | 2918/5362 [01:47<01:34, 25.78it/s] 54%|█████▍    | 2921/5362 [01:47<01:34, 25.79it/s] 55%|█████▍    | 2924/5362 [01:47<01:35, 25.66it/s] 55%|█████▍    | 2927/5362 [01:47<01:34, 25.71it/s] 55%|█████▍    | 2930/5362 [01:47<01:34, 25.74it/s] 55%|█████▍    | 2933/5362 [01:47<01:34, 25.75it/s] 55%|█████▍    | 2936/5362 [01:47<01:34, 25.77it/s] 55%|█████▍    | 2939/5362 [01:47<01:34, 25.76it/s] 55%|█████▍    | 2942/5362 [01:47<01:34, 25.50it/s] 55%|█████▍    | 2945/5362 [01:48<01:34, 25.60it/s] 55%|█████▍    | 2948/5362 [01:48<01:34, 25.64it/s] 55%|█████▌    | 2951/5362 [01:48<01:33, 25.70it/s] 55%|█████▌    | 2954/5362 [01:48<01:33, 25.72it/s] 55%|█████▌    | 2957/5362 [01:48<01:33, 25.61it/s] 55%|█████▌    | 2960/5362 [01:48<01:36, 24.95it/s] 55%|█████▌    | 2963/5362 [01:48<01:36, 24.96it/s] 55%|█████▌    | 2966/5362 [01:48<01:35, 25.20it/s] 55%|█████▌    | 2969/5362 [01:49<01:34, 25.40it/s] 55%|█████▌    | 2972/5362 [01:49<01:33, 25.53it/s] 55%|█████▌    | 2975/5362 [01:49<01:33, 25.61it/s] 56%|█████▌    | 2978/5362 [01:49<01:31, 26.12it/s] 56%|█████▌    | 2981/5362 [01:49<01:31, 26.03it/s] 56%|█████▌    | 2984/5362 [01:49<01:32, 25.71it/s] 56%|█████▌    | 2987/5362 [01:49<01:32, 25.75it/s] 56%|█████▌    | 2990/5362 [01:49<01:31, 25.78it/s] 56%|█████▌    | 2993/5362 [01:49<01:31, 25.80it/s] 56%|█████▌    | 2996/5362 [01:50<01:31, 25.82it/s] 56%|█████▌    | 2999/5362 [01:50<01:31, 25.82it/s] 56%|█████▌    | 3002/5362 [01:50<01:32, 25.41it/s] 56%|█████▌    | 3005/5362 [01:50<01:32, 25.39it/s] 56%|█████▌    | 3008/5362 [01:50<01:33, 25.26it/s] 56%|█████▌    | 3011/5362 [01:50<01:32, 25.29it/s] 56%|█████▌    | 3014/5362 [01:50<01:32, 25.46it/s] 56%|█████▋    | 3017/5362 [01:50<01:32, 25.31it/s] 56%|█████▋    | 3020/5362 [01:51<01:32, 25.34it/s] 56%|█████▋    | 3023/5362 [01:51<01:31, 25.49it/s] 56%|█████▋    | 3026/5362 [01:51<01:31, 25.59it/s] 56%|█████▋    | 3029/5362 [01:51<01:30, 25.67it/s] 57%|█████▋    | 3032/5362 [01:51<01:30, 25.72it/s] 57%|█████▋    | 3035/5362 [01:51<01:31, 25.35it/s] 57%|█████▋    | 3038/5362 [01:51<01:31, 25.48it/s] 57%|█████▋    | 3041/5362 [01:51<01:30, 25.61it/s] 57%|█████▋    | 3044/5362 [01:51<01:30, 25.54it/s] 57%|█████▋    | 3047/5362 [01:52<01:31, 25.22it/s] 57%|█████▋    | 3050/5362 [01:52<01:31, 25.14it/s] 57%|█████▋    | 3053/5362 [01:52<01:31, 25.35it/s] 57%|█████▋    | 3056/5362 [01:52<01:33, 24.79it/s] 57%|█████▋    | 3059/5362 [01:52<01:33, 24.58it/s] 57%|█████▋    | 3062/5362 [01:52<01:32, 24.82it/s] 57%|█████▋    | 3065/5362 [01:52<01:32, 24.86it/s] 57%|█████▋    | 3068/5362 [01:52<01:31, 25.02it/s] 57%|█████▋    | 3071/5362 [01:53<01:30, 25.24it/s] 57%|█████▋    | 3074/5362 [01:53<01:33, 24.38it/s] 57%|█████▋    | 3077/5362 [01:53<01:36, 23.71it/s] 57%|█████▋    | 3080/5362 [01:53<01:33, 24.32it/s] 57%|█████▋    | 3083/5362 [01:53<01:32, 24.75it/s] 58%|█████▊    | 3086/5362 [01:53<01:30, 25.07it/s] 58%|█████▊    | 3089/5362 [01:53<01:29, 25.30it/s] 58%|█████▊    | 3092/5362 [01:53<01:29, 25.47it/s] 58%|█████▊    | 3095/5362 [01:53<01:28, 25.57it/s] 58%|█████▊    | 3098/5362 [01:54<01:30, 25.11it/s] 58%|█████▊    | 3101/5362 [01:54<01:29, 25.35it/s] 58%|█████▊    | 3104/5362 [01:54<01:28, 25.50it/s] 58%|█████▊    | 3107/5362 [01:54<01:28, 25.61it/s] 58%|█████▊    | 3110/5362 [01:54<01:27, 25.68it/s] 58%|█████▊    | 3113/5362 [01:54<01:27, 25.73it/s] 58%|█████▊    | 3116/5362 [01:54<01:27, 25.61it/s] 58%|█████▊    | 3119/5362 [01:54<01:28, 25.42it/s] 58%|█████▊    | 3122/5362 [01:55<01:27, 25.55it/s] 58%|█████▊    | 3125/5362 [01:55<01:27, 25.65it/s] 58%|█████▊    | 3128/5362 [01:55<01:26, 25.71it/s] 58%|█████▊    | 3131/5362 [01:55<01:26, 25.76it/s] 58%|█████▊    | 3134/5362 [01:55<01:26, 25.78it/s] 59%|█████▊    | 3137/5362 [01:55<01:26, 25.81it/s] 59%|█████▊    | 3140/5362 [01:55<01:26, 25.67it/s] 59%|█████▊    | 3143/5362 [01:55<01:26, 25.59it/s] 59%|█████▊    | 3146/5362 [01:55<01:27, 25.40it/s] 59%|█████▊    | 3149/5362 [01:56<01:26, 25.54it/s] 59%|█████▉    | 3152/5362 [01:56<01:27, 25.35it/s] 59%|█████▉    | 3155/5362 [01:56<01:26, 25.38it/s] 59%|█████▉    | 3158/5362 [01:56<01:26, 25.37it/s] 59%|█████▉    | 3161/5362 [01:56<01:28, 24.96it/s] 59%|█████▉    | 3164/5362 [01:56<01:27, 25.24it/s] 59%|█████▉    | 3167/5362 [01:56<01:26, 25.52it/s] 59%|█████▉    | 3170/5362 [01:56<01:23, 26.15it/s] 59%|█████▉    | 3173/5362 [01:57<01:22, 26.58it/s] 59%|█████▉    | 3176/5362 [01:57<01:21, 26.90it/s] 59%|█████▉    | 3179/5362 [01:57<01:19, 27.30it/s] 59%|█████▉    | 3182/5362 [01:57<01:21, 26.89it/s] 59%|█████▉    | 3185/5362 [01:57<01:19, 27.45it/s] 59%|█████▉    | 3189/5362 [01:57<01:17, 28.05it/s] 60%|█████▉    | 3192/5362 [01:57<01:16, 28.50it/s] 60%|█████▉    | 3196/5362 [01:57<01:15, 28.64it/s] 60%|█████▉    | 3200/5362 [01:57<01:15, 28.79it/s] 60%|█████▉    | 3203/5362 [01:58<01:14, 29.04it/s] 60%|█████▉    | 3206/5362 [01:58<01:17, 27.83it/s] 60%|█████▉    | 3209/5362 [01:58<01:21, 26.43it/s] 60%|█████▉    | 3212/5362 [01:58<01:18, 27.33it/s] 60%|█████▉    | 3215/5362 [01:58<01:17, 27.56it/s] 60%|██████    | 3218/5362 [01:58<01:16, 28.17it/s] 60%|██████    | 3221/5362 [01:58<01:17, 27.45it/s] 60%|██████    | 3224/5362 [01:58<01:15, 28.15it/s] 60%|██████    | 3228/5362 [01:58<01:14, 28.46it/s] 60%|██████    | 3232/5362 [01:59<01:11, 29.72it/s] 60%|██████    | 3236/5362 [01:59<01:10, 30.02it/s] 60%|██████    | 3239/5362 [01:59<01:12, 29.38it/s] 60%|██████    | 3242/5362 [01:59<01:14, 28.32it/s] 61%|██████    | 3245/5362 [01:59<01:13, 28.72it/s] 61%|██████    | 3249/5362 [01:59<01:13, 28.82it/s] 61%|██████    | 3252/5362 [01:59<01:14, 28.49it/s] 61%|██████    | 3255/5362 [01:59<01:14, 28.46it/s] 61%|██████    | 3258/5362 [02:00<01:16, 27.44it/s] 61%|██████    | 3262/5362 [02:00<01:15, 27.95it/s] 61%|██████    | 3265/5362 [02:00<01:15, 27.84it/s] 61%|██████    | 3268/5362 [02:00<01:14, 28.29it/s] 61%|██████    | 3271/5362 [02:00<01:14, 28.22it/s] 61%|██████    | 3274/5362 [02:00<01:15, 27.58it/s] 61%|██████    | 3278/5362 [02:00<01:14, 27.94it/s] 61%|██████    | 3281/5362 [02:00<01:13, 28.33it/s] 61%|██████    | 3284/5362 [02:00<01:13, 28.27it/s] 61%|██████▏   | 3287/5362 [02:01<01:13, 28.25it/s] 61%|██████▏   | 3290/5362 [02:01<01:14, 27.89it/s] 61%|██████▏   | 3293/5362 [02:01<01:13, 27.98it/s] 61%|██████▏   | 3296/5362 [02:01<01:13, 28.20it/s] 62%|██████▏   | 3299/5362 [02:01<01:16, 27.14it/s] 62%|██████▏   | 3302/5362 [02:01<01:13, 27.85it/s] 62%|██████▏   | 3305/5362 [02:01<01:16, 26.89it/s] 62%|██████▏   | 3308/5362 [02:01<01:14, 27.48it/s] 62%|██████▏   | 3311/5362 [02:01<01:14, 27.38it/s] 62%|██████▏   | 3314/5362 [02:02<01:13, 28.01it/s] 62%|██████▏   | 3317/5362 [02:02<01:14, 27.41it/s] 62%|██████▏   | 3320/5362 [02:02<01:13, 27.86it/s] 62%|██████▏   | 3323/5362 [02:02<01:11, 28.43it/s] 62%|██████▏   | 3326/5362 [02:02<01:11, 28.32it/s] 62%|██████▏   | 3329/5362 [02:02<01:13, 27.63it/s] 62%|██████▏   | 3332/5362 [02:02<01:12, 28.03it/s] 62%|██████▏   | 3336/5362 [02:02<01:11, 28.46it/s] 62%|██████▏   | 3339/5362 [02:02<01:11, 28.44it/s] 62%|██████▏   | 3342/5362 [02:03<01:11, 28.28it/s] 62%|██████▏   | 3345/5362 [02:03<01:13, 27.61it/s] 62%|██████▏   | 3348/5362 [02:03<01:13, 27.36it/s] 62%|██████▏   | 3351/5362 [02:03<01:11, 28.03it/s] 63%|██████▎   | 3355/5362 [02:03<01:10, 28.49it/s] 63%|██████▎   | 3358/5362 [02:03<01:09, 28.67it/s] 63%|██████▎   | 3361/5362 [02:03<01:11, 27.81it/s] 63%|██████▎   | 3365/5362 [02:03<01:10, 28.22it/s] 63%|██████▎   | 3369/5362 [02:04<01:10, 28.46it/s] 63%|██████▎   | 3372/5362 [02:04<01:10, 28.22it/s] 63%|██████▎   | 3375/5362 [02:04<01:12, 27.58it/s] 63%|██████▎   | 3379/5362 [02:04<01:10, 28.21it/s] 63%|██████▎   | 3382/5362 [02:04<01:10, 28.18it/s] 63%|██████▎   | 3385/5362 [02:04<01:11, 27.76it/s] 63%|██████▎   | 3388/5362 [02:04<01:10, 27.83it/s] 63%|██████▎   | 3391/5362 [02:04<01:09, 28.35it/s] 63%|██████▎   | 3394/5362 [02:04<01:09, 28.52it/s] 63%|██████▎   | 3397/5362 [02:05<01:11, 27.65it/s] 63%|██████▎   | 3400/5362 [02:05<01:10, 27.88it/s] 63%|██████▎   | 3403/5362 [02:05<01:09, 28.01it/s] 64%|██████▎   | 3407/5362 [02:05<01:09, 28.16it/s] 64%|██████▎   | 3410/5362 [02:05<01:12, 26.96it/s] 64%|██████▎   | 3414/5362 [02:05<01:10, 27.47it/s] 64%|██████▎   | 3417/5362 [02:05<01:11, 27.23it/s] 64%|██████▍   | 3420/5362 [02:05<01:11, 27.07it/s] 64%|██████▍   | 3423/5362 [02:05<01:10, 27.64it/s] 64%|██████▍   | 3426/5362 [02:06<01:08, 28.21it/s] 64%|██████▍   | 3430/5362 [02:06<01:07, 28.65it/s] 64%|██████▍   | 3433/5362 [02:06<01:07, 28.61it/s] 64%|██████▍   | 3436/5362 [02:06<01:08, 28.32it/s] 64%|██████▍   | 3439/5362 [02:06<01:07, 28.44it/s] 64%|██████▍   | 3442/5362 [02:06<01:07, 28.24it/s] 64%|██████▍   | 3445/5362 [02:06<01:08, 27.94it/s] 64%|██████▍   | 3448/5362 [02:06<01:08, 28.03it/s] 64%|██████▍   | 3452/5362 [02:06<01:06, 28.53it/s] 64%|██████▍   | 3455/5362 [02:07<01:06, 28.67it/s] 64%|██████▍   | 3458/5362 [02:07<01:05, 28.94it/s] 65%|██████▍   | 3461/5362 [02:07<01:07, 27.99it/s] 65%|██████▍   | 3464/5362 [02:07<01:07, 28.08it/s] 65%|██████▍   | 3467/5362 [02:07<01:08, 27.51it/s] 65%|██████▍   | 3470/5362 [02:07<01:08, 27.59it/s] 65%|██████▍   | 3473/5362 [02:07<01:08, 27.65it/s] 65%|██████▍   | 3476/5362 [02:07<01:07, 27.86it/s] 65%|██████▍   | 3479/5362 [02:07<01:06, 28.33it/s] 65%|██████▍   | 3482/5362 [02:08<01:05, 28.59it/s] 65%|██████▍   | 3485/5362 [02:08<01:07, 27.68it/s] 65%|██████▌   | 3488/5362 [02:08<01:10, 26.70it/s] 65%|██████▌   | 3491/5362 [02:08<01:08, 27.30it/s] 65%|██████▌   | 3495/5362 [02:08<01:06, 28.01it/s] 65%|██████▌   | 3499/5362 [02:08<01:05, 28.44it/s] 65%|██████▌   | 3502/5362 [02:08<01:05, 28.30it/s] 65%|██████▌   | 3505/5362 [02:08<01:05, 28.20it/s] 65%|██████▌   | 3508/5362 [02:08<01:07, 27.38it/s] 65%|██████▌   | 3512/5362 [02:09<01:05, 28.07it/s] 66%|██████▌   | 3515/5362 [02:09<01:05, 28.06it/s] 66%|██████▌   | 3519/5362 [02:09<01:04, 28.46it/s] 66%|██████▌   | 3522/5362 [02:09<01:03, 28.78it/s] 66%|██████▌   | 3525/5362 [02:09<01:06, 27.83it/s] 66%|██████▌   | 3528/5362 [02:09<01:07, 27.10it/s] 66%|██████▌   | 3532/5362 [02:09<01:05, 27.87it/s] 66%|██████▌   | 3535/5362 [02:09<01:04, 28.28it/s] 66%|██████▌   | 3539/5362 [02:10<01:04, 28.47it/s] 66%|██████▌   | 3542/5362 [02:10<01:03, 28.69it/s] 66%|██████▌   | 3545/5362 [02:10<01:05, 27.53it/s] 66%|██████▌   | 3548/5362 [02:10<01:04, 28.10it/s] 66%|██████▌   | 3551/5362 [02:10<01:03, 28.37it/s] 66%|██████▋   | 3554/5362 [02:10<01:02, 28.78it/s] 66%|██████▋   | 3557/5362 [02:10<01:05, 27.56it/s] 66%|██████▋   | 3561/5362 [02:10<01:04, 28.12it/s] 66%|██████▋   | 3564/5362 [02:10<01:03, 28.54it/s] 67%|██████▋   | 3568/5362 [02:11<01:02, 28.68it/s] 67%|██████▋   | 3571/5362 [02:11<01:02, 28.77it/s] 67%|██████▋   | 3574/5362 [02:11<01:03, 28.26it/s] 67%|██████▋   | 3577/5362 [02:11<01:03, 28.12it/s] 67%|██████▋   | 3580/5362 [02:11<01:03, 27.99it/s] 67%|██████▋   | 3583/5362 [02:11<01:05, 27.31it/s] 67%|██████▋   | 3587/5362 [02:11<01:03, 27.90it/s] 67%|██████▋   | 3590/5362 [02:11<01:02, 28.16it/s] 67%|██████▋   | 3593/5362 [02:11<01:02, 28.38it/s] 67%|██████▋   | 3596/5362 [02:12<01:01, 28.54it/s] 67%|██████▋   | 3599/5362 [02:12<01:02, 28.09it/s] 67%|██████▋   | 3602/5362 [02:12<01:01, 28.58it/s] 67%|██████▋   | 3606/5362 [02:12<01:00, 29.03it/s] 67%|██████▋   | 3609/5362 [02:12<01:01, 28.39it/s] 67%|██████▋   | 3612/5362 [02:12<01:02, 28.17it/s] 67%|██████▋   | 3615/5362 [02:12<01:02, 28.04it/s] 67%|██████▋   | 3618/5362 [02:12<01:02, 27.92it/s] 68%|██████▊   | 3621/5362 [02:12<01:03, 27.28it/s] 68%|██████▊   | 3625/5362 [02:13<01:02, 27.95it/s] 68%|██████▊   | 3628/5362 [02:13<01:00, 28.47it/s] 68%|██████▊   | 3631/5362 [02:13<01:00, 28.61it/s] 68%|██████▊   | 3634/5362 [02:13<01:02, 27.79it/s] 68%|██████▊   | 3637/5362 [02:13<01:01, 28.14it/s] 68%|██████▊   | 3640/5362 [02:13<01:00, 28.49it/s] 68%|██████▊   | 3643/5362 [02:13<00:59, 28.77it/s] 68%|██████▊   | 3646/5362 [02:13<01:01, 27.89it/s] 68%|██████▊   | 3650/5362 [02:14<01:00, 28.30it/s] 68%|██████▊   | 3654/5362 [02:14<00:59, 28.58it/s] 68%|██████▊   | 3658/5362 [02:14<00:58, 28.92it/s] 68%|██████▊   | 3661/5362 [02:14<00:58, 29.09it/s] 68%|██████▊   | 3664/5362 [02:14<01:00, 27.97it/s] 68%|██████▊   | 3668/5362 [02:14<00:59, 28.31it/s] 68%|██████▊   | 3671/5362 [02:14<00:58, 28.68it/s] 69%|██████▊   | 3674/5362 [02:14<00:58, 28.65it/s] 69%|██████▊   | 3677/5362 [02:14<01:00, 27.80it/s] 69%|██████▊   | 3680/5362 [02:15<00:59, 28.39it/s] 69%|██████▊   | 3684/5362 [02:15<00:53, 31.50it/s] 69%|██████▉   | 3690/5362 [02:15<00:45, 36.56it/s] 69%|██████▉   | 3695/5362 [02:15<00:41, 39.72it/s] 69%|██████▉   | 3701/5362 [02:15<00:38, 43.11it/s] 69%|██████▉   | 3707/5362 [02:15<00:36, 45.57it/s] 69%|██████▉   | 3713/5362 [02:15<00:35, 47.07it/s] 69%|██████▉   | 3718/5362 [02:15<00:34, 47.63it/s] 69%|██████▉   | 3723/5362 [02:15<00:34, 47.96it/s] 70%|██████▉   | 3729/5362 [02:16<00:33, 48.78it/s] 70%|██████▉   | 3734/5362 [02:16<00:33, 48.59it/s] 70%|██████▉   | 3739/5362 [02:16<00:35, 45.59it/s] 70%|██████▉   | 3744/5362 [02:16<00:38, 42.50it/s] 70%|██████▉   | 3749/5362 [02:16<00:41, 39.26it/s] 70%|███████   | 3754/5362 [02:16<00:47, 34.02it/s] 70%|███████   | 3758/5362 [02:16<00:51, 30.98it/s] 70%|███████   | 3762/5362 [02:17<00:54, 29.19it/s] 70%|███████   | 3766/5362 [02:17<00:56, 28.17it/s] 70%|███████   | 3769/5362 [02:17<00:57, 27.47it/s] 70%|███████   | 3772/5362 [02:17<00:58, 27.04it/s] 70%|███████   | 3775/5362 [02:17<00:59, 26.72it/s] 70%|███████   | 3778/5362 [02:17<00:59, 26.48it/s] 71%|███████   | 3781/5362 [02:17<01:00, 26.29it/s] 71%|███████   | 3784/5362 [02:17<01:00, 26.16it/s] 71%|███████   | 3787/5362 [02:18<01:00, 26.07it/s] 71%|███████   | 3790/5362 [02:18<01:00, 25.97it/s] 71%|███████   | 3793/5362 [02:18<01:01, 25.52it/s] 71%|███████   | 3796/5362 [02:18<01:01, 25.60it/s] 71%|███████   | 3799/5362 [02:18<01:00, 25.68it/s] 71%|███████   | 3802/5362 [02:18<01:00, 25.72it/s] 71%|███████   | 3805/5362 [02:18<01:00, 25.75it/s] 71%|███████   | 3808/5362 [02:18<01:00, 25.76it/s] 71%|███████   | 3811/5362 [02:19<01:00, 25.76it/s] 71%|███████   | 3814/5362 [02:19<01:00, 25.78it/s] 71%|███████   | 3817/5362 [02:19<01:00, 25.66it/s] 71%|███████   | 3820/5362 [02:19<01:00, 25.29it/s] 71%|███████▏  | 3823/5362 [02:19<01:01, 25.17it/s] 71%|███████▏  | 3826/5362 [02:19<01:00, 25.35it/s] 71%|███████▏  | 3829/5362 [02:19<01:00, 25.36it/s] 71%|███████▏  | 3832/5362 [02:19<01:00, 25.49it/s] 72%|███████▏  | 3835/5362 [02:19<00:59, 25.59it/s] 72%|███████▏  | 3838/5362 [02:20<00:59, 25.65it/s] 72%|███████▏  | 3841/5362 [02:20<00:59, 25.71it/s] 72%|███████▏  | 3844/5362 [02:20<00:59, 25.59it/s] 72%|███████▏  | 3847/5362 [02:20<00:59, 25.38it/s] 72%|███████▏  | 3850/5362 [02:20<00:59, 25.39it/s] 72%|███████▏  | 3853/5362 [02:20<00:59, 25.51it/s] 72%|███████▏  | 3856/5362 [02:20<00:59, 25.46it/s] 72%|███████▏  | 3859/5362 [02:20<00:56, 26.40it/s] 72%|███████▏  | 3862/5362 [02:21<00:57, 26.23it/s] 72%|███████▏  | 3865/5362 [02:21<00:57, 26.11it/s] 72%|███████▏  | 3868/5362 [02:21<00:58, 25.63it/s] 72%|███████▏  | 3871/5362 [02:21<00:58, 25.55it/s] 72%|███████▏  | 3874/5362 [02:21<00:58, 25.63it/s] 72%|███████▏  | 3877/5362 [02:21<00:57, 25.69it/s] 72%|███████▏  | 3880/5362 [02:21<00:57, 25.60it/s] 72%|███████▏  | 3883/5362 [02:21<00:57, 25.54it/s] 72%|███████▏  | 3886/5362 [02:21<00:57, 25.63it/s] 73%|███████▎  | 3889/5362 [02:22<00:57, 25.68it/s] 73%|███████▎  | 3892/5362 [02:22<00:57, 25.72it/s] 73%|███████▎  | 3895/5362 [02:22<00:56, 25.75it/s] 73%|███████▎  | 3898/5362 [02:22<00:57, 25.64it/s] 73%|███████▎  | 3901/5362 [02:22<00:57, 25.28it/s] 73%|███████▎  | 3904/5362 [02:22<00:57, 25.18it/s] 73%|███████▎  | 3907/5362 [02:22<00:57, 25.23it/s] 73%|███████▎  | 3910/5362 [02:22<00:57, 25.16it/s] 73%|███████▎  | 3913/5362 [02:23<00:57, 25.35it/s] 73%|███████▎  | 3916/5362 [02:23<00:57, 25.36it/s] 73%|███████▎  | 3919/5362 [02:23<00:56, 25.50it/s] 73%|███████▎  | 3922/5362 [02:23<00:56, 25.45it/s] 73%|███████▎  | 3925/5362 [02:23<00:56, 25.45it/s] 73%|███████▎  | 3928/5362 [02:23<00:56, 25.56it/s] 73%|███████▎  | 3931/5362 [02:23<00:55, 25.64it/s] 73%|███████▎  | 3934/5362 [02:23<00:55, 25.70it/s] 73%|███████▎  | 3937/5362 [02:23<00:55, 25.75it/s] 73%|███████▎  | 3940/5362 [02:24<00:55, 25.79it/s] 74%|███████▎  | 3943/5362 [02:24<00:54, 25.81it/s] 74%|███████▎  | 3946/5362 [02:24<00:54, 25.82it/s] 74%|███████▎  | 3949/5362 [02:24<00:54, 25.83it/s] 74%|███████▎  | 3952/5362 [02:24<00:56, 24.89it/s] 74%|███████▍  | 3955/5362 [02:24<00:56, 24.91it/s] 74%|███████▍  | 3958/5362 [02:24<00:56, 25.04it/s] 74%|███████▍  | 3961/5362 [02:24<00:56, 25.01it/s] 74%|███████▍  | 3964/5362 [02:25<00:55, 24.98it/s] 74%|███████▍  | 3967/5362 [02:25<00:56, 24.84it/s] 74%|███████▍  | 3970/5362 [02:25<00:56, 24.62it/s] 74%|███████▍  | 3973/5362 [02:25<00:57, 24.32it/s] 74%|███████▍  | 3976/5362 [02:25<00:58, 23.89it/s] 74%|███████▍  | 3979/5362 [02:25<00:56, 24.45it/s] 74%|███████▍  | 3982/5362 [02:25<00:55, 24.73it/s] 74%|███████▍  | 3985/5362 [02:25<00:54, 25.04it/s] 74%|███████▍  | 3988/5362 [02:26<00:57, 23.76it/s] 74%|███████▍  | 3991/5362 [02:26<00:56, 24.22it/s] 74%|███████▍  | 3994/5362 [02:26<00:55, 24.68it/s] 75%|███████▍  | 3997/5362 [02:26<00:54, 25.02it/s] 75%|███████▍  | 4000/5362 [02:26<00:53, 25.26it/s] 75%|███████▍  | 4003/5362 [02:26<00:53, 25.43it/s] 75%|███████▍  | 4006/5362 [02:26<00:53, 25.55it/s] 75%|███████▍  | 4009/5362 [02:26<00:52, 25.65it/s] 75%|███████▍  | 4012/5362 [02:26<00:52, 25.70it/s] 75%|███████▍  | 4015/5362 [02:27<00:52, 25.75it/s] 75%|███████▍  | 4018/5362 [02:27<00:52, 25.76it/s] 75%|███████▍  | 4021/5362 [02:27<00:51, 25.79it/s] 75%|███████▌  | 4024/5362 [02:27<00:51, 25.80it/s] 75%|███████▌  | 4027/5362 [02:27<00:51, 25.82it/s] 75%|███████▌  | 4030/5362 [02:27<00:51, 25.83it/s] 75%|███████▌  | 4033/5362 [02:27<00:51, 25.83it/s] 75%|███████▌  | 4036/5362 [02:27<00:51, 25.83it/s] 75%|███████▌  | 4039/5362 [02:27<00:51, 25.84it/s] 75%|███████▌  | 4042/5362 [02:28<00:51, 25.41it/s] 75%|███████▌  | 4045/5362 [02:28<00:51, 25.41it/s] 75%|███████▌  | 4048/5362 [02:28<00:51, 25.66it/s] 76%|███████▌  | 4051/5362 [02:28<00:49, 26.24it/s] 76%|███████▌  | 4054/5362 [02:28<00:48, 27.19it/s] 76%|███████▌  | 4057/5362 [02:28<00:46, 27.89it/s] 76%|███████▌  | 4060/5362 [02:28<00:47, 27.24it/s] 76%|███████▌  | 4064/5362 [02:28<00:46, 27.88it/s] 76%|███████▌  | 4067/5362 [02:29<00:45, 28.18it/s] 76%|███████▌  | 4071/5362 [02:29<00:45, 28.52it/s] 76%|███████▌  | 4074/5362 [02:29<00:45, 28.47it/s] 76%|███████▌  | 4077/5362 [02:29<00:44, 28.60it/s] 76%|███████▌  | 4080/5362 [02:29<00:46, 27.77it/s] 76%|███████▌  | 4083/5362 [02:29<00:45, 28.28it/s] 76%|███████▌  | 4087/5362 [02:29<00:44, 28.57it/s] 76%|███████▋  | 4091/5362 [02:29<00:44, 28.78it/s] 76%|███████▋  | 4094/5362 [02:29<00:43, 29.00it/s] 76%|███████▋  | 4098/5362 [02:30<00:43, 29.08it/s] 76%|███████▋  | 4101/5362 [02:30<00:43, 29.22it/s] 77%|███████▋  | 4104/5362 [02:30<00:44, 28.21it/s] 77%|███████▋  | 4107/5362 [02:30<00:43, 28.58it/s] 77%|███████▋  | 4111/5362 [02:30<00:43, 28.76it/s] 77%|███████▋  | 4114/5362 [02:30<00:43, 28.90it/s] 77%|███████▋  | 4117/5362 [02:30<00:42, 29.20it/s] 77%|███████▋  | 4120/5362 [02:30<00:44, 28.01it/s] 77%|███████▋  | 4123/5362 [02:30<00:43, 28.47it/s] 77%|███████▋  | 4126/5362 [02:31<00:43, 28.39it/s] 77%|███████▋  | 4129/5362 [02:31<00:43, 28.19it/s] 77%|███████▋  | 4132/5362 [02:31<00:44, 27.84it/s] 77%|███████▋  | 4135/5362 [02:31<00:45, 27.16it/s] 77%|███████▋  | 4139/5362 [02:31<00:44, 27.73it/s] 77%|███████▋  | 4142/5362 [02:31<00:43, 27.77it/s] 77%|███████▋  | 4145/5362 [02:31<00:43, 27.84it/s] 77%|███████▋  | 4148/5362 [02:31<00:43, 27.80it/s] 77%|███████▋  | 4151/5362 [02:31<00:45, 26.86it/s] 77%|███████▋  | 4154/5362 [02:32<00:44, 27.12it/s] 78%|███████▊  | 4157/5362 [02:32<00:43, 27.78it/s] 78%|███████▊  | 4160/5362 [02:32<00:42, 28.13it/s] 78%|███████▊  | 4163/5362 [02:32<00:43, 27.50it/s] 78%|███████▊  | 4166/5362 [02:32<00:45, 26.11it/s] 78%|███████▊  | 4169/5362 [02:32<00:46, 25.70it/s] 78%|███████▊  | 4173/5362 [02:32<00:42, 27.66it/s] 78%|███████▊  | 4177/5362 [02:32<00:42, 27.87it/s] 78%|███████▊  | 4180/5362 [02:33<00:42, 28.05it/s] 78%|███████▊  | 4183/5362 [02:33<00:42, 27.96it/s] 78%|███████▊  | 4186/5362 [02:33<00:42, 27.54it/s] 78%|███████▊  | 4189/5362 [02:33<00:43, 26.78it/s] 78%|███████▊  | 4192/5362 [02:33<00:42, 27.35it/s] 78%|███████▊  | 4195/5362 [02:33<00:42, 27.64it/s] 78%|███████▊  | 4198/5362 [02:33<00:41, 28.20it/s] 78%|███████▊  | 4201/5362 [02:33<00:42, 27.07it/s] 78%|███████▊  | 4204/5362 [02:33<00:43, 26.75it/s] 78%|███████▊  | 4208/5362 [02:34<00:42, 27.22it/s] 79%|███████▊  | 4211/5362 [02:34<00:43, 26.36it/s] 79%|███████▊  | 4214/5362 [02:34<00:43, 26.18it/s] 79%|███████▊  | 4217/5362 [02:34<00:43, 26.41it/s] 79%|███████▊  | 4220/5362 [02:34<00:42, 26.78it/s] 79%|███████▉  | 4223/5362 [02:34<00:44, 25.76it/s] 79%|███████▉  | 4226/5362 [02:34<00:42, 26.45it/s] 79%|███████▉  | 4229/5362 [02:34<00:42, 26.96it/s] 79%|███████▉  | 4232/5362 [02:34<00:42, 26.71it/s] 79%|███████▉  | 4235/5362 [02:35<00:41, 27.23it/s] 79%|███████▉  | 4238/5362 [02:35<00:41, 26.83it/s] 79%|███████▉  | 4241/5362 [02:35<00:41, 26.94it/s] 79%|███████▉  | 4244/5362 [02:35<00:43, 25.97it/s] 79%|███████▉  | 4247/5362 [02:35<00:41, 26.91it/s] 79%|███████▉  | 4250/5362 [02:35<00:41, 27.11it/s] 79%|███████▉  | 4253/5362 [02:35<00:42, 26.11it/s] 79%|███████▉  | 4256/5362 [02:35<00:41, 26.67it/s] 79%|███████▉  | 4260/5362 [02:36<00:39, 27.68it/s] 80%|███████▉  | 4263/5362 [02:36<00:39, 27.99it/s] 80%|███████▉  | 4266/5362 [02:36<00:39, 27.53it/s] 80%|███████▉  | 4269/5362 [02:36<00:40, 26.92it/s] 80%|███████▉  | 4272/5362 [02:36<00:40, 26.74it/s] 80%|███████▉  | 4275/5362 [02:36<00:40, 27.13it/s] 80%|███████▉  | 4278/5362 [02:36<00:41, 26.34it/s] 80%|███████▉  | 4282/5362 [02:36<00:38, 27.92it/s] 80%|███████▉  | 4285/5362 [02:36<00:38, 27.74it/s] 80%|███████▉  | 4288/5362 [02:37<00:40, 26.72it/s] 80%|████████  | 4291/5362 [02:37<00:39, 27.17it/s] 80%|████████  | 4294/5362 [02:37<00:39, 27.07it/s] 80%|████████  | 4297/5362 [02:37<00:39, 27.27it/s] 80%|████████  | 4300/5362 [02:37<00:39, 26.95it/s] 80%|████████  | 4303/5362 [02:37<00:39, 27.11it/s] 80%|████████  | 4307/5362 [02:37<00:38, 27.58it/s] 80%|████████  | 4310/5362 [02:37<00:38, 27.50it/s] 80%|████████  | 4313/5362 [02:37<00:37, 27.79it/s] 80%|████████  | 4316/5362 [02:38<00:38, 27.40it/s] 81%|████████  | 4319/5362 [02:38<00:39, 26.57it/s] 81%|████████  | 4322/5362 [02:38<00:38, 27.11it/s] 81%|████████  | 4325/5362 [02:38<00:37, 27.33it/s] 81%|████████  | 4328/5362 [02:38<00:37, 27.85it/s] 81%|████████  | 4331/5362 [02:38<00:37, 27.32it/s] 81%|████████  | 4334/5362 [02:38<00:39, 26.34it/s] 81%|████████  | 4337/5362 [02:38<00:38, 26.75it/s] 81%|████████  | 4341/5362 [02:39<00:37, 27.35it/s] 81%|████████  | 4344/5362 [02:39<00:37, 27.36it/s] 81%|████████  | 4347/5362 [02:39<00:36, 27.52it/s] 81%|████████  | 4350/5362 [02:39<00:36, 27.58it/s] 81%|████████  | 4353/5362 [02:39<00:37, 26.76it/s] 81%|████████  | 4356/5362 [02:39<00:36, 27.32it/s] 81%|████████▏ | 4359/5362 [02:39<00:36, 27.48it/s] 81%|████████▏ | 4362/5362 [02:39<00:37, 26.79it/s] 81%|████████▏ | 4365/5362 [02:39<00:36, 27.08it/s] 81%|████████▏ | 4368/5362 [02:40<00:38, 26.06it/s] 82%|████████▏ | 4371/5362 [02:40<00:36, 26.86it/s] 82%|████████▏ | 4375/5362 [02:40<00:35, 27.42it/s] 82%|████████▏ | 4378/5362 [02:40<00:35, 27.46it/s] 82%|████████▏ | 4381/5362 [02:40<00:35, 27.64it/s] 82%|████████▏ | 4384/5362 [02:40<00:36, 26.72it/s] 82%|████████▏ | 4387/5362 [02:40<00:36, 26.51it/s] 82%|████████▏ | 4390/5362 [02:40<00:36, 26.76it/s] 82%|████████▏ | 4393/5362 [02:40<00:36, 26.82it/s] 82%|████████▏ | 4396/5362 [02:41<00:35, 27.01it/s] 82%|████████▏ | 4399/5362 [02:41<00:35, 26.89it/s] 82%|████████▏ | 4402/5362 [02:41<00:36, 25.96it/s] 82%|████████▏ | 4406/5362 [02:41<00:35, 26.96it/s] 82%|████████▏ | 4409/5362 [02:41<00:34, 27.36it/s] 82%|████████▏ | 4412/5362 [02:41<00:34, 27.71it/s] 82%|████████▏ | 4415/5362 [02:41<00:34, 27.64it/s] 82%|████████▏ | 4418/5362 [02:41<00:35, 26.41it/s] 82%|████████▏ | 4421/5362 [02:41<00:35, 26.80it/s] 83%|████████▎ | 4424/5362 [02:42<00:34, 27.36it/s] 83%|████████▎ | 4427/5362 [02:42<00:33, 27.82it/s] 83%|████████▎ | 4430/5362 [02:42<00:35, 26.33it/s] 83%|████████▎ | 4433/5362 [02:42<00:37, 24.87it/s] 83%|████████▎ | 4436/5362 [02:42<00:36, 25.70it/s] 83%|████████▎ | 4439/5362 [02:42<00:34, 26.50it/s] 83%|████████▎ | 4442/5362 [02:42<00:34, 26.94it/s] 83%|████████▎ | 4445/5362 [02:42<00:35, 26.20it/s] 83%|████████▎ | 4448/5362 [02:42<00:34, 26.18it/s] 83%|████████▎ | 4451/5362 [02:43<00:35, 25.87it/s] 83%|████████▎ | 4454/5362 [02:43<00:34, 26.13it/s] 83%|████████▎ | 4457/5362 [02:43<00:34, 26.51it/s] 83%|████████▎ | 4460/5362 [02:43<00:34, 25.97it/s] 83%|████████▎ | 4463/5362 [02:43<00:34, 25.86it/s] 83%|████████▎ | 4466/5362 [02:43<00:34, 26.18it/s] 83%|████████▎ | 4469/5362 [02:43<00:33, 26.51it/s] 83%|████████▎ | 4472/5362 [02:43<00:33, 26.88it/s] 83%|████████▎ | 4475/5362 [02:44<00:34, 26.02it/s] 84%|████████▎ | 4478/5362 [02:44<00:35, 25.06it/s] 84%|████████▎ | 4482/5362 [02:44<00:32, 26.92it/s] 84%|████████▎ | 4485/5362 [02:44<00:32, 27.26it/s] 84%|████████▎ | 4488/5362 [02:44<00:31, 27.60it/s] 84%|████████▍ | 4491/5362 [02:44<00:32, 26.58it/s] 84%|████████▍ | 4494/5362 [02:44<00:31, 27.41it/s] 84%|████████▍ | 4497/5362 [02:44<00:31, 27.47it/s] 84%|████████▍ | 4500/5362 [02:44<00:31, 27.76it/s] 84%|████████▍ | 4503/5362 [02:45<00:32, 26.43it/s] 84%|████████▍ | 4506/5362 [02:45<00:31, 26.93it/s] 84%|████████▍ | 4509/5362 [02:45<00:31, 26.89it/s] 84%|████████▍ | 4512/5362 [02:45<00:31, 27.11it/s] 84%|████████▍ | 4515/5362 [02:45<00:31, 26.77it/s] 84%|████████▍ | 4518/5362 [02:45<00:32, 26.37it/s] 84%|████████▍ | 4521/5362 [02:45<00:31, 26.55it/s] 84%|████████▍ | 4524/5362 [02:45<00:31, 26.71it/s] 84%|████████▍ | 4527/5362 [02:45<00:31, 26.77it/s] 84%|████████▍ | 4530/5362 [02:46<00:31, 26.17it/s] 85%|████████▍ | 4533/5362 [02:46<00:31, 26.14it/s] 85%|████████▍ | 4536/5362 [02:46<00:30, 26.98it/s] 85%|████████▍ | 4539/5362 [02:46<00:29, 27.69it/s] 85%|████████▍ | 4542/5362 [02:46<00:30, 26.47it/s] 85%|████████▍ | 4545/5362 [02:46<00:30, 26.93it/s] 85%|████████▍ | 4548/5362 [02:46<00:29, 27.46it/s] 85%|████████▍ | 4551/5362 [02:46<00:29, 27.92it/s] 85%|████████▍ | 4555/5362 [02:46<00:28, 28.35it/s] 85%|████████▌ | 4558/5362 [02:47<00:29, 26.84it/s] 85%|████████▌ | 4561/5362 [02:47<00:28, 27.63it/s] 85%|████████▌ | 4564/5362 [02:47<00:28, 27.72it/s] 85%|████████▌ | 4567/5362 [02:47<00:29, 26.98it/s] 85%|████████▌ | 4570/5362 [02:47<00:29, 26.79it/s] 85%|████████▌ | 4573/5362 [02:47<00:28, 27.24it/s] 85%|████████▌ | 4576/5362 [02:47<00:28, 27.51it/s] 85%|████████▌ | 4579/5362 [02:47<00:29, 26.79it/s] 85%|████████▌ | 4582/5362 [02:47<00:28, 27.29it/s] 86%|████████▌ | 4585/5362 [02:48<00:28, 27.50it/s] 86%|████████▌ | 4588/5362 [02:48<00:30, 25.72it/s] 86%|████████▌ | 4591/5362 [02:48<00:29, 26.37it/s] 86%|████████▌ | 4594/5362 [02:48<00:30, 25.49it/s] 86%|████████▌ | 4597/5362 [02:48<00:29, 26.06it/s] 86%|████████▌ | 4600/5362 [02:48<00:30, 25.39it/s] 86%|████████▌ | 4603/5362 [02:48<00:29, 25.99it/s] 86%|████████▌ | 4606/5362 [02:48<00:28, 26.47it/s] 86%|████████▌ | 4609/5362 [02:49<00:28, 26.25it/s] 86%|████████▌ | 4612/5362 [02:49<00:27, 26.85it/s] 86%|████████▌ | 4615/5362 [02:49<00:27, 27.16it/s] 86%|████████▌ | 4618/5362 [02:49<00:27, 26.80it/s] 86%|████████▌ | 4621/5362 [02:49<00:28, 25.61it/s] 86%|████████▋ | 4626/5362 [02:49<00:23, 30.89it/s] 86%|████████▋ | 4631/5362 [02:49<00:21, 34.75it/s] 86%|████████▋ | 4636/5362 [02:49<00:19, 37.45it/s] 87%|████████▋ | 4641/5362 [02:49<00:18, 39.59it/s] 87%|████████▋ | 4646/5362 [02:50<00:17, 40.57it/s] 87%|████████▋ | 4651/5362 [02:50<00:16, 41.92it/s] 87%|████████▋ | 4656/5362 [02:50<00:16, 43.18it/s] 87%|████████▋ | 4661/5362 [02:50<00:16, 41.47it/s] 87%|████████▋ | 4666/5362 [02:50<00:16, 42.36it/s] 87%|████████▋ | 4671/5362 [02:50<00:16, 42.79it/s] 87%|████████▋ | 4676/5362 [02:50<00:17, 38.12it/s] 87%|████████▋ | 4680/5362 [02:50<00:20, 34.04it/s] 87%|████████▋ | 4684/5362 [02:51<00:21, 31.92it/s] 87%|████████▋ | 4688/5362 [02:51<00:23, 28.12it/s] 87%|████████▋ | 4691/5362 [02:51<00:24, 26.95it/s] 88%|████████▊ | 4694/5362 [02:51<00:25, 25.93it/s] 88%|████████▊ | 4697/5362 [02:51<00:26, 25.40it/s] 88%|████████▊ | 4700/5362 [02:51<00:26, 24.90it/s] 88%|████████▊ | 4703/5362 [02:51<00:26, 24.54it/s] 88%|████████▊ | 4706/5362 [02:52<00:27, 24.27it/s] 88%|████████▊ | 4709/5362 [02:52<00:27, 24.09it/s] 88%|████████▊ | 4712/5362 [02:52<00:27, 24.06it/s] 88%|████████▊ | 4715/5362 [02:52<00:26, 24.06it/s] 88%|████████▊ | 4718/5362 [02:52<00:26, 24.04it/s] 88%|████████▊ | 4721/5362 [02:52<00:26, 24.04it/s] 88%|████████▊ | 4724/5362 [02:52<00:26, 24.04it/s] 88%|████████▊ | 4727/5362 [02:52<00:27, 23.33it/s] 88%|████████▊ | 4730/5362 [02:53<00:27, 22.87it/s] 88%|████████▊ | 4733/5362 [02:53<00:27, 23.22it/s] 88%|████████▊ | 4736/5362 [02:53<00:26, 23.45it/s] 88%|████████▊ | 4739/5362 [02:53<00:26, 23.73it/s] 88%|████████▊ | 4742/5362 [02:53<00:26, 23.69it/s] 88%|████████▊ | 4745/5362 [02:53<00:26, 23.68it/s] 89%|████████▊ | 4748/5362 [02:53<00:25, 23.67it/s] 89%|████████▊ | 4751/5362 [02:53<00:26, 23.30it/s] 89%|████████▊ | 4754/5362 [02:54<00:25, 23.52it/s] 89%|████████▊ | 4757/5362 [02:54<00:25, 23.32it/s] 89%|████████▉ | 4760/5362 [02:54<00:25, 23.19it/s] 89%|████████▉ | 4763/5362 [02:54<00:26, 22.88it/s] 89%|████████▉ | 4766/5362 [02:54<00:26, 22.64it/s] 89%|████████▉ | 4769/5362 [02:54<00:26, 22.40it/s] 89%|████████▉ | 4772/5362 [02:54<00:26, 21.94it/s] 89%|████████▉ | 4775/5362 [02:55<00:26, 22.44it/s] 89%|████████▉ | 4778/5362 [02:55<00:25, 22.90it/s] 89%|████████▉ | 4781/5362 [02:55<00:24, 23.24it/s] 89%|████████▉ | 4784/5362 [02:55<00:24, 23.25it/s] 89%|████████▉ | 4787/5362 [02:55<00:24, 23.51it/s] 89%|████████▉ | 4790/5362 [02:55<00:24, 23.78it/s] 89%|████████▉ | 4793/5362 [02:55<00:23, 23.99it/s] 89%|████████▉ | 4796/5362 [02:55<00:23, 24.02it/s] 90%|████████▉ | 4799/5362 [02:56<00:23, 24.13it/s] 90%|████████▉ | 4802/5362 [02:56<00:23, 24.13it/s] 90%|████████▉ | 4805/5362 [02:56<00:23, 24.20it/s] 90%|████████▉ | 4808/5362 [02:56<00:22, 24.17it/s] 90%|████████▉ | 4811/5362 [02:56<00:22, 24.14it/s] 90%|████████▉ | 4814/5362 [02:56<00:22, 24.24it/s] 90%|████████▉ | 4817/5362 [02:56<00:22, 24.18it/s] 90%|████████▉ | 4820/5362 [02:56<00:22, 24.15it/s] 90%|████████▉ | 4823/5362 [02:57<00:22, 24.00it/s] 90%|█████████ | 4826/5362 [02:57<00:22, 23.79it/s] 90%|█████████ | 4829/5362 [02:57<00:22, 23.53it/s] 90%|█████████ | 4832/5362 [02:57<00:22, 23.22it/s] 90%|█████████ | 4835/5362 [02:57<00:22, 23.23it/s] 90%|█████████ | 4838/5362 [02:57<00:22, 23.24it/s] 90%|█████████ | 4841/5362 [02:57<00:22, 23.37it/s] 90%|█████████ | 4844/5362 [02:57<00:22, 23.45it/s] 90%|█████████ | 4847/5362 [02:58<00:21, 23.62it/s] 90%|█████████ | 4850/5362 [02:58<00:21, 23.76it/s] 91%|█████████ | 4853/5362 [02:58<00:21, 23.74it/s] 91%|█████████ | 4856/5362 [02:58<00:21, 23.83it/s] 91%|█████████ | 4859/5362 [02:58<00:21, 23.78it/s] 91%|█████████ | 4862/5362 [02:58<00:20, 23.86it/s] 91%|█████████ | 4865/5362 [02:58<00:20, 23.92it/s] 91%|█████████ | 4868/5362 [02:58<00:20, 23.84it/s] 91%|█████████ | 4871/5362 [02:59<00:20, 23.44it/s] 91%|█████████ | 4874/5362 [02:59<00:20, 23.38it/s] 91%|█████████ | 4877/5362 [02:59<00:20, 23.45it/s] 91%|█████████ | 4880/5362 [02:59<00:20, 23.51it/s] 91%|█████████ | 4883/5362 [02:59<00:20, 23.67it/s] 91%|█████████ | 4886/5362 [02:59<00:20, 23.41it/s] 91%|█████████ | 4889/5362 [02:59<00:20, 23.04it/s] 91%|█████████ | 4892/5362 [02:59<00:20, 23.23it/s] 91%|█████████▏| 4895/5362 [03:00<00:19, 23.49it/s] 91%|█████████▏| 4898/5362 [03:00<00:19, 23.77it/s] 91%|█████████▏| 4901/5362 [03:00<00:19, 23.39it/s] 91%|█████████▏| 4904/5362 [03:00<00:19, 23.60it/s] 92%|█████████▏| 4907/5362 [03:00<00:19, 23.62it/s] 92%|█████████▏| 4910/5362 [03:00<00:18, 23.86it/s] 92%|█████████▏| 4913/5362 [03:00<00:18, 23.93it/s] 92%|█████████▏| 4916/5362 [03:00<00:18, 23.97it/s] 92%|█████████▏| 4919/5362 [03:01<00:18, 23.88it/s] 92%|█████████▏| 4922/5362 [03:01<00:18, 23.47it/s] 92%|█████████▏| 4925/5362 [03:01<00:18, 23.64it/s] 92%|█████████▏| 4928/5362 [03:01<00:18, 23.75it/s] 92%|█████████▏| 4931/5362 [03:01<00:18, 23.87it/s] 92%|█████████▏| 4934/5362 [03:01<00:17, 23.81it/s] 92%|█████████▏| 4937/5362 [03:01<00:17, 23.89it/s] 92%|█████████▏| 4940/5362 [03:01<00:17, 23.82it/s] 92%|█████████▏| 4943/5362 [03:02<00:16, 25.18it/s] 92%|█████████▏| 4946/5362 [03:02<00:16, 25.29it/s] 92%|█████████▏| 4949/5362 [03:02<00:15, 26.29it/s] 92%|█████████▏| 4952/5362 [03:02<00:15, 26.27it/s] 92%|█████████▏| 4955/5362 [03:02<00:15, 26.38it/s] 92%|█████████▏| 4958/5362 [03:02<00:15, 26.48it/s] 93%|█████████▎| 4961/5362 [03:02<00:15, 26.66it/s] 93%|█████████▎| 4964/5362 [03:02<00:14, 27.28it/s] 93%|█████████▎| 4967/5362 [03:02<00:14, 26.93it/s] 93%|█████████▎| 4970/5362 [03:03<00:14, 26.77it/s] 93%|█████████▎| 4973/5362 [03:03<00:14, 26.44it/s] 93%|█████████▎| 4976/5362 [03:03<00:14, 27.15it/s] 93%|█████████▎| 4979/5362 [03:03<00:14, 25.99it/s] 93%|█████████▎| 4982/5362 [03:03<00:14, 25.45it/s] 93%|█████████▎| 4985/5362 [03:03<00:14, 25.85it/s] 93%|█████████▎| 4988/5362 [03:03<00:14, 25.61it/s] 93%|█████████▎| 4991/5362 [03:03<00:14, 25.92it/s] 93%|█████████▎| 4994/5362 [03:03<00:14, 26.24it/s] 93%|█████████▎| 4997/5362 [03:04<00:13, 26.75it/s] 93%|█████████▎| 5000/5362 [03:04<00:13, 27.00it/s] 93%|█████████▎| 5003/5362 [03:04<00:13, 26.85it/s] 93%|█████████▎| 5006/5362 [03:04<00:13, 26.57it/s] 93%|█████████▎| 5009/5362 [03:04<00:13, 25.79it/s] 93%|█████████▎| 5012/5362 [03:04<00:13, 26.24it/s] 94%|█████████▎| 5015/5362 [03:04<00:13, 26.17it/s] 94%|█████████▎| 5018/5362 [03:04<00:13, 25.15it/s] 94%|█████████▎| 5021/5362 [03:05<00:13, 24.91it/s] 94%|█████████▎| 5024/5362 [03:05<00:13, 25.80it/s] 94%|█████████▍| 5027/5362 [03:05<00:13, 25.58it/s] 94%|█████████▍| 5030/5362 [03:05<00:12, 26.02it/s] 94%|█████████▍| 5033/5362 [03:05<00:12, 25.73it/s] 94%|█████████▍| 5036/5362 [03:05<00:12, 26.07it/s] 94%|█████████▍| 5040/5362 [03:05<00:11, 27.13it/s] 94%|█████████▍| 5043/5362 [03:05<00:11, 27.29it/s] 94%|█████████▍| 5046/5362 [03:05<00:11, 27.36it/s] 94%|█████████▍| 5049/5362 [03:06<00:11, 26.96it/s] 94%|█████████▍| 5052/5362 [03:06<00:11, 26.95it/s] 94%|█████████▍| 5055/5362 [03:06<00:11, 25.91it/s] 94%|█████████▍| 5058/5362 [03:06<00:11, 26.11it/s] 94%|█████████▍| 5061/5362 [03:06<00:11, 26.78it/s] 94%|█████████▍| 5064/5362 [03:06<00:10, 27.24it/s] 94%|█████████▍| 5067/5362 [03:06<00:10, 27.44it/s] 95%|█████████▍| 5070/5362 [03:06<00:11, 26.48it/s] 95%|█████████▍| 5073/5362 [03:06<00:10, 26.95it/s] 95%|█████████▍| 5076/5362 [03:07<00:10, 27.30it/s] 95%|█████████▍| 5079/5362 [03:07<00:10, 27.25it/s] 95%|█████████▍| 5082/5362 [03:07<00:18, 15.26it/s] 95%|█████████▍| 5085/5362 [03:07<00:15, 17.48it/s] 95%|█████████▍| 5088/5362 [03:07<00:13, 19.80it/s] 95%|█████████▍| 5091/5362 [03:07<00:12, 21.60it/s] 95%|█████████▌| 5094/5362 [03:08<00:11, 22.74it/s] 95%|█████████▌| 5097/5362 [03:08<00:11, 24.00it/s] 95%|█████████▌| 5100/5362 [03:08<00:10, 25.23it/s] 95%|█████████▌| 5103/5362 [03:08<00:10, 25.80it/s] 95%|█████████▌| 5106/5362 [03:08<00:09, 25.73it/s] 95%|█████████▌| 5109/5362 [03:08<00:09, 26.26it/s] 95%|█████████▌| 5112/5362 [03:08<00:09, 26.88it/s] 95%|█████████▌| 5115/5362 [03:08<00:09, 27.41it/s] 95%|█████████▌| 5118/5362 [03:08<00:08, 27.25it/s] 96%|█████████▌| 5121/5362 [03:09<00:08, 26.82it/s] 96%|█████████▌| 5124/5362 [03:09<00:08, 26.99it/s] 96%|█████████▌| 5128/5362 [03:09<00:08, 27.71it/s] 96%|█████████▌| 5132/5362 [03:09<00:08, 28.24it/s] 96%|█████████▌| 5135/5362 [03:09<00:07, 28.38it/s] 96%|█████████▌| 5138/5362 [03:09<00:08, 27.17it/s] 96%|█████████▌| 5141/5362 [03:09<00:07, 27.83it/s] 96%|█████████▌| 5144/5362 [03:09<00:07, 27.59it/s] 96%|█████████▌| 5147/5362 [03:09<00:08, 26.42it/s] 96%|█████████▌| 5150/5362 [03:10<00:08, 26.41it/s] 96%|█████████▌| 5153/5362 [03:10<00:07, 26.58it/s] 96%|█████████▌| 5156/5362 [03:10<00:07, 25.79it/s] 96%|█████████▌| 5159/5362 [03:10<00:07, 26.28it/s] 96%|█████████▋| 5162/5362 [03:10<00:07, 26.25it/s] 96%|█████████▋| 5166/5362 [03:10<00:07, 27.32it/s] 96%|█████████▋| 5169/5362 [03:10<00:07, 27.29it/s] 96%|█████████▋| 5172/5362 [03:10<00:07, 26.97it/s] 97%|█████████▋| 5175/5362 [03:11<00:06, 26.84it/s] 97%|█████████▋| 5178/5362 [03:11<00:06, 27.14it/s] 97%|█████████▋| 5181/5362 [03:11<00:06, 27.65it/s] 97%|█████████▋| 5184/5362 [03:11<00:06, 27.32it/s] 97%|█████████▋| 5187/5362 [03:11<00:06, 27.57it/s] 97%|█████████▋| 5190/5362 [03:11<00:06, 26.85it/s] 97%|█████████▋| 5193/5362 [03:11<00:06, 27.39it/s] 97%|█████████▋| 5196/5362 [03:11<00:06, 27.61it/s] 97%|█████████▋| 5199/5362 [03:11<00:06, 27.15it/s] 97%|█████████▋| 5202/5362 [03:12<00:05, 27.27it/s] 97%|█████████▋| 5205/5362 [03:12<00:05, 26.46it/s] 97%|█████████▋| 5208/5362 [03:12<00:05, 26.26it/s] 97%|█████████▋| 5211/5362 [03:12<00:05, 26.16it/s] 97%|█████████▋| 5214/5362 [03:12<00:05, 26.47it/s] 97%|█████████▋| 5217/5362 [03:12<00:05, 26.41it/s] 97%|█████████▋| 5220/5362 [03:12<00:05, 26.90it/s] 97%|█████████▋| 5223/5362 [03:12<00:05, 26.39it/s] 97%|█████████▋| 5226/5362 [03:12<00:05, 26.03it/s] 98%|█████████▊| 5229/5362 [03:13<00:05, 26.57it/s] 98%|█████████▊| 5232/5362 [03:13<00:04, 27.29it/s] 98%|█████████▊| 5235/5362 [03:13<00:04, 27.11it/s] 98%|█████████▊| 5238/5362 [03:13<00:04, 27.00it/s] 98%|█████████▊| 5241/5362 [03:13<00:04, 26.99it/s] 98%|█████████▊| 5244/5362 [03:13<00:04, 26.93it/s] 98%|█████████▊| 5247/5362 [03:13<00:04, 26.90it/s] 98%|█████████▊| 5250/5362 [03:13<00:04, 26.39it/s] 98%|█████████▊| 5253/5362 [03:13<00:04, 26.45it/s] 98%|█████████▊| 5256/5362 [03:14<00:04, 25.79it/s] 98%|█████████▊| 5259/5362 [03:14<00:03, 26.82it/s] 98%|█████████▊| 5262/5362 [03:14<00:03, 26.61it/s] 98%|█████████▊| 5265/5362 [03:14<00:03, 26.68it/s] 98%|█████████▊| 5268/5362 [03:14<00:03, 27.35it/s] 98%|█████████▊| 5271/5362 [03:14<00:03, 26.84it/s] 98%|█████████▊| 5274/5362 [03:14<00:03, 27.64it/s] 98%|█████████▊| 5277/5362 [03:14<00:03, 25.70it/s] 98%|█████████▊| 5280/5362 [03:14<00:03, 25.53it/s] 99%|█████████▊| 5283/5362 [03:15<00:03, 25.82it/s] 99%|█████████▊| 5286/5362 [03:15<00:02, 26.72it/s] 99%|█████████▊| 5289/5362 [03:15<00:02, 25.69it/s] 99%|█████████▊| 5292/5362 [03:15<00:02, 25.99it/s] 99%|█████████▉| 5295/5362 [03:15<00:02, 26.35it/s] 99%|█████████▉| 5298/5362 [03:15<00:02, 26.53it/s] 99%|█████████▉| 5301/5362 [03:15<00:02, 26.49it/s] 99%|█████████▉| 5304/5362 [03:15<00:02, 26.57it/s] 99%|█████████▉| 5307/5362 [03:15<00:02, 27.01it/s] 99%|█████████▉| 5310/5362 [03:16<00:01, 26.25it/s] 99%|█████████▉| 5313/5362 [03:16<00:01, 26.86it/s] 99%|█████████▉| 5316/5362 [03:16<00:01, 26.87it/s] 99%|█████████▉| 5319/5362 [03:16<00:01, 27.39it/s] 99%|█████████▉| 5322/5362 [03:16<00:01, 27.40it/s] 99%|█████████▉| 5325/5362 [03:16<00:01, 26.81it/s] 99%|█████████▉| 5328/5362 [03:16<00:01, 26.45it/s] 99%|█████████▉| 5331/5362 [03:16<00:01, 26.99it/s] 99%|█████████▉| 5334/5362 [03:16<00:01, 27.15it/s]100%|█████████▉| 5337/5362 [03:17<00:00, 27.21it/s]100%|█████████▉| 5340/5362 [03:17<00:00, 27.29it/s]100%|█████████▉| 5344/5362 [03:17<00:00, 27.99it/s]100%|█████████▉| 5347/5362 [03:17<00:00, 28.45it/s]100%|█████████▉| 5350/5362 [03:17<00:00, 28.05it/s]100%|█████████▉| 5353/5362 [03:17<00:00, 28.28it/s]100%|█████████▉| 5356/5362 [03:17<00:00, 27.34it/s]100%|█████████▉| 5359/5362 [03:17<00:00, 27.12it/s]100%|██████████| 5362/5362 [03:17<00:00, 27.75it/s]3388 Failed to open the input "/mnt/workspace/home/zhangjunan/audioldm_eval/audioldm_eval/test_musiccaps/audio/_fad_feature_cache.npy" (Invalid data found when processing input).
Exception raised from get_input_format_context at /__w/audio/audio/pytorch/audio/src/libtorio/ffmpeg/stream_reader/stream_reader.cpp:42 (most recent call first):
frame #0: c10::Error::Error(c10::SourceLocation, std::string) + 0x57 (0x7fa5344cf897 in /mnt/workspace/home/zhangjunan/.env/vevo2/lib/python3.10/site-packages/torch/lib/libc10.so)
frame #1: c10::detail::torchCheckFail(char const*, char const*, unsigned int, std::string const&) + 0x64 (0x7fa53447fb25 in /mnt/workspace/home/zhangjunan/.env/vevo2/lib/python3.10/site-packages/torch/lib/libc10.so)
frame #2: <unknown function> + 0x42334 (0x7fa340ca6334 in /mnt/workspace/home/zhangjunan/.env/vevo2/lib/python3.10/site-packages/torio/lib/libtorio_ffmpeg4.so)
frame #3: torio::io::StreamingMediaDecoder::StreamingMediaDecoder(std::string const&, std::optional<std::string> const&, std::optional<std::map<std::string, std::string, std::less<std::string>, std::allocator<std::pair<std::string const, std::string> > > > const&) + 0x14 (0x7fa340ca8d34 in /mnt/workspace/home/zhangjunan/.env/vevo2/lib/python3.10/site-packages/torio/lib/libtorio_ffmpeg4.so)
frame #4: <unknown function> + 0x3aa4e (0x7fa334ce0a4e in /mnt/workspace/home/zhangjunan/.env/vevo2/lib/python3.10/site-packages/torio/lib/_torio_ffmpeg4.so)
frame #5: <unknown function> + 0x32617 (0x7fa334cd8617 in /mnt/workspace/home/zhangjunan/.env/vevo2/lib/python3.10/site-packages/torio/lib/_torio_ffmpeg4.so)
frame #6: python() [0x4fdcf7]
<omitting python frames>
frame #8: python() [0x509eda]
frame #9: python() [0x507a4c]
frame #10: python() [0x4f77e6]
frame #11: <unknown function> + 0xf6cb (0x7fa4ca1b76cb in /mnt/workspace/home/zhangjunan/.env/vevo2/lib/python3.10/site-packages/torchaudio/lib/_torchaudio.so)
frame #15: python() [0x5075b8]
frame #26: python() [0x543973]
frame #27: python() [0x5437d8]
frame #37: python() [0x509a7e]
frame #42: python() [0x5075b8]
frame #52: python() [0x5075b8]
frame #57: python() [0x532997]
frame #58: python() [0x5d01e9]
frame #61: python() [0x5117cf]

100%|██████████| 5362/5362 [03:18<00:00, 27.08it/s]
Save pickle at /mnt/workspace/home/zhangjunan/audioldm_eval/audioldm_eval/test_musiccaps/audioclassifier_logits_feature_cache.pkl
Extracting features from /mnt/workspace/home/zhangjunan/audioldm_eval/audioldm_eval/test_musiccaps/infer/epoch-0008_step-0541000_loss-0.316784.
  0%|          | 0/5360 [00:00<?, ?it/s]  0%|          | 1/5360 [00:00<27:52,  3.20it/s]  0%|          | 4/5360 [00:00<07:47, 11.45it/s]  0%|          | 7/5360 [00:00<05:29, 16.25it/s]  0%|          | 11/5360 [00:00<04:15, 20.97it/s]  0%|          | 15/5360 [00:00<03:41, 24.10it/s]  0%|          | 19/5360 [00:00<03:27, 25.80it/s]  0%|          | 23/5360 [00:01<03:18, 26.83it/s]  1%|          | 27/5360 [00:01<03:16, 27.12it/s]  1%|          | 30/5360 [00:01<03:13, 27.58it/s]  1%|          | 33/5360 [00:01<03:16, 27.09it/s]  1%|          | 37/5360 [00:01<03:10, 27.93it/s]  1%|          | 40/5360 [00:01<03:07, 28.31it/s]  1%|          | 44/5360 [00:01<03:05, 28.61it/s]  1%|          | 47/5360 [00:01<03:05, 28.64it/s]  1%|          | 50/5360 [00:02<03:10, 27.84it/s]  1%|          | 53/5360 [00:02<03:10, 27.92it/s]  1%|          | 56/5360 [00:02<03:14, 27.20it/s]  1%|          | 59/5360 [00:02<03:13, 27.40it/s]  1%|          | 62/5360 [00:02<03:11, 27.67it/s]  1%|          | 65/5360 [00:02<03:07, 28.29it/s]  1%|▏         | 68/5360 [00:02<03:09, 27.97it/s]  1%|▏         | 71/5360 [00:02<03:09, 27.91it/s]  1%|▏         | 75/5360 [00:02<03:06, 28.26it/s]  1%|▏         | 78/5360 [00:03<03:05, 28.50it/s]  2%|▏         | 81/5360 [00:03<03:04, 28.54it/s]  2%|▏         | 84/5360 [00:03<03:07, 28.12it/s]  2%|▏         | 87/5360 [00:03<03:05, 28.48it/s]  2%|▏         | 90/5360 [00:03<03:02, 28.90it/s]  2%|▏         | 93/5360 [00:03<03:08, 27.94it/s]  2%|▏         | 96/5360 [00:03<03:05, 28.39it/s]  2%|▏         | 100/5360 [00:03<02:53, 30.37it/s]  2%|▏         | 105/5360 [00:03<02:27, 35.70it/s]  2%|▏         | 111/5360 [00:04<02:09, 40.45it/s]  2%|▏         | 117/5360 [00:04<02:00, 43.65it/s]  2%|▏         | 123/5360 [00:04<01:53, 45.98it/s]  2%|▏         | 129/5360 [00:04<01:50, 47.38it/s]  2%|▎         | 134/5360 [00:04<01:49, 47.66it/s]  3%|▎         | 140/5360 [00:04<01:47, 48.47it/s]  3%|▎         | 146/5360 [00:04<01:45, 49.26it/s]  3%|▎         | 152/5360 [00:04<01:44, 49.87it/s]  3%|▎         | 157/5360 [00:04<01:44, 49.84it/s]  3%|▎         | 162/5360 [00:05<01:51, 46.70it/s]  3%|▎         | 167/5360 [00:05<02:06, 41.16it/s]  3%|▎         | 172/5360 [00:05<02:27, 35.14it/s]  3%|▎         | 176/5360 [00:05<02:41, 32.14it/s]  3%|▎         | 180/5360 [00:05<02:51, 30.21it/s]  3%|▎         | 184/5360 [00:05<02:59, 28.77it/s]  3%|▎         | 187/5360 [00:05<03:05, 27.92it/s]  4%|▎         | 190/5360 [00:06<03:10, 27.15it/s]  4%|▎         | 193/5360 [00:06<03:12, 26.80it/s]  4%|▎         | 196/5360 [00:06<03:14, 26.54it/s]  4%|▎         | 199/5360 [00:06<03:15, 26.34it/s]  4%|▍         | 202/5360 [00:06<03:16, 26.20it/s]  4%|▍         | 205/5360 [00:06<03:17, 26.10it/s]  4%|▍         | 208/5360 [00:06<03:17, 26.03it/s]  4%|▍         | 211/5360 [00:06<03:18, 25.97it/s]  4%|▍         | 214/5360 [00:07<03:18, 25.92it/s]  4%|▍         | 217/5360 [00:07<03:18, 25.91it/s]  4%|▍         | 220/5360 [00:07<03:18, 25.89it/s]  4%|▍         | 223/5360 [00:07<03:19, 25.74it/s]  4%|▍         | 226/5360 [00:07<03:19, 25.77it/s]  4%|▍         | 229/5360 [00:07<03:18, 25.79it/s]  4%|▍         | 232/5360 [00:07<03:18, 25.81it/s]  4%|▍         | 235/5360 [00:07<03:18, 25.83it/s]  4%|▍         | 238/5360 [00:07<03:18, 25.83it/s]  4%|▍         | 241/5360 [00:08<03:18, 25.83it/s]  5%|▍         | 244/5360 [00:08<03:18, 25.83it/s]  5%|▍         | 247/5360 [00:08<03:17, 25.84it/s]  5%|▍         | 250/5360 [00:08<03:17, 25.83it/s]  5%|▍         | 253/5360 [00:08<03:19, 25.57it/s]  5%|▍         | 256/5360 [00:08<03:18, 25.65it/s]  5%|▍         | 259/5360 [00:08<03:18, 25.71it/s]  5%|▍         | 262/5360 [00:08<03:21, 25.36it/s]  5%|▍         | 265/5360 [00:09<03:19, 25.50it/s]  5%|▌         | 268/5360 [00:09<03:24, 24.95it/s]  5%|▌         | 271/5360 [00:09<03:25, 24.82it/s]  5%|▌         | 274/5360 [00:09<03:22, 25.12it/s]  5%|▌         | 277/5360 [00:09<03:19, 25.44it/s]  5%|▌         | 280/5360 [00:09<03:19, 25.45it/s]  5%|▌         | 283/5360 [00:09<03:19, 25.45it/s]  5%|▌         | 286/5360 [00:09<03:18, 25.59it/s]  5%|▌         | 289/5360 [00:09<03:18, 25.54it/s]  5%|▌         | 292/5360 [00:10<03:17, 25.64it/s]  6%|▌         | 295/5360 [00:10<03:16, 25.72it/s]  6%|▌         | 298/5360 [00:10<03:17, 25.64it/s]  6%|▌         | 301/5360 [00:10<03:16, 25.70it/s]  6%|▌         | 304/5360 [00:10<03:17, 25.61it/s]  6%|▌         | 307/5360 [00:10<03:18, 25.41it/s]  6%|▌         | 310/5360 [00:10<03:20, 25.15it/s]  6%|▌         | 313/5360 [00:10<03:22, 24.97it/s]  6%|▌         | 316/5360 [00:11<03:19, 25.23it/s]  6%|▌         | 319/5360 [00:11<03:18, 25.42it/s]  6%|▌         | 322/5360 [00:11<03:17, 25.55it/s]  6%|▌         | 325/5360 [00:11<03:16, 25.64it/s]  6%|▌         | 328/5360 [00:11<03:15, 25.71it/s]  6%|▌         | 331/5360 [00:11<03:15, 25.76it/s]  6%|▌         | 334/5360 [00:11<03:14, 25.79it/s]  6%|▋         | 337/5360 [00:11<03:14, 25.82it/s]  6%|▋         | 340/5360 [00:11<03:14, 25.84it/s]  6%|▋         | 343/5360 [00:12<03:14, 25.85it/s]  6%|▋         | 346/5360 [00:12<03:13, 25.88it/s]  7%|▋         | 349/5360 [00:12<03:13, 25.89it/s]  7%|▋         | 352/5360 [00:12<03:13, 25.89it/s]  7%|▋         | 355/5360 [00:12<03:13, 25.89it/s]  7%|▋         | 358/5360 [00:12<03:13, 25.89it/s]  7%|▋         | 361/5360 [00:12<03:13, 25.89it/s]  7%|▋         | 364/5360 [00:12<03:13, 25.88it/s]  7%|▋         | 367/5360 [00:12<03:13, 25.87it/s]  7%|▋         | 370/5360 [00:13<03:12, 25.88it/s]  7%|▋         | 373/5360 [00:13<03:15, 25.44it/s]  7%|▋         | 376/5360 [00:13<03:18, 25.17it/s]  7%|▋         | 379/5360 [00:13<03:19, 24.97it/s]  7%|▋         | 382/5360 [00:13<03:20, 24.84it/s]  7%|▋         | 385/5360 [00:13<03:24, 24.37it/s]  7%|▋         | 388/5360 [00:13<03:20, 24.80it/s]  7%|▋         | 391/5360 [00:13<03:17, 25.12it/s]  7%|▋         | 394/5360 [00:14<03:17, 25.08it/s]  7%|▋         | 397/5360 [00:14<03:15, 25.32it/s]  7%|▋         | 400/5360 [00:14<03:14, 25.49it/s]  8%|▊         | 403/5360 [00:14<03:15, 25.33it/s]  8%|▊         | 406/5360 [00:14<03:14, 25.50it/s]  8%|▊         | 409/5360 [00:14<03:13, 25.62it/s]  8%|▊         | 412/5360 [00:14<03:12, 25.72it/s]  8%|▊         | 415/5360 [00:14<03:11, 25.77it/s]  8%|▊         | 418/5360 [00:15<03:11, 25.81it/s]  8%|▊         | 421/5360 [00:15<03:11, 25.82it/s]  8%|▊         | 424/5360 [00:15<03:11, 25.83it/s]  8%|▊         | 427/5360 [00:15<03:10, 25.85it/s]  8%|▊         | 430/5360 [00:15<03:10, 25.87it/s]  8%|▊         | 433/5360 [00:15<03:10, 25.89it/s]  8%|▊         | 436/5360 [00:15<03:10, 25.89it/s]  8%|▊         | 439/5360 [00:15<03:10, 25.89it/s]  8%|▊         | 442/5360 [00:15<03:09, 25.89it/s]  8%|▊         | 445/5360 [00:16<03:09, 25.91it/s]  8%|▊         | 448/5360 [00:16<03:09, 25.89it/s]  8%|▊         | 451/5360 [00:16<03:09, 25.88it/s]  8%|▊         | 454/5360 [00:16<03:09, 25.88it/s]  9%|▊         | 457/5360 [00:16<03:09, 25.88it/s]  9%|▊         | 460/5360 [00:16<03:09, 25.88it/s]  9%|▊         | 463/5360 [00:16<03:09, 25.88it/s]  9%|▊         | 466/5360 [00:16<03:09, 25.88it/s]  9%|▉         | 469/5360 [00:16<03:08, 25.89it/s]  9%|▉         | 472/5360 [00:17<03:04, 26.45it/s]  9%|▉         | 475/5360 [00:17<03:00, 27.03it/s]  9%|▉         | 478/5360 [00:17<02:57, 27.56it/s]  9%|▉         | 481/5360 [00:17<03:00, 27.02it/s]  9%|▉         | 484/5360 [00:17<02:55, 27.71it/s]  9%|▉         | 488/5360 [00:17<02:53, 28.16it/s]  9%|▉         | 491/5360 [00:17<02:50, 28.48it/s]  9%|▉         | 494/5360 [00:17<02:48, 28.86it/s]  9%|▉         | 497/5360 [00:17<02:50, 28.56it/s]  9%|▉         | 500/5360 [00:18<02:53, 28.05it/s]  9%|▉         | 504/5360 [00:18<02:49, 28.65it/s]  9%|▉         | 507/5360 [00:18<02:48, 28.77it/s] 10%|▉         | 510/5360 [00:18<02:51, 28.26it/s] 10%|▉         | 513/5360 [00:18<02:54, 27.73it/s] 10%|▉         | 517/5360 [00:18<02:51, 28.25it/s] 10%|▉         | 521/5360 [00:18<02:49, 28.51it/s] 10%|▉         | 524/5360 [00:18<02:47, 28.89it/s] 10%|▉         | 528/5360 [00:19<02:47, 28.82it/s] 10%|▉         | 531/5360 [00:19<02:46, 29.07it/s] 10%|▉         | 534/5360 [00:19<02:50, 28.29it/s] 10%|█         | 538/5360 [00:19<02:44, 29.29it/s] 10%|█         | 542/5360 [00:19<02:44, 29.27it/s] 10%|█         | 545/5360 [00:19<02:44, 29.32it/s] 10%|█         | 549/5360 [00:19<02:44, 29.19it/s] 10%|█         | 552/5360 [00:19<02:52, 27.90it/s] 10%|█         | 555/5360 [00:20<02:53, 27.63it/s] 10%|█         | 558/5360 [00:20<02:50, 28.24it/s] 10%|█         | 561/5360 [00:20<02:47, 28.63it/s] 11%|█         | 564/5360 [00:20<02:46, 28.86it/s] 11%|█         | 567/5360 [00:20<02:51, 27.91it/s] 11%|█         | 571/5360 [00:20<02:49, 28.31it/s] 11%|█         | 575/5360 [00:20<02:43, 29.20it/s] 11%|█         | 578/5360 [00:20<02:45, 28.94it/s] 11%|█         | 581/5360 [00:20<02:47, 28.57it/s] 11%|█         | 584/5360 [00:21<02:46, 28.77it/s] 11%|█         | 587/5360 [00:21<02:51, 27.86it/s] 11%|█         | 590/5360 [00:21<02:47, 28.43it/s] 11%|█         | 593/5360 [00:21<02:45, 28.86it/s] 11%|█         | 596/5360 [00:21<02:43, 29.12it/s] 11%|█         | 599/5360 [00:21<02:48, 28.30it/s] 11%|█         | 602/5360 [00:21<02:48, 28.17it/s] 11%|█▏        | 606/5360 [00:21<02:45, 28.71it/s] 11%|█▏        | 610/5360 [00:21<02:44, 28.82it/s] 11%|█▏        | 614/5360 [00:22<02:44, 28.88it/s] 12%|█▏        | 617/5360 [00:22<02:43, 29.04it/s] 12%|█▏        | 620/5360 [00:22<02:48, 28.08it/s] 12%|█▏        | 624/5360 [00:22<02:46, 28.50it/s] 12%|█▏        | 628/5360 [00:22<02:43, 28.88it/s] 12%|█▏        | 631/5360 [00:22<02:43, 28.93it/s] 12%|█▏        | 635/5360 [00:22<02:41, 29.25it/s] 12%|█▏        | 639/5360 [00:22<02:40, 29.32it/s] 12%|█▏        | 642/5360 [00:23<02:42, 29.02it/s] 12%|█▏        | 645/5360 [00:23<02:50, 27.72it/s] 12%|█▏        | 649/5360 [00:23<02:47, 28.07it/s] 12%|█▏        | 653/5360 [00:23<02:45, 28.39it/s] 12%|█▏        | 656/5360 [00:23<02:43, 28.74it/s] 12%|█▏        | 659/5360 [00:23<02:43, 28.69it/s] 12%|█▏        | 662/5360 [00:23<02:42, 28.90it/s] 12%|█▏        | 665/5360 [00:23<02:46, 28.18it/s] 12%|█▏        | 668/5360 [00:23<02:47, 28.08it/s] 13%|█▎        | 672/5360 [00:24<02:43, 28.62it/s] 13%|█▎        | 676/5360 [00:24<02:42, 28.78it/s] 13%|█▎        | 680/5360 [00:24<02:41, 29.00it/s] 13%|█▎        | 683/5360 [00:24<02:47, 27.95it/s] 13%|█▎        | 686/5360 [00:24<02:48, 27.80it/s] 13%|█▎        | 689/5360 [00:24<02:47, 27.85it/s] 13%|█▎        | 693/5360 [00:24<02:44, 28.44it/s] 13%|█▎        | 696/5360 [00:24<02:41, 28.80it/s] 13%|█▎        | 699/5360 [00:25<02:40, 28.98it/s] 13%|█▎        | 702/5360 [00:25<02:46, 28.05it/s] 13%|█▎        | 706/5360 [00:25<02:43, 28.54it/s] 13%|█▎        | 709/5360 [00:25<02:43, 28.37it/s] 13%|█▎        | 712/5360 [00:25<02:43, 28.48it/s] 13%|█▎        | 715/5360 [00:25<02:44, 28.17it/s] 13%|█▎        | 718/5360 [00:25<02:46, 27.83it/s] 13%|█▎        | 721/5360 [00:25<02:44, 28.26it/s] 14%|█▎        | 724/5360 [00:25<02:44, 28.12it/s] 14%|█▎        | 727/5360 [00:26<02:47, 27.71it/s] 14%|█▎        | 730/5360 [00:26<02:46, 27.79it/s] 14%|█▎        | 733/5360 [00:26<02:45, 27.93it/s] 14%|█▎        | 736/5360 [00:26<02:45, 27.91it/s] 14%|█▍        | 739/5360 [00:26<02:47, 27.56it/s] 14%|█▍        | 742/5360 [00:26<02:47, 27.52it/s] 14%|█▍        | 745/5360 [00:26<02:53, 26.54it/s] 14%|█▍        | 749/5360 [00:26<02:47, 27.47it/s] 14%|█▍        | 752/5360 [00:26<02:44, 28.00it/s] 14%|█▍        | 755/5360 [00:27<02:42, 28.37it/s] 14%|█▍        | 758/5360 [00:27<02:46, 27.58it/s] 14%|█▍        | 762/5360 [00:27<02:43, 28.04it/s] 14%|█▍        | 765/5360 [00:27<02:42, 28.22it/s] 14%|█▍        | 768/5360 [00:27<02:45, 27.78it/s] 14%|█▍        | 771/5360 [00:27<02:45, 27.81it/s] 14%|█▍        | 774/5360 [00:27<02:44, 27.81it/s] 14%|█▍        | 777/5360 [00:27<02:47, 27.40it/s] 15%|█▍        | 780/5360 [00:27<02:44, 27.81it/s] 15%|█▍        | 783/5360 [00:28<02:42, 28.08it/s] 15%|█▍        | 786/5360 [00:28<02:43, 28.01it/s] 15%|█▍        | 789/5360 [00:28<02:47, 27.23it/s] 15%|█▍        | 792/5360 [00:28<02:45, 27.59it/s] 15%|█▍        | 795/5360 [00:28<02:43, 27.99it/s] 15%|█▍        | 799/5360 [00:28<02:40, 28.36it/s] 15%|█▍        | 802/5360 [00:28<02:38, 28.78it/s] 15%|█▌        | 805/5360 [00:28<02:43, 27.82it/s] 15%|█▌        | 808/5360 [00:28<02:41, 28.13it/s] 15%|█▌        | 811/5360 [00:29<02:38, 28.65it/s] 15%|█▌        | 814/5360 [00:29<02:36, 29.03it/s] 15%|█▌        | 817/5360 [00:29<02:42, 27.98it/s] 15%|█▌        | 820/5360 [00:29<02:40, 28.28it/s] 15%|█▌        | 823/5360 [00:29<02:40, 28.28it/s] 15%|█▌        | 826/5360 [00:29<02:49, 26.78it/s] 15%|█▌        | 829/5360 [00:29<02:47, 27.11it/s] 16%|█▌        | 832/5360 [00:29<02:50, 26.58it/s] 16%|█▌        | 835/5360 [00:29<02:47, 27.01it/s] 16%|█▌        | 838/5360 [00:30<02:44, 27.43it/s] 16%|█▌        | 842/5360 [00:30<02:42, 27.88it/s] 16%|█▌        | 846/5360 [00:30<02:39, 28.32it/s] 16%|█▌        | 849/5360 [00:30<02:38, 28.55it/s] 16%|█▌        | 852/5360 [00:30<02:41, 27.87it/s] 16%|█▌        | 855/5360 [00:30<02:47, 26.92it/s] 16%|█▌        | 858/5360 [00:30<02:43, 27.47it/s] 16%|█▌        | 861/5360 [00:30<02:40, 27.97it/s] 16%|█▌        | 864/5360 [00:30<02:47, 26.87it/s] 16%|█▌        | 868/5360 [00:31<02:42, 27.64it/s] 16%|█▋        | 872/5360 [00:31<02:39, 28.18it/s] 16%|█▋        | 875/5360 [00:31<02:37, 28.43it/s] 16%|█▋        | 879/5360 [00:31<02:35, 28.75it/s] 16%|█▋        | 882/5360 [00:31<02:36, 28.53it/s] 17%|█▋        | 885/5360 [00:31<02:39, 28.11it/s] 17%|█▋        | 889/5360 [00:31<02:36, 28.66it/s] 17%|█▋        | 893/5360 [00:31<02:35, 28.77it/s] 17%|█▋        | 896/5360 [00:32<02:35, 28.62it/s] 17%|█▋        | 899/5360 [00:32<02:40, 27.83it/s] 17%|█▋        | 903/5360 [00:32<02:37, 28.28it/s] 17%|█▋        | 907/5360 [00:32<02:34, 28.77it/s] 17%|█▋        | 911/5360 [00:32<02:34, 28.79it/s] 17%|█▋        | 914/5360 [00:32<02:33, 28.93it/s] 17%|█▋        | 917/5360 [00:32<02:33, 28.95it/s] 17%|█▋        | 920/5360 [00:32<02:38, 27.99it/s] 17%|█▋        | 924/5360 [00:33<02:36, 28.30it/s] 17%|█▋        | 927/5360 [00:33<02:34, 28.62it/s] 17%|█▋        | 931/5360 [00:33<02:33, 28.77it/s] 17%|█▋        | 934/5360 [00:33<02:33, 28.82it/s] 17%|█▋        | 937/5360 [00:33<02:36, 28.31it/s] 18%|█▊        | 940/5360 [00:33<02:37, 28.03it/s] 18%|█▊        | 944/5360 [00:33<02:34, 28.55it/s] 18%|█▊        | 947/5360 [00:33<02:32, 28.85it/s] 18%|█▊        | 950/5360 [00:33<02:38, 27.76it/s] 18%|█▊        | 953/5360 [00:34<02:35, 28.28it/s] 18%|█▊        | 956/5360 [00:34<02:34, 28.60it/s] 18%|█▊        | 959/5360 [00:34<02:38, 27.74it/s] 18%|█▊        | 962/5360 [00:34<02:38, 27.79it/s] 18%|█▊        | 966/5360 [00:34<02:33, 28.55it/s] 18%|█▊        | 969/5360 [00:34<02:34, 28.41it/s] 18%|█▊        | 972/5360 [00:34<02:38, 27.64it/s] 18%|█▊        | 975/5360 [00:34<02:38, 27.71it/s] 18%|█▊        | 978/5360 [00:34<02:34, 28.31it/s] 18%|█▊        | 981/5360 [00:35<02:33, 28.62it/s] 18%|█▊        | 984/5360 [00:35<02:37, 27.72it/s] 18%|█▊        | 987/5360 [00:35<02:34, 28.30it/s] 18%|█▊        | 990/5360 [00:35<02:34, 28.31it/s] 19%|█▊        | 993/5360 [00:35<02:38, 27.54it/s] 19%|█▊        | 996/5360 [00:35<02:35, 28.09it/s] 19%|█▊        | 1000/5360 [00:35<02:32, 28.53it/s] 19%|█▊        | 1004/5360 [00:35<02:22, 30.48it/s] 19%|█▉        | 1010/5360 [00:35<01:58, 36.56it/s] 19%|█▉        | 1016/5360 [00:36<01:46, 40.88it/s] 19%|█▉        | 1021/5360 [00:36<01:40, 43.32it/s] 19%|█▉        | 1026/5360 [00:36<01:37, 44.38it/s] 19%|█▉        | 1031/5360 [00:36<01:34, 45.90it/s] 19%|█▉        | 1036/5360 [00:36<01:33, 46.21it/s] 19%|█▉        | 1042/5360 [00:36<01:30, 47.74it/s] 20%|█▉        | 1047/5360 [00:36<01:29, 48.07it/s] 20%|█▉        | 1053/5360 [00:36<01:28, 48.73it/s] 20%|█▉        | 1058/5360 [00:36<01:30, 47.76it/s] 20%|█▉        | 1063/5360 [00:37<01:30, 47.29it/s] 20%|█▉        | 1068/5360 [00:37<01:40, 42.91it/s] 20%|██        | 1073/5360 [00:37<02:00, 35.64it/s] 20%|██        | 1077/5360 [00:37<02:11, 32.52it/s] 20%|██        | 1081/5360 [00:37<02:22, 30.08it/s] 20%|██        | 1085/5360 [00:37<02:28, 28.77it/s] 20%|██        | 1088/5360 [00:38<02:35, 27.44it/s] 20%|██        | 1091/5360 [00:38<02:38, 26.91it/s] 20%|██        | 1094/5360 [00:38<02:42, 26.25it/s] 20%|██        | 1097/5360 [00:38<02:43, 26.01it/s] 21%|██        | 1100/5360 [00:38<02:44, 25.97it/s] 21%|██        | 1103/5360 [00:38<02:44, 25.94it/s] 21%|██        | 1106/5360 [00:38<02:45, 25.76it/s] 21%|██        | 1109/5360 [00:38<02:49, 25.13it/s] 21%|██        | 1112/5360 [00:38<02:47, 25.33it/s] 21%|██        | 1115/5360 [00:39<02:46, 25.48it/s] 21%|██        | 1118/5360 [00:39<02:45, 25.59it/s] 21%|██        | 1121/5360 [00:39<02:45, 25.67it/s] 21%|██        | 1124/5360 [00:39<02:44, 25.72it/s] 21%|██        | 1127/5360 [00:39<02:44, 25.76it/s] 21%|██        | 1130/5360 [00:39<02:45, 25.53it/s] 21%|██        | 1133/5360 [00:39<02:44, 25.62it/s] 21%|██        | 1136/5360 [00:39<02:44, 25.68it/s] 21%|██▏       | 1139/5360 [00:40<02:44, 25.72it/s] 21%|██▏       | 1142/5360 [00:40<02:43, 25.76it/s] 21%|██▏       | 1145/5360 [00:40<02:43, 25.80it/s] 21%|██▏       | 1148/5360 [00:40<02:44, 25.68it/s] 21%|██▏       | 1151/5360 [00:40<02:46, 25.33it/s] 22%|██▏       | 1154/5360 [00:40<02:45, 25.48it/s] 22%|██▏       | 1157/5360 [00:40<02:45, 25.44it/s] 22%|██▏       | 1160/5360 [00:40<02:48, 24.90it/s] 22%|██▏       | 1163/5360 [00:40<02:46, 25.18it/s] 22%|██▏       | 1166/5360 [00:41<02:46, 25.24it/s] 22%|██▏       | 1169/5360 [00:41<02:44, 25.44it/s] 22%|██▏       | 1172/5360 [00:41<02:43, 25.56it/s] 22%|██▏       | 1175/5360 [00:41<02:41, 25.84it/s] 22%|██▏       | 1178/5360 [00:41<02:41, 25.85it/s] 22%|██▏       | 1181/5360 [00:41<02:41, 25.87it/s] 22%|██▏       | 1184/5360 [00:41<02:41, 25.86it/s] 22%|██▏       | 1187/5360 [00:41<02:41, 25.88it/s] 22%|██▏       | 1190/5360 [00:42<02:41, 25.89it/s] 22%|██▏       | 1193/5360 [00:42<02:40, 25.89it/s] 22%|██▏       | 1196/5360 [00:42<02:40, 25.88it/s] 22%|██▏       | 1199/5360 [00:42<02:40, 25.88it/s] 22%|██▏       | 1202/5360 [00:42<02:42, 25.61it/s] 22%|██▏       | 1205/5360 [00:42<02:42, 25.55it/s] 23%|██▎       | 1208/5360 [00:42<02:41, 25.65it/s] 23%|██▎       | 1211/5360 [00:42<02:41, 25.70it/s] 23%|██▎       | 1214/5360 [00:42<02:40, 25.75it/s] 23%|██▎       | 1217/5360 [00:43<02:40, 25.81it/s] 23%|██▎       | 1220/5360 [00:43<02:42, 25.54it/s] 23%|██▎       | 1223/5360 [00:43<02:42, 25.51it/s] 23%|██▎       | 1226/5360 [00:43<02:41, 25.61it/s] 23%|██▎       | 1229/5360 [00:43<02:41, 25.57it/s] 23%|██▎       | 1232/5360 [00:43<02:40, 25.66it/s] 23%|██▎       | 1235/5360 [00:43<02:40, 25.73it/s] 23%|██▎       | 1238/5360 [00:43<02:39, 25.77it/s] 23%|██▎       | 1241/5360 [00:43<02:39, 25.80it/s] 23%|██▎       | 1244/5360 [00:44<02:39, 25.84it/s] 23%|██▎       | 1247/5360 [00:44<02:39, 25.86it/s] 23%|██▎       | 1250/5360 [00:44<02:40, 25.59it/s] 23%|██▎       | 1253/5360 [00:44<02:40, 25.67it/s] 23%|██▎       | 1256/5360 [00:44<02:41, 25.46it/s] 23%|██▎       | 1259/5360 [00:44<02:40, 25.58it/s] 24%|██▎       | 1262/5360 [00:44<02:43, 25.13it/s] 24%|██▎       | 1265/5360 [00:44<02:41, 25.34it/s] 24%|██▎       | 1268/5360 [00:45<02:41, 25.38it/s] 24%|██▎       | 1271/5360 [00:45<02:43, 24.99it/s] 24%|██▍       | 1274/5360 [00:45<02:41, 25.25it/s] 24%|██▍       | 1277/5360 [00:45<02:40, 25.45it/s] 24%|██▍       | 1280/5360 [00:45<02:39, 25.59it/s] 24%|██▍       | 1283/5360 [00:45<02:40, 25.39it/s] 24%|██▍       | 1286/5360 [00:45<02:41, 25.28it/s] 24%|██▍       | 1289/5360 [00:45<02:40, 25.32it/s] 24%|██▍       | 1292/5360 [00:46<02:40, 25.36it/s] 24%|██▍       | 1295/5360 [00:46<02:40, 25.37it/s] 24%|██▍       | 1298/5360 [00:46<02:40, 25.39it/s] 24%|██▍       | 1301/5360 [00:46<02:38, 25.54it/s] 24%|██▍       | 1304/5360 [00:46<02:38, 25.65it/s] 24%|██▍       | 1307/5360 [00:46<02:38, 25.58it/s] 24%|██▍       | 1310/5360 [00:46<02:39, 25.40it/s] 24%|██▍       | 1313/5360 [00:46<02:39, 25.41it/s] 25%|██▍       | 1316/5360 [00:46<02:39, 25.42it/s] 25%|██▍       | 1319/5360 [00:47<02:39, 25.27it/s] 25%|██▍       | 1322/5360 [00:47<02:40, 25.18it/s] 25%|██▍       | 1325/5360 [00:47<02:41, 24.98it/s] 25%|██▍       | 1328/5360 [00:47<02:41, 24.97it/s] 25%|██▍       | 1331/5360 [00:47<02:39, 25.25it/s] 25%|██▍       | 1334/5360 [00:47<02:38, 25.44it/s] 25%|██▍       | 1337/5360 [00:47<02:37, 25.57it/s] 25%|██▌       | 1340/5360 [00:47<02:40, 25.07it/s] 25%|██▌       | 1343/5360 [00:48<02:42, 24.79it/s] 25%|██▌       | 1346/5360 [00:48<02:40, 24.98it/s] 25%|██▌       | 1349/5360 [00:48<02:38, 25.24it/s] 25%|██▌       | 1352/5360 [00:48<02:37, 25.44it/s] 25%|██▌       | 1355/5360 [00:48<02:36, 25.58it/s] 25%|██▌       | 1358/5360 [00:48<02:36, 25.53it/s] 25%|██▌       | 1361/5360 [00:48<02:41, 24.71it/s] 25%|██▌       | 1364/5360 [00:48<02:39, 25.05it/s] 26%|██▌       | 1367/5360 [00:48<02:32, 26.26it/s] 26%|██▌       | 1370/5360 [00:49<02:32, 26.17it/s] 26%|██▌       | 1373/5360 [00:49<02:28, 26.83it/s] 26%|██▌       | 1377/5360 [00:49<02:23, 27.74it/s] 26%|██▌       | 1381/5360 [00:49<02:21, 28.13it/s] 26%|██▌       | 1384/5360 [00:49<02:19, 28.40it/s] 26%|██▌       | 1387/5360 [00:49<02:17, 28.79it/s] 26%|██▌       | 1390/5360 [00:49<02:22, 27.82it/s] 26%|██▌       | 1393/5360 [00:49<02:25, 27.35it/s] 26%|██▌       | 1397/5360 [00:50<02:21, 28.07it/s] 26%|██▌       | 1400/5360 [00:50<02:20, 28.09it/s] 26%|██▌       | 1403/5360 [00:50<02:21, 27.88it/s] 26%|██▌       | 1406/5360 [00:50<02:19, 28.41it/s] 26%|██▋       | 1409/5360 [00:50<02:20, 28.21it/s] 26%|██▋       | 1412/5360 [00:50<02:20, 28.05it/s] 26%|██▋       | 1415/5360 [00:50<02:19, 28.20it/s] 26%|██▋       | 1418/5360 [00:50<02:17, 28.65it/s] 27%|██▋       | 1421/5360 [00:50<02:22, 27.67it/s] 27%|██▋       | 1425/5360 [00:51<02:19, 28.17it/s] 27%|██▋       | 1429/5360 [00:51<02:17, 28.54it/s] 27%|██▋       | 1433/5360 [00:51<02:14, 29.18it/s] 27%|██▋       | 1436/5360 [00:51<02:13, 29.29it/s] 27%|██▋       | 1439/5360 [00:51<02:13, 29.34it/s] 27%|██▋       | 1442/5360 [00:51<02:18, 28.27it/s] 27%|██▋       | 1446/5360 [00:51<02:16, 28.61it/s] 27%|██▋       | 1450/5360 [00:51<02:15, 28.75it/s] 27%|██▋       | 1454/5360 [00:52<02:14, 29.11it/s] 27%|██▋       | 1457/5360 [00:52<02:15, 28.89it/s] 27%|██▋       | 1461/5360 [00:52<02:15, 28.76it/s] 27%|██▋       | 1465/5360 [00:52<02:13, 29.14it/s] 27%|██▋       | 1469/5360 [00:52<02:13, 29.14it/s] 27%|██▋       | 1472/5360 [00:52<02:12, 29.35it/s] 28%|██▊       | 1475/5360 [00:52<02:16, 28.55it/s] 28%|██▊       | 1478/5360 [00:52<02:14, 28.86it/s] 28%|██▊       | 1482/5360 [00:52<02:13, 28.99it/s] 28%|██▊       | 1486/5360 [00:53<02:12, 29.22it/s] 28%|██▊       | 1490/5360 [00:53<02:11, 29.35it/s] 28%|██▊       | 1493/5360 [00:53<02:11, 29.47it/s] 28%|██▊       | 1496/5360 [00:53<02:15, 28.42it/s] 28%|██▊       | 1500/5360 [00:53<02:14, 28.65it/s] 28%|██▊       | 1503/5360 [00:53<02:13, 28.94it/s] 28%|██▊       | 1507/5360 [00:53<02:17, 28.08it/s] 28%|██▊       | 1510/5360 [00:53<02:17, 28.05it/s] 28%|██▊       | 1513/5360 [00:54<02:17, 27.97it/s] 28%|██▊       | 1516/5360 [00:54<02:19, 27.59it/s] 28%|██▊       | 1519/5360 [00:54<02:20, 27.37it/s] 28%|██▊       | 1522/5360 [00:54<02:18, 27.71it/s] 28%|██▊       | 1525/5360 [00:54<02:16, 28.18it/s] 29%|██▊       | 1528/5360 [00:54<02:18, 27.70it/s] 29%|██▊       | 1531/5360 [00:54<02:18, 27.72it/s] 29%|██▊       | 1534/5360 [00:54<02:20, 27.29it/s] 29%|██▊       | 1537/5360 [00:54<02:16, 27.96it/s] 29%|██▊       | 1540/5360 [00:55<02:15, 28.14it/s] 29%|██▉       | 1543/5360 [00:55<02:20, 27.26it/s] 29%|██▉       | 1546/5360 [00:55<02:18, 27.48it/s] 29%|██▉       | 1549/5360 [00:55<02:15, 28.03it/s] 29%|██▉       | 1552/5360 [00:55<02:13, 28.45it/s] 29%|██▉       | 1555/5360 [00:55<02:17, 27.57it/s] 29%|██▉       | 1559/5360 [00:55<02:14, 28.30it/s] 29%|██▉       | 1562/5360 [00:55<02:12, 28.60it/s] 29%|██▉       | 1565/5360 [00:55<02:32, 24.82it/s] 29%|██▉       | 1568/5360 [00:56<02:26, 25.95it/s] 29%|██▉       | 1571/5360 [00:56<02:20, 26.91it/s] 29%|██▉       | 1575/5360 [00:56<02:17, 27.47it/s] 29%|██▉       | 1579/5360 [00:56<02:14, 28.08it/s] 30%|██▉       | 1582/5360 [00:56<02:12, 28.47it/s] 30%|██▉       | 1585/5360 [00:56<02:18, 27.27it/s] 30%|██▉       | 1588/5360 [00:56<02:17, 27.37it/s] 30%|██▉       | 1591/5360 [00:56<02:14, 28.02it/s] 30%|██▉       | 1594/5360 [00:57<02:12, 28.48it/s] 30%|██▉       | 1597/5360 [00:57<02:16, 27.48it/s] 30%|██▉       | 1600/5360 [00:57<02:17, 27.34it/s] 30%|██▉       | 1603/5360 [00:57<02:18, 27.10it/s] 30%|██▉       | 1606/5360 [00:57<02:18, 27.15it/s] 30%|███       | 1609/5360 [00:57<02:20, 26.66it/s] 30%|███       | 1612/5360 [00:57<02:18, 27.07it/s] 30%|███       | 1615/5360 [00:57<02:20, 26.70it/s] 30%|███       | 1618/5360 [00:57<02:18, 27.00it/s] 30%|███       | 1621/5360 [00:58<02:16, 27.34it/s] 30%|███       | 1624/5360 [00:58<02:13, 27.88it/s] 30%|███       | 1627/5360 [00:58<02:15, 27.53it/s] 30%|███       | 1630/5360 [00:58<02:16, 27.25it/s] 30%|███       | 1633/5360 [00:58<02:15, 27.49it/s] 31%|███       | 1636/5360 [00:58<02:13, 27.90it/s] 31%|███       | 1639/5360 [00:58<02:11, 28.35it/s] 31%|███       | 1642/5360 [00:58<02:17, 27.02it/s] 31%|███       | 1645/5360 [00:58<02:17, 27.08it/s] 31%|███       | 1648/5360 [00:58<02:15, 27.38it/s] 31%|███       | 1651/5360 [00:59<02:14, 27.53it/s] 31%|███       | 1654/5360 [00:59<02:13, 27.85it/s] 31%|███       | 1657/5360 [00:59<02:15, 27.38it/s] 31%|███       | 1660/5360 [00:59<02:12, 27.96it/s] 31%|███       | 1663/5360 [00:59<02:15, 27.33it/s] 31%|███       | 1666/5360 [00:59<02:12, 27.80it/s] 31%|███       | 1669/5360 [00:59<02:16, 27.14it/s] 31%|███       | 1672/5360 [00:59<02:14, 27.47it/s] 31%|███▏      | 1676/5360 [00:59<02:11, 28.00it/s] 31%|███▏      | 1679/5360 [01:00<02:09, 28.40it/s] 31%|███▏      | 1682/5360 [01:00<02:07, 28.82it/s] 31%|███▏      | 1685/5360 [01:00<02:14, 27.27it/s] 31%|███▏      | 1688/5360 [01:00<02:11, 27.86it/s] 32%|███▏      | 1691/5360 [01:00<02:11, 27.94it/s] 32%|███▏      | 1694/5360 [01:00<02:10, 28.15it/s] 32%|███▏      | 1697/5360 [01:00<02:12, 27.58it/s] 32%|███▏      | 1700/5360 [01:00<02:15, 26.98it/s] 32%|███▏      | 1703/5360 [01:00<02:12, 27.54it/s] 32%|███▏      | 1707/5360 [01:01<02:09, 28.22it/s] 32%|███▏      | 1710/5360 [01:01<02:09, 28.21it/s] 32%|███▏      | 1713/5360 [01:01<02:08, 28.33it/s] 32%|███▏      | 1716/5360 [01:01<02:11, 27.71it/s] 32%|███▏      | 1720/5360 [01:01<02:08, 28.26it/s] 32%|███▏      | 1723/5360 [01:01<02:08, 28.30it/s] 32%|███▏      | 1726/5360 [01:01<02:07, 28.50it/s] 32%|███▏      | 1729/5360 [01:01<02:11, 27.62it/s] 32%|███▏      | 1732/5360 [01:02<02:13, 27.10it/s] 32%|███▏      | 1735/5360 [01:02<02:10, 27.72it/s] 32%|███▏      | 1738/5360 [01:02<02:09, 28.02it/s] 32%|███▏      | 1741/5360 [01:02<02:10, 27.81it/s] 33%|███▎      | 1744/5360 [01:02<02:16, 26.56it/s] 33%|███▎      | 1747/5360 [01:02<02:13, 26.98it/s] 33%|███▎      | 1750/5360 [01:02<02:10, 27.70it/s] 33%|███▎      | 1753/5360 [01:02<02:10, 27.56it/s] 33%|███▎      | 1756/5360 [01:02<02:13, 27.00it/s] 33%|███▎      | 1759/5360 [01:02<02:09, 27.71it/s] 33%|███▎      | 1762/5360 [01:03<02:07, 28.28it/s] 33%|███▎      | 1765/5360 [01:03<02:07, 28.29it/s] 33%|███▎      | 1768/5360 [01:03<02:09, 27.71it/s] 33%|███▎      | 1771/5360 [01:03<02:09, 27.63it/s] 33%|███▎      | 1775/5360 [01:03<02:05, 28.53it/s] 33%|███▎      | 1778/5360 [01:03<02:05, 28.64it/s] 33%|███▎      | 1781/5360 [01:03<02:11, 27.24it/s] 33%|███▎      | 1784/5360 [01:03<02:09, 27.62it/s] 33%|███▎      | 1787/5360 [01:03<02:07, 27.97it/s] 33%|███▎      | 1790/5360 [01:04<02:06, 28.23it/s] 33%|███▎      | 1793/5360 [01:04<02:11, 27.17it/s] 34%|███▎      | 1797/5360 [01:04<02:08, 27.68it/s] 34%|███▎      | 1800/5360 [01:04<02:06, 28.19it/s] 34%|███▎      | 1803/5360 [01:04<02:05, 28.40it/s] 34%|███▎      | 1806/5360 [01:04<02:06, 28.05it/s] 34%|███▍      | 1809/5360 [01:04<02:10, 27.23it/s] 34%|███▍      | 1812/5360 [01:04<02:09, 27.32it/s] 34%|███▍      | 1815/5360 [01:05<02:14, 26.43it/s] 34%|███▍      | 1818/5360 [01:05<02:09, 27.28it/s] 34%|███▍      | 1821/5360 [01:05<02:11, 26.99it/s] 34%|███▍      | 1824/5360 [01:05<02:07, 27.77it/s] 34%|███▍      | 1827/5360 [01:05<02:04, 28.32it/s] 34%|███▍      | 1830/5360 [01:05<02:04, 28.45it/s] 34%|███▍      | 1833/5360 [01:05<02:05, 28.21it/s] 34%|███▍      | 1836/5360 [01:05<02:10, 26.97it/s] 34%|███▍      | 1839/5360 [01:05<02:08, 27.45it/s] 34%|███▍      | 1842/5360 [01:05<02:11, 26.85it/s] 34%|███▍      | 1845/5360 [01:06<02:08, 27.44it/s] 34%|███▍      | 1848/5360 [01:06<02:07, 27.46it/s] 35%|███▍      | 1851/5360 [01:06<02:06, 27.79it/s] 35%|███▍      | 1854/5360 [01:06<02:07, 27.53it/s] 35%|███▍      | 1857/5360 [01:06<02:06, 27.68it/s] 35%|███▍      | 1860/5360 [01:06<02:04, 28.09it/s] 35%|███▍      | 1863/5360 [01:06<02:08, 27.23it/s] 35%|███▍      | 1867/5360 [01:06<02:04, 27.98it/s] 35%|███▍      | 1871/5360 [01:07<02:02, 28.47it/s] 35%|███▍      | 1875/5360 [01:07<02:01, 28.67it/s] 35%|███▌      | 1878/5360 [01:07<02:01, 28.59it/s] 35%|███▌      | 1881/5360 [01:07<02:04, 27.96it/s] 35%|███▌      | 1885/5360 [01:07<02:02, 28.30it/s] 35%|███▌      | 1889/5360 [01:07<02:02, 28.38it/s] 35%|███▌      | 1892/5360 [01:07<02:00, 28.75it/s] 35%|███▌      | 1895/5360 [01:07<01:59, 28.92it/s] 35%|███▌      | 1898/5360 [01:07<02:05, 27.51it/s] 36%|███▌      | 1903/5360 [01:08<01:44, 33.23it/s] 36%|███▌      | 1909/5360 [01:08<01:29, 38.66it/s] 36%|███▌      | 1915/5360 [01:08<01:21, 42.42it/s] 36%|███▌      | 1921/5360 [01:08<01:16, 44.78it/s] 36%|███▌      | 1927/5360 [01:08<01:13, 46.46it/s] 36%|███▌      | 1933/5360 [01:08<01:11, 47.68it/s] 36%|███▌      | 1938/5360 [01:08<01:10, 48.28it/s] 36%|███▋      | 1944/5360 [01:08<01:09, 48.98it/s] 36%|███▋      | 1950/5360 [01:09<01:08, 49.51it/s] 36%|███▋      | 1955/5360 [01:09<01:11, 47.95it/s] 37%|███▋      | 1960/5360 [01:09<01:16, 44.44it/s] 37%|███▋      | 1965/5360 [01:09<01:32, 36.70it/s] 37%|███▋      | 1969/5360 [01:09<01:41, 33.26it/s] 37%|███▋      | 1973/5360 [01:09<01:49, 30.96it/s] 37%|███▋      | 1977/5360 [01:09<01:55, 29.40it/s] 37%|███▋      | 1981/5360 [01:10<01:59, 28.32it/s] 37%|███▋      | 1984/5360 [01:10<02:01, 27.71it/s] 37%|███▋      | 1987/5360 [01:10<02:04, 27.10it/s] 37%|███▋      | 1990/5360 [01:10<02:05, 26.76it/s] 37%|███▋      | 1993/5360 [01:10<02:07, 26.50it/s] 37%|███▋      | 1996/5360 [01:10<02:07, 26.32it/s] 37%|███▋      | 1999/5360 [01:10<02:08, 26.19it/s] 37%|███▋      | 2002/5360 [01:10<02:08, 26.10it/s] 37%|███▋      | 2005/5360 [01:11<02:08, 26.03it/s] 37%|███▋      | 2008/5360 [01:11<02:09, 25.84it/s] 38%|███▊      | 2011/5360 [01:11<02:10, 25.70it/s] 38%|███▊      | 2014/5360 [01:11<02:12, 25.20it/s] 38%|███▊      | 2017/5360 [01:11<02:11, 25.38it/s] 38%|███▊      | 2020/5360 [01:11<02:11, 25.41it/s] 38%|███▊      | 2023/5360 [01:11<02:10, 25.54it/s] 38%|███▊      | 2026/5360 [01:11<02:10, 25.62it/s] 38%|███▊      | 2029/5360 [01:11<02:09, 25.69it/s] 38%|███▊      | 2032/5360 [01:12<02:09, 25.73it/s] 38%|███▊      | 2035/5360 [01:12<02:11, 25.23it/s] 38%|███▊      | 2038/5360 [01:12<02:13, 24.88it/s] 38%|███▊      | 2041/5360 [01:12<02:11, 25.17it/s] 38%|███▊      | 2044/5360 [01:12<02:10, 25.38it/s] 38%|███▊      | 2047/5360 [01:12<02:09, 25.51it/s] 38%|███▊      | 2050/5360 [01:12<02:09, 25.60it/s] 38%|███▊      | 2053/5360 [01:12<02:12, 24.94it/s] 38%|███▊      | 2056/5360 [01:13<02:13, 24.75it/s] 38%|███▊      | 2059/5360 [01:13<02:11, 25.06it/s] 38%|███▊      | 2062/5360 [01:13<02:12, 24.90it/s] 39%|███▊      | 2065/5360 [01:13<02:12, 24.79it/s] 39%|███▊      | 2068/5360 [01:13<02:06, 26.10it/s] 39%|███▊      | 2071/5360 [01:13<02:09, 25.47it/s] 39%|███▊      | 2074/5360 [01:13<02:13, 24.64it/s] 39%|███▉      | 2077/5360 [01:13<02:13, 24.66it/s] 39%|███▉      | 2080/5360 [01:13<02:12, 24.76it/s] 39%|███▉      | 2083/5360 [01:14<02:12, 24.70it/s] 39%|███▉      | 2086/5360 [01:14<02:10, 25.06it/s] 39%|███▉      | 2089/5360 [01:14<02:09, 25.31it/s] 39%|███▉      | 2092/5360 [01:14<02:08, 25.49it/s] 39%|███▉      | 2095/5360 [01:14<02:07, 25.60it/s] 39%|███▉      | 2098/5360 [01:14<02:07, 25.68it/s] 39%|███▉      | 2101/5360 [01:14<02:07, 25.62it/s] 39%|███▉      | 2104/5360 [01:14<02:06, 25.69it/s] 39%|███▉      | 2107/5360 [01:15<02:08, 25.22it/s] 39%|███▉      | 2110/5360 [01:15<02:07, 25.42it/s] 39%|███▉      | 2113/5360 [01:15<02:07, 25.56it/s] 39%|███▉      | 2116/5360 [01:15<02:06, 25.64it/s] 40%|███▉      | 2119/5360 [01:15<02:06, 25.71it/s] 40%|███▉      | 2122/5360 [01:15<02:05, 25.76it/s] 40%|███▉      | 2125/5360 [01:15<02:05, 25.80it/s] 40%|███▉      | 2128/5360 [01:15<02:05, 25.82it/s] 40%|███▉      | 2131/5360 [01:15<02:04, 25.84it/s] 40%|███▉      | 2134/5360 [01:16<02:04, 25.86it/s] 40%|███▉      | 2137/5360 [01:16<02:04, 25.87it/s] 40%|███▉      | 2140/5360 [01:16<02:05, 25.74it/s] 40%|███▉      | 2143/5360 [01:16<02:04, 25.78it/s] 40%|████      | 2146/5360 [01:16<02:05, 25.67it/s] 40%|████      | 2149/5360 [01:16<02:04, 25.73it/s] 40%|████      | 2152/5360 [01:16<02:05, 25.64it/s] 40%|████      | 2155/5360 [01:16<02:04, 25.71it/s] 40%|████      | 2158/5360 [01:17<02:04, 25.63it/s] 40%|████      | 2161/5360 [01:17<02:04, 25.70it/s] 40%|████      | 2164/5360 [01:17<02:04, 25.75it/s] 40%|████      | 2167/5360 [01:17<02:03, 25.80it/s] 40%|████      | 2170/5360 [01:17<02:04, 25.68it/s] 41%|████      | 2173/5360 [01:17<02:03, 25.73it/s] 41%|████      | 2176/5360 [01:17<02:03, 25.78it/s] 41%|████      | 2179/5360 [01:17<02:03, 25.81it/s] 41%|████      | 2182/5360 [01:17<02:03, 25.83it/s] 41%|████      | 2185/5360 [01:18<02:03, 25.71it/s] 41%|████      | 2188/5360 [01:18<02:04, 25.50it/s] 41%|████      | 2191/5360 [01:18<02:04, 25.49it/s] 41%|████      | 2194/5360 [01:18<02:03, 25.61it/s] 41%|████      | 2197/5360 [01:18<02:03, 25.70it/s] 41%|████      | 2200/5360 [01:18<02:02, 25.76it/s] 41%|████      | 2203/5360 [01:18<02:03, 25.53it/s] 41%|████      | 2206/5360 [01:18<02:03, 25.64it/s] 41%|████      | 2209/5360 [01:19<02:02, 25.71it/s] 41%|████▏     | 2212/5360 [01:19<02:02, 25.77it/s] 41%|████▏     | 2215/5360 [01:19<02:01, 25.79it/s] 41%|████▏     | 2218/5360 [01:19<02:03, 25.54it/s] 41%|████▏     | 2221/5360 [01:19<02:03, 25.36it/s] 41%|████▏     | 2224/5360 [01:19<02:04, 25.25it/s] 42%|████▏     | 2227/5360 [01:19<02:03, 25.30it/s] 42%|████▏     | 2230/5360 [01:19<02:04, 25.21it/s] 42%|████▏     | 2233/5360 [01:19<02:05, 24.87it/s] 42%|████▏     | 2236/5360 [01:20<02:04, 25.16it/s] 42%|████▏     | 2239/5360 [01:20<02:05, 24.96it/s] 42%|████▏     | 2242/5360 [01:20<02:04, 25.09it/s] 42%|████▏     | 2245/5360 [01:20<02:02, 25.33it/s] 42%|████▏     | 2248/5360 [01:20<02:02, 25.50it/s] 42%|████▏     | 2251/5360 [01:20<02:01, 25.61it/s] 42%|████▏     | 2254/5360 [01:20<02:00, 25.68it/s] 42%|████▏     | 2257/5360 [01:20<02:00, 25.74it/s] 42%|████▏     | 2260/5360 [01:21<02:00, 25.80it/s] 42%|████▏     | 2263/5360 [01:21<01:58, 26.15it/s] 42%|████▏     | 2266/5360 [01:21<01:55, 26.78it/s] 42%|████▏     | 2269/5360 [01:21<01:54, 27.11it/s] 42%|████▏     | 2272/5360 [01:21<01:52, 27.51it/s] 42%|████▏     | 2275/5360 [01:21<01:53, 27.18it/s] 42%|████▎     | 2278/5360 [01:21<01:52, 27.38it/s] 43%|████▎     | 2281/5360 [01:21<01:50, 27.79it/s] 43%|████▎     | 2284/5360 [01:21<01:49, 27.99it/s] 43%|████▎     | 2287/5360 [01:21<01:51, 27.57it/s] 43%|████▎     | 2290/5360 [01:22<01:51, 27.59it/s] 43%|████▎     | 2293/5360 [01:22<01:50, 27.77it/s] 43%|████▎     | 2296/5360 [01:22<01:51, 27.48it/s] 43%|████▎     | 2299/5360 [01:22<01:53, 27.00it/s] 43%|████▎     | 2302/5360 [01:22<01:53, 26.98it/s] 43%|████▎     | 2305/5360 [01:22<01:53, 26.94it/s] 43%|████▎     | 2308/5360 [01:22<01:52, 27.08it/s] 43%|████▎     | 2311/5360 [01:22<01:49, 27.83it/s] 43%|████▎     | 2314/5360 [01:22<01:47, 28.38it/s] 43%|████▎     | 2317/5360 [01:23<01:51, 27.31it/s] 43%|████▎     | 2321/5360 [01:23<01:48, 27.98it/s] 43%|████▎     | 2324/5360 [01:23<01:47, 28.25it/s] 43%|████▎     | 2327/5360 [01:23<01:46, 28.45it/s] 43%|████▎     | 2330/5360 [01:23<01:47, 28.11it/s] 44%|████▎     | 2333/5360 [01:23<01:49, 27.76it/s] 44%|████▎     | 2336/5360 [01:23<01:47, 28.14it/s] 44%|████▎     | 2339/5360 [01:23<01:48, 27.84it/s] 44%|████▎     | 2343/5360 [01:23<01:46, 28.39it/s] 44%|████▍     | 2346/5360 [01:24<01:45, 28.55it/s] 44%|████▍     | 2349/5360 [01:24<01:47, 27.93it/s] 44%|████▍     | 2352/5360 [01:24<01:50, 27.16it/s] 44%|████▍     | 2355/5360 [01:24<01:49, 27.33it/s] 44%|████▍     | 2358/5360 [01:24<01:50, 27.25it/s] 44%|████▍     | 2361/5360 [01:24<01:49, 27.37it/s] 44%|████▍     | 2364/5360 [01:24<01:49, 27.46it/s] 44%|████▍     | 2367/5360 [01:24<01:49, 27.33it/s] 44%|████▍     | 2371/5360 [01:25<01:45, 28.31it/s] 44%|████▍     | 2375/5360 [01:25<01:44, 28.59it/s] 44%|████▍     | 2379/5360 [01:25<01:43, 28.72it/s] 44%|████▍     | 2382/5360 [01:25<01:42, 29.03it/s] 45%|████▍     | 2386/5360 [01:25<01:41, 29.34it/s] 45%|████▍     | 2389/5360 [01:25<01:43, 28.79it/s] 45%|████▍     | 2392/5360 [01:25<01:47, 27.73it/s] 45%|████▍     | 2395/5360 [01:25<01:44, 28.30it/s] 45%|████▍     | 2398/5360 [01:25<01:43, 28.54it/s] 45%|████▍     | 2401/5360 [01:26<01:43, 28.48it/s] 45%|████▍     | 2404/5360 [01:26<01:47, 27.46it/s] 45%|████▍     | 2407/5360 [01:26<01:46, 27.67it/s] 45%|████▍     | 2411/5360 [01:26<01:45, 27.96it/s] 45%|████▌     | 2414/5360 [01:26<01:43, 28.40it/s] 45%|████▌     | 2417/5360 [01:26<01:46, 27.66it/s] 45%|████▌     | 2420/5360 [01:26<01:46, 27.68it/s] 45%|████▌     | 2423/5360 [01:26<01:49, 26.92it/s] 45%|████▌     | 2426/5360 [01:26<01:46, 27.62it/s] 45%|████▌     | 2430/5360 [01:27<01:44, 27.93it/s] 45%|████▌     | 2433/5360 [01:27<01:45, 27.87it/s] 45%|████▌     | 2436/5360 [01:27<01:44, 28.01it/s] 46%|████▌     | 2439/5360 [01:27<01:47, 27.05it/s] 46%|████▌     | 2442/5360 [01:27<01:46, 27.35it/s] 46%|████▌     | 2445/5360 [01:27<01:48, 26.89it/s] 46%|████▌     | 2448/5360 [01:27<01:47, 27.01it/s] 46%|████▌     | 2451/5360 [01:27<01:48, 26.71it/s] 46%|████▌     | 2454/5360 [01:28<01:48, 26.84it/s] 46%|████▌     | 2457/5360 [01:28<01:51, 26.00it/s] 46%|████▌     | 2460/5360 [01:28<01:48, 26.72it/s] 46%|████▌     | 2463/5360 [01:28<01:45, 27.52it/s] 46%|████▌     | 2466/5360 [01:28<01:43, 27.96it/s] 46%|████▌     | 2469/5360 [01:28<01:47, 26.98it/s] 46%|████▌     | 2472/5360 [01:28<01:46, 27.02it/s] 46%|████▌     | 2475/5360 [01:28<01:44, 27.65it/s] 46%|████▌     | 2478/5360 [01:28<01:47, 26.80it/s] 46%|████▋     | 2481/5360 [01:28<01:46, 27.03it/s] 46%|████▋     | 2484/5360 [01:29<01:48, 26.54it/s] 46%|████▋     | 2487/5360 [01:29<01:51, 25.82it/s] 46%|████▋     | 2490/5360 [01:29<01:49, 26.27it/s] 47%|████▋     | 2493/5360 [01:29<01:45, 27.15it/s] 47%|████▋     | 2496/5360 [01:29<01:45, 27.27it/s] 47%|████▋     | 2499/5360 [01:29<01:45, 27.25it/s] 47%|████▋     | 2502/5360 [01:29<01:47, 26.63it/s] 47%|████▋     | 2505/5360 [01:29<01:46, 26.89it/s] 47%|████▋     | 2508/5360 [01:30<01:47, 26.62it/s] 47%|████▋     | 2511/5360 [01:30<01:46, 26.74it/s] 47%|████▋     | 2514/5360 [01:30<01:47, 26.42it/s] 47%|████▋     | 2517/5360 [01:30<01:46, 26.59it/s] 47%|████▋     | 2520/5360 [01:30<01:46, 26.55it/s] 47%|████▋     | 2523/5360 [01:30<01:45, 26.92it/s] 47%|████▋     | 2526/5360 [01:30<01:44, 27.11it/s] 47%|████▋     | 2529/5360 [01:30<01:43, 27.24it/s] 47%|████▋     | 2532/5360 [01:30<01:44, 27.03it/s] 47%|████▋     | 2535/5360 [01:31<01:47, 26.27it/s] 47%|████▋     | 2538/5360 [01:31<01:48, 26.10it/s] 47%|████▋     | 2541/5360 [01:31<01:45, 26.75it/s] 47%|████▋     | 2544/5360 [01:31<01:43, 27.12it/s] 48%|████▊     | 2547/5360 [01:31<01:50, 25.49it/s] 48%|████▊     | 2550/5360 [01:31<01:52, 24.99it/s] 48%|████▊     | 2553/5360 [01:31<01:52, 24.86it/s] 48%|████▊     | 2556/5360 [01:31<01:52, 24.96it/s] 48%|████▊     | 2559/5360 [01:31<01:47, 26.04it/s] 48%|████▊     | 2562/5360 [01:32<01:43, 26.93it/s] 48%|████▊     | 2565/5360 [01:32<01:43, 26.93it/s] 48%|████▊     | 2568/5360 [01:32<01:45, 26.58it/s] 48%|████▊     | 2571/5360 [01:32<01:42, 27.20it/s] 48%|████▊     | 2574/5360 [01:32<01:39, 27.92it/s] 48%|████▊     | 2577/5360 [01:32<01:40, 27.82it/s] 48%|████▊     | 2580/5360 [01:32<01:43, 26.77it/s] 48%|████▊     | 2583/5360 [01:32<01:42, 27.12it/s] 48%|████▊     | 2586/5360 [01:32<01:43, 26.73it/s] 48%|████▊     | 2589/5360 [01:33<01:44, 26.58it/s] 48%|████▊     | 2592/5360 [01:33<01:42, 26.99it/s] 48%|████▊     | 2595/5360 [01:33<01:43, 26.77it/s] 48%|████▊     | 2598/5360 [01:33<01:43, 26.64it/s] 49%|████▊     | 2601/5360 [01:33<01:43, 26.69it/s] 49%|████▊     | 2604/5360 [01:33<01:41, 27.13it/s] 49%|████▊     | 2607/5360 [01:33<01:42, 26.92it/s] 49%|████▊     | 2610/5360 [01:33<01:42, 26.81it/s] 49%|████▉     | 2613/5360 [01:33<01:46, 25.77it/s] 49%|████▉     | 2616/5360 [01:34<01:46, 25.81it/s] 49%|████▉     | 2620/5360 [01:34<01:42, 26.83it/s] 49%|████▉     | 2623/5360 [01:34<01:42, 26.66it/s] 49%|████▉     | 2626/5360 [01:34<01:40, 27.31it/s] 49%|████▉     | 2629/5360 [01:34<01:40, 27.23it/s] 49%|████▉     | 2632/5360 [01:34<01:42, 26.73it/s] 49%|████▉     | 2635/5360 [01:34<01:39, 27.28it/s] 49%|████▉     | 2638/5360 [01:34<01:38, 27.52it/s] 49%|████▉     | 2641/5360 [01:34<01:40, 27.13it/s] 49%|████▉     | 2644/5360 [01:35<01:44, 26.01it/s] 49%|████▉     | 2647/5360 [01:35<01:49, 24.74it/s] 49%|████▉     | 2650/5360 [01:35<01:46, 25.51it/s] 49%|████▉     | 2653/5360 [01:35<01:42, 26.48it/s] 50%|████▉     | 2656/5360 [01:35<01:39, 27.27it/s] 50%|████▉     | 2659/5360 [01:35<01:43, 26.05it/s] 50%|████▉     | 2662/5360 [01:35<01:41, 26.70it/s] 50%|████▉     | 2665/5360 [01:35<01:40, 26.87it/s] 50%|████▉     | 2668/5360 [01:36<01:38, 27.46it/s] 50%|████▉     | 2671/5360 [01:36<01:42, 26.22it/s] 50%|████▉     | 2675/5360 [01:36<01:38, 27.22it/s] 50%|████▉     | 2678/5360 [01:36<01:38, 27.33it/s] 50%|█████     | 2681/5360 [01:36<01:36, 27.72it/s] 50%|█████     | 2684/5360 [01:36<01:37, 27.48it/s] 50%|█████     | 2687/5360 [01:36<01:40, 26.61it/s] 50%|█████     | 2690/5360 [01:36<01:39, 26.93it/s] 50%|█████     | 2693/5360 [01:36<01:37, 27.34it/s] 50%|█████     | 2696/5360 [01:37<01:37, 27.46it/s] 50%|█████     | 2699/5360 [01:37<01:40, 26.54it/s] 50%|█████     | 2702/5360 [01:37<01:45, 25.24it/s] 50%|█████     | 2705/5360 [01:37<01:49, 24.18it/s] 51%|█████     | 2708/5360 [01:37<01:44, 25.31it/s] 51%|█████     | 2711/5360 [01:37<01:40, 26.25it/s] 51%|█████     | 2714/5360 [01:37<01:43, 25.63it/s] 51%|█████     | 2717/5360 [01:37<01:40, 26.29it/s] 51%|█████     | 2720/5360 [01:37<01:37, 27.04it/s] 51%|█████     | 2723/5360 [01:38<01:36, 27.33it/s] 51%|█████     | 2726/5360 [01:38<01:39, 26.51it/s] 51%|█████     | 2729/5360 [01:38<01:37, 26.88it/s] 51%|█████     | 2732/5360 [01:38<01:37, 26.83it/s] 51%|█████     | 2735/5360 [01:38<01:36, 27.23it/s] 51%|█████     | 2738/5360 [01:38<01:39, 26.45it/s] 51%|█████     | 2741/5360 [01:38<01:36, 27.15it/s] 51%|█████     | 2744/5360 [01:38<01:36, 27.21it/s] 51%|█████▏    | 2747/5360 [01:38<01:36, 27.11it/s] 51%|█████▏    | 2750/5360 [01:39<01:39, 26.34it/s] 51%|█████▏    | 2753/5360 [01:39<01:45, 24.81it/s] 51%|█████▏    | 2756/5360 [01:39<01:42, 25.47it/s] 51%|█████▏    | 2759/5360 [01:39<01:38, 26.48it/s] 52%|█████▏    | 2762/5360 [01:39<01:37, 26.56it/s] 52%|█████▏    | 2765/5360 [01:39<01:39, 26.20it/s] 52%|█████▏    | 2768/5360 [01:39<01:40, 25.89it/s] 52%|█████▏    | 2771/5360 [01:39<01:37, 26.51it/s] 52%|█████▏    | 2774/5360 [01:40<01:37, 26.63it/s] 52%|█████▏    | 2777/5360 [01:40<01:35, 27.10it/s] 52%|█████▏    | 2782/5360 [01:40<01:20, 32.22it/s] 52%|█████▏    | 2787/5360 [01:40<01:11, 36.06it/s] 52%|█████▏    | 2792/5360 [01:40<01:07, 38.16it/s] 52%|█████▏    | 2797/5360 [01:40<01:03, 40.13it/s] 52%|█████▏    | 2802/5360 [01:40<01:01, 41.34it/s] 52%|█████▏    | 2807/5360 [01:40<01:00, 42.40it/s] 52%|█████▏    | 2812/5360 [01:40<00:58, 43.43it/s] 53%|█████▎    | 2817/5360 [01:41<00:59, 43.04it/s] 53%|█████▎    | 2822/5360 [01:41<00:57, 43.98it/s] 53%|█████▎    | 2827/5360 [01:41<00:57, 44.43it/s] 53%|█████▎    | 2832/5360 [01:41<00:56, 44.68it/s] 53%|█████▎    | 2837/5360 [01:41<00:55, 45.06it/s] 53%|█████▎    | 2842/5360 [01:41<00:58, 42.84it/s] 53%|█████▎    | 2847/5360 [01:41<00:57, 43.39it/s] 53%|█████▎    | 2852/5360 [01:41<00:57, 43.79it/s] 53%|█████▎    | 2857/5360 [01:41<00:56, 43.98it/s] 53%|█████▎    | 2862/5360 [01:42<01:05, 38.34it/s] 53%|█████▎    | 2866/5360 [01:42<01:16, 32.76it/s] 54%|█████▎    | 2870/5360 [01:42<01:24, 29.37it/s] 54%|█████▎    | 2874/5360 [01:42<01:29, 27.72it/s] 54%|█████▎    | 2877/5360 [01:42<01:33, 26.48it/s] 54%|█████▎    | 2880/5360 [01:42<01:35, 25.97it/s] 54%|█████▍    | 2883/5360 [01:43<01:37, 25.32it/s] 54%|█████▍    | 2886/5360 [01:43<01:39, 24.97it/s] 54%|█████▍    | 2889/5360 [01:43<01:40, 24.61it/s] 54%|█████▍    | 2892/5360 [01:43<01:40, 24.58it/s] 54%|█████▍    | 2895/5360 [01:43<01:41, 24.31it/s] 54%|█████▍    | 2898/5360 [01:43<01:42, 24.12it/s] 54%|█████▍    | 2901/5360 [01:43<01:42, 24.00it/s] 54%|█████▍    | 2904/5360 [01:43<01:42, 24.03it/s] 54%|█████▍    | 2907/5360 [01:44<01:42, 24.03it/s] 54%|█████▍    | 2910/5360 [01:44<01:43, 23.68it/s] 54%|█████▍    | 2913/5360 [01:44<01:44, 23.45it/s] 54%|█████▍    | 2916/5360 [01:44<01:43, 23.51it/s] 54%|█████▍    | 2919/5360 [01:44<01:43, 23.56it/s] 55%|█████▍    | 2922/5360 [01:44<01:42, 23.83it/s] 55%|█████▍    | 2925/5360 [01:44<01:42, 23.78it/s] 55%|█████▍    | 2928/5360 [01:44<01:41, 23.85it/s] 55%|█████▍    | 2931/5360 [01:45<01:42, 23.78it/s] 55%|█████▍    | 2934/5360 [01:45<01:42, 23.78it/s] 55%|█████▍    | 2937/5360 [01:45<01:41, 23.76it/s] 55%|█████▍    | 2940/5360 [01:45<01:40, 23.97it/s] 55%|█████▍    | 2943/5360 [01:45<01:40, 24.01it/s] 55%|█████▍    | 2946/5360 [01:45<01:40, 24.02it/s] 55%|█████▌    | 2949/5360 [01:45<01:40, 24.04it/s] 55%|█████▌    | 2952/5360 [01:45<01:40, 24.04it/s] 55%|█████▌    | 2955/5360 [01:46<01:40, 23.97it/s] 55%|█████▌    | 2958/5360 [01:46<01:40, 23.90it/s] 55%|█████▌    | 2961/5360 [01:46<01:40, 23.96it/s] 55%|█████▌    | 2964/5360 [01:46<01:40, 23.89it/s] 55%|█████▌    | 2967/5360 [01:46<01:39, 24.08it/s] 55%|█████▌    | 2970/5360 [01:46<01:39, 23.97it/s] 55%|█████▌    | 2973/5360 [01:46<01:40, 23.77it/s] 56%|█████▌    | 2976/5360 [01:46<01:39, 23.87it/s] 56%|█████▌    | 2979/5360 [01:47<01:39, 23.93it/s] 56%|█████▌    | 2982/5360 [01:47<01:39, 23.97it/s] 56%|█████▌    | 2985/5360 [01:47<01:38, 24.12it/s] 56%|█████▌    | 2988/5360 [01:47<01:39, 23.87it/s] 56%|█████▌    | 2991/5360 [01:47<01:38, 23.93it/s] 56%|█████▌    | 2994/5360 [01:47<01:39, 23.74it/s] 56%|█████▌    | 2997/5360 [01:47<01:38, 23.98it/s] 56%|█████▌    | 3000/5360 [01:47<01:37, 24.14it/s] 56%|█████▌    | 3003/5360 [01:48<01:39, 23.74it/s] 56%|█████▌    | 3006/5360 [01:48<01:38, 23.85it/s] 56%|█████▌    | 3009/5360 [01:48<01:39, 23.70it/s] 56%|█████▌    | 3012/5360 [01:48<01:38, 23.81it/s] 56%|█████▋    | 3015/5360 [01:48<01:38, 23.91it/s] 56%|█████▋    | 3018/5360 [01:48<01:37, 24.08it/s] 56%|█████▋    | 3021/5360 [01:48<01:37, 23.97it/s] 56%|█████▋    | 3024/5360 [01:48<01:37, 24.01it/s] 56%|█████▋    | 3027/5360 [01:49<01:37, 23.91it/s] 57%|█████▋    | 3030/5360 [01:49<01:36, 24.08it/s] 57%|█████▋    | 3033/5360 [01:49<01:36, 24.09it/s] 57%|█████▋    | 3036/5360 [01:49<01:36, 24.10it/s] 57%|█████▋    | 3039/5360 [01:49<01:35, 24.22it/s] 57%|█████▋    | 3042/5360 [01:49<01:35, 24.18it/s] 57%|█████▋    | 3045/5360 [01:49<01:36, 24.02it/s] 57%|█████▋    | 3048/5360 [01:49<01:36, 24.05it/s] 57%|█████▋    | 3051/5360 [01:50<01:35, 24.17it/s] 57%|█████▋    | 3054/5360 [01:50<01:37, 23.66it/s] 57%|█████▋    | 3057/5360 [01:50<01:38, 23.45it/s] 57%|█████▋    | 3060/5360 [01:50<01:37, 23.64it/s] 57%|█████▋    | 3063/5360 [01:50<01:36, 23.77it/s] 57%|█████▋    | 3066/5360 [01:50<01:36, 23.75it/s] 57%|█████▋    | 3069/5360 [01:50<01:36, 23.73it/s] 57%|█████▋    | 3072/5360 [01:50<01:36, 23.71it/s] 57%|█████▋    | 3075/5360 [01:51<01:35, 23.81it/s] 57%|█████▋    | 3078/5360 [01:51<01:35, 23.90it/s] 57%|█████▋    | 3081/5360 [01:51<01:35, 23.94it/s] 58%|█████▊    | 3084/5360 [01:51<01:34, 23.99it/s] 58%|█████▊    | 3087/5360 [01:51<01:34, 24.01it/s] 58%|█████▊    | 3090/5360 [01:51<01:35, 23.67it/s] 58%|█████▊    | 3093/5360 [01:51<01:36, 23.57it/s] 58%|█████▊    | 3096/5360 [01:51<01:36, 23.49it/s] 58%|█████▊    | 3099/5360 [01:52<01:36, 23.45it/s] 58%|█████▊    | 3102/5360 [01:52<01:38, 22.96it/s] 58%|█████▊    | 3105/5360 [01:52<01:36, 23.40it/s] 58%|█████▊    | 3108/5360 [01:52<01:35, 23.60it/s] 58%|█████▊    | 3111/5360 [01:52<01:35, 23.62it/s] 58%|█████▊    | 3114/5360 [01:52<01:35, 23.54it/s] 58%|█████▊    | 3117/5360 [01:52<01:34, 23.70it/s] 58%|█████▊    | 3120/5360 [01:52<01:34, 23.69it/s] 58%|█████▊    | 3123/5360 [01:53<01:33, 23.82it/s] 58%|█████▊    | 3126/5360 [01:53<01:31, 24.45it/s] 58%|█████▊    | 3129/5360 [01:53<01:31, 24.48it/s] 58%|█████▊    | 3132/5360 [01:53<01:27, 25.43it/s] 58%|█████▊    | 3135/5360 [01:53<01:24, 26.29it/s] 59%|█████▊    | 3138/5360 [01:53<01:24, 26.29it/s] 59%|█████▊    | 3141/5360 [01:53<01:26, 25.66it/s] 59%|█████▊    | 3144/5360 [01:53<01:26, 25.66it/s] 59%|█████▊    | 3147/5360 [01:53<01:23, 26.62it/s] 59%|█████▉    | 3150/5360 [01:54<01:21, 27.14it/s] 59%|█████▉    | 3153/5360 [01:54<01:21, 27.14it/s] 59%|█████▉    | 3156/5360 [01:54<01:23, 26.32it/s] 59%|█████▉    | 3159/5360 [01:54<01:22, 26.72it/s] 59%|█████▉    | 3162/5360 [01:54<01:22, 26.70it/s] 59%|█████▉    | 3165/5360 [01:54<01:21, 26.90it/s] 59%|█████▉    | 3168/5360 [01:54<01:19, 27.42it/s] 59%|█████▉    | 3171/5360 [01:54<01:22, 26.52it/s] 59%|█████▉    | 3174/5360 [01:54<01:24, 25.89it/s] 59%|█████▉    | 3177/5360 [01:55<01:21, 26.84it/s] 59%|█████▉    | 3181/5360 [01:55<01:20, 27.03it/s] 59%|█████▉    | 3184/5360 [01:55<01:19, 27.30it/s] 59%|█████▉    | 3187/5360 [01:55<01:17, 27.94it/s] 60%|█████▉    | 3190/5360 [01:55<01:20, 26.98it/s] 60%|█████▉    | 3193/5360 [01:55<01:22, 26.24it/s] 60%|█████▉    | 3196/5360 [01:55<01:20, 26.95it/s] 60%|█████▉    | 3199/5360 [01:55<01:22, 26.30it/s] 60%|█████▉    | 3202/5360 [01:56<01:20, 26.70it/s] 60%|█████▉    | 3205/5360 [01:56<01:21, 26.43it/s] 60%|█████▉    | 3208/5360 [01:56<01:20, 26.71it/s] 60%|█████▉    | 3211/5360 [01:56<01:23, 25.84it/s] 60%|█████▉    | 3214/5360 [01:56<01:24, 25.52it/s] 60%|██████    | 3218/5360 [01:56<01:19, 26.82it/s] 60%|██████    | 3221/5360 [01:56<01:19, 26.88it/s] 60%|██████    | 3224/5360 [01:56<01:17, 27.63it/s] 60%|██████    | 3227/5360 [01:56<01:23, 25.69it/s] 60%|██████    | 3230/5360 [01:57<01:21, 26.25it/s] 60%|██████    | 3233/5360 [01:57<01:21, 25.97it/s] 60%|██████    | 3236/5360 [01:57<01:20, 26.38it/s] 60%|██████    | 3239/5360 [01:57<01:20, 26.22it/s] 60%|██████    | 3242/5360 [01:57<01:19, 26.48it/s] 61%|██████    | 3245/5360 [01:57<01:18, 26.87it/s] 61%|██████    | 3248/5360 [01:57<01:18, 27.02it/s] 61%|██████    | 3251/5360 [01:57<01:20, 26.25it/s] 61%|██████    | 3254/5360 [01:58<01:21, 25.90it/s] 61%|██████    | 3257/5360 [01:58<01:21, 25.81it/s] 61%|██████    | 3260/5360 [01:58<01:17, 26.93it/s] 61%|██████    | 3263/5360 [01:58<01:28, 23.82it/s] 61%|██████    | 3266/5360 [01:58<01:25, 24.57it/s] 61%|██████    | 3269/5360 [01:58<01:21, 25.75it/s] 61%|██████    | 3272/5360 [01:58<01:19, 26.13it/s] 61%|██████    | 3275/5360 [01:58<01:17, 27.05it/s] 61%|██████    | 3278/5360 [01:58<01:16, 27.38it/s] 61%|██████    | 3281/5360 [01:59<01:17, 26.85it/s] 61%|██████▏   | 3284/5360 [01:59<01:17, 26.76it/s] 61%|██████▏   | 3287/5360 [01:59<01:19, 26.18it/s] 61%|██████▏   | 3290/5360 [01:59<01:17, 26.76it/s] 61%|██████▏   | 3293/5360 [01:59<01:16, 27.12it/s] 61%|██████▏   | 3296/5360 [01:59<01:16, 27.03it/s] 62%|██████▏   | 3299/5360 [01:59<01:21, 25.37it/s] 62%|██████▏   | 3302/5360 [01:59<01:18, 26.07it/s] 62%|██████▏   | 3305/5360 [01:59<01:19, 25.88it/s] 62%|██████▏   | 3308/5360 [02:00<01:20, 25.64it/s] 62%|██████▏   | 3311/5360 [02:00<01:19, 25.90it/s] 62%|██████▏   | 3314/5360 [02:00<01:16, 26.66it/s] 62%|██████▏   | 3317/5360 [02:00<01:15, 27.12it/s] 62%|██████▏   | 3320/5360 [02:00<01:14, 27.49it/s] 62%|██████▏   | 3323/5360 [02:00<01:16, 26.56it/s] 62%|██████▏   | 3326/5360 [02:00<01:14, 27.24it/s] 62%|██████▏   | 3329/5360 [02:00<01:13, 27.81it/s] 62%|██████▏   | 3332/5360 [02:00<01:12, 27.78it/s] 62%|██████▏   | 3335/5360 [02:01<01:15, 26.66it/s] 62%|██████▏   | 3338/5360 [02:01<01:18, 25.63it/s] 62%|██████▏   | 3341/5360 [02:01<01:17, 25.97it/s] 62%|██████▏   | 3344/5360 [02:01<01:15, 26.60it/s] 62%|██████▏   | 3348/5360 [02:01<01:13, 27.52it/s] 63%|██████▎   | 3351/5360 [02:01<01:17, 25.92it/s] 63%|██████▎   | 3354/5360 [02:01<01:18, 25.47it/s] 63%|██████▎   | 3357/5360 [02:01<01:17, 25.96it/s] 63%|██████▎   | 3360/5360 [02:02<01:18, 25.48it/s] 63%|██████▎   | 3363/5360 [02:02<01:16, 25.94it/s] 63%|██████▎   | 3366/5360 [02:02<01:16, 25.99it/s] 63%|██████▎   | 3369/5360 [02:02<01:15, 26.39it/s] 63%|██████▎   | 3372/5360 [02:02<01:20, 24.72it/s] 63%|██████▎   | 3375/5360 [02:02<01:18, 25.37it/s] 63%|██████▎   | 3378/5360 [02:02<01:14, 26.50it/s] 63%|██████▎   | 3381/5360 [02:02<01:15, 26.31it/s] 63%|██████▎   | 3384/5360 [02:02<01:16, 25.91it/s] 63%|██████▎   | 3387/5360 [02:03<01:13, 26.73it/s] 63%|██████▎   | 3390/5360 [02:03<01:14, 26.38it/s] 63%|██████▎   | 3393/5360 [02:03<01:12, 27.03it/s] 63%|██████▎   | 3396/5360 [02:03<01:13, 26.87it/s] 63%|██████▎   | 3399/5360 [02:03<01:16, 25.78it/s] 63%|██████▎   | 3402/5360 [02:03<01:14, 26.32it/s] 64%|██████▎   | 3405/5360 [02:03<01:14, 26.25it/s] 64%|██████▎   | 3408/5360 [02:03<01:12, 26.78it/s] 64%|██████▎   | 3411/5360 [02:03<01:15, 25.97it/s] 64%|██████▎   | 3414/5360 [02:04<01:18, 24.91it/s] 64%|██████▍   | 3417/5360 [02:04<01:17, 25.06it/s] 64%|██████▍   | 3420/5360 [02:04<01:18, 24.80it/s] 64%|██████▍   | 3423/5360 [02:04<01:15, 25.77it/s] 64%|██████▍   | 3426/5360 [02:04<01:12, 26.54it/s] 64%|██████▍   | 3429/5360 [02:04<01:11, 27.07it/s] 64%|██████▍   | 3432/5360 [02:04<01:12, 26.72it/s] 64%|██████▍   | 3435/5360 [02:04<01:13, 26.27it/s] 64%|██████▍   | 3438/5360 [02:05<01:12, 26.65it/s] 64%|██████▍   | 3441/5360 [02:05<01:09, 27.46it/s] 64%|██████▍   | 3444/5360 [02:05<01:09, 27.47it/s] 64%|██████▍   | 3447/5360 [02:05<01:10, 26.94it/s] 64%|██████▍   | 3450/5360 [02:05<01:11, 26.71it/s] 64%|██████▍   | 3453/5360 [02:05<01:09, 27.54it/s] 64%|██████▍   | 3456/5360 [02:05<01:09, 27.52it/s] 65%|██████▍   | 3459/5360 [02:05<01:08, 27.59it/s] 65%|██████▍   | 3462/5360 [02:05<01:08, 27.57it/s] 65%|██████▍   | 3465/5360 [02:05<01:09, 27.23it/s] 65%|██████▍   | 3468/5360 [02:06<01:08, 27.59it/s] 65%|██████▍   | 3471/5360 [02:06<01:12, 26.08it/s] 65%|██████▍   | 3474/5360 [02:06<01:11, 26.36it/s] 65%|██████▍   | 3477/5360 [02:06<01:10, 26.68it/s] 65%|██████▍   | 3481/5360 [02:06<01:01, 30.33it/s] 65%|██████▌   | 3485/5360 [02:06<01:04, 28.98it/s] 65%|██████▌   | 3488/5360 [02:06<01:07, 27.78it/s] 65%|██████▌   | 3491/5360 [02:06<01:06, 27.90it/s] 65%|██████▌   | 3495/5360 [02:07<01:06, 28.11it/s] 65%|██████▌   | 3499/5360 [02:07<01:04, 28.81it/s] 65%|██████▌   | 3502/5360 [02:07<01:04, 29.01it/s] 65%|██████▌   | 3505/5360 [02:07<01:06, 28.08it/s] 65%|██████▌   | 3508/5360 [02:07<01:05, 28.11it/s] 66%|██████▌   | 3511/5360 [02:07<01:04, 28.55it/s] 66%|██████▌   | 3514/5360 [02:07<01:06, 27.96it/s] 66%|██████▌   | 3517/5360 [02:07<01:07, 27.31it/s] 66%|██████▌   | 3521/5360 [02:07<01:06, 27.78it/s] 66%|██████▌   | 3525/5360 [02:08<01:05, 28.07it/s] 66%|██████▌   | 3528/5360 [02:08<01:04, 28.19it/s] 66%|██████▌   | 3531/5360 [02:08<01:04, 28.24it/s] 66%|██████▌   | 3534/5360 [02:08<01:07, 27.25it/s] 66%|██████▌   | 3537/5360 [02:08<01:07, 26.94it/s] 66%|██████▌   | 3540/5360 [02:08<01:08, 26.63it/s] 66%|██████▌   | 3543/5360 [02:08<01:06, 27.28it/s] 66%|██████▌   | 3546/5360 [02:08<01:05, 27.81it/s] 66%|██████▌   | 3549/5360 [02:09<01:08, 26.34it/s] 66%|██████▋   | 3552/5360 [02:09<01:06, 27.09it/s] 66%|██████▋   | 3555/5360 [02:09<01:05, 27.64it/s] 66%|██████▋   | 3558/5360 [02:09<01:04, 27.77it/s] 66%|██████▋   | 3561/5360 [02:09<01:04, 27.71it/s] 66%|██████▋   | 3564/5360 [02:09<01:04, 27.66it/s] 67%|██████▋   | 3567/5360 [02:09<01:04, 27.62it/s] 67%|██████▋   | 3570/5360 [02:09<01:05, 27.12it/s] 67%|██████▋   | 3573/5360 [02:09<01:05, 27.45it/s] 67%|██████▋   | 3576/5360 [02:09<01:03, 28.03it/s] 67%|██████▋   | 3579/5360 [02:10<01:04, 27.45it/s] 67%|██████▋   | 3582/5360 [02:10<01:06, 26.68it/s] 67%|██████▋   | 3586/5360 [02:10<01:04, 27.53it/s] 67%|██████▋   | 3589/5360 [02:10<01:03, 27.79it/s] 67%|██████▋   | 3592/5360 [02:10<01:02, 28.35it/s] 67%|██████▋   | 3595/5360 [02:10<01:03, 27.86it/s] 67%|██████▋   | 3598/5360 [02:10<01:04, 27.34it/s] 67%|██████▋   | 3601/5360 [02:10<01:03, 27.72it/s] 67%|██████▋   | 3605/5360 [02:11<01:02, 28.23it/s] 67%|██████▋   | 3608/5360 [02:11<01:03, 27.76it/s] 67%|██████▋   | 3611/5360 [02:11<01:04, 27.01it/s] 67%|██████▋   | 3614/5360 [02:11<01:05, 26.83it/s] 67%|██████▋   | 3617/5360 [02:11<01:04, 26.92it/s] 68%|██████▊   | 3621/5360 [02:11<00:58, 29.48it/s] 68%|██████▊   | 3627/5360 [02:11<00:48, 35.96it/s] 68%|██████▊   | 3633/5360 [02:11<00:42, 40.50it/s] 68%|██████▊   | 3639/5360 [02:11<00:39, 43.52it/s] 68%|██████▊   | 3645/5360 [02:12<00:37, 45.61it/s] 68%|██████▊   | 3651/5360 [02:12<00:36, 47.04it/s] 68%|██████▊   | 3657/5360 [02:12<00:35, 47.52it/s] 68%|██████▊   | 3662/5360 [02:12<00:35, 48.15it/s] 68%|██████▊   | 3667/5360 [02:12<00:34, 48.57it/s] 69%|██████▊   | 3673/5360 [02:12<00:34, 49.09it/s] 69%|██████▊   | 3678/5360 [02:12<00:34, 49.15it/s] 69%|██████▊   | 3683/5360 [02:12<00:36, 46.18it/s] 69%|██████▉   | 3688/5360 [02:13<00:40, 40.91it/s] 69%|██████▉   | 3693/5360 [02:13<00:47, 34.81it/s] 69%|██████▉   | 3697/5360 [02:13<00:52, 31.90it/s] 69%|██████▉   | 3701/5360 [02:13<00:55, 29.92it/s] 69%|██████▉   | 3705/5360 [02:13<00:57, 28.58it/s] 69%|██████▉   | 3708/5360 [02:13<00:59, 27.92it/s] 69%|██████▉   | 3711/5360 [02:13<01:00, 27.37it/s] 69%|██████▉   | 3714/5360 [02:14<01:01, 26.71it/s] 69%|██████▉   | 3717/5360 [02:14<01:02, 26.47it/s] 69%|██████▉   | 3720/5360 [02:14<01:03, 25.89it/s] 69%|██████▉   | 3723/5360 [02:14<01:04, 25.22it/s] 70%|██████▉   | 3726/5360 [02:14<01:04, 25.16it/s] 70%|██████▉   | 3729/5360 [02:14<01:04, 25.24it/s] 70%|██████▉   | 3732/5360 [02:14<01:04, 25.28it/s] 70%|██████▉   | 3735/5360 [02:14<01:05, 24.92it/s] 70%|██████▉   | 3738/5360 [02:15<01:05, 24.68it/s] 70%|██████▉   | 3741/5360 [02:15<01:06, 24.51it/s] 70%|██████▉   | 3744/5360 [02:15<01:05, 24.64it/s] 70%|██████▉   | 3747/5360 [02:15<01:04, 24.99it/s] 70%|██████▉   | 3750/5360 [02:15<01:03, 25.24it/s] 70%|███████   | 3753/5360 [02:15<01:03, 25.14it/s] 70%|███████   | 3756/5360 [02:15<01:03, 25.35it/s] 70%|███████   | 3759/5360 [02:15<01:03, 25.23it/s] 70%|███████   | 3762/5360 [02:15<01:02, 25.41it/s] 70%|███████   | 3765/5360 [02:16<01:02, 25.53it/s] 70%|███████   | 3768/5360 [02:16<01:02, 25.49it/s] 70%|███████   | 3771/5360 [02:16<01:02, 25.45it/s] 70%|███████   | 3774/5360 [02:16<01:02, 25.44it/s] 70%|███████   | 3777/5360 [02:16<01:01, 25.57it/s] 71%|███████   | 3780/5360 [02:16<01:01, 25.53it/s] 71%|███████   | 3783/5360 [02:16<01:01, 25.47it/s] 71%|███████   | 3786/5360 [02:16<01:02, 25.32it/s] 71%|███████   | 3789/5360 [02:17<01:01, 25.46it/s] 71%|███████   | 3792/5360 [02:17<01:01, 25.58it/s] 71%|███████   | 3795/5360 [02:17<01:01, 25.43it/s] 71%|███████   | 3798/5360 [02:17<01:01, 25.57it/s] 71%|███████   | 3801/5360 [02:17<01:00, 25.66it/s] 71%|███████   | 3804/5360 [02:17<01:01, 25.34it/s] 71%|███████   | 3807/5360 [02:17<01:00, 25.50it/s] 71%|███████   | 3810/5360 [02:17<01:01, 25.35it/s] 71%|███████   | 3813/5360 [02:17<01:00, 25.51it/s] 71%|███████   | 3816/5360 [02:18<01:00, 25.48it/s] 71%|███████▏  | 3819/5360 [02:18<01:00, 25.59it/s] 71%|███████▏  | 3822/5360 [02:18<00:59, 25.69it/s] 71%|███████▏  | 3825/5360 [02:18<00:59, 25.75it/s] 71%|███████▏  | 3828/5360 [02:18<01:00, 25.51it/s] 71%|███████▏  | 3831/5360 [02:18<00:59, 25.62it/s] 72%|███████▏  | 3834/5360 [02:18<00:59, 25.58it/s] 72%|███████▏  | 3837/5360 [02:18<00:59, 25.67it/s] 72%|███████▏  | 3840/5360 [02:19<00:59, 25.73it/s] 72%|███████▏  | 3843/5360 [02:19<00:58, 25.78it/s] 72%|███████▏  | 3846/5360 [02:19<00:58, 25.81it/s] 72%|███████▏  | 3849/5360 [02:19<00:59, 25.41it/s] 72%|███████▏  | 3852/5360 [02:19<00:59, 25.27it/s] 72%|███████▏  | 3855/5360 [02:19<00:59, 25.33it/s] 72%|███████▏  | 3858/5360 [02:19<00:58, 25.48it/s] 72%|███████▏  | 3861/5360 [02:19<00:59, 25.32it/s] 72%|███████▏  | 3864/5360 [02:19<00:58, 25.48it/s] 72%|███████▏  | 3867/5360 [02:20<00:58, 25.60it/s] 72%|███████▏  | 3870/5360 [02:20<00:57, 25.69it/s] 72%|███████▏  | 3873/5360 [02:20<00:58, 25.61it/s] 72%|███████▏  | 3876/5360 [02:20<00:58, 25.56it/s] 72%|███████▏  | 3879/5360 [02:20<00:57, 25.65it/s] 72%|███████▏  | 3882/5360 [02:20<00:57, 25.73it/s] 72%|███████▏  | 3885/5360 [02:20<00:57, 25.77it/s] 73%|███████▎  | 3888/5360 [02:20<00:57, 25.80it/s] 73%|███████▎  | 3891/5360 [02:21<00:56, 25.82it/s] 73%|███████▎  | 3894/5360 [02:21<00:56, 25.84it/s] 73%|███████▎  | 3897/5360 [02:21<00:56, 25.85it/s] 73%|███████▎  | 3900/5360 [02:21<00:57, 25.18it/s] 73%|███████▎  | 3903/5360 [02:21<00:59, 24.60it/s] 73%|███████▎  | 3906/5360 [02:21<00:58, 24.97it/s] 73%|███████▎  | 3909/5360 [02:21<00:57, 25.10it/s] 73%|███████▎  | 3912/5360 [02:21<00:57, 25.08it/s] 73%|███████▎  | 3915/5360 [02:21<00:57, 25.31it/s] 73%|███████▎  | 3918/5360 [02:22<00:56, 25.48it/s] 73%|███████▎  | 3921/5360 [02:22<00:56, 25.60it/s] 73%|███████▎  | 3924/5360 [02:22<00:55, 25.69it/s] 73%|███████▎  | 3927/5360 [02:22<00:55, 25.74it/s] 73%|███████▎  | 3930/5360 [02:22<00:55, 25.64it/s] 73%|███████▎  | 3933/5360 [02:22<00:56, 25.31it/s] 73%|███████▎  | 3936/5360 [02:22<00:56, 25.35it/s] 73%|███████▎  | 3939/5360 [02:22<00:55, 25.38it/s] 74%|███████▎  | 3942/5360 [02:23<00:55, 25.40it/s] 74%|███████▎  | 3945/5360 [02:23<00:55, 25.53it/s] 74%|███████▎  | 3948/5360 [02:23<00:55, 25.63it/s] 74%|███████▎  | 3951/5360 [02:23<00:55, 25.55it/s] 74%|███████▍  | 3954/5360 [02:23<00:54, 25.67it/s] 74%|███████▍  | 3957/5360 [02:23<00:54, 25.73it/s] 74%|███████▍  | 3960/5360 [02:23<00:54, 25.79it/s] 74%|███████▍  | 3963/5360 [02:23<00:54, 25.83it/s] 74%|███████▍  | 3966/5360 [02:23<00:53, 25.85it/s] 74%|███████▍  | 3969/5360 [02:24<00:53, 25.85it/s] 74%|███████▍  | 3972/5360 [02:24<00:53, 25.86it/s] 74%|███████▍  | 3975/5360 [02:24<00:53, 25.87it/s] 74%|███████▍  | 3978/5360 [02:24<00:53, 25.88it/s] 74%|███████▍  | 3981/5360 [02:24<00:53, 25.87it/s] 74%|███████▍  | 3984/5360 [02:24<00:53, 25.89it/s] 74%|███████▍  | 3987/5360 [02:24<00:51, 26.58it/s] 74%|███████▍  | 3990/5360 [02:24<00:51, 26.37it/s] 74%|███████▍  | 3993/5360 [02:24<00:50, 26.91it/s] 75%|███████▍  | 3996/5360 [02:25<00:50, 27.03it/s] 75%|███████▍  | 3999/5360 [02:25<00:49, 27.34it/s] 75%|███████▍  | 4002/5360 [02:25<00:50, 26.73it/s] 75%|███████▍  | 4005/5360 [02:25<00:49, 27.37it/s] 75%|███████▍  | 4008/5360 [02:25<00:50, 26.98it/s] 75%|███████▍  | 4011/5360 [02:25<00:49, 27.46it/s] 75%|███████▍  | 4015/5360 [02:25<00:48, 27.52it/s] 75%|███████▍  | 4018/5360 [02:25<00:48, 27.72it/s] 75%|███████▌  | 4021/5360 [02:25<00:47, 28.11it/s] 75%|███████▌  | 4024/5360 [02:26<00:48, 27.59it/s] 75%|███████▌  | 4027/5360 [02:26<00:47, 28.13it/s] 75%|███████▌  | 4030/5360 [02:26<00:47, 28.24it/s] 75%|███████▌  | 4033/5360 [02:26<00:46, 28.44it/s] 75%|███████▌  | 4036/5360 [02:26<00:47, 27.65it/s] 75%|███████▌  | 4040/5360 [02:26<00:46, 28.15it/s] 75%|███████▌  | 4044/5360 [02:26<00:46, 28.40it/s] 76%|███████▌  | 4048/5360 [02:26<00:45, 28.70it/s] 76%|███████▌  | 4051/5360 [02:27<00:45, 28.79it/s] 76%|███████▌  | 4054/5360 [02:27<00:45, 29.02it/s] 76%|███████▌  | 4057/5360 [02:27<00:45, 28.81it/s] 76%|███████▌  | 4060/5360 [02:27<00:45, 28.39it/s] 76%|███████▌  | 4063/5360 [02:27<00:45, 28.50it/s] 76%|███████▌  | 4066/5360 [02:27<00:45, 28.21it/s] 76%|███████▌  | 4069/5360 [02:27<00:45, 28.22it/s] 76%|███████▌  | 4072/5360 [02:27<00:46, 27.61it/s] 76%|███████▌  | 4075/5360 [02:27<00:45, 28.09it/s] 76%|███████▌  | 4078/5360 [02:27<00:45, 28.39it/s] 76%|███████▌  | 4081/5360 [02:28<00:45, 28.22it/s] 76%|███████▌  | 4084/5360 [02:28<00:46, 27.46it/s] 76%|███████▋  | 4087/5360 [02:28<00:45, 27.90it/s] 76%|███████▋  | 4090/5360 [02:28<00:45, 27.69it/s] 76%|███████▋  | 4093/5360 [02:28<00:45, 27.87it/s] 76%|███████▋  | 4096/5360 [02:28<00:45, 27.82it/s] 76%|███████▋  | 4099/5360 [02:28<00:45, 27.54it/s] 77%|███████▋  | 4102/5360 [02:28<00:45, 27.93it/s] 77%|███████▋  | 4106/5360 [02:28<00:43, 28.62it/s] 77%|███████▋  | 4109/5360 [02:29<00:44, 28.41it/s] 77%|███████▋  | 4112/5360 [02:29<00:44, 27.83it/s] 77%|███████▋  | 4115/5360 [02:29<00:46, 27.01it/s] 77%|███████▋  | 4119/5360 [02:29<00:44, 28.09it/s] 77%|███████▋  | 4123/5360 [02:29<00:43, 28.57it/s] 77%|███████▋  | 4126/5360 [02:29<00:42, 28.84it/s] 77%|███████▋  | 4129/5360 [02:29<00:44, 27.69it/s] 77%|███████▋  | 4132/5360 [02:29<00:44, 27.69it/s] 77%|███████▋  | 4135/5360 [02:30<00:44, 27.28it/s] 77%|███████▋  | 4138/5360 [02:30<00:43, 27.98it/s] 77%|███████▋  | 4141/5360 [02:30<00:43, 28.20it/s] 77%|███████▋  | 4144/5360 [02:30<00:43, 27.77it/s] 77%|███████▋  | 4147/5360 [02:30<00:44, 27.31it/s] 77%|███████▋  | 4150/5360 [02:30<00:43, 27.85it/s] 77%|███████▋  | 4153/5360 [02:30<00:44, 27.01it/s] 78%|███████▊  | 4156/5360 [02:30<00:43, 27.50it/s] 78%|███████▊  | 4159/5360 [02:30<00:44, 27.26it/s] 78%|███████▊  | 4162/5360 [02:31<00:43, 27.50it/s] 78%|███████▊  | 4166/5360 [02:31<00:42, 28.17it/s] 78%|███████▊  | 4169/5360 [02:31<00:41, 28.64it/s] 78%|███████▊  | 4172/5360 [02:31<00:41, 28.92it/s] 78%|███████▊  | 4175/5360 [02:31<00:42, 27.95it/s] 78%|███████▊  | 4178/5360 [02:31<00:41, 28.34it/s] 78%|███████▊  | 4181/5360 [02:31<00:41, 28.17it/s] 78%|███████▊  | 4184/5360 [02:31<00:41, 28.18it/s] 78%|███████▊  | 4187/5360 [02:31<00:42, 27.56it/s] 78%|███████▊  | 4190/5360 [02:32<00:43, 27.03it/s] 78%|███████▊  | 4193/5360 [02:32<00:42, 27.54it/s] 78%|███████▊  | 4196/5360 [02:32<00:41, 27.74it/s] 78%|███████▊  | 4199/5360 [02:32<00:41, 28.01it/s] 78%|███████▊  | 4202/5360 [02:32<00:42, 27.02it/s] 78%|███████▊  | 4205/5360 [02:32<00:42, 27.41it/s] 79%|███████▊  | 4208/5360 [02:32<00:41, 27.99it/s] 79%|███████▊  | 4211/5360 [02:32<00:40, 28.55it/s] 79%|███████▊  | 4214/5360 [02:32<00:41, 27.45it/s] 79%|███████▊  | 4218/5360 [02:33<00:41, 27.83it/s] 79%|███████▉  | 4221/5360 [02:33<00:40, 27.94it/s] 79%|███████▉  | 4225/5360 [02:33<00:40, 28.30it/s] 79%|███████▉  | 4228/5360 [02:33<00:39, 28.30it/s] 79%|███████▉  | 4232/5360 [02:33<00:39, 28.58it/s] 79%|███████▉  | 4235/5360 [02:33<00:39, 28.50it/s] 79%|███████▉  | 4238/5360 [02:33<00:40, 27.68it/s] 79%|███████▉  | 4241/5360 [02:33<00:39, 28.04it/s] 79%|███████▉  | 4244/5360 [02:33<00:39, 28.31it/s] 79%|███████▉  | 4247/5360 [02:34<00:39, 28.31it/s] 79%|███████▉  | 4250/5360 [02:34<00:40, 27.54it/s] 79%|███████▉  | 4253/5360 [02:34<00:40, 27.01it/s] 79%|███████▉  | 4256/5360 [02:34<00:39, 27.68it/s] 79%|███████▉  | 4259/5360 [02:34<00:39, 27.68it/s] 80%|███████▉  | 4262/5360 [02:34<00:38, 28.19it/s] 80%|███████▉  | 4265/5360 [02:34<00:40, 27.13it/s] 80%|███████▉  | 4268/5360 [02:34<00:39, 27.42it/s] 80%|███████▉  | 4272/5360 [02:34<00:38, 28.12it/s] 80%|███████▉  | 4275/5360 [02:35<00:37, 28.56it/s] 80%|███████▉  | 4278/5360 [02:35<00:37, 28.95it/s] 80%|███████▉  | 4281/5360 [02:35<00:38, 28.01it/s] 80%|███████▉  | 4284/5360 [02:35<00:37, 28.46it/s] 80%|███████▉  | 4287/5360 [02:35<00:37, 28.77it/s] 80%|████████  | 4290/5360 [02:35<00:37, 28.45it/s] 80%|████████  | 4293/5360 [02:35<00:38, 27.57it/s] 80%|████████  | 4296/5360 [02:35<00:38, 27.42it/s] 80%|████████  | 4299/5360 [02:35<00:38, 27.56it/s] 80%|████████  | 4302/5360 [02:36<00:37, 27.96it/s] 80%|████████  | 4305/5360 [02:36<00:37, 27.86it/s] 80%|████████  | 4308/5360 [02:36<00:38, 27.09it/s] 80%|████████  | 4311/5360 [02:36<00:37, 27.75it/s] 81%|████████  | 4315/5360 [02:36<00:36, 28.52it/s] 81%|████████  | 4318/5360 [02:36<00:37, 28.06it/s] 81%|████████  | 4321/5360 [02:36<00:37, 28.01it/s] 81%|████████  | 4324/5360 [02:36<00:37, 27.53it/s] 81%|████████  | 4327/5360 [02:36<00:37, 27.42it/s] 81%|████████  | 4330/5360 [02:37<00:36, 28.07it/s] 81%|████████  | 4333/5360 [02:37<00:36, 27.95it/s] 81%|████████  | 4336/5360 [02:37<00:37, 27.08it/s] 81%|████████  | 4339/5360 [02:37<00:36, 27.85it/s] 81%|████████  | 4343/5360 [02:37<00:35, 28.89it/s] 81%|████████  | 4346/5360 [02:37<00:35, 28.24it/s] 81%|████████  | 4349/5360 [02:37<00:36, 27.93it/s] 81%|████████  | 4352/5360 [02:37<00:36, 27.82it/s] 81%|████████▏ | 4356/5360 [02:37<00:35, 28.27it/s] 81%|████████▏ | 4360/5360 [02:38<00:35, 28.48it/s] 81%|████████▏ | 4363/5360 [02:38<00:34, 28.74it/s] 81%|████████▏ | 4366/5360 [02:38<00:34, 28.68it/s] 82%|████████▏ | 4369/5360 [02:38<00:35, 27.59it/s] 82%|████████▏ | 4372/5360 [02:38<00:35, 28.14it/s] 82%|████████▏ | 4376/5360 [02:38<00:34, 28.61it/s] 82%|████████▏ | 4379/5360 [02:38<00:34, 28.77it/s] 82%|████████▏ | 4382/5360 [02:38<00:35, 27.87it/s] 82%|████████▏ | 4385/5360 [02:38<00:34, 28.32it/s] 82%|████████▏ | 4388/5360 [02:39<00:35, 27.35it/s] 82%|████████▏ | 4391/5360 [02:39<00:36, 26.65it/s] 82%|████████▏ | 4394/5360 [02:39<00:36, 26.42it/s] 82%|████████▏ | 4397/5360 [02:39<00:37, 25.90it/s] 82%|████████▏ | 4400/5360 [02:39<00:36, 26.23it/s] 82%|████████▏ | 4403/5360 [02:39<00:35, 27.21it/s] 82%|████████▏ | 4406/5360 [02:39<00:35, 27.16it/s] 82%|████████▏ | 4409/5360 [02:39<00:35, 26.71it/s] 82%|████████▏ | 4412/5360 [02:40<00:35, 26.78it/s] 82%|████████▏ | 4416/5360 [02:40<00:34, 27.57it/s] 82%|████████▏ | 4419/5360 [02:40<00:33, 28.11it/s] 82%|████████▎ | 4422/5360 [02:40<00:33, 27.78it/s] 83%|████████▎ | 4425/5360 [02:40<00:34, 27.20it/s] 83%|████████▎ | 4429/5360 [02:40<00:33, 27.85it/s] 83%|████████▎ | 4432/5360 [02:40<00:33, 27.94it/s] 83%|████████▎ | 4435/5360 [02:40<00:32, 28.12it/s] 83%|████████▎ | 4438/5360 [02:40<00:33, 27.31it/s] 83%|████████▎ | 4441/5360 [02:41<00:33, 27.57it/s] 83%|████████▎ | 4444/5360 [02:41<00:32, 28.11it/s] 83%|████████▎ | 4447/5360 [02:41<00:32, 28.49it/s] 83%|████████▎ | 4450/5360 [02:41<00:33, 26.94it/s] 83%|████████▎ | 4453/5360 [02:41<00:34, 26.50it/s] 83%|████████▎ | 4456/5360 [02:41<00:34, 26.34it/s] 83%|████████▎ | 4459/5360 [02:41<00:33, 27.02it/s] 83%|████████▎ | 4462/5360 [02:41<00:32, 27.66it/s] 83%|████████▎ | 4467/5360 [02:41<00:26, 33.74it/s] 83%|████████▎ | 4472/5360 [02:42<00:23, 38.07it/s] 84%|████████▎ | 4477/5360 [02:42<00:21, 41.50it/s] 84%|████████▎ | 4482/5360 [02:42<00:19, 43.94it/s] 84%|████████▎ | 4487/5360 [02:42<00:19, 45.62it/s] 84%|████████▍ | 4492/5360 [02:42<00:18, 46.77it/s] 84%|████████▍ | 4497/5360 [02:42<00:18, 46.73it/s] 84%|████████▍ | 4503/5360 [02:42<00:17, 47.93it/s] 84%|████████▍ | 4508/5360 [02:42<00:17, 48.45it/s] 84%|████████▍ | 4513/5360 [02:42<00:17, 48.70it/s] 84%|████████▍ | 4518/5360 [02:42<00:17, 48.09it/s] 84%|████████▍ | 4523/5360 [02:43<00:17, 47.81it/s] 84%|████████▍ | 4528/5360 [02:43<00:21, 38.45it/s] 85%|████████▍ | 4533/5360 [02:43<00:24, 33.57it/s] 85%|████████▍ | 4537/5360 [02:43<00:26, 31.20it/s] 85%|████████▍ | 4541/5360 [02:43<00:27, 29.56it/s] 85%|████████▍ | 4545/5360 [02:43<00:28, 28.43it/s] 85%|████████▍ | 4548/5360 [02:44<00:29, 27.80it/s] 85%|████████▍ | 4551/5360 [02:44<00:29, 27.30it/s] 85%|████████▍ | 4554/5360 [02:44<00:29, 26.90it/s] 85%|████████▌ | 4557/5360 [02:44<00:30, 26.61it/s] 85%|████████▌ | 4560/5360 [02:44<00:30, 26.40it/s] 85%|████████▌ | 4563/5360 [02:44<00:30, 26.10it/s] 85%|████████▌ | 4566/5360 [02:44<00:30, 25.88it/s] 85%|████████▌ | 4569/5360 [02:44<00:30, 25.61it/s] 85%|████████▌ | 4572/5360 [02:44<00:31, 25.42it/s] 85%|████████▌ | 4575/5360 [02:45<00:31, 24.75it/s] 85%|████████▌ | 4578/5360 [02:45<00:31, 24.94it/s] 85%|████████▌ | 4581/5360 [02:45<00:31, 25.07it/s] 86%|████████▌ | 4584/5360 [02:45<00:30, 25.04it/s] 86%|████████▌ | 4587/5360 [02:45<00:30, 25.00it/s] 86%|████████▌ | 4590/5360 [02:45<00:30, 25.26it/s] 86%|████████▌ | 4593/5360 [02:45<00:30, 25.02it/s] 86%|████████▌ | 4596/5360 [02:45<00:30, 25.28it/s] 86%|████████▌ | 4599/5360 [02:46<00:30, 25.05it/s] 86%|████████▌ | 4602/5360 [02:46<00:29, 25.28it/s] 86%|████████▌ | 4605/5360 [02:46<00:29, 25.32it/s] 86%|████████▌ | 4608/5360 [02:46<00:29, 25.33it/s] 86%|████████▌ | 4611/5360 [02:46<00:29, 24.97it/s] 86%|████████▌ | 4614/5360 [02:46<00:29, 25.23it/s] 86%|████████▌ | 4617/5360 [02:46<00:30, 24.75it/s] 86%|████████▌ | 4620/5360 [02:46<00:30, 24.43it/s] 86%|████████▋ | 4623/5360 [02:47<00:30, 24.47it/s] 86%|████████▋ | 4626/5360 [02:47<00:29, 24.87it/s] 86%|████████▋ | 4629/5360 [02:47<00:29, 25.16it/s] 86%|████████▋ | 4632/5360 [02:47<00:28, 25.58it/s] 86%|████████▋ | 4635/5360 [02:47<00:28, 25.67it/s] 87%|████████▋ | 4638/5360 [02:47<00:28, 25.60it/s] 87%|████████▋ | 4641/5360 [02:47<00:28, 25.67it/s] 87%|████████▋ | 4644/5360 [02:47<00:28, 25.46it/s] 87%|████████▋ | 4647/5360 [02:47<00:28, 25.45it/s] 87%|████████▋ | 4650/5360 [02:48<00:27, 25.44it/s] 87%|████████▋ | 4653/5360 [02:48<00:27, 25.45it/s] 87%|████████▋ | 4656/5360 [02:48<00:27, 25.31it/s] 87%|████████▋ | 4659/5360 [02:48<00:27, 25.47it/s] 87%|████████▋ | 4662/5360 [02:48<00:28, 24.91it/s] 87%|████████▋ | 4665/5360 [02:48<00:28, 24.81it/s] 87%|████████▋ | 4668/5360 [02:48<00:27, 25.13it/s] 87%|████████▋ | 4671/5360 [02:48<00:27, 25.34it/s] 87%|████████▋ | 4674/5360 [02:49<00:26, 25.50it/s] 87%|████████▋ | 4677/5360 [02:49<00:26, 25.61it/s] 87%|████████▋ | 4680/5360 [02:49<00:26, 25.56it/s] 87%|████████▋ | 4683/5360 [02:49<00:26, 25.51it/s] 87%|████████▋ | 4686/5360 [02:49<00:26, 25.09it/s] 87%|████████▋ | 4689/5360 [02:49<00:26, 25.18it/s] 88%|████████▊ | 4692/5360 [02:49<00:26, 25.40it/s] 88%|████████▊ | 4695/5360 [02:49<00:26, 25.54it/s] 88%|████████▊ | 4698/5360 [02:49<00:25, 25.65it/s] 88%|████████▊ | 4701/5360 [02:50<00:25, 25.57it/s] 88%|████████▊ | 4704/5360 [02:50<00:25, 25.52it/s] 88%|████████▊ | 4707/5360 [02:50<00:25, 25.49it/s] 88%|████████▊ | 4710/5360 [02:50<00:25, 25.61it/s] 88%|████████▊ | 4713/5360 [02:50<00:25, 25.69it/s] 88%|████████▊ | 4716/5360 [02:50<00:25, 25.75it/s] 88%|████████▊ | 4719/5360 [02:50<00:24, 25.79it/s] 88%|████████▊ | 4722/5360 [02:50<00:24, 25.81it/s] 88%|████████▊ | 4725/5360 [02:51<00:24, 25.69it/s] 88%|████████▊ | 4728/5360 [02:51<00:24, 25.74it/s] 88%|████████▊ | 4731/5360 [02:51<00:24, 25.79it/s] 88%|████████▊ | 4734/5360 [02:51<00:24, 25.81it/s] 88%|████████▊ | 4737/5360 [02:51<00:24, 25.71it/s] 88%|████████▊ | 4740/5360 [02:51<00:24, 25.76it/s] 88%|████████▊ | 4743/5360 [02:51<00:24, 25.51it/s] 89%|████████▊ | 4746/5360 [02:51<00:24, 25.36it/s] 89%|████████▊ | 4749/5360 [02:51<00:24, 25.36it/s] 89%|████████▊ | 4752/5360 [02:52<00:23, 25.53it/s] 89%|████████▊ | 4755/5360 [02:52<00:23, 25.62it/s] 89%|████████▉ | 4758/5360 [02:52<00:23, 25.71it/s] 89%|████████▉ | 4761/5360 [02:52<00:23, 25.35it/s] 89%|████████▉ | 4764/5360 [02:52<00:23, 25.51it/s] 89%|████████▉ | 4767/5360 [02:52<00:23, 25.61it/s] 89%|████████▉ | 4770/5360 [02:52<00:23, 24.88it/s] 89%|████████▉ | 4773/5360 [02:52<00:23, 24.92it/s] 89%|████████▉ | 4776/5360 [02:53<00:23, 25.07it/s] 89%|████████▉ | 4779/5360 [02:53<00:22, 25.31it/s] 89%|████████▉ | 4782/5360 [02:53<00:22, 25.48it/s] 89%|████████▉ | 4785/5360 [02:53<00:22, 25.32it/s] 89%|████████▉ | 4788/5360 [02:53<00:22, 25.24it/s] 89%|████████▉ | 4791/5360 [02:53<00:22, 25.41it/s] 89%|████████▉ | 4794/5360 [02:53<00:22, 25.55it/s] 89%|████████▉ | 4797/5360 [02:53<00:22, 25.53it/s] 90%|████████▉ | 4800/5360 [02:53<00:21, 25.62it/s] 90%|████████▉ | 4803/5360 [02:54<00:21, 25.70it/s] 90%|████████▉ | 4806/5360 [02:54<00:21, 25.63it/s] 90%|████████▉ | 4809/5360 [02:54<00:21, 25.43it/s] 90%|████████▉ | 4812/5360 [02:54<00:21, 25.58it/s] 90%|████████▉ | 4815/5360 [02:54<00:21, 25.52it/s] 90%|████████▉ | 4818/5360 [02:54<00:21, 25.36it/s] 90%|████████▉ | 4821/5360 [02:54<00:21, 25.50it/s] 90%|█████████ | 4824/5360 [02:54<00:20, 25.62it/s] 90%|█████████ | 4827/5360 [02:54<00:19, 26.69it/s] 90%|█████████ | 4830/5360 [02:55<00:20, 26.18it/s] 90%|█████████ | 4833/5360 [02:55<00:21, 25.04it/s] 90%|█████████ | 4836/5360 [02:55<00:20, 25.66it/s] 90%|█████████ | 4839/5360 [02:55<00:19, 26.52it/s] 90%|█████████ | 4842/5360 [02:55<00:19, 26.52it/s] 90%|█████████ | 4845/5360 [02:55<00:19, 26.62it/s] 90%|█████████ | 4848/5360 [02:55<00:19, 26.52it/s] 91%|█████████ | 4851/5360 [02:55<00:19, 26.61it/s] 91%|█████████ | 4855/5360 [02:56<00:18, 27.50it/s] 91%|█████████ | 4858/5360 [02:56<00:18, 27.53it/s] 91%|█████████ | 4861/5360 [02:56<00:18, 27.54it/s] 91%|█████████ | 4864/5360 [02:56<00:17, 28.15it/s] 91%|█████████ | 4867/5360 [02:56<00:17, 27.42it/s] 91%|█████████ | 4870/5360 [02:56<00:17, 27.70it/s] 91%|█████████ | 4873/5360 [02:56<00:18, 26.14it/s] 91%|█████████ | 4876/5360 [02:56<00:18, 26.74it/s] 91%|█████████ | 4879/5360 [02:56<00:17, 27.51it/s] 91%|█████████ | 4882/5360 [02:57<00:17, 26.96it/s] 91%|█████████ | 4885/5360 [02:57<00:17, 27.70it/s] 91%|█████████ | 4888/5360 [02:57<00:17, 27.19it/s] 91%|█████████▏| 4891/5360 [02:57<00:17, 27.34it/s] 91%|█████████▏| 4894/5360 [02:57<00:16, 27.59it/s] 91%|█████████▏| 4897/5360 [02:57<00:17, 27.04it/s] 91%|█████████▏| 4901/5360 [02:57<00:16, 27.79it/s] 92%|█████████▏| 4905/5360 [02:57<00:16, 28.16it/s] 92%|█████████▏| 4908/5360 [02:57<00:16, 28.23it/s] 92%|█████████▏| 4911/5360 [02:58<00:16, 27.91it/s] 92%|█████████▏| 4915/5360 [02:58<00:15, 28.25it/s] 92%|█████████▏| 4918/5360 [02:58<00:15, 28.36it/s] 92%|█████████▏| 4921/5360 [02:58<00:15, 27.59it/s] 92%|█████████▏| 4925/5360 [02:58<00:15, 28.06it/s] 92%|█████████▏| 4929/5360 [02:58<00:15, 28.28it/s] 92%|█████████▏| 4932/5360 [02:58<00:15, 27.81it/s] 92%|█████████▏| 4935/5360 [02:58<00:16, 25.93it/s] 92%|█████████▏| 4939/5360 [02:59<00:15, 26.81it/s] 92%|█████████▏| 4942/5360 [02:59<00:15, 27.32it/s] 92%|█████████▏| 4946/5360 [02:59<00:14, 27.98it/s] 92%|█████████▏| 4950/5360 [02:59<00:14, 28.47it/s] 92%|█████████▏| 4954/5360 [02:59<00:14, 28.80it/s] 92%|█████████▏| 4957/5360 [02:59<00:13, 28.80it/s] 93%|█████████▎| 4960/5360 [02:59<00:14, 28.07it/s] 93%|█████████▎| 4963/5360 [02:59<00:14, 27.66it/s] 93%|█████████▎| 4967/5360 [03:00<00:13, 28.17it/s] 93%|█████████▎| 4970/5360 [03:00<00:13, 28.60it/s] 93%|█████████▎| 4974/5360 [03:00<00:13, 28.69it/s] 93%|█████████▎| 4978/5360 [03:00<00:13, 28.75it/s] 93%|█████████▎| 4981/5360 [03:00<00:13, 28.95it/s] 93%|█████████▎| 4984/5360 [03:00<00:13, 27.94it/s] 93%|█████████▎| 4987/5360 [03:00<00:13, 28.28it/s] 93%|█████████▎| 4990/5360 [03:00<00:12, 28.53it/s] 93%|█████████▎| 4994/5360 [03:01<00:12, 28.75it/s] 93%|█████████▎| 4998/5360 [03:01<00:12, 28.86it/s] 93%|█████████▎| 5001/5360 [03:01<00:12, 28.87it/s] 93%|█████████▎| 5004/5360 [03:01<00:12, 27.98it/s] 93%|█████████▎| 5007/5360 [03:01<00:12, 28.51it/s] 93%|█████████▎| 5010/5360 [03:01<00:12, 28.69it/s] 94%|█████████▎| 5013/5360 [03:01<00:11, 29.04it/s] 94%|█████████▎| 5016/5360 [03:01<00:12, 28.04it/s] 94%|█████████▎| 5019/5360 [03:01<00:12, 27.94it/s] 94%|█████████▎| 5022/5360 [03:02<00:11, 28.51it/s] 94%|█████████▍| 5026/5360 [03:02<00:11, 28.64it/s] 94%|█████████▍| 5030/5360 [03:02<00:11, 28.34it/s] 94%|█████████▍| 5034/5360 [03:02<00:11, 28.59it/s] 94%|█████████▍| 5037/5360 [03:02<00:11, 28.77it/s] 94%|█████████▍| 5040/5360 [03:02<00:11, 27.51it/s] 94%|█████████▍| 5043/5360 [03:02<00:12, 26.26it/s] 94%|█████████▍| 5047/5360 [03:02<00:11, 27.18it/s] 94%|█████████▍| 5050/5360 [03:03<00:11, 27.87it/s] 94%|█████████▍| 5053/5360 [03:03<00:10, 28.19it/s] 94%|█████████▍| 5056/5360 [03:03<00:10, 28.52it/s] 94%|█████████▍| 5059/5360 [03:03<00:10, 27.89it/s] 94%|█████████▍| 5062/5360 [03:03<00:10, 27.99it/s] 95%|█████████▍| 5066/5360 [03:03<00:10, 28.48it/s] 95%|█████████▍| 5069/5360 [03:03<00:10, 28.40it/s] 95%|█████████▍| 5072/5360 [03:03<00:10, 27.91it/s] 95%|█████████▍| 5075/5360 [03:03<00:10, 27.39it/s] 95%|█████████▍| 5078/5360 [03:04<00:10, 27.37it/s] 95%|█████████▍| 5082/5360 [03:04<00:09, 28.58it/s] 95%|█████████▍| 5085/5360 [03:04<00:09, 28.34it/s] 95%|█████████▍| 5088/5360 [03:04<00:09, 27.71it/s] 95%|█████████▍| 5091/5360 [03:04<00:09, 28.15it/s] 95%|█████████▌| 5094/5360 [03:04<00:09, 28.49it/s] 95%|█████████▌| 5097/5360 [03:04<00:09, 28.24it/s] 95%|█████████▌| 5100/5360 [03:04<00:09, 27.61it/s] 95%|█████████▌| 5104/5360 [03:04<00:09, 28.16it/s] 95%|█████████▌| 5107/5360 [03:05<00:08, 28.54it/s] 95%|█████████▌| 5110/5360 [03:05<00:08, 28.92it/s] 95%|█████████▌| 5113/5360 [03:05<00:08, 29.18it/s] 95%|█████████▌| 5116/5360 [03:05<00:08, 27.75it/s] 96%|█████████▌| 5120/5360 [03:05<00:08, 29.19it/s] 96%|█████████▌| 5124/5360 [03:05<00:08, 29.19it/s] 96%|█████████▌| 5127/5360 [03:05<00:08, 28.45it/s] 96%|█████████▌| 5130/5360 [03:05<00:08, 28.10it/s] 96%|█████████▌| 5133/5360 [03:05<00:08, 27.98it/s] 96%|█████████▌| 5136/5360 [03:06<00:08, 27.54it/s] 96%|█████████▌| 5139/5360 [03:06<00:07, 27.83it/s] 96%|█████████▌| 5142/5360 [03:06<00:07, 27.75it/s] 96%|█████████▌| 5145/5360 [03:06<00:07, 27.87it/s] 96%|█████████▌| 5148/5360 [03:06<00:07, 27.27it/s] 96%|█████████▌| 5152/5360 [03:06<00:07, 27.88it/s] 96%|█████████▌| 5156/5360 [03:06<00:07, 28.22it/s] 96%|█████████▋| 5159/5360 [03:06<00:07, 28.12it/s] 96%|█████████▋| 5162/5360 [03:07<00:07, 27.53it/s] 96%|█████████▋| 5165/5360 [03:07<00:07, 27.55it/s] 96%|█████████▋| 5168/5360 [03:07<00:06, 27.60it/s] 96%|█████████▋| 5171/5360 [03:07<00:07, 26.86it/s] 97%|█████████▋| 5175/5360 [03:07<00:06, 27.49it/s] 97%|█████████▋| 5178/5360 [03:07<00:06, 27.93it/s] 97%|█████████▋| 5182/5360 [03:07<00:06, 28.29it/s] 97%|█████████▋| 5185/5360 [03:07<00:06, 28.70it/s] 97%|█████████▋| 5188/5360 [03:07<00:06, 28.60it/s] 97%|█████████▋| 5191/5360 [03:08<00:06, 27.60it/s] 97%|█████████▋| 5195/5360 [03:08<00:05, 28.12it/s] 97%|█████████▋| 5198/5360 [03:08<00:05, 28.18it/s] 97%|█████████▋| 5202/5360 [03:08<00:05, 28.43it/s] 97%|█████████▋| 5206/5360 [03:08<00:05, 28.67it/s] 97%|█████████▋| 5209/5360 [03:08<00:05, 28.59it/s] 97%|█████████▋| 5212/5360 [03:08<00:05, 28.35it/s] 97%|█████████▋| 5216/5360 [03:08<00:05, 28.67it/s] 97%|█████████▋| 5219/5360 [03:09<00:04, 28.81it/s] 97%|█████████▋| 5222/5360 [03:09<00:04, 28.57it/s] 97%|█████████▋| 5225/5360 [03:09<00:04, 28.09it/s] 98%|█████████▊| 5230/5360 [03:09<00:04, 31.23it/s] 98%|█████████▊| 5234/5360 [03:09<00:04, 29.79it/s] 98%|█████████▊| 5237/5360 [03:09<00:04, 29.11it/s] 98%|█████████▊| 5240/5360 [03:09<00:04, 28.67it/s] 98%|█████████▊| 5243/5360 [03:09<00:04, 28.13it/s] 98%|█████████▊| 5246/5360 [03:09<00:04, 28.41it/s] 98%|█████████▊| 5249/5360 [03:10<00:04, 27.63it/s] 98%|█████████▊| 5252/5360 [03:10<00:03, 28.14it/s] 98%|█████████▊| 5255/5360 [03:10<00:03, 28.37it/s] 98%|█████████▊| 5258/5360 [03:10<00:03, 28.75it/s] 98%|█████████▊| 5261/5360 [03:10<00:03, 27.69it/s] 98%|█████████▊| 5265/5360 [03:10<00:03, 28.18it/s] 98%|█████████▊| 5268/5360 [03:10<00:03, 28.21it/s] 98%|█████████▊| 5271/5360 [03:10<00:03, 28.44it/s] 98%|█████████▊| 5274/5360 [03:10<00:03, 27.48it/s] 98%|█████████▊| 5277/5360 [03:11<00:03, 27.52it/s] 99%|█████████▊| 5281/5360 [03:11<00:02, 28.16it/s] 99%|█████████▊| 5284/5360 [03:11<00:02, 28.33it/s] 99%|█████████▊| 5287/5360 [03:11<00:02, 28.51it/s] 99%|█████████▊| 5290/5360 [03:11<00:02, 27.70it/s] 99%|█████████▉| 5294/5360 [03:11<00:02, 28.35it/s] 99%|█████████▉| 5297/5360 [03:11<00:02, 27.80it/s] 99%|█████████▉| 5301/5360 [03:11<00:02, 28.17it/s] 99%|█████████▉| 5304/5360 [03:12<00:02, 27.77it/s] 99%|█████████▉| 5310/5360 [03:12<00:01, 34.56it/s] 99%|█████████▉| 5315/5360 [03:12<00:01, 38.39it/s] 99%|█████████▉| 5320/5360 [03:12<00:00, 41.11it/s] 99%|█████████▉| 5325/5360 [03:12<00:00, 43.27it/s] 99%|█████████▉| 5330/5360 [03:12<00:00, 45.15it/s]100%|█████████▉| 5336/5360 [03:12<00:00, 46.88it/s]100%|█████████▉| 5341/5360 [03:12<00:00, 47.50it/s]100%|█████████▉| 5346/5360 [03:12<00:00, 48.14it/s]100%|█████████▉| 5351/5360 [03:12<00:00, 48.63it/s]100%|█████████▉| 5357/5360 [03:13<00:00, 49.20it/s]100%|██████████| 5360/5360 [03:13<00:00, 27.73it/s]
Save pickle at /mnt/workspace/home/zhangjunan/audioldm_eval/audioldm_eval/test_musiccaps/infer/epoch-0008_step-0541000_loss-0.316784classifier_logits_feature_cache.pkl
KL: Assuming that `input2` is "pseudo" target and `input1` is prediction. KL(input2_i||input1_i)
-oP-XX28B0s.wav is not in the generation result
Computing Inception Score
Computing Frechet Distance
frechet_audio_distance: 3.4604254
kullback_leibler_divergence_sigmoid: 1.2769735
kullback_leibler_divergence_softmax: 0.0151066
inception_score_mean: 1.0094335
inception_score_std: 0.0000484
frechet_distance: 0.8881566


None
KL_Sigmoid:  1.27697; KL:  0.01511; PSNR: nan SSIM: nan ISc:  1.00943 (0.000048); KID: nan (nan) FD:  0.88816; FAD: 3.46043 LSD: nan
Save json file at /mnt/workspace/home/zhangjunan/audioldm_eval/audioldm_eval/test_musiccaps/infer/2025-02-26-17:47:21_epoch-0008_step-0541000_loss-0.316784.json
